[0.004s][info][gc,init] CardTable entry size: 512
[0.004s][info][gc     ] Using Parallel
[0.005s][info][gc,init] Version: 21.0.3+9-LTS (release)
[0.005s][info][gc,init] CPUs: 4 total, 4 available
[0.005s][info][gc,init] Memory: 15991M
[0.005s][info][gc,init] Large Page Support: Disabled
[0.005s][info][gc,init] NUMA Support: Disabled
[0.005s][info][gc,init] Compressed Oops: Enabled (Zero based)
[0.005s][info][gc,init] Alignments: Space 512K, Generation 512K, Heap 2M
[0.005s][info][gc,init] Heap Min Capacity: 2054M
[0.005s][info][gc,init] Heap Initial Capacity: 2054M
[0.005s][info][gc,init] Heap Max Capacity: 5G
[0.005s][info][gc,init] Pre-touch: Disabled
[0.005s][info][gc,init] Parallel Workers: 4
[0.010s][info][gc,metaspace] CDS archive(s) mapped at: [0x00007fe295000000-0x00007fe295caa000-0x00007fe295caa000), size 13279232, SharedBaseAddress: 0x00007fe295000000, ArchiveRelocationMode: 1.
[0.010s][info][gc,metaspace] Compressed class space mapped at: 0x00007fe296000000-0x00007fe2d6000000, reserved size: 1073741824
[0.010s][info][gc,metaspace] Narrow klass base: 0x00007fe295000000, Narrow klass shift: 0, Narrow klass range: 0x100000000
[0.272s][info][safepoint   ] Safepoint "ICBufferFull", Time since last: 256083223 ns, Reaching safepoint: 3700 ns, Cleanup: 89501 ns, At safepoint: 9500 ns, Total: 102701 ns
[0.420s][info][safepoint   ] Safepoint "RedefineClasses", Time since last: 142114712 ns, Reaching safepoint: 3000 ns, Cleanup: 122200 ns, At safepoint: 5832142 ns, Total: 5957342 ns
[0.574s][info][safepoint   ] Safepoint "JFRCheckpoint", Time since last: 154607001 ns, Reaching safepoint: 3100 ns, Cleanup: 59500 ns, At safepoint: 22100 ns, Total: 84700 ns
[1.052s][info][safepoint   ] Safepoint "ICBufferFull", Time since last: 477895002 ns, Reaching safepoint: 3401 ns, Cleanup: 123400 ns, At safepoint: 4400 ns, Total: 131201 ns
[1.285s][info][safepoint   ] Safepoint "ICBufferFull", Time since last: 232204354 ns, Reaching safepoint: 2700 ns, Cleanup: 125100 ns, At safepoint: 3600 ns, Total: 131400 ns
[1.539s][info][gc,start    ] GC(0) Pause Young (Metadata GC Threshold)
[1.554s][debug][gc,phases   ] GC(0) Scavenge 14.547ms
[1.554s][debug][gc,ref      ] GC(0) ReferenceProcessor::execute queues: 2, RefProcThreadModel::Multi, marks_oops_alive: false
[1.554s][debug][gc,ref      ] GC(0) ReferenceProcessor::execute queues: 4, RefProcThreadModel::Multi, marks_oops_alive: true
[1.554s][debug][gc,ref      ] GC(0) ReferenceProcessor::execute queues: 1, RefProcThreadModel::Single, marks_oops_alive: false
[1.554s][debug][gc,phases   ] GC(0) Reference Processing 0.313ms
[1.554s][debug][gc,phases   ] GC(0)   VM Weak                        Min:  0.0, Avg:  0.0, Max:  0.0, Diff:  0.0, Sum:  0.0, Workers: 4
[1.554s][debug][gc,phases   ] GC(0)     Dead                           Min: 0, Avg:  0.0, Max: 0, Diff: 0, Sum: 0, Workers: 4
[1.554s][debug][gc,phases   ] GC(0)     Total                          Min: 0, Avg: 62.8, Max: 251, Diff: 251, Sum: 251, Workers: 4
[1.554s][debug][gc,phases   ] GC(0)   ObjectSynchronizer Weak        Min:  0.0, Avg:  0.0, Max:  0.0, Diff:  0.0, Sum:  0.0, Workers: 4
[1.554s][debug][gc,phases   ] GC(0)     Dead                           Min: 0, Avg:  0.8, Max: 3, Diff: 3, Sum: 3, Workers: 4
[1.554s][debug][gc,phases   ] GC(0)     Total                          Min: 0, Avg:  1.8, Max: 7, Diff: 7, Sum: 7, Workers: 4
[1.554s][debug][gc,phases   ] GC(0)   JVMTI Tag Weak OopStorage      Min:  0.0, Avg:  0.0, Max:  0.0, Diff:  0.0, Sum:  0.0, Workers: 4
[1.554s][debug][gc,phases   ] GC(0)     Dead                           Min: 0, Avg:  0.0, Max: 0, Diff: 0, Sum: 0, Workers: 4
[1.554s][debug][gc,phases   ] GC(0)     Total                          Min: 0, Avg:  0.0, Max: 0, Diff: 0, Sum: 0, Workers: 4
[1.554s][debug][gc,phases   ] GC(0)   StringTable Weak               Min:  0.0, Avg:  0.0, Max:  0.0, Diff:  0.0, Sum:  0.1, Workers: 4
[1.554s][debug][gc,phases   ] GC(0)     Dead                           Min: 0, Avg:  7.2, Max: 15, Diff: 15, Sum: 29, Workers: 4
[1.554s][debug][gc,phases   ] GC(0)     Total                          Min: 0, Avg: 1884.5, Max: 3442, Diff: 3442, Sum: 7538, Workers: 4
[1.554s][debug][gc,phases   ] GC(0)   ResolvedMethodTable Weak       Min:  0.0, Avg:  0.0, Max:  0.0, Diff:  0.0, Sum:  0.1, Workers: 4
[1.554s][debug][gc,phases   ] GC(0)     Dead                           Min: 0, Avg: 85.2, Max: 159, Diff: 159, Sum: 341, Workers: 4
[1.554s][debug][gc,phases   ] GC(0)     Total                          Min: 0, Avg: 459.5, Max: 686, Diff: 686, Sum: 1838, Workers: 4
[1.554s][debug][gc,phases   ] GC(0)   JNI Weak                       Min:  0.0, Avg:  0.0, Max:  0.0, Diff:  0.0, Sum:  0.0, Workers: 4
[1.554s][debug][gc,phases   ] GC(0)     Dead                           Min: 0, Avg:  0.0, Max: 0, Diff: 0, Sum: 0, Workers: 4
[1.554s][debug][gc,phases   ] GC(0)     Total                          Min: 0, Avg: 12.0, Max: 48, Diff: 48, Sum: 48, Workers: 4
[1.554s][debug][gc,phases   ] GC(0)   StringDedup Table Weak         Min:  0.0, Avg:  0.0, Max:  0.0, Diff:  0.0, Sum:  0.0, Workers: 4
[1.554s][debug][gc,phases   ] GC(0)     Dead                           Min: 0, Avg:  0.0, Max: 0, Diff: 0, Sum: 0, Workers: 4
[1.554s][debug][gc,phases   ] GC(0)     Total                          Min: 0, Avg:  0.0, Max: 0, Diff: 0, Sum: 0, Workers: 4
[1.554s][debug][gc,phases   ] GC(0)   StringDedup Requests0 Weak     Min:  0.0, Avg:  0.0, Max:  0.0, Diff:  0.0, Sum:  0.0, Workers: 4
[1.554s][debug][gc,phases   ] GC(0)     Dead                           Min: 0, Avg:  0.0, Max: 0, Diff: 0, Sum: 0, Workers: 4
[1.554s][debug][gc,phases   ] GC(0)     Total                          Min: 0, Avg:  0.0, Max: 0, Diff: 0, Sum: 0, Workers: 4
[1.554s][debug][gc,phases   ] GC(0)   StringDedup Requests1 Weak     Min:  0.0, Avg:  0.0, Max:  0.0, Diff:  0.0, Sum:  0.0, Workers: 4
[1.554s][debug][gc,phases   ] GC(0)     Dead                           Min: 0, Avg:  0.0, Max: 0, Diff: 0, Sum: 0, Workers: 4
[1.554s][debug][gc,phases   ] GC(0)     Total                          Min: 0, Avg:  0.0, Max: 0, Diff: 0, Sum: 0, Workers: 4
[1.554s][debug][gc,phases   ] GC(0)   Weak JFR Old Object Samples    Min:  0.0, Avg:  0.0, Max:  0.0, Diff:  0.0, Sum:  0.0, Workers: 4
[1.554s][debug][gc,phases   ] GC(0)     Dead                           Min: 0, Avg:  0.0, Max: 0, Diff: 0, Sum: 0, Workers: 4
[1.554s][debug][gc,phases   ] GC(0)     Total                          Min: 0, Avg:  0.0, Max: 0, Diff: 0, Sum: 0, Workers: 4
[1.554s][debug][gc,phases   ] GC(0) Weak Processing 0.232ms
[1.554s][debug][gc,age      ] GC(0) Desired survivor size 536870912 bytes, new threshold 7 (max threshold 15)
[1.554s][info ][gc,heap     ] GC(0) PSYoungGen: 347113K(1572864K)->34847K(1572864K) Eden: 347113K(1048576K)->0K(1048576K) From: 0K(524288K)->34847K(524288K)
[1.554s][info ][gc,heap     ] GC(0) ParOldGen: 1054K(6144K)->1134K(6144K)
[1.554s][info ][gc,metaspace] GC(0) Metaspace: 21097K(21504K)->21097K(21504K) NonClass: 18746K(18944K)->18746K(18944K) Class: 2350K(2560K)->2350K(2560K)
[1.554s][info ][gc          ] GC(0) Pause Young (Metadata GC Threshold) 340M->35M(1542M) 15.477ms
[1.554s][info ][gc,cpu      ] GC(0) User=0.03s Sys=0.02s Real=0.02s
[1.554s][debug][gc,phases   ] GC(1) Pre Compact 0.010ms
[1.554s][info ][gc,start    ] GC(1) Pause Full (Metadata GC Threshold)
[1.554s][info ][gc,phases,start] GC(1) Marking Phase
[1.563s][debug][gc,phases      ] GC(1) Par Mark 8.398ms
[1.563s][debug][gc,ref         ] GC(1) ReferenceProcessor::execute queues: 1, RefProcThreadModel::Single, marks_oops_alive: false
[1.563s][debug][gc,ref         ] GC(1) ReferenceProcessor::execute queues: 4, RefProcThreadModel::Multi, marks_oops_alive: true
[1.563s][debug][gc,ref         ] GC(1) ReferenceProcessor::execute queues: 1, RefProcThreadModel::Single, marks_oops_alive: false
[1.563s][debug][gc,phases      ] GC(1) Reference Processing 0.081ms
[1.563s][debug][gc,phases      ] GC(1)   VM Weak                        Min:  0.0, Avg:  0.0, Max:  0.0, Diff:  0.0, Sum:  0.0, Workers: 4
[1.563s][debug][gc,phases      ] GC(1)     Dead                           Min: 0, Avg:  0.0, Max: 0, Diff: 0, Sum: 0, Workers: 4
[1.563s][debug][gc,phases      ] GC(1)     Total                          Min: 0, Avg: 62.8, Max: 251, Diff: 251, Sum: 251, Workers: 4
[1.563s][debug][gc,phases      ] GC(1)   ObjectSynchronizer Weak        Min:  0.0, Avg:  0.0, Max:  0.0, Diff:  0.0, Sum:  0.0, Workers: 4
[1.563s][debug][gc,phases      ] GC(1)     Dead                           Min: 0, Avg:  0.0, Max: 0, Diff: 0, Sum: 0, Workers: 4
[1.563s][debug][gc,phases      ] GC(1)     Total                          Min: 0, Avg:  1.8, Max: 7, Diff: 7, Sum: 7, Workers: 4
[1.563s][debug][gc,phases      ] GC(1)   JVMTI Tag Weak OopStorage      Min:  0.0, Avg:  0.0, Max:  0.0, Diff:  0.0, Sum:  0.0, Workers: 4
[1.563s][debug][gc,phases      ] GC(1)     Dead                           Min: 0, Avg:  0.0, Max: 0, Diff: 0, Sum: 0, Workers: 4
[1.563s][debug][gc,phases      ] GC(1)     Total                          Min: 0, Avg:  0.0, Max: 0, Diff: 0, Sum: 0, Workers: 4
[1.563s][debug][gc,phases      ] GC(1)   StringTable Weak               Min:  0.0, Avg:  0.0, Max:  0.0, Diff:  0.0, Sum:  0.1, Workers: 4
[1.563s][debug][gc,phases      ] GC(1)     Dead                           Min: 0, Avg:  0.0, Max: 0, Diff: 0, Sum: 0, Workers: 4
[1.563s][debug][gc,phases      ] GC(1)     Total                          Min: 0, Avg: 1884.5, Max: 3570, Diff: 3570, Sum: 7538, Workers: 4
[1.563s][debug][gc,phases      ] GC(1)   ResolvedMethodTable Weak       Min:  0.0, Avg:  0.0, Max:  0.0, Diff:  0.0, Sum:  0.0, Workers: 4
[1.563s][debug][gc,phases      ] GC(1)     Dead                           Min: 0, Avg:  0.0, Max: 0, Diff: 0, Sum: 0, Workers: 4
[1.563s][debug][gc,phases      ] GC(1)     Total                          Min: 0, Avg: 459.5, Max: 750, Diff: 750, Sum: 1838, Workers: 4
[1.563s][debug][gc,phases      ] GC(1)   JNI Weak                       Min:  0.0, Avg:  0.0, Max:  0.0, Diff:  0.0, Sum:  0.0, Workers: 4
[1.563s][debug][gc,phases      ] GC(1)     Dead                           Min: 0, Avg:  0.0, Max: 0, Diff: 0, Sum: 0, Workers: 4
[1.563s][debug][gc,phases      ] GC(1)     Total                          Min: 0, Avg: 12.0, Max: 48, Diff: 48, Sum: 48, Workers: 4
[1.563s][debug][gc,phases      ] GC(1)   StringDedup Table Weak         Min:  0.0, Avg:  0.0, Max:  0.0, Diff:  0.0, Sum:  0.0, Workers: 4
[1.563s][debug][gc,phases      ] GC(1)     Dead                           Min: 0, Avg:  0.0, Max: 0, Diff: 0, Sum: 0, Workers: 4
[1.563s][debug][gc,phases      ] GC(1)     Total                          Min: 0, Avg:  0.0, Max: 0, Diff: 0, Sum: 0, Workers: 4
[1.563s][debug][gc,phases      ] GC(1)   StringDedup Requests0 Weak     Min:  0.0, Avg:  0.0, Max:  0.0, Diff:  0.0, Sum:  0.0, Workers: 4
[1.563s][debug][gc,phases      ] GC(1)     Dead                           Min: 0, Avg:  0.0, Max: 0, Diff: 0, Sum: 0, Workers: 4
[1.563s][debug][gc,phases      ] GC(1)     Total                          Min: 0, Avg:  0.0, Max: 0, Diff: 0, Sum: 0, Workers: 4
[1.563s][debug][gc,phases      ] GC(1)   StringDedup Requests1 Weak     Min:  0.0, Avg:  0.0, Max:  0.0, Diff:  0.0, Sum:  0.0, Workers: 4
[1.563s][debug][gc,phases      ] GC(1)     Dead                           Min: 0, Avg:  0.0, Max: 0, Diff: 0, Sum: 0, Workers: 4
[1.563s][debug][gc,phases      ] GC(1)     Total                          Min: 0, Avg:  0.0, Max: 0, Diff: 0, Sum: 0, Workers: 4
[1.563s][debug][gc,phases      ] GC(1)   Weak JFR Old Object Samples    Min:  0.0, Avg:  0.0, Max:  0.0, Diff:  0.0, Sum:  0.0, Workers: 4
[1.563s][debug][gc,phases      ] GC(1)     Dead                           Min: 0, Avg:  0.0, Max: 0, Diff: 0, Sum: 0, Workers: 4
[1.563s][debug][gc,phases      ] GC(1)     Total                          Min: 0, Avg:  0.0, Max: 0, Diff: 0, Sum: 0, Workers: 4
[1.563s][debug][gc,phases      ] GC(1) Weak Processing 0.184ms
[1.563s][debug][gc,phases      ] GC(1) ClassLoaderData 0.008ms
[1.563s][debug][gc,phases      ] GC(1) Trigger cleanups 0.000ms
[1.568s][debug][gc,phases      ] GC(1) Class Unloading 5.183ms
[1.568s][debug][gc,phases      ] GC(1) Report Object Count 0.001ms
[1.568s][info ][gc,phases      ] GC(1) Marking Phase 13.882ms
[1.568s][info ][gc,phases,start] GC(1) Summary Phase
[1.568s][info ][gc,phases      ] GC(1) Summary Phase 0.005ms
[1.568s][info ][gc,phases,start] GC(1) Adjust Roots
[1.572s][info ][gc,phases      ] GC(1) Adjust Roots 3.831ms
[1.572s][info ][gc,phases,start] GC(1) Compaction Phase
[1.592s][info ][gc,phases      ] GC(1) Compaction Phase 19.938ms
[1.592s][info ][gc,phases,start] GC(1) Post Compact
[1.593s][info ][gc,phases      ] GC(1) Post Compact 1.368ms
[1.593s][info ][gc,heap        ] GC(1) PSYoungGen: 34847K(1572864K)->29607K(1572864K) Eden: 0K(1048576K)->0K(1048576K) From: 34847K(524288K)->29607K(524288K)
[1.593s][info ][gc,heap        ] GC(1) ParOldGen: 1134K(6144K)->6061K(6144K)
[1.593s][info ][gc,metaspace   ] GC(1) Metaspace: 21097K(21504K)->21097K(21504K) NonClass: 18746K(18944K)->18746K(18944K) Class: 2350K(2560K)->2350K(2560K)
[1.593s][info ][gc             ] GC(1) Pause Full (Metadata GC Threshold) 35M->34M(1542M) 39.122ms
[1.593s][info ][gc,cpu         ] GC(1) User=0.10s Sys=0.00s Real=0.04s
[1.593s][info ][safepoint      ] Safepoint "CollectForMetadataAllocation", Time since last: 253876308 ns, Reaching safepoint: 3100 ns, Cleanup: 73200 ns, At safepoint: 54706390 ns, Total: 54782690 ns
[1.910s][info ][safepoint      ] Safepoint "ICBufferFull", Time since last: 316261151 ns, Reaching safepoint: 74001 ns, Cleanup: 117201 ns, At safepoint: 7900 ns, Total: 199102 ns
[2.001s][info ][safepoint      ] Safepoint "ICBufferFull", Time since last: 91404151 ns, Reaching safepoint: 3700 ns, Cleanup: 116701 ns, At safepoint: 4600 ns, Total: 125001 ns
[2.119s][info ][safepoint      ] Safepoint "ICBufferFull", Time since last: 117233734 ns, Reaching safepoint: 3000 ns, Cleanup: 113901 ns, At safepoint: 1500 ns, Total: 118401 ns
[2.266s][info ][safepoint      ] Safepoint "ICBufferFull", Time since last: 146767045 ns, Reaching safepoint: 75100 ns, Cleanup: 119801 ns, At safepoint: 8100 ns, Total: 203001 ns
[2.846s][info ][safepoint      ] Safepoint "ICBufferFull", Time since last: 580257831 ns, Reaching safepoint: 3700 ns, Cleanup: 170602 ns, At safepoint: 4700 ns, Total: 179002 ns
[2.942s][info ][safepoint      ] Safepoint "ICBufferFull", Time since last: 95935083 ns, Reaching safepoint: 4100 ns, Cleanup: 128801 ns, At safepoint: 7300 ns, Total: 140201 ns
[3.061s][info ][safepoint      ] Safepoint "ICBufferFull", Time since last: 118618844 ns, Reaching safepoint: 3700 ns, Cleanup: 136801 ns, At safepoint: 2000 ns, Total: 142501 ns
[3.163s][info ][safepoint      ] Safepoint "ICBufferFull", Time since last: 101668124 ns, Reaching safepoint: 3400 ns, Cleanup: 139001 ns, At safepoint: 3300 ns, Total: 145701 ns
[3.323s][info ][safepoint      ] Safepoint "ICBufferFull", Time since last: 160059039 ns, Reaching safepoint: 3200 ns, Cleanup: 128501 ns, At safepoint: 5600 ns, Total: 137301 ns
[3.373s][info ][gc,start       ] GC(2) Pause Young (Metadata GC Threshold)
[3.416s][debug][gc,phases      ] GC(2) Scavenge 43.650ms
[3.417s][debug][gc,ref         ] GC(2) ReferenceProcessor::execute queues: 4, RefProcThreadModel::Multi, marks_oops_alive: false
[3.417s][debug][gc,ref         ] GC(2) Skipped KeepAliveFinalRefsPhase of Reference Processing: no references
[3.417s][debug][gc,ref         ] GC(2) ReferenceProcessor::execute queues: 1, RefProcThreadModel::Single, marks_oops_alive: false
[3.417s][debug][gc,phases      ] GC(2) Reference Processing 0.338ms
[3.417s][debug][gc,phases      ] GC(2)   VM Weak                        Min:  0.0, Avg:  0.0, Max:  0.0, Diff:  0.0, Sum:  0.0, Workers: 4
[3.417s][debug][gc,phases      ] GC(2)     Dead                           Min: 0, Avg:  0.0, Max: 0, Diff: 0, Sum: 0, Workers: 4
[3.417s][debug][gc,phases      ] GC(2)     Total                          Min: 0, Avg: 77.5, Max: 310, Diff: 310, Sum: 310, Workers: 4
[3.417s][debug][gc,phases      ] GC(2)   ObjectSynchronizer Weak        Min:  0.0, Avg:  0.0, Max:  0.0, Diff:  0.0, Sum:  0.0, Workers: 4
[3.417s][debug][gc,phases      ] GC(2)     Dead                           Min: 0, Avg:  0.0, Max: 0, Diff: 0, Sum: 0, Workers: 4
[3.417s][debug][gc,phases      ] GC(2)     Total                          Min: 0, Avg:  1.8, Max: 7, Diff: 7, Sum: 7, Workers: 4
[3.417s][debug][gc,phases      ] GC(2)   JVMTI Tag Weak OopStorage      Min:  0.0, Avg:  0.0, Max:  0.0, Diff:  0.0, Sum:  0.0, Workers: 4
[3.417s][debug][gc,phases      ] GC(2)     Dead                           Min: 0, Avg:  0.0, Max: 0, Diff: 0, Sum: 0, Workers: 4
[3.417s][debug][gc,phases      ] GC(2)     Total                          Min: 0, Avg:  0.0, Max: 0, Diff: 0, Sum: 0, Workers: 4
[3.417s][debug][gc,phases      ] GC(2)   StringTable Weak               Min:  0.0, Avg:  0.1, Max:  0.1, Diff:  0.1, Sum:  0.3, Workers: 4
[3.417s][debug][gc,phases      ] GC(2)     Dead                           Min: 0, Avg:  2.2, Max: 4, Diff: 4, Sum: 9, Workers: 4
[3.417s][debug][gc,phases      ] GC(2)     Total                          Min: 0, Avg: 3434.2, Max: 5353, Diff: 5353, Sum: 13737, Workers: 4
[3.417s][debug][gc,phases      ] GC(2)   ResolvedMethodTable Weak       Min:  0.0, Avg:  0.0, Max:  0.0, Diff:  0.0, Sum:  0.1, Workers: 4
[3.417s][debug][gc,phases      ] GC(2)     Dead                           Min: 0, Avg: 222.8, Max: 419, Diff: 419, Sum: 891, Workers: 4
[3.417s][debug][gc,phases      ] GC(2)     Total                          Min: 0, Avg: 876.2, Max: 1471, Diff: 1471, Sum: 3505, Workers: 4
[3.417s][debug][gc,phases      ] GC(2)   JNI Weak                       Min:  0.0, Avg:  0.0, Max:  0.0, Diff:  0.0, Sum:  0.0, Workers: 4
[3.417s][debug][gc,phases      ] GC(2)     Dead                           Min: 0, Avg:  0.0, Max: 0, Diff: 0, Sum: 0, Workers: 4
[3.417s][debug][gc,phases      ] GC(2)     Total                          Min: 0, Avg: 12.0, Max: 48, Diff: 48, Sum: 48, Workers: 4
[3.417s][debug][gc,phases      ] GC(2)   StringDedup Table Weak         Min:  0.0, Avg:  0.0, Max:  0.0, Diff:  0.0, Sum:  0.0, Workers: 4
[3.417s][debug][gc,phases      ] GC(2)     Dead                           Min: 0, Avg:  0.0, Max: 0, Diff: 0, Sum: 0, Workers: 4
[3.417s][debug][gc,phases      ] GC(2)     Total                          Min: 0, Avg:  0.0, Max: 0, Diff: 0, Sum: 0, Workers: 4
[3.417s][debug][gc,phases      ] GC(2)   StringDedup Requests0 Weak     Min:  0.0, Avg:  0.0, Max:  0.0, Diff:  0.0, Sum:  0.0, Workers: 4
[3.417s][debug][gc,phases      ] GC(2)     Dead                           Min: 0, Avg:  0.0, Max: 0, Diff: 0, Sum: 0, Workers: 4
[3.417s][debug][gc,phases      ] GC(2)     Total                          Min: 0, Avg:  0.0, Max: 0, Diff: 0, Sum: 0, Workers: 4
[3.417s][debug][gc,phases      ] GC(2)   StringDedup Requests1 Weak     Min:  0.0, Avg:  0.0, Max:  0.0, Diff:  0.0, Sum:  0.0, Workers: 4
[3.417s][debug][gc,phases      ] GC(2)     Dead                           Min: 0, Avg:  0.0, Max: 0, Diff: 0, Sum: 0, Workers: 4
[3.417s][debug][gc,phases      ] GC(2)     Total                          Min: 0, Avg:  0.0, Max: 0, Diff: 0, Sum: 0, Workers: 4
[3.417s][debug][gc,phases      ] GC(2)   Weak JFR Old Object Samples    Min:  0.0, Avg:  0.0, Max:  0.0, Diff:  0.0, Sum:  0.0, Workers: 4
[3.417s][debug][gc,phases      ] GC(2)     Dead                           Min: 0, Avg:  0.0, Max: 0, Diff: 0, Sum: 0, Workers: 4
[3.417s][debug][gc,phases      ] GC(2)     Total                          Min: 0, Avg:  0.0, Max: 0, Diff: 0, Sum: 0, Workers: 4
[3.417s][debug][gc,phases      ] GC(2) Weak Processing 0.292ms
[3.417s][debug][gc,age         ] GC(2) Desired survivor size 536870912 bytes, new threshold 7 (max threshold 15)
[3.417s][info ][gc,heap        ] GC(2) PSYoungGen: 637787K(1572864K)->77366K(1572864K) Eden: 608180K(1048576K)->0K(1048576K) From: 29607K(524288K)->77366K(524288K)
[3.417s][info ][gc,heap        ] GC(2) ParOldGen: 6061K(6144K)->6077K(6144K)
[3.417s][info ][gc,metaspace   ] GC(2) Metaspace: 35392K(35840K)->35392K(35840K) NonClass: 31086K(31360K)->31086K(31360K) Class: 4305K(4480K)->4305K(4480K)
[3.417s][info ][gc             ] GC(2) Pause Young (Metadata GC Threshold) 628M->81M(1542M) 44.390ms
[3.417s][info ][gc,cpu         ] GC(2) User=0.14s Sys=0.03s Real=0.04s
[3.417s][debug][gc,phases      ] GC(3) Pre Compact 0.007ms
[3.417s][info ][gc,start       ] GC(3) Pause Full (Metadata GC Threshold)
[3.417s][info ][gc,phases,start] GC(3) Marking Phase
[3.449s][debug][gc,phases      ] GC(3) Par Mark 32.238ms
[3.450s][debug][gc,ref         ] GC(3) ReferenceProcessor::execute queues: 3, RefProcThreadModel::Multi, marks_oops_alive: false
[3.450s][debug][gc,ref         ] GC(3) ReferenceProcessor::execute queues: 4, RefProcThreadModel::Multi, marks_oops_alive: true
[3.450s][debug][gc,ref         ] GC(3) ReferenceProcessor::execute queues: 1, RefProcThreadModel::Single, marks_oops_alive: false
[3.450s][debug][gc,phases      ] GC(3) Reference Processing 0.450ms
[3.450s][debug][gc,phases      ] GC(3)   VM Weak                        Min:  0.0, Avg:  0.0, Max:  0.0, Diff:  0.0, Sum:  0.0, Workers: 4
[3.450s][debug][gc,phases      ] GC(3)     Dead                           Min: 0, Avg:  0.0, Max: 0, Diff: 0, Sum: 0, Workers: 4
[3.450s][debug][gc,phases      ] GC(3)     Total                          Min: 0, Avg: 77.5, Max: 192, Diff: 192, Sum: 310, Workers: 4
[3.450s][debug][gc,phases      ] GC(3)   ObjectSynchronizer Weak        Min:  0.0, Avg:  0.0, Max:  0.0, Diff:  0.0, Sum:  0.0, Workers: 4
[3.450s][debug][gc,phases      ] GC(3)     Dead                           Min: 0, Avg:  0.0, Max: 0, Diff: 0, Sum: 0, Workers: 4
[3.450s][debug][gc,phases      ] GC(3)     Total                          Min: 0, Avg:  1.8, Max: 7, Diff: 7, Sum: 7, Workers: 4
[3.450s][debug][gc,phases      ] GC(3)   JVMTI Tag Weak OopStorage      Min:  0.0, Avg:  0.0, Max:  0.0, Diff:  0.0, Sum:  0.0, Workers: 4
[3.450s][debug][gc,phases      ] GC(3)     Dead                           Min: 0, Avg:  0.0, Max: 0, Diff: 0, Sum: 0, Workers: 4
[3.450s][debug][gc,phases      ] GC(3)     Total                          Min: 0, Avg:  0.0, Max: 0, Diff: 0, Sum: 0, Workers: 4
[3.450s][debug][gc,phases      ] GC(3)   StringTable Weak               Min:  0.0, Avg:  0.0, Max:  0.1, Diff:  0.1, Sum:  0.2, Workers: 4
[3.450s][debug][gc,phases      ] GC(3)     Dead                           Min: 0, Avg:  0.0, Max: 0, Diff: 0, Sum: 0, Workers: 4
[3.450s][debug][gc,phases      ] GC(3)     Total                          Min: 0, Avg: 3434.2, Max: 4800, Diff: 4800, Sum: 13737, Workers: 4
[3.450s][debug][gc,phases      ] GC(3)   ResolvedMethodTable Weak       Min:  0.0, Avg:  0.0, Max:  0.0, Diff:  0.0, Sum:  0.0, Workers: 4
[3.450s][debug][gc,phases      ] GC(3)     Dead                           Min: 0, Avg:  0.0, Max: 0, Diff: 0, Sum: 0, Workers: 4
[3.450s][debug][gc,phases      ] GC(3)     Total                          Min: 0, Avg: 876.2, Max: 1269, Diff: 1269, Sum: 3505, Workers: 4
[3.450s][debug][gc,phases      ] GC(3)   JNI Weak                       Min:  0.0, Avg:  0.0, Max:  0.0, Diff:  0.0, Sum:  0.0, Workers: 4
[3.450s][debug][gc,phases      ] GC(3)     Dead                           Min: 0, Avg:  0.0, Max: 0, Diff: 0, Sum: 0, Workers: 4
[3.450s][debug][gc,phases      ] GC(3)     Total                          Min: 0, Avg: 12.0, Max: 48, Diff: 48, Sum: 48, Workers: 4
[3.450s][debug][gc,phases      ] GC(3)   StringDedup Table Weak         Min:  0.0, Avg:  0.0, Max:  0.0, Diff:  0.0, Sum:  0.0, Workers: 4
[3.450s][debug][gc,phases      ] GC(3)     Dead                           Min: 0, Avg:  0.0, Max: 0, Diff: 0, Sum: 0, Workers: 4
[3.450s][debug][gc,phases      ] GC(3)     Total                          Min: 0, Avg:  0.0, Max: 0, Diff: 0, Sum: 0, Workers: 4
[3.450s][debug][gc,phases      ] GC(3)   StringDedup Requests0 Weak     Min:  0.0, Avg:  0.0, Max:  0.0, Diff:  0.0, Sum:  0.0, Workers: 4
[3.450s][debug][gc,phases      ] GC(3)     Dead                           Min: 0, Avg:  0.0, Max: 0, Diff: 0, Sum: 0, Workers: 4
[3.450s][debug][gc,phases      ] GC(3)     Total                          Min: 0, Avg:  0.0, Max: 0, Diff: 0, Sum: 0, Workers: 4
[3.450s][debug][gc,phases      ] GC(3)   StringDedup Requests1 Weak     Min:  0.0, Avg:  0.0, Max:  0.0, Diff:  0.0, Sum:  0.0, Workers: 4
[3.450s][debug][gc,phases      ] GC(3)     Dead                           Min: 0, Avg:  0.0, Max: 0, Diff: 0, Sum: 0, Workers: 4
[3.450s][debug][gc,phases      ] GC(3)     Total                          Min: 0, Avg:  0.0, Max: 0, Diff: 0, Sum: 0, Workers: 4
[3.450s][debug][gc,phases      ] GC(3)   Weak JFR Old Object Samples    Min:  0.0, Avg:  0.0, Max:  0.0, Diff:  0.0, Sum:  0.0, Workers: 4
[3.450s][debug][gc,phases      ] GC(3)     Dead                           Min: 0, Avg:  0.0, Max: 0, Diff: 0, Sum: 0, Workers: 4
[3.450s][debug][gc,phases      ] GC(3)     Total                          Min: 0, Avg:  0.0, Max: 0, Diff: 0, Sum: 0, Workers: 4
[3.450s][debug][gc,phases      ] GC(3) Weak Processing 0.229ms
[3.450s][debug][gc,phases      ] GC(3) ClassLoaderData 0.028ms
[3.450s][debug][gc,phases      ] GC(3) Trigger cleanups 0.000ms
[3.459s][debug][gc,phases      ] GC(3) Class Unloading 8.659ms
[3.459s][debug][gc,phases      ] GC(3) Report Object Count 0.001ms
[3.459s][info ][gc,phases      ] GC(3) Marking Phase 41.642ms
[3.459s][info ][gc,phases,start] GC(3) Summary Phase
[3.459s][info ][gc,phases      ] GC(3) Summary Phase 0.005ms
[3.459s][info ][gc,phases,start] GC(3) Adjust Roots
[3.464s][info ][gc,phases      ] GC(3) Adjust Roots 5.384ms
[3.464s][info ][gc,phases,start] GC(3) Compaction Phase
[3.743s][info ][gc,phases      ] GC(3) Compaction Phase 278.719ms
[3.743s][info ][gc,phases,start] GC(3) Post Compact
[3.745s][info ][gc,phases      ] GC(3) Post Compact 1.672ms
[3.745s][info ][gc,heap        ] GC(3) PSYoungGen: 77366K(1572864K)->77165K(1572864K) Eden: 0K(1048576K)->0K(1048576K) From: 77366K(524288K)->77165K(524288K)
[3.745s][info ][gc,heap        ] GC(3) ParOldGen: 6077K(6144K)->6008K(6144K)
[3.745s][info ][gc,metaspace   ] GC(3) Metaspace: 35392K(35840K)->35392K(35840K) NonClass: 31086K(31360K)->31086K(31360K) Class: 4305K(4480K)->4305K(4480K)
[3.745s][info ][gc             ] GC(3) Pause Full (Metadata GC Threshold) 81M->81M(1542M) 327.522ms
[3.745s][info ][gc,cpu         ] GC(3) User=0.68s Sys=0.01s Real=0.33s
[3.745s][info ][safepoint      ] Safepoint "CollectForMetadataAllocation", Time since last: 49625654 ns, Reaching safepoint: 3000 ns, Cleanup: 13100 ns, At safepoint: 372032048 ns, Total: 372048148 ns
[3.957s][info ][safepoint      ] Safepoint "ICBufferFull", Time since last: 212226011 ns, Reaching safepoint: 4000 ns, Cleanup: 137901 ns, At safepoint: 4700 ns, Total: 146601 ns
[4.129s][info ][safepoint      ] Safepoint "ICBufferFull", Time since last: 171518322 ns, Reaching safepoint: 3400 ns, Cleanup: 121100 ns, At safepoint: 5900 ns, Total: 130400 ns
[4.619s][info ][safepoint      ] Safepoint "ICBufferFull", Time since last: 490125790 ns, Reaching safepoint: 77500 ns, Cleanup: 127801 ns, At safepoint: 9300 ns, Total: 214601 ns
[5.151s][info ][safepoint      ] Safepoint "ICBufferFull", Time since last: 532241988 ns, Reaching safepoint: 3300 ns, Cleanup: 146901 ns, At safepoint: 5600 ns, Total: 155801 ns
[5.297s][info ][gc,start       ] GC(4) Pause Young (Metadata GC Threshold)
[5.350s][debug][gc,phases      ] GC(4) Scavenge 52.745ms
[5.350s][debug][gc,ref         ] GC(4) ReferenceProcessor::execute queues: 4, RefProcThreadModel::Multi, marks_oops_alive: false
[5.351s][debug][gc,ref         ] GC(4) Skipped KeepAliveFinalRefsPhase of Reference Processing: no references
[5.351s][debug][gc,ref         ] GC(4) ReferenceProcessor::execute queues: 4, RefProcThreadModel::Multi, marks_oops_alive: false
[5.351s][debug][gc,phases      ] GC(4) Reference Processing 0.870ms
[5.351s][debug][gc,phases      ] GC(4)   VM Weak                        Min:  0.0, Avg:  0.0, Max:  0.0, Diff:  0.0, Sum:  0.0, Workers: 4
[5.351s][debug][gc,phases      ] GC(4)     Dead                           Min: 0, Avg:  0.0, Max: 0, Diff: 0, Sum: 0, Workers: 4
[5.351s][debug][gc,phases      ] GC(4)     Total                          Min: 0, Avg: 129.2, Max: 325, Diff: 325, Sum: 517, Workers: 4
[5.351s][debug][gc,phases      ] GC(4)   ObjectSynchronizer Weak        Min:  0.0, Avg:  0.0, Max:  0.0, Diff:  0.0, Sum:  0.0, Workers: 4
[5.351s][debug][gc,phases      ] GC(4)     Dead                           Min: 0, Avg:  0.0, Max: 0, Diff: 0, Sum: 0, Workers: 4
[5.351s][debug][gc,phases      ] GC(4)     Total                          Min: 0, Avg:  2.5, Max: 10, Diff: 10, Sum: 10, Workers: 4
[5.351s][debug][gc,phases      ] GC(4)   JVMTI Tag Weak OopStorage      Min:  0.0, Avg:  0.0, Max:  0.0, Diff:  0.0, Sum:  0.0, Workers: 4
[5.351s][debug][gc,phases      ] GC(4)     Dead                           Min: 0, Avg:  0.0, Max: 0, Diff: 0, Sum: 0, Workers: 4
[5.351s][debug][gc,phases      ] GC(4)     Total                          Min: 0, Avg:  0.0, Max: 0, Diff: 0, Sum: 0, Workers: 4
[5.351s][debug][gc,phases      ] GC(4)   StringTable Weak               Min:  0.2, Avg:  0.2, Max:  0.2, Diff:  0.0, Sum:  0.9, Workers: 4
[5.351s][debug][gc,phases      ] GC(4)     Dead                           Min: 1, Avg:  3.8, Max: 7, Diff: 6, Sum: 15, Workers: 4
[5.351s][debug][gc,phases      ] GC(4)     Total                          Min: 7616, Avg: 8704.8, Max: 9856, Diff: 2240, Sum: 34819, Workers: 4
[5.351s][debug][gc,phases      ] GC(4)   ResolvedMethodTable Weak       Min:  0.1, Avg:  0.1, Max:  0.1, Diff:  0.0, Sum:  0.3, Workers: 4
[5.351s][debug][gc,phases      ] GC(4)     Dead                           Min: 556, Avg: 687.8, Max: 805, Diff: 249, Sum: 2751, Workers: 4
[5.351s][debug][gc,phases      ] GC(4)     Total                          Min: 2176, Avg: 2253.8, Max: 2304, Diff: 128, Sum: 9015, Workers: 4
[5.351s][debug][gc,phases      ] GC(4)   JNI Weak                       Min:  0.0, Avg:  0.0, Max:  0.0, Diff:  0.0, Sum:  0.0, Workers: 4
[5.351s][debug][gc,phases      ] GC(4)     Dead                           Min: 0, Avg:  0.0, Max: 0, Diff: 0, Sum: 0, Workers: 4
[5.351s][debug][gc,phases      ] GC(4)     Total                          Min: 0, Avg: 13.2, Max: 53, Diff: 53, Sum: 53, Workers: 4
[5.351s][debug][gc,phases      ] GC(4)   StringDedup Table Weak         Min:  0.0, Avg:  0.0, Max:  0.0, Diff:  0.0, Sum:  0.0, Workers: 4
[5.351s][debug][gc,phases      ] GC(4)     Dead                           Min: 0, Avg:  0.0, Max: 0, Diff: 0, Sum: 0, Workers: 4
[5.351s][debug][gc,phases      ] GC(4)     Total                          Min: 0, Avg:  0.0, Max: 0, Diff: 0, Sum: 0, Workers: 4
[5.351s][debug][gc,phases      ] GC(4)   StringDedup Requests0 Weak     Min:  0.0, Avg:  0.0, Max:  0.0, Diff:  0.0, Sum:  0.0, Workers: 4
[5.351s][debug][gc,phases      ] GC(4)     Dead                           Min: 0, Avg:  0.0, Max: 0, Diff: 0, Sum: 0, Workers: 4
[5.351s][debug][gc,phases      ] GC(4)     Total                          Min: 0, Avg:  0.0, Max: 0, Diff: 0, Sum: 0, Workers: 4
[5.351s][debug][gc,phases      ] GC(4)   StringDedup Requests1 Weak     Min:  0.0, Avg:  0.0, Max:  0.0, Diff:  0.0, Sum:  0.0, Workers: 4
[5.351s][debug][gc,phases      ] GC(4)     Dead                           Min: 0, Avg:  0.0, Max: 0, Diff: 0, Sum: 0, Workers: 4
[5.351s][debug][gc,phases      ] GC(4)     Total                          Min: 0, Avg:  0.0, Max: 0, Diff: 0, Sum: 0, Workers: 4
[5.351s][debug][gc,phases      ] GC(4)   Weak JFR Old Object Samples    Min:  0.0, Avg:  0.0, Max:  0.0, Diff:  0.0, Sum:  0.0, Workers: 4
[5.351s][debug][gc,phases      ] GC(4)     Dead                           Min: 0, Avg:  0.0, Max: 0, Diff: 0, Sum: 0, Workers: 4
[5.351s][debug][gc,phases      ] GC(4)     Total                          Min: 0, Avg:  0.0, Max: 0, Diff: 0, Sum: 0, Workers: 4
[5.351s][debug][gc,phases      ] GC(4) Weak Processing 0.471ms
[5.351s][debug][gc,age         ] GC(4) Desired survivor size 536870912 bytes, new threshold 7 (max threshold 15)
[5.351s][info ][gc,heap        ] GC(4) PSYoungGen: 416846K(1572864K)->114098K(1572864K) Eden: 339680K(1048576K)->0K(1048576K) From: 77165K(524288K)->114098K(524288K)
[5.351s][info ][gc,heap        ] GC(4) ParOldGen: 6008K(6144K)->6032K(6144K)
[5.351s][info ][gc,metaspace   ] GC(4) Metaspace: 59089K(59776K)->59089K(59776K) NonClass: 50439K(50816K)->50439K(50816K) Class: 8650K(8960K)->8650K(8960K)
[5.351s][info ][gc             ] GC(4) Pause Young (Metadata GC Threshold) 412M->117M(1542M) 54.191ms
[5.351s][info ][gc,cpu         ] GC(4) User=0.17s Sys=0.04s Real=0.05s
[5.351s][debug][gc,phases      ] GC(5) Pre Compact 0.008ms
[5.351s][info ][gc,start       ] GC(5) Pause Full (Metadata GC Threshold)
[5.351s][info ][gc,phases,start] GC(5) Marking Phase
[5.397s][debug][gc,phases      ] GC(5) Par Mark 45.913ms
[5.397s][debug][gc,ref         ] GC(5) ReferenceProcessor::execute queues: 4, RefProcThreadModel::Multi, marks_oops_alive: false
[5.398s][debug][gc,ref         ] GC(5) ReferenceProcessor::execute queues: 4, RefProcThreadModel::Multi, marks_oops_alive: true
[5.398s][debug][gc,ref         ] GC(5) ReferenceProcessor::execute queues: 1, RefProcThreadModel::Single, marks_oops_alive: false
[5.398s][debug][gc,phases      ] GC(5) Reference Processing 0.280ms
[5.398s][debug][gc,phases      ] GC(5)   VM Weak                        Min:  0.0, Avg:  0.0, Max:  0.0, Diff:  0.0, Sum:  0.0, Workers: 4
[5.398s][debug][gc,phases      ] GC(5)     Dead                           Min: 0, Avg:  0.0, Max: 0, Diff: 0, Sum: 0, Workers: 4
[5.398s][debug][gc,phases      ] GC(5)     Total                          Min: 0, Avg: 129.2, Max: 448, Diff: 448, Sum: 517, Workers: 4
[5.398s][debug][gc,phases      ] GC(5)   ObjectSynchronizer Weak        Min:  0.0, Avg:  0.0, Max:  0.0, Diff:  0.0, Sum:  0.0, Workers: 4
[5.398s][debug][gc,phases      ] GC(5)     Dead                           Min: 0, Avg:  0.0, Max: 0, Diff: 0, Sum: 0, Workers: 4
[5.398s][debug][gc,phases      ] GC(5)     Total                          Min: 0, Avg:  2.5, Max: 10, Diff: 10, Sum: 10, Workers: 4
[5.398s][debug][gc,phases      ] GC(5)   JVMTI Tag Weak OopStorage      Min:  0.0, Avg:  0.0, Max:  0.0, Diff:  0.0, Sum:  0.0, Workers: 4
[5.398s][debug][gc,phases      ] GC(5)     Dead                           Min: 0, Avg:  0.0, Max: 0, Diff: 0, Sum: 0, Workers: 4
[5.398s][debug][gc,phases      ] GC(5)     Total                          Min: 0, Avg:  0.0, Max: 0, Diff: 0, Sum: 0, Workers: 4
[5.398s][debug][gc,phases      ] GC(5)   StringTable Weak               Min:  0.1, Avg:  0.1, Max:  0.1, Diff:  0.0, Sum:  0.4, Workers: 4
[5.398s][debug][gc,phases      ] GC(5)     Dead                           Min: 0, Avg:  0.0, Max: 0, Diff: 0, Sum: 0, Workers: 4
[5.398s][debug][gc,phases      ] GC(5)     Total                          Min: 8515, Avg: 8704.8, Max: 9088, Diff: 573, Sum: 34819, Workers: 4
[5.398s][debug][gc,phases      ] GC(5)   ResolvedMethodTable Weak       Min:  0.0, Avg:  0.0, Max:  0.0, Diff:  0.0, Sum:  0.1, Workers: 4
[5.398s][debug][gc,phases      ] GC(5)     Dead                           Min: 0, Avg:  0.0, Max: 0, Diff: 0, Sum: 0, Workers: 4
[5.398s][debug][gc,phases      ] GC(5)     Total                          Min: 2112, Avg: 2253.8, Max: 2359, Diff: 247, Sum: 9015, Workers: 4
[5.398s][debug][gc,phases      ] GC(5)   JNI Weak                       Min:  0.0, Avg:  0.0, Max:  0.0, Diff:  0.0, Sum:  0.0, Workers: 4
[5.398s][debug][gc,phases      ] GC(5)     Dead                           Min: 0, Avg:  0.0, Max: 0, Diff: 0, Sum: 0, Workers: 4
[5.398s][debug][gc,phases      ] GC(5)     Total                          Min: 0, Avg: 13.2, Max: 53, Diff: 53, Sum: 53, Workers: 4
[5.398s][debug][gc,phases      ] GC(5)   StringDedup Table Weak         Min:  0.0, Avg:  0.0, Max:  0.0, Diff:  0.0, Sum:  0.0, Workers: 4
[5.398s][debug][gc,phases      ] GC(5)     Dead                           Min: 0, Avg:  0.0, Max: 0, Diff: 0, Sum: 0, Workers: 4
[5.398s][debug][gc,phases      ] GC(5)     Total                          Min: 0, Avg:  0.0, Max: 0, Diff: 0, Sum: 0, Workers: 4
[5.398s][debug][gc,phases      ] GC(5)   StringDedup Requests0 Weak     Min:  0.0, Avg:  0.0, Max:  0.0, Diff:  0.0, Sum:  0.0, Workers: 4
[5.398s][debug][gc,phases      ] GC(5)     Dead                           Min: 0, Avg:  0.0, Max: 0, Diff: 0, Sum: 0, Workers: 4
[5.398s][debug][gc,phases      ] GC(5)     Total                          Min: 0, Avg:  0.0, Max: 0, Diff: 0, Sum: 0, Workers: 4
[5.398s][debug][gc,phases      ] GC(5)   StringDedup Requests1 Weak     Min:  0.0, Avg:  0.0, Max:  0.0, Diff:  0.0, Sum:  0.0, Workers: 4
[5.398s][debug][gc,phases      ] GC(5)     Dead                           Min: 0, Avg:  0.0, Max: 0, Diff: 0, Sum: 0, Workers: 4
[5.398s][debug][gc,phases      ] GC(5)     Total                          Min: 0, Avg:  0.0, Max: 0, Diff: 0, Sum: 0, Workers: 4
[5.398s][debug][gc,phases      ] GC(5)   Weak JFR Old Object Samples    Min:  0.0, Avg:  0.0, Max:  0.0, Diff:  0.0, Sum:  0.0, Workers: 4
[5.398s][debug][gc,phases      ] GC(5)     Dead                           Min: 0, Avg:  0.0, Max: 0, Diff: 0, Sum: 0, Workers: 4
[5.398s][debug][gc,phases      ] GC(5)     Total                          Min: 0, Avg:  0.0, Max: 0, Diff: 0, Sum: 0, Workers: 4
[5.398s][debug][gc,phases      ] GC(5) Weak Processing 0.289ms
[5.398s][debug][gc,phases      ] GC(5) ClassLoaderData 0.063ms
[5.398s][debug][gc,phases      ] GC(5) Trigger cleanups 0.000ms
[5.407s][debug][gc,phases      ] GC(5) Class Unloading 9.603ms
[5.407s][debug][gc,phases      ] GC(5) Report Object Count 0.001ms
[5.407s][info ][gc,phases      ] GC(5) Marking Phase 56.153ms
[5.407s][info ][gc,phases,start] GC(5) Summary Phase
[5.407s][info ][gc,phases      ] GC(5) Summary Phase 0.005ms
[5.407s][info ][gc,phases,start] GC(5) Adjust Roots
[5.415s][info ][gc,phases      ] GC(5) Adjust Roots 7.334ms
[5.415s][info ][gc,phases,start] GC(5) Compaction Phase
[5.832s][info ][gc,phases      ] GC(5) Compaction Phase 417.352ms
[5.832s][info ][gc,phases,start] GC(5) Post Compact
[5.833s][info ][gc,phases      ] GC(5) Post Compact 1.004ms
[5.833s][info ][gc,heap        ] GC(5) PSYoungGen: 114098K(1572864K)->113880K(1572864K) Eden: 0K(1048576K)->0K(1048576K) From: 114098K(524288K)->113880K(524288K)
[5.833s][info ][gc,heap        ] GC(5) ParOldGen: 6032K(6144K)->6024K(6144K)
[5.833s][info ][gc,metaspace   ] GC(5) Metaspace: 59089K(59776K)->59089K(59776K) NonClass: 50439K(50816K)->50439K(50816K) Class: 8650K(8960K)->8650K(8960K)
[5.833s][info ][gc             ] GC(5) Pause Full (Metadata GC Threshold) 117M->117M(1542M) 481.942ms
[5.833s][info ][gc,cpu         ] GC(5) User=1.03s Sys=0.01s Real=0.49s
[5.833s][info ][safepoint      ] Safepoint "CollectForMetadataAllocation", Time since last: 145449334 ns, Reaching safepoint: 55201 ns, Cleanup: 83900 ns, At safepoint: 536253613 ns, Total: 536392714 ns
[5.990s][info ][safepoint      ] Safepoint "ICBufferFull", Time since last: 156583913 ns, Reaching safepoint: 80200 ns, Cleanup: 129201 ns, At safepoint: 12101 ns, Total: 221502 ns
[6.062s][info ][safepoint      ] Safepoint "ICBufferFull", Time since last: 72193413 ns, Reaching safepoint: 3700 ns, Cleanup: 115401 ns, At safepoint: 6400 ns, Total: 125501 ns
[6.149s][info ][safepoint      ] Safepoint "ICBufferFull", Time since last: 86662116 ns, Reaching safepoint: 4000 ns, Cleanup: 102501 ns, At safepoint: 4300 ns, Total: 110801 ns
[6.285s][info ][safepoint      ] Safepoint "ICBufferFull", Time since last: 135710864 ns, Reaching safepoint: 4100 ns, Cleanup: 109701 ns, At safepoint: 13800 ns, Total: 127601 ns
[6.564s][info ][safepoint      ] Safepoint "ICBufferFull", Time since last: 278234178 ns, Reaching safepoint: 87701 ns, Cleanup: 139801 ns, At safepoint: 26300 ns, Total: 253802 ns
[6.809s][info ][safepoint      ] Safepoint "ICBufferFull", Time since last: 244881241 ns, Reaching safepoint: 5000 ns, Cleanup: 132901 ns, At safepoint: 9500 ns, Total: 147401 ns
[6.930s][info ][safepoint      ] Safepoint "ICBufferFull", Time since last: 121319963 ns, Reaching safepoint: 77700 ns, Cleanup: 139301 ns, At safepoint: 6800 ns, Total: 223801 ns
[7.093s][info ][safepoint      ] Safepoint "ICBufferFull", Time since last: 162780457 ns, Reaching safepoint: 4200 ns, Cleanup: 157202 ns, At safepoint: 4900 ns, Total: 166302 ns
[7.692s][info ][safepoint      ] Safepoint "ICBufferFull", Time since last: 598537255 ns, Reaching safepoint: 4200 ns, Cleanup: 142601 ns, At safepoint: 1400 ns, Total: 148201 ns
[7.816s][info ][safepoint      ] Safepoint "ICBufferFull", Time since last: 124004581 ns, Reaching safepoint: 76301 ns, Cleanup: 106101 ns, At safepoint: 11000 ns, Total: 193402 ns
[7.816s][info ][safepoint      ] Safepoint "ICBufferFull", Time since last: 95601 ns, Reaching safepoint: 79100 ns, Cleanup: 4000 ns, At safepoint: 10000 ns, Total: 93100 ns
[7.821s][info ][safepoint      ] Safepoint "ICBufferFull", Time since last: 4368131 ns, Reaching safepoint: 74301 ns, Cleanup: 12900 ns, At safepoint: 11300 ns, Total: 98501 ns
[8.821s][info ][safepoint      ] Safepoint "Cleanup", Time since last: 1000085710 ns, Reaching safepoint: 79400 ns, Cleanup: 58601 ns, At safepoint: 7300 ns, Total: 145301 ns
[10.458s][info ][safepoint      ] Safepoint "Cleanup", Time since last: 1637330140 ns, Reaching safepoint: 74801 ns, Cleanup: 40300 ns, At safepoint: 6900 ns, Total: 122001 ns
[10.772s][info ][safepoint      ] Safepoint "ParallelGCFailedAllocation", Time since last: 313602830 ns, Reaching safepoint: 5100 ns, Cleanup: 60800 ns, At safepoint: 6700 ns, Total: 72600 ns
[10.772s][info ][gc,start       ] GC(6) Pause Young (GCLocker Initiated GC)
[10.932s][debug][gc,phases      ] GC(6) Scavenge 160.385ms
[10.933s][debug][gc,ref         ] GC(6) ReferenceProcessor::execute queues: 4, RefProcThreadModel::Multi, marks_oops_alive: false
[10.933s][debug][gc,ref         ] GC(6) Skipped KeepAliveFinalRefsPhase of Reference Processing: no references
[10.933s][debug][gc,ref         ] GC(6) ReferenceProcessor::execute queues: 3, RefProcThreadModel::Multi, marks_oops_alive: false
[10.933s][debug][gc,phases      ] GC(6) Reference Processing 0.797ms
[10.934s][debug][gc,phases      ] GC(6)   VM Weak                        Min:  0.0, Avg:  0.0, Max:  0.0, Diff:  0.0, Sum:  0.0, Workers: 4
[10.934s][debug][gc,phases      ] GC(6)     Dead                           Min: 0, Avg:  0.0, Max: 0, Diff: 0, Sum: 0, Workers: 4
[10.934s][debug][gc,phases      ] GC(6)     Total                          Min: 64, Avg: 161.0, Max: 256, Diff: 192, Sum: 644, Workers: 4
[10.934s][debug][gc,phases      ] GC(6)   ObjectSynchronizer Weak        Min:  0.0, Avg:  0.0, Max:  0.0, Diff:  0.0, Sum:  0.0, Workers: 4
[10.934s][debug][gc,phases      ] GC(6)     Dead                           Min: 0, Avg:  0.2, Max: 1, Diff: 1, Sum: 1, Workers: 4
[10.934s][debug][gc,phases      ] GC(6)     Total                          Min: 0, Avg:  7.2, Max: 29, Diff: 29, Sum: 29, Workers: 4
[10.934s][debug][gc,phases      ] GC(6)   JVMTI Tag Weak OopStorage      Min:  0.0, Avg:  0.0, Max:  0.0, Diff:  0.0, Sum:  0.0, Workers: 4
[10.934s][debug][gc,phases      ] GC(6)     Dead                           Min: 0, Avg:  0.0, Max: 0, Diff: 0, Sum: 0, Workers: 4
[10.934s][debug][gc,phases      ] GC(6)     Total                          Min: 0, Avg:  0.0, Max: 0, Diff: 0, Sum: 0, Workers: 4
[10.934s][debug][gc,phases      ] GC(6)   StringTable Weak               Min:  0.3, Avg:  0.3, Max:  0.3, Diff:  0.0, Sum:  1.1, Workers: 4
[10.934s][debug][gc,phases      ] GC(6)     Dead                           Min: 0, Avg:  4.8, Max: 11, Diff: 11, Sum: 19, Workers: 4
[10.934s][debug][gc,phases      ] GC(6)     Total                          Min: 8640, Avg: 10013.2, Max: 11061, Diff: 2421, Sum: 40053, Workers: 4
[10.934s][debug][gc,phases      ] GC(6)   ResolvedMethodTable Weak       Min:  0.1, Avg:  0.1, Max:  0.1, Diff:  0.0, Sum:  0.4, Workers: 4
[10.934s][debug][gc,phases      ] GC(6)     Dead                           Min: 43, Avg: 404.5, Max: 625, Diff: 582, Sum: 1618, Workers: 4
[10.934s][debug][gc,phases      ] GC(6)     Total                          Min: 768, Avg: 2594.5, Max: 3264, Diff: 2496, Sum: 10378, Workers: 4
[10.934s][debug][gc,phases      ] GC(6)   JNI Weak                       Min:  0.0, Avg:  0.0, Max:  0.0, Diff:  0.0, Sum:  0.0, Workers: 4
[10.934s][debug][gc,phases      ] GC(6)     Dead                           Min: 0, Avg:  0.0, Max: 0, Diff: 0, Sum: 0, Workers: 4
[10.934s][debug][gc,phases      ] GC(6)     Total                          Min: 0, Avg: 15.8, Max: 63, Diff: 63, Sum: 63, Workers: 4
[10.934s][debug][gc,phases      ] GC(6)   StringDedup Table Weak         Min:  0.0, Avg:  0.0, Max:  0.0, Diff:  0.0, Sum:  0.0, Workers: 4
[10.934s][debug][gc,phases      ] GC(6)     Dead                           Min: 0, Avg:  0.0, Max: 0, Diff: 0, Sum: 0, Workers: 4
[10.934s][debug][gc,phases      ] GC(6)     Total                          Min: 0, Avg:  0.0, Max: 0, Diff: 0, Sum: 0, Workers: 4
[10.934s][debug][gc,phases      ] GC(6)   StringDedup Requests0 Weak     Min:  0.0, Avg:  0.0, Max:  0.0, Diff:  0.0, Sum:  0.0, Workers: 4
[10.934s][debug][gc,phases      ] GC(6)     Dead                           Min: 0, Avg:  0.0, Max: 0, Diff: 0, Sum: 0, Workers: 4
[10.934s][debug][gc,phases      ] GC(6)     Total                          Min: 0, Avg:  0.0, Max: 0, Diff: 0, Sum: 0, Workers: 4
[10.934s][debug][gc,phases      ] GC(6)   StringDedup Requests1 Weak     Min:  0.0, Avg:  0.0, Max:  0.0, Diff:  0.0, Sum:  0.0, Workers: 4
[10.934s][debug][gc,phases      ] GC(6)     Dead                           Min: 0, Avg:  0.0, Max: 0, Diff: 0, Sum: 0, Workers: 4
[10.934s][debug][gc,phases      ] GC(6)     Total                          Min: 0, Avg:  0.0, Max: 0, Diff: 0, Sum: 0, Workers: 4
[10.934s][debug][gc,phases      ] GC(6)   Weak JFR Old Object Samples    Min:  0.0, Avg:  0.0, Max:  0.0, Diff:  0.0, Sum:  0.0, Workers: 4
[10.934s][debug][gc,phases      ] GC(6)     Dead                           Min: 0, Avg:  0.0, Max: 0, Diff: 0, Sum: 0, Workers: 4
[10.934s][debug][gc,phases      ] GC(6)     Total                          Min: 0, Avg:  0.0, Max: 0, Diff: 0, Sum: 0, Workers: 4
[10.934s][debug][gc,phases      ] GC(6) Weak Processing 0.544ms
[10.934s][debug][gc,age         ] GC(6) Desired survivor size 536870912 bytes, new threshold 7 (max threshold 15)
[10.934s][info ][gc,heap        ] GC(6) PSYoungGen: 1162456K(1572864K)->299234K(1572864K) Eden: 1048576K(1048576K)->0K(1048576K) From: 113880K(524288K)->299234K(524288K)
[10.934s][info ][gc,heap        ] GC(6) ParOldGen: 6024K(6144K)->6089K(6144K)
[10.934s][info ][gc,metaspace   ] GC(6) Metaspace: 73688K(74624K)->73688K(74624K) NonClass: 62813K(63296K)->62813K(63296K) Class: 10874K(11328K)->10874K(11328K)
[10.934s][info ][gc             ] GC(6) Pause Young (GCLocker Initiated GC) 1141M->298M(1542M) 161.839ms
[10.934s][info ][gc,cpu         ] GC(6) User=0.54s Sys=0.06s Real=0.17s
[10.934s][debug][gc,phases      ] GC(7) Pre Compact 0.008ms
[10.934s][info ][gc,start       ] GC(7) Pause Full (Ergonomics)
[10.934s][info ][gc,phases,start] GC(7) Marking Phase
[11.049s][debug][gc,phases      ] GC(7) Par Mark 114.762ms
[11.049s][debug][gc,ref         ] GC(7) ReferenceProcessor::execute queues: 4, RefProcThreadModel::Multi, marks_oops_alive: false
[11.049s][debug][gc,ref         ] GC(7) Skipped KeepAliveFinalRefsPhase of Reference Processing: no references
[11.049s][debug][gc,ref         ] GC(7) ReferenceProcessor::execute queues: 1, RefProcThreadModel::Single, marks_oops_alive: false
[11.049s][debug][gc,phases      ] GC(7) Reference Processing 0.311ms
[11.049s][debug][gc,phases      ] GC(7)   VM Weak                        Min:  0.0, Avg:  0.0, Max:  0.0, Diff:  0.0, Sum:  0.0, Workers: 4
[11.049s][debug][gc,phases      ] GC(7)     Dead                           Min: 0, Avg:  0.5, Max: 2, Diff: 2, Sum: 2, Workers: 4
[11.049s][debug][gc,phases      ] GC(7)     Total                          Min: 64, Avg: 161.0, Max: 256, Diff: 192, Sum: 644, Workers: 4
[11.049s][debug][gc,phases      ] GC(7)   ObjectSynchronizer Weak        Min:  0.0, Avg:  0.0, Max:  0.0, Diff:  0.0, Sum:  0.0, Workers: 4
[11.049s][debug][gc,phases      ] GC(7)     Dead                           Min: 0, Avg:  0.0, Max: 0, Diff: 0, Sum: 0, Workers: 4
[11.049s][debug][gc,phases      ] GC(7)     Total                          Min: 0, Avg:  7.2, Max: 29, Diff: 29, Sum: 29, Workers: 4
[11.049s][debug][gc,phases      ] GC(7)   JVMTI Tag Weak OopStorage      Min:  0.0, Avg:  0.0, Max:  0.0, Diff:  0.0, Sum:  0.0, Workers: 4
[11.049s][debug][gc,phases      ] GC(7)     Dead                           Min: 0, Avg:  0.0, Max: 0, Diff: 0, Sum: 0, Workers: 4
[11.049s][debug][gc,phases      ] GC(7)     Total                          Min: 0, Avg:  0.0, Max: 0, Diff: 0, Sum: 0, Workers: 4
[11.049s][debug][gc,phases      ] GC(7)   StringTable Weak               Min:  0.1, Avg:  0.1, Max:  0.1, Diff:  0.0, Sum:  0.5, Workers: 4
[11.049s][debug][gc,phases      ] GC(7)     Dead                           Min: 0, Avg:  0.0, Max: 0, Diff: 0, Sum: 0, Workers: 4
[11.049s][debug][gc,phases      ] GC(7)     Total                          Min: 9280, Avg: 10013.2, Max: 10485, Diff: 1205, Sum: 40053, Workers: 4
[11.049s][debug][gc,phases      ] GC(7)   ResolvedMethodTable Weak       Min:  0.0, Avg:  0.0, Max:  0.0, Diff:  0.0, Sum:  0.1, Workers: 4
[11.049s][debug][gc,phases      ] GC(7)     Dead                           Min: 0, Avg:  0.5, Max: 2, Diff: 2, Sum: 2, Workers: 4
[11.049s][debug][gc,phases      ] GC(7)     Total                          Min: 1920, Avg: 2594.5, Max: 3072, Diff: 1152, Sum: 10378, Workers: 4
[11.049s][debug][gc,phases      ] GC(7)   JNI Weak                       Min:  0.0, Avg:  0.0, Max:  0.0, Diff:  0.0, Sum:  0.0, Workers: 4
[11.049s][debug][gc,phases      ] GC(7)     Dead                           Min: 0, Avg:  0.0, Max: 0, Diff: 0, Sum: 0, Workers: 4
[11.049s][debug][gc,phases      ] GC(7)     Total                          Min: 0, Avg: 15.8, Max: 48, Diff: 48, Sum: 63, Workers: 4
[11.049s][debug][gc,phases      ] GC(7)   StringDedup Table Weak         Min:  0.0, Avg:  0.0, Max:  0.0, Diff:  0.0, Sum:  0.0, Workers: 4
[11.049s][debug][gc,phases      ] GC(7)     Dead                           Min: 0, Avg:  0.0, Max: 0, Diff: 0, Sum: 0, Workers: 4
[11.049s][debug][gc,phases      ] GC(7)     Total                          Min: 0, Avg:  0.0, Max: 0, Diff: 0, Sum: 0, Workers: 4
[11.049s][debug][gc,phases      ] GC(7)   StringDedup Requests0 Weak     Min:  0.0, Avg:  0.0, Max:  0.0, Diff:  0.0, Sum:  0.0, Workers: 4
[11.049s][debug][gc,phases      ] GC(7)     Dead                           Min: 0, Avg:  0.0, Max: 0, Diff: 0, Sum: 0, Workers: 4
[11.049s][debug][gc,phases      ] GC(7)     Total                          Min: 0, Avg:  0.0, Max: 0, Diff: 0, Sum: 0, Workers: 4
[11.049s][debug][gc,phases      ] GC(7)   StringDedup Requests1 Weak     Min:  0.0, Avg:  0.0, Max:  0.0, Diff:  0.0, Sum:  0.0, Workers: 4
[11.049s][debug][gc,phases      ] GC(7)     Dead                           Min: 0, Avg:  0.0, Max: 0, Diff: 0, Sum: 0, Workers: 4
[11.049s][debug][gc,phases      ] GC(7)     Total                          Min: 0, Avg:  0.0, Max: 0, Diff: 0, Sum: 0, Workers: 4
[11.049s][debug][gc,phases      ] GC(7)   Weak JFR Old Object Samples    Min:  0.0, Avg:  0.0, Max:  0.0, Diff:  0.0, Sum:  0.0, Workers: 4
[11.049s][debug][gc,phases      ] GC(7)     Dead                           Min: 0, Avg:  0.0, Max: 0, Diff: 0, Sum: 0, Workers: 4
[11.049s][debug][gc,phases      ] GC(7)     Total                          Min: 0, Avg:  0.0, Max: 0, Diff: 0, Sum: 0, Workers: 4
[11.049s][debug][gc,phases      ] GC(7) Weak Processing 0.338ms
[11.050s][debug][gc,phases      ] GC(7) ClassLoaderData 0.164ms
[11.050s][debug][gc,phases      ] GC(7) Trigger cleanups 0.001ms
[11.069s][debug][gc,phases      ] GC(7) Class Unloading 19.233ms
[11.069s][debug][gc,phases      ] GC(7) Report Object Count 0.001ms
[11.069s][info ][gc,phases      ] GC(7) Marking Phase 134.718ms
[11.069s][info ][gc,phases,start] GC(7) Summary Phase
[11.069s][info ][gc,phases      ] GC(7) Summary Phase 0.009ms
[11.069s][info ][gc,phases,start] GC(7) Adjust Roots
[11.081s][info ][gc,phases      ] GC(7) Adjust Roots 12.745ms
[11.081s][info ][gc,phases,start] GC(7) Compaction Phase
[12.103s][info ][gc,phases      ] GC(7) Compaction Phase 1021.103ms
[12.103s][info ][gc,phases,start] GC(7) Post Compact
[12.105s][info ][gc,phases      ] GC(7) Post Compact 1.926ms
[12.105s][info ][gc,heap        ] GC(7) PSYoungGen: 299234K(1572864K)->297896K(1572864K) Eden: 0K(1048576K)->0K(1048576K) From: 299234K(524288K)->297896K(524288K)
[12.105s][info ][gc,heap        ] GC(7) ParOldGen: 6089K(6144K)->6071K(18432K)
[12.105s][info ][gc,metaspace   ] GC(7) Metaspace: 73688K(74624K)->73684K(74624K) NonClass: 62813K(63296K)->62811K(63296K) Class: 10874K(11328K)->10873K(11328K)
[12.105s][info ][gc             ] GC(7) Pause Full (Ergonomics) 298M->296M(1554M) 1170.654ms
[12.105s][info ][gc,cpu         ] GC(7) User=2.58s Sys=0.01s Real=1.17s
[12.105s][info ][safepoint      ] Safepoint "ParallelGCSystemGC", Time since last: 64501 ns, Reaching safepoint: 1700 ns, Cleanup: 700 ns, At safepoint: 1332619474 ns, Total: 1332621874 ns
[12.496s][info ][safepoint      ] Safepoint "ICBufferFull", Time since last: 391450983 ns, Reaching safepoint: 77600 ns, Cleanup: 124701 ns, At safepoint: 7200 ns, Total: 209501 ns
[12.770s][info ][safepoint      ] Safepoint "ICBufferFull", Time since last: 273234343 ns, Reaching safepoint: 5200 ns, Cleanup: 127401 ns, At safepoint: 5400 ns, Total: 138001 ns
[13.234s][info ][safepoint      ] Safepoint "ICBufferFull", Time since last: 464003701 ns, Reaching safepoint: 5900 ns, Cleanup: 140701 ns, At safepoint: 5600 ns, Total: 152201 ns
[13.646s][info ][gc,start       ] GC(8) Pause Young (Allocation Failure)
[13.954s][debug][gc,phases      ] GC(8) Scavenge 307.966ms
[13.954s][debug][gc,ref         ] GC(8) ReferenceProcessor::execute queues: 4, RefProcThreadModel::Multi, marks_oops_alive: false
[13.955s][debug][gc,ref         ] GC(8) Skipped KeepAliveFinalRefsPhase of Reference Processing: no references
[13.955s][debug][gc,ref         ] GC(8) ReferenceProcessor::execute queues: 1, RefProcThreadModel::Single, marks_oops_alive: false
[13.955s][debug][gc,phases      ] GC(8) Reference Processing 0.405ms
[13.955s][debug][gc,phases      ] GC(8)   VM Weak                        Min:  0.0, Avg:  0.0, Max:  0.0, Diff:  0.0, Sum:  0.0, Workers: 4
[13.955s][debug][gc,phases      ] GC(8)     Dead                           Min: 0, Avg:  0.0, Max: 0, Diff: 0, Sum: 0, Workers: 4
[13.955s][debug][gc,phases      ] GC(8)     Total                          Min: 0, Avg: 164.2, Max: 382, Diff: 382, Sum: 657, Workers: 4
[13.955s][debug][gc,phases      ] GC(8)   ObjectSynchronizer Weak        Min:  0.0, Avg:  0.0, Max:  0.0, Diff:  0.0, Sum:  0.0, Workers: 4
[13.955s][debug][gc,phases      ] GC(8)     Dead                           Min: 0, Avg:  0.0, Max: 0, Diff: 0, Sum: 0, Workers: 4
[13.955s][debug][gc,phases      ] GC(8)     Total                          Min: 0, Avg:  7.2, Max: 29, Diff: 29, Sum: 29, Workers: 4
[13.955s][debug][gc,phases      ] GC(8)   JVMTI Tag Weak OopStorage      Min:  0.0, Avg:  0.0, Max:  0.0, Diff:  0.0, Sum:  0.0, Workers: 4
[13.955s][debug][gc,phases      ] GC(8)     Dead                           Min: 0, Avg:  0.0, Max: 0, Diff: 0, Sum: 0, Workers: 4
[13.955s][debug][gc,phases      ] GC(8)     Total                          Min: 0, Avg:  0.0, Max: 0, Diff: 0, Sum: 0, Workers: 4
[13.955s][debug][gc,phases      ] GC(8)   StringTable Weak               Min:  0.3, Avg:  0.3, Max:  0.3, Diff:  0.0, Sum:  1.1, Workers: 4
[13.955s][debug][gc,phases      ] GC(8)     Dead                           Min: 0, Avg:  1.5, Max: 4, Diff: 4, Sum: 6, Workers: 4
[13.955s][debug][gc,phases      ] GC(8)     Total                          Min: 9499, Avg: 10118.5, Max: 10752, Diff: 1253, Sum: 40474, Workers: 4
[13.955s][debug][gc,phases      ] GC(8)   ResolvedMethodTable Weak       Min:  0.1, Avg:  0.1, Max:  0.1, Diff:  0.0, Sum:  0.3, Workers: 4
[13.955s][debug][gc,phases      ] GC(8)     Dead                           Min: 5, Avg: 23.0, Max: 40, Diff: 35, Sum: 92, Workers: 4
[13.955s][debug][gc,phases      ] GC(8)     Total                          Min: 2191, Avg: 2261.8, Max: 2389, Diff: 198, Sum: 9047, Workers: 4
[13.955s][debug][gc,phases      ] GC(8)   JNI Weak                       Min:  0.0, Avg:  0.0, Max:  0.0, Diff:  0.0, Sum:  0.0, Workers: 4
[13.955s][debug][gc,phases      ] GC(8)     Dead                           Min: 0, Avg:  0.0, Max: 0, Diff: 0, Sum: 0, Workers: 4
[13.955s][debug][gc,phases      ] GC(8)     Total                          Min: 0, Avg: 13.5, Max: 49, Diff: 49, Sum: 54, Workers: 4
[13.955s][debug][gc,phases      ] GC(8)   StringDedup Table Weak         Min:  0.0, Avg:  0.0, Max:  0.0, Diff:  0.0, Sum:  0.0, Workers: 4
[13.955s][debug][gc,phases      ] GC(8)     Dead                           Min: 0, Avg:  0.0, Max: 0, Diff: 0, Sum: 0, Workers: 4
[13.955s][debug][gc,phases      ] GC(8)     Total                          Min: 0, Avg:  0.0, Max: 0, Diff: 0, Sum: 0, Workers: 4
[13.955s][debug][gc,phases      ] GC(8)   StringDedup Requests0 Weak     Min:  0.0, Avg:  0.0, Max:  0.0, Diff:  0.0, Sum:  0.0, Workers: 4
[13.955s][debug][gc,phases      ] GC(8)     Dead                           Min: 0, Avg:  0.0, Max: 0, Diff: 0, Sum: 0, Workers: 4
[13.955s][debug][gc,phases      ] GC(8)     Total                          Min: 0, Avg:  0.0, Max: 0, Diff: 0, Sum: 0, Workers: 4
[13.955s][debug][gc,phases      ] GC(8)   StringDedup Requests1 Weak     Min:  0.0, Avg:  0.0, Max:  0.0, Diff:  0.0, Sum:  0.0, Workers: 4
[13.955s][debug][gc,phases      ] GC(8)     Dead                           Min: 0, Avg:  0.0, Max: 0, Diff: 0, Sum: 0, Workers: 4
[13.955s][debug][gc,phases      ] GC(8)     Total                          Min: 0, Avg:  0.0, Max: 0, Diff: 0, Sum: 0, Workers: 4
[13.955s][debug][gc,phases      ] GC(8)   Weak JFR Old Object Samples    Min:  0.0, Avg:  0.0, Max:  0.0, Diff:  0.0, Sum:  0.0, Workers: 4
[13.955s][debug][gc,phases      ] GC(8)     Dead                           Min: 0, Avg:  0.0, Max: 0, Diff: 0, Sum: 0, Workers: 4
[13.955s][debug][gc,phases      ] GC(8)     Total                          Min: 0, Avg:  0.0, Max: 0, Diff: 0, Sum: 0, Workers: 4
[13.955s][debug][gc,phases      ] GC(8) Weak Processing 0.503ms
[13.955s][debug][gc,age         ] GC(8) Desired survivor size 536870912 bytes, new threshold 6 (max threshold 15)
[13.955s][info ][gc,heap        ] GC(8) PSYoungGen: 1346472K(1572864K)->524277K(1572864K) Eden: 1048576K(1048576K)->0K(1048576K) From: 297896K(524288K)->524277K(524288K)
[13.955s][info ][gc,heap        ] GC(8) ParOldGen: 6072K(18432K)->84528K(84992K)
[13.955s][info ][gc,metaspace   ] GC(8) Metaspace: 74948K(75904K)->74948K(75904K) NonClass: 63929K(64448K)->63929K(64448K) Class: 11018K(11456K)->11018K(11456K)
[13.955s][info ][gc             ] GC(8) Pause Young (Allocation Failure) 1320M->594M(1619M) 309.010ms
[13.955s][info ][gc,cpu         ] GC(8) User=0.97s Sys=0.20s Real=0.31s
[13.955s][debug][gc,phases      ] GC(9) Pre Compact 0.009ms
[13.955s][info ][gc,start       ] GC(9) Pause Full (Ergonomics)
[13.955s][info ][gc,phases,start] GC(9) Marking Phase
[14.194s][debug][gc,phases      ] GC(9) Par Mark 238.161ms
[14.194s][debug][gc,ref         ] GC(9) ReferenceProcessor::execute queues: 4, RefProcThreadModel::Multi, marks_oops_alive: false
[14.194s][debug][gc,ref         ] GC(9) Skipped KeepAliveFinalRefsPhase of Reference Processing: no references
[14.194s][debug][gc,ref         ] GC(9) ReferenceProcessor::execute queues: 1, RefProcThreadModel::Single, marks_oops_alive: false
[14.194s][debug][gc,phases      ] GC(9) Reference Processing 0.301ms
[14.194s][debug][gc,phases      ] GC(9)   VM Weak                        Min:  0.0, Avg:  0.0, Max:  0.0, Diff:  0.0, Sum:  0.0, Workers: 4
[14.194s][debug][gc,phases      ] GC(9)     Dead                           Min: 0, Avg:  0.0, Max: 0, Diff: 0, Sum: 0, Workers: 4
[14.194s][debug][gc,phases      ] GC(9)     Total                          Min: 62, Avg: 164.2, Max: 256, Diff: 194, Sum: 657, Workers: 4
[14.194s][debug][gc,phases      ] GC(9)   ObjectSynchronizer Weak        Min:  0.0, Avg:  0.0, Max:  0.0, Diff:  0.0, Sum:  0.0, Workers: 4
[14.194s][debug][gc,phases      ] GC(9)     Dead                           Min: 0, Avg:  0.0, Max: 0, Diff: 0, Sum: 0, Workers: 4
[14.194s][debug][gc,phases      ] GC(9)     Total                          Min: 0, Avg:  7.2, Max: 29, Diff: 29, Sum: 29, Workers: 4
[14.194s][debug][gc,phases      ] GC(9)   JVMTI Tag Weak OopStorage      Min:  0.0, Avg:  0.0, Max:  0.0, Diff:  0.0, Sum:  0.0, Workers: 4
[14.194s][debug][gc,phases      ] GC(9)     Dead                           Min: 0, Avg:  0.0, Max: 0, Diff: 0, Sum: 0, Workers: 4
[14.194s][debug][gc,phases      ] GC(9)     Total                          Min: 0, Avg:  0.0, Max: 0, Diff: 0, Sum: 0, Workers: 4
[14.194s][debug][gc,phases      ] GC(9)   StringTable Weak               Min:  0.1, Avg:  0.1, Max:  0.2, Diff:  0.0, Sum:  0.6, Workers: 4
[14.194s][debug][gc,phases      ] GC(9)     Dead                           Min: 0, Avg:  0.0, Max: 0, Diff: 0, Sum: 0, Workers: 4
[14.194s][debug][gc,phases      ] GC(9)     Total                          Min: 8960, Avg: 10118.5, Max: 10842, Diff: 1882, Sum: 40474, Workers: 4
[14.194s][debug][gc,phases      ] GC(9)   ResolvedMethodTable Weak       Min:  0.0, Avg:  0.0, Max:  0.0, Diff:  0.0, Sum:  0.1, Workers: 4
[14.194s][debug][gc,phases      ] GC(9)     Dead                           Min: 0, Avg:  0.0, Max: 0, Diff: 0, Sum: 0, Workers: 4
[14.194s][debug][gc,phases      ] GC(9)     Total                          Min: 1557, Avg: 2261.8, Max: 2602, Diff: 1045, Sum: 9047, Workers: 4
[14.194s][debug][gc,phases      ] GC(9)   JNI Weak                       Min:  0.0, Avg:  0.0, Max:  0.0, Diff:  0.0, Sum:  0.0, Workers: 4
[14.194s][debug][gc,phases      ] GC(9)     Dead                           Min: 0, Avg:  0.0, Max: 0, Diff: 0, Sum: 0, Workers: 4
[14.194s][debug][gc,phases      ] GC(9)     Total                          Min: 0, Avg: 13.5, Max: 49, Diff: 49, Sum: 54, Workers: 4
[14.194s][debug][gc,phases      ] GC(9)   StringDedup Table Weak         Min:  0.0, Avg:  0.0, Max:  0.0, Diff:  0.0, Sum:  0.0, Workers: 4
[14.194s][debug][gc,phases      ] GC(9)     Dead                           Min: 0, Avg:  0.0, Max: 0, Diff: 0, Sum: 0, Workers: 4
[14.194s][debug][gc,phases      ] GC(9)     Total                          Min: 0, Avg:  0.0, Max: 0, Diff: 0, Sum: 0, Workers: 4
[14.194s][debug][gc,phases      ] GC(9)   StringDedup Requests0 Weak     Min:  0.0, Avg:  0.0, Max:  0.0, Diff:  0.0, Sum:  0.0, Workers: 4
[14.194s][debug][gc,phases      ] GC(9)     Dead                           Min: 0, Avg:  0.0, Max: 0, Diff: 0, Sum: 0, Workers: 4
[14.194s][debug][gc,phases      ] GC(9)     Total                          Min: 0, Avg:  0.0, Max: 0, Diff: 0, Sum: 0, Workers: 4
[14.194s][debug][gc,phases      ] GC(9)   StringDedup Requests1 Weak     Min:  0.0, Avg:  0.0, Max:  0.0, Diff:  0.0, Sum:  0.0, Workers: 4
[14.194s][debug][gc,phases      ] GC(9)     Dead                           Min: 0, Avg:  0.0, Max: 0, Diff: 0, Sum: 0, Workers: 4
[14.194s][debug][gc,phases      ] GC(9)     Total                          Min: 0, Avg:  0.0, Max: 0, Diff: 0, Sum: 0, Workers: 4
[14.194s][debug][gc,phases      ] GC(9)   Weak JFR Old Object Samples    Min:  0.0, Avg:  0.0, Max:  0.0, Diff:  0.0, Sum:  0.0, Workers: 4
[14.194s][debug][gc,phases      ] GC(9)     Dead                           Min: 0, Avg:  0.0, Max: 0, Diff: 0, Sum: 0, Workers: 4
[14.194s][debug][gc,phases      ] GC(9)     Total                          Min: 0, Avg:  0.0, Max: 0, Diff: 0, Sum: 0, Workers: 4
[14.194s][debug][gc,phases      ] GC(9) Weak Processing 0.349ms
[14.194s][debug][gc,phases      ] GC(9) ClassLoaderData 0.080ms
[14.194s][debug][gc,phases      ] GC(9) Trigger cleanups 0.000ms
[14.210s][debug][gc,phases      ] GC(9) Class Unloading 16.052ms
[14.210s][debug][gc,phases      ] GC(9) Report Object Count 0.001ms
[14.210s][info ][gc,phases      ] GC(9) Marking Phase 254.947ms
[14.210s][info ][gc,phases,start] GC(9) Summary Phase
[14.210s][info ][gc,phases      ] GC(9) Summary Phase 0.011ms
[14.210s][info ][gc,phases,start] GC(9) Adjust Roots
[14.223s][info ][gc,phases      ] GC(9) Adjust Roots 12.565ms
[14.223s][info ][gc,phases,start] GC(9) Compaction Phase
[14.934s][info ][gc,phases      ] GC(9) Compaction Phase 711.038ms
[14.934s][info ][gc,phases,start] GC(9) Post Compact
[14.936s][info ][gc,phases      ] GC(9) Post Compact 2.282ms
[14.936s][info ][gc,heap        ] GC(9) PSYoungGen: 524277K(1572864K)->518213K(1572864K) Eden: 0K(1048576K)->0K(1048576K) From: 524277K(524288K)->518213K(524288K)
[14.936s][info ][gc,heap        ] GC(9) ParOldGen: 84528K(84992K)->84760K(160256K)
[14.936s][info ][gc,metaspace   ] GC(9) Metaspace: 74948K(75904K)->74948K(75904K) NonClass: 63929K(64448K)->63929K(64448K) Class: 11018K(11456K)->11018K(11456K)
[14.936s][info ][gc             ] GC(9) Pause Full (Ergonomics) 594M->588M(1692M) 981.068ms
[14.936s][info ][gc,cpu         ] GC(9) User=3.69s Sys=0.07s Real=0.98s
[14.937s][info ][safepoint      ] Safepoint "ParallelGCFailedAllocation", Time since last: 412333936 ns, Reaching safepoint: 5500 ns, Cleanup: 114201 ns, At safepoint: 1290231886 ns, Total: 1290351587 ns
[15.929s][info ][safepoint      ] Safepoint "ICBufferFull", Time since last: 991764562 ns, Reaching safepoint: 83301 ns, Cleanup: 163401 ns, At safepoint: 7200 ns, Total: 253902 ns
[16.275s][info ][safepoint      ] Safepoint "ICBufferFull", Time since last: 345937063 ns, Reaching safepoint: 79901 ns, Cleanup: 138301 ns, At safepoint: 6300 ns, Total: 224502 ns
[16.591s][info ][safepoint      ] Safepoint "ICBufferFull", Time since last: 316061950 ns, Reaching safepoint: 82801 ns, Cleanup: 124401 ns, At safepoint: 9100 ns, Total: 216302 ns
[16.723s][info ][safepoint      ] Safepoint "ICBufferFull", Time since last: 132197341 ns, Reaching safepoint: 4000 ns, Cleanup: 113201 ns, At safepoint: 1600 ns, Total: 118801 ns
[16.842s][info ][safepoint      ] Safepoint "ICBufferFull", Time since last: 118783246 ns, Reaching safepoint: 6100 ns, Cleanup: 125201 ns, At safepoint: 1500 ns, Total: 132801 ns
[16.924s][info ][safepoint      ] Safepoint "ICBufferFull", Time since last: 81383379 ns, Reaching safepoint: 4800 ns, Cleanup: 135401 ns, At safepoint: 2600 ns, Total: 142801 ns
[17.011s][info ][safepoint      ] Safepoint "ICBufferFull", Time since last: 87327822 ns, Reaching safepoint: 5300 ns, Cleanup: 127201 ns, At safepoint: 2200 ns, Total: 134701 ns
[17.031s][info ][gc,start       ] GC(10) Pause Young (Allocation Failure)
[17.108s][debug][gc,phases      ] GC(10) Scavenge 77.304ms
[17.108s][debug][gc,ref         ] GC(10) ReferenceProcessor::execute queues: 4, RefProcThreadModel::Multi, marks_oops_alive: false
[17.109s][debug][gc,ref         ] GC(10) Skipped KeepAliveFinalRefsPhase of Reference Processing: no references
[17.109s][debug][gc,ref         ] GC(10) ReferenceProcessor::execute queues: 1, RefProcThreadModel::Single, marks_oops_alive: false
[17.109s][debug][gc,phases      ] GC(10) Reference Processing 0.783ms
[17.109s][debug][gc,phases      ] GC(10)   VM Weak                        Min:  0.0, Avg:  0.0, Max:  0.0, Diff:  0.0, Sum:  0.0, Workers: 4
[17.109s][debug][gc,phases      ] GC(10)     Dead                           Min: 0, Avg:  0.0, Max: 0, Diff: 0, Sum: 0, Workers: 4
[17.109s][debug][gc,phases      ] GC(10)     Total                          Min: 0, Avg: 198.0, Max: 448, Diff: 448, Sum: 792, Workers: 4
[17.109s][debug][gc,phases      ] GC(10)   ObjectSynchronizer Weak        Min:  0.0, Avg:  0.0, Max:  0.0, Diff:  0.0, Sum:  0.0, Workers: 4
[17.109s][debug][gc,phases      ] GC(10)     Dead                           Min: 0, Avg:  0.0, Max: 0, Diff: 0, Sum: 0, Workers: 4
[17.109s][debug][gc,phases      ] GC(10)     Total                          Min: 0, Avg:  7.2, Max: 29, Diff: 29, Sum: 29, Workers: 4
[17.109s][debug][gc,phases      ] GC(10)   JVMTI Tag Weak OopStorage      Min:  0.0, Avg:  0.0, Max:  0.0, Diff:  0.0, Sum:  0.0, Workers: 4
[17.109s][debug][gc,phases      ] GC(10)     Dead                           Min: 0, Avg:  0.0, Max: 0, Diff: 0, Sum: 0, Workers: 4
[17.109s][debug][gc,phases      ] GC(10)     Total                          Min: 0, Avg:  0.0, Max: 0, Diff: 0, Sum: 0, Workers: 4
[17.109s][debug][gc,phases      ] GC(10)   StringTable Weak               Min:  0.2, Avg:  0.2, Max:  0.2, Diff:  0.0, Sum:  1.0, Workers: 4
[17.109s][debug][gc,phases      ] GC(10)     Dead                           Min: 1, Avg:  2.0, Max: 4, Diff: 3, Sum: 8, Workers: 4
[17.109s][debug][gc,phases      ] GC(10)     Total                          Min: 9792, Avg: 10471.2, Max: 11136, Diff: 1344, Sum: 41885, Workers: 4
[17.109s][debug][gc,phases      ] GC(10)   ResolvedMethodTable Weak       Min:  0.1, Avg:  0.1, Max:  0.1, Diff:  0.0, Sum:  0.3, Workers: 4
[17.109s][debug][gc,phases      ] GC(10)     Dead                           Min: 57, Avg: 75.2, Max: 101, Diff: 44, Sum: 301, Workers: 4
[17.109s][debug][gc,phases      ] GC(10)     Total                          Min: 2452, Avg: 2579.5, Max: 2767, Diff: 315, Sum: 10318, Workers: 4
[17.109s][debug][gc,phases      ] GC(10)   JNI Weak                       Min:  0.0, Avg:  0.0, Max:  0.0, Diff:  0.0, Sum:  0.0, Workers: 4
[17.109s][debug][gc,phases      ] GC(10)     Dead                           Min: 0, Avg:  0.0, Max: 0, Diff: 0, Sum: 0, Workers: 4
[17.109s][debug][gc,phases      ] GC(10)     Total                          Min: 0, Avg: 15.2, Max: 48, Diff: 48, Sum: 61, Workers: 4
[17.109s][debug][gc,phases      ] GC(10)   StringDedup Table Weak         Min:  0.0, Avg:  0.0, Max:  0.0, Diff:  0.0, Sum:  0.0, Workers: 4
[17.109s][debug][gc,phases      ] GC(10)     Dead                           Min: 0, Avg:  0.0, Max: 0, Diff: 0, Sum: 0, Workers: 4
[17.109s][debug][gc,phases      ] GC(10)     Total                          Min: 0, Avg:  0.0, Max: 0, Diff: 0, Sum: 0, Workers: 4
[17.109s][debug][gc,phases      ] GC(10)   StringDedup Requests0 Weak     Min:  0.0, Avg:  0.0, Max:  0.0, Diff:  0.0, Sum:  0.0, Workers: 4
[17.109s][debug][gc,phases      ] GC(10)     Dead                           Min: 0, Avg:  0.0, Max: 0, Diff: 0, Sum: 0, Workers: 4
[17.109s][debug][gc,phases      ] GC(10)     Total                          Min: 0, Avg:  0.0, Max: 0, Diff: 0, Sum: 0, Workers: 4
[17.109s][debug][gc,phases      ] GC(10)   StringDedup Requests1 Weak     Min:  0.0, Avg:  0.0, Max:  0.0, Diff:  0.0, Sum:  0.0, Workers: 4
[17.109s][debug][gc,phases      ] GC(10)     Dead                           Min: 0, Avg:  0.0, Max: 0, Diff: 0, Sum: 0, Workers: 4
[17.109s][debug][gc,phases      ] GC(10)     Total                          Min: 0, Avg:  0.0, Max: 0, Diff: 0, Sum: 0, Workers: 4
[17.109s][debug][gc,phases      ] GC(10)   Weak JFR Old Object Samples    Min:  0.0, Avg:  0.0, Max:  0.0, Diff:  0.0, Sum:  0.0, Workers: 4
[17.109s][debug][gc,phases      ] GC(10)     Dead                           Min: 0, Avg:  0.0, Max: 0, Diff: 0, Sum: 0, Workers: 4
[17.109s][debug][gc,phases      ] GC(10)     Total                          Min: 0, Avg:  0.0, Max: 0, Diff: 0, Sum: 0, Workers: 4
[17.109s][debug][gc,phases      ] GC(10) Weak Processing 0.485ms
[17.109s][debug][gc,age         ] GC(10) Desired survivor size 536870912 bytes, new threshold 5 (max threshold 15)
[17.109s][info ][gc,heap        ] GC(10) PSYoungGen: 1566789K(1572864K)->224095K(1572864K) Eden: 1048576K(1048576K)->0K(1048576K) From: 518213K(524288K)->224095K(524288K)
[17.109s][info ][gc,heap        ] GC(10) ParOldGen: 84760K(160256K)->84768K(160256K)
[17.109s][info ][gc,metaspace   ] GC(10) Metaspace: 79270K(80320K)->79270K(80320K) NonClass: 67638K(68224K)->67638K(68224K) Class: 11631K(12096K)->11631K(12096K)
[17.109s][info ][gc             ] GC(10) Pause Young (Allocation Failure) 1612M->301M(1692M) 78.677ms
[17.109s][info ][gc,cpu         ] GC(10) User=0.30s Sys=0.00s Real=0.08s
[17.109s][info ][safepoint      ] Safepoint "ParallelGCFailedAllocation", Time since last: 19316638 ns, Reaching safepoint: 74800 ns, Cleanup: 37400 ns, At safepoint: 78741561 ns, Total: 78853761 ns
[17.287s][info ][safepoint      ] Safepoint "ICBufferFull", Time since last: 177482564 ns, Reaching safepoint: 26400 ns, Cleanup: 120801 ns, At safepoint: 9700 ns, Total: 156901 ns
[17.373s][info ][safepoint      ] Safepoint "ICBufferFull", Time since last: 86095713 ns, Reaching safepoint: 5700 ns, Cleanup: 238502 ns, At safepoint: 7900 ns, Total: 252102 ns
[17.532s][info ][safepoint      ] Safepoint "ICBufferFull", Time since last: 158728330 ns, Reaching safepoint: 102501 ns, Cleanup: 157001 ns, At safepoint: 9100 ns, Total: 268602 ns
[17.836s][info ][safepoint      ] Safepoint "ICBufferFull", Time since last: 303097558 ns, Reaching safepoint: 82701 ns, Cleanup: 143901 ns, At safepoint: 35400 ns, Total: 262002 ns
[18.307s][info ][safepoint      ] Safepoint "ICBufferFull", Time since last: 470855053 ns, Reaching safepoint: 6600 ns, Cleanup: 162601 ns, At safepoint: 2600 ns, Total: 171801 ns
[18.616s][info ][safepoint      ] Safepoint "ICBufferFull", Time since last: 309113501 ns, Reaching safepoint: 4700 ns, Cleanup: 150701 ns, At safepoint: 8500 ns, Total: 163901 ns
[19.605s][info ][safepoint      ] Safepoint "ICBufferFull", Time since last: 988803141 ns, Reaching safepoint: 6900 ns, Cleanup: 158801 ns, At safepoint: 7400 ns, Total: 173101 ns
[20.312s][info ][safepoint      ] Safepoint "ICBufferFull", Time since last: 707080534 ns, Reaching safepoint: 5501 ns, Cleanup: 155901 ns, At safepoint: 4800 ns, Total: 166202 ns
[20.801s][info ][safepoint      ] Safepoint "ICBufferFull", Time since last: 488818880 ns, Reaching safepoint: 18800 ns, Cleanup: 162102 ns, At safepoint: 5800 ns, Total: 186702 ns
[21.255s][info ][safepoint      ] Safepoint "ICBufferFull", Time since last: 453313429 ns, Reaching safepoint: 6000 ns, Cleanup: 178202 ns, At safepoint: 4800 ns, Total: 189002 ns
[21.455s][info ][safepoint      ] Safepoint "ICBufferFull", Time since last: 199581423 ns, Reaching safepoint: 80800 ns, Cleanup: 127601 ns, At safepoint: 9700 ns, Total: 218101 ns
[21.546s][info ][safepoint      ] Safepoint "ICBufferFull", Time since last: 91081550 ns, Reaching safepoint: 76400 ns, Cleanup: 127301 ns, At safepoint: 10300 ns, Total: 214001 ns
[21.612s][info ][safepoint      ] Safepoint "ICBufferFull", Time since last: 65728669 ns, Reaching safepoint: 6600 ns, Cleanup: 169901 ns, At safepoint: 7400 ns, Total: 183901 ns
[21.687s][info ][safepoint      ] Safepoint "ICBufferFull", Time since last: 74669032 ns, Reaching safepoint: 79401 ns, Cleanup: 136001 ns, At safepoint: 7000 ns, Total: 222402 ns
[21.933s][info ][safepoint      ] Safepoint "ICBufferFull", Time since last: 245685052 ns, Reaching safepoint: 81900 ns, Cleanup: 180702 ns, At safepoint: 15000 ns, Total: 277602 ns
[22.444s][info ][safepoint      ] Safepoint "ICBufferFull", Time since last: 511608247 ns, Reaching safepoint: 6300 ns, Cleanup: 161301 ns, At safepoint: 10801 ns, Total: 178402 ns
[22.649s][info ][safepoint      ] Safepoint "ICBufferFull", Time since last: 204196555 ns, Reaching safepoint: 79501 ns, Cleanup: 164101 ns, At safepoint: 12500 ns, Total: 256102 ns
[23.057s][info ][gc,start       ] GC(11) Pause Young (Allocation Failure)
[23.164s][debug][gc,phases      ] GC(11) Scavenge 106.753ms
[23.164s][debug][gc,ref         ] GC(11) ReferenceProcessor::execute queues: 4, RefProcThreadModel::Multi, marks_oops_alive: false
[23.164s][debug][gc,ref         ] GC(11) Skipped KeepAliveFinalRefsPhase of Reference Processing: no references
[23.164s][debug][gc,ref         ] GC(11) ReferenceProcessor::execute queues: 1, RefProcThreadModel::Single, marks_oops_alive: false
[23.164s][debug][gc,phases      ] GC(11) Reference Processing 0.509ms
[23.165s][debug][gc,phases      ] GC(11)   VM Weak                        Min:  0.0, Avg:  0.0, Max:  0.0, Diff:  0.0, Sum:  0.0, Workers: 4
[23.165s][debug][gc,phases      ] GC(11)     Dead                           Min: 0, Avg:  0.0, Max: 0, Diff: 0, Sum: 0, Workers: 4
[23.165s][debug][gc,phases      ] GC(11)     Total                          Min: 0, Avg: 213.0, Max: 512, Diff: 512, Sum: 852, Workers: 4
[23.165s][debug][gc,phases      ] GC(11)   ObjectSynchronizer Weak        Min:  0.0, Avg:  0.0, Max:  0.0, Diff:  0.0, Sum:  0.0, Workers: 4
[23.165s][debug][gc,phases      ] GC(11)     Dead                           Min: 0, Avg:  0.2, Max: 1, Diff: 1, Sum: 1, Workers: 4
[23.165s][debug][gc,phases      ] GC(11)     Total                          Min: 0, Avg:  7.8, Max: 31, Diff: 31, Sum: 31, Workers: 4
[23.165s][debug][gc,phases      ] GC(11)   JVMTI Tag Weak OopStorage      Min:  0.0, Avg:  0.0, Max:  0.0, Diff:  0.0, Sum:  0.0, Workers: 4
[23.165s][debug][gc,phases      ] GC(11)     Dead                           Min: 0, Avg:  0.0, Max: 0, Diff: 0, Sum: 0, Workers: 4
[23.165s][debug][gc,phases      ] GC(11)     Total                          Min: 0, Avg:  0.0, Max: 0, Diff: 0, Sum: 0, Workers: 4
[23.165s][debug][gc,phases      ] GC(11)   StringTable Weak               Min:  0.3, Avg:  0.3, Max:  0.3, Diff:  0.0, Sum:  1.1, Workers: 4
[23.165s][debug][gc,phases      ] GC(11)     Dead                           Min: 0, Avg:  2.5, Max: 5, Diff: 5, Sum: 10, Workers: 4
[23.165s][debug][gc,phases      ] GC(11)     Total                          Min: 9984, Avg: 10939.2, Max: 11904, Diff: 1920, Sum: 43757, Workers: 4
[23.165s][debug][gc,phases      ] GC(11)   ResolvedMethodTable Weak       Min:  0.1, Avg:  0.1, Max:  0.1, Diff:  0.0, Sum:  0.3, Workers: 4
[23.165s][debug][gc,phases      ] GC(11)     Dead                           Min: 91, Avg: 145.8, Max: 195, Diff: 104, Sum: 583, Workers: 4
[23.165s][debug][gc,phases      ] GC(11)     Total                          Min: 2752, Avg: 2888.8, Max: 3072, Diff: 320, Sum: 11555, Workers: 4
[23.165s][debug][gc,phases      ] GC(11)   JNI Weak                       Min:  0.0, Avg:  0.0, Max:  0.0, Diff:  0.0, Sum:  0.0, Workers: 4
[23.165s][debug][gc,phases      ] GC(11)     Dead                           Min: 0, Avg:  0.0, Max: 0, Diff: 0, Sum: 0, Workers: 4
[23.165s][debug][gc,phases      ] GC(11)     Total                          Min: 0, Avg: 13.5, Max: 48, Diff: 48, Sum: 54, Workers: 4
[23.165s][debug][gc,phases      ] GC(11)   StringDedup Table Weak         Min:  0.0, Avg:  0.0, Max:  0.0, Diff:  0.0, Sum:  0.0, Workers: 4
[23.165s][debug][gc,phases      ] GC(11)     Dead                           Min: 0, Avg:  0.0, Max: 0, Diff: 0, Sum: 0, Workers: 4
[23.165s][debug][gc,phases      ] GC(11)     Total                          Min: 0, Avg:  0.0, Max: 0, Diff: 0, Sum: 0, Workers: 4
[23.165s][debug][gc,phases      ] GC(11)   StringDedup Requests0 Weak     Min:  0.0, Avg:  0.0, Max:  0.0, Diff:  0.0, Sum:  0.0, Workers: 4
[23.165s][debug][gc,phases      ] GC(11)     Dead                           Min: 0, Avg:  0.0, Max: 0, Diff: 0, Sum: 0, Workers: 4
[23.165s][debug][gc,phases      ] GC(11)     Total                          Min: 0, Avg:  0.0, Max: 0, Diff: 0, Sum: 0, Workers: 4
[23.165s][debug][gc,phases      ] GC(11)   StringDedup Requests1 Weak     Min:  0.0, Avg:  0.0, Max:  0.0, Diff:  0.0, Sum:  0.0, Workers: 4
[23.165s][debug][gc,phases      ] GC(11)     Dead                           Min: 0, Avg:  0.0, Max: 0, Diff: 0, Sum: 0, Workers: 4
[23.165s][debug][gc,phases      ] GC(11)     Total                          Min: 0, Avg:  0.0, Max: 0, Diff: 0, Sum: 0, Workers: 4
[23.165s][debug][gc,phases      ] GC(11)   Weak JFR Old Object Samples    Min:  0.0, Avg:  0.0, Max:  0.0, Diff:  0.0, Sum:  0.0, Workers: 4
[23.165s][debug][gc,phases      ] GC(11)     Dead                           Min: 0, Avg:  0.0, Max: 0, Diff: 0, Sum: 0, Workers: 4
[23.165s][debug][gc,phases      ] GC(11)     Total                          Min: 0, Avg:  0.0, Max: 0, Diff: 0, Sum: 0, Workers: 4
[23.165s][debug][gc,phases      ] GC(11) Weak Processing 0.534ms
[23.165s][debug][gc,age         ] GC(11) Desired survivor size 500170752 bytes, new threshold 6 (max threshold 15)
[23.165s][info ][gc,heap        ] GC(11) PSYoungGen: 1272671K(1572864K)->223751K(1572864K) Eden: 1048576K(1048576K)->0K(1048576K) From: 224095K(524288K)->223751K(524288K)
[23.165s][info ][gc,heap        ] GC(11) ParOldGen: 84768K(160256K)->156976K(160256K)
[23.165s][info ][gc,metaspace   ] GC(11) Metaspace: 84940K(86080K)->84940K(86080K) NonClass: 72531K(73152K)->72531K(73152K) Class: 12409K(12928K)->12409K(12928K)
[23.165s][info ][gc             ] GC(11) Pause Young (Allocation Failure) 1325M->371M(1692M) 107.911ms
[23.165s][info ][gc,cpu         ] GC(11) User=0.42s Sys=0.00s Real=0.11s
[23.165s][debug][gc,phases      ] GC(12) Pre Compact 0.009ms
[23.165s][info ][gc,start       ] GC(12) Pause Full (Ergonomics)
[23.165s][info ][gc,phases,start] GC(12) Marking Phase
[23.266s][debug][gc,phases      ] GC(12) Par Mark 100.529ms
[23.266s][debug][gc,ref         ] GC(12) ReferenceProcessor::execute queues: 4, RefProcThreadModel::Multi, marks_oops_alive: false
[23.266s][debug][gc,ref         ] GC(12) Skipped KeepAliveFinalRefsPhase of Reference Processing: no references
[23.266s][debug][gc,ref         ] GC(12) ReferenceProcessor::execute queues: 1, RefProcThreadModel::Single, marks_oops_alive: false
[23.266s][debug][gc,phases      ] GC(12) Reference Processing 0.472ms
[23.266s][debug][gc,phases      ] GC(12)   VM Weak                        Min:  0.0, Avg:  0.0, Max:  0.0, Diff:  0.0, Sum:  0.0, Workers: 4
[23.266s][debug][gc,phases      ] GC(12)     Dead                           Min: 0, Avg:  0.0, Max: 0, Diff: 0, Sum: 0, Workers: 4
[23.266s][debug][gc,phases      ] GC(12)     Total                          Min: 148, Avg: 213.0, Max: 256, Diff: 108, Sum: 852, Workers: 4
[23.266s][debug][gc,phases      ] GC(12)   ObjectSynchronizer Weak        Min:  0.0, Avg:  0.0, Max:  0.0, Diff:  0.0, Sum:  0.0, Workers: 4
[23.266s][debug][gc,phases      ] GC(12)     Dead                           Min: 0, Avg:  0.0, Max: 0, Diff: 0, Sum: 0, Workers: 4
[23.266s][debug][gc,phases      ] GC(12)     Total                          Min: 0, Avg:  7.8, Max: 31, Diff: 31, Sum: 31, Workers: 4
[23.266s][debug][gc,phases      ] GC(12)   JVMTI Tag Weak OopStorage      Min:  0.0, Avg:  0.0, Max:  0.0, Diff:  0.0, Sum:  0.0, Workers: 4
[23.266s][debug][gc,phases      ] GC(12)     Dead                           Min: 0, Avg:  0.0, Max: 0, Diff: 0, Sum: 0, Workers: 4
[23.266s][debug][gc,phases      ] GC(12)     Total                          Min: 0, Avg:  0.0, Max: 0, Diff: 0, Sum: 0, Workers: 4
[23.266s][debug][gc,phases      ] GC(12)   StringTable Weak               Min:  0.2, Avg:  0.2, Max:  0.2, Diff:  0.0, Sum:  0.7, Workers: 4
[23.266s][debug][gc,phases      ] GC(12)     Dead                           Min: 0, Avg:  0.0, Max: 0, Diff: 0, Sum: 0, Workers: 4
[23.266s][debug][gc,phases      ] GC(12)     Total                          Min: 9408, Avg: 10939.2, Max: 11776, Diff: 2368, Sum: 43757, Workers: 4
[23.266s][debug][gc,phases      ] GC(12)   ResolvedMethodTable Weak       Min:  0.0, Avg:  0.0, Max:  0.0, Diff:  0.0, Sum:  0.1, Workers: 4
[23.266s][debug][gc,phases      ] GC(12)     Dead                           Min: 0, Avg:  0.0, Max: 0, Diff: 0, Sum: 0, Workers: 4
[23.266s][debug][gc,phases      ] GC(12)     Total                          Min: 2815, Avg: 2888.8, Max: 2980, Diff: 165, Sum: 11555, Workers: 4
[23.266s][debug][gc,phases      ] GC(12)   JNI Weak                       Min:  0.0, Avg:  0.0, Max:  0.0, Diff:  0.0, Sum:  0.0, Workers: 4
[23.266s][debug][gc,phases      ] GC(12)     Dead                           Min: 0, Avg:  0.0, Max: 0, Diff: 0, Sum: 0, Workers: 4
[23.266s][debug][gc,phases      ] GC(12)     Total                          Min: 0, Avg: 13.5, Max: 48, Diff: 48, Sum: 54, Workers: 4
[23.266s][debug][gc,phases      ] GC(12)   StringDedup Table Weak         Min:  0.0, Avg:  0.0, Max:  0.0, Diff:  0.0, Sum:  0.0, Workers: 4
[23.266s][debug][gc,phases      ] GC(12)     Dead                           Min: 0, Avg:  0.0, Max: 0, Diff: 0, Sum: 0, Workers: 4
[23.266s][debug][gc,phases      ] GC(12)     Total                          Min: 0, Avg:  0.0, Max: 0, Diff: 0, Sum: 0, Workers: 4
[23.266s][debug][gc,phases      ] GC(12)   StringDedup Requests0 Weak     Min:  0.0, Avg:  0.0, Max:  0.0, Diff:  0.0, Sum:  0.0, Workers: 4
[23.266s][debug][gc,phases      ] GC(12)     Dead                           Min: 0, Avg:  0.0, Max: 0, Diff: 0, Sum: 0, Workers: 4
[23.266s][debug][gc,phases      ] GC(12)     Total                          Min: 0, Avg:  0.0, Max: 0, Diff: 0, Sum: 0, Workers: 4
[23.266s][debug][gc,phases      ] GC(12)   StringDedup Requests1 Weak     Min:  0.0, Avg:  0.0, Max:  0.0, Diff:  0.0, Sum:  0.0, Workers: 4
[23.266s][debug][gc,phases      ] GC(12)     Dead                           Min: 0, Avg:  0.0, Max: 0, Diff: 0, Sum: 0, Workers: 4
[23.266s][debug][gc,phases      ] GC(12)     Total                          Min: 0, Avg:  0.0, Max: 0, Diff: 0, Sum: 0, Workers: 4
[23.266s][debug][gc,phases      ] GC(12)   Weak JFR Old Object Samples    Min:  0.0, Avg:  0.0, Max:  0.0, Diff:  0.0, Sum:  0.0, Workers: 4
[23.266s][debug][gc,phases      ] GC(12)     Dead                           Min: 0, Avg:  0.0, Max: 0, Diff: 0, Sum: 0, Workers: 4
[23.266s][debug][gc,phases      ] GC(12)     Total                          Min: 0, Avg:  0.0, Max: 0, Diff: 0, Sum: 0, Workers: 4
[23.266s][debug][gc,phases      ] GC(12) Weak Processing 0.348ms
[23.267s][debug][gc,phases      ] GC(12) ClassLoaderData 0.107ms
[23.267s][debug][gc,phases      ] GC(12) Trigger cleanups 0.000ms
[23.290s][debug][gc,phases      ] GC(12) Class Unloading 23.066ms
[23.290s][debug][gc,phases      ] GC(12) Report Object Count 0.001ms
[23.290s][info ][gc,phases      ] GC(12) Marking Phase 124.505ms
[23.290s][info ][gc,phases,start] GC(12) Summary Phase
[23.290s][info ][gc,phases      ] GC(12) Summary Phase 0.016ms
[23.290s][info ][gc,phases,start] GC(12) Adjust Roots
[23.309s][info ][gc,phases      ] GC(12) Adjust Roots 19.447ms
[23.309s][info ][gc,phases,start] GC(12) Compaction Phase
[23.641s][info ][gc,phases      ] GC(12) Compaction Phase 331.523ms
[23.641s][info ][gc,phases,start] GC(12) Post Compact
[23.643s][info ][gc,phases      ] GC(12) Post Compact 2.344ms
[23.643s][info ][gc,heap        ] GC(12) PSYoungGen: 223751K(1572864K)->191651K(1572864K) Eden: 0K(1048576K)->0K(1048576K) From: 223751K(524288K)->191651K(524288K)
[23.643s][info ][gc,heap        ] GC(12) ParOldGen: 156976K(160256K)->160052K(269312K)
[23.643s][info ][gc,metaspace   ] GC(12) Metaspace: 84940K(86080K)->84940K(86080K) NonClass: 72531K(73152K)->72531K(73152K) Class: 12409K(12928K)->12409K(12928K)
[23.643s][info ][gc             ] GC(12) Pause Full (Ergonomics) 371M->343M(1799M) 478.079ms
[23.643s][info ][gc,cpu         ] GC(12) User=1.73s Sys=0.01s Real=0.48s
[23.643s][info ][safepoint      ] Safepoint "ParallelGCFailedAllocation", Time since last: 408108910 ns, Reaching safepoint: 5600 ns, Cleanup: 122001 ns, At safepoint: 586110379 ns, Total: 586237980 ns
[24.021s][info ][safepoint      ] Safepoint "ICBufferFull", Time since last: 377467891 ns, Reaching safepoint: 79000 ns, Cleanup: 165702 ns, At safepoint: 9900 ns, Total: 254602 ns
[24.271s][info ][safepoint      ] Safepoint "ICBufferFull", Time since last: 249430678 ns, Reaching safepoint: 6600 ns, Cleanup: 137401 ns, At safepoint: 8200 ns, Total: 152201 ns
[25.271s][info ][safepoint      ] Safepoint "Cleanup", Time since last: 1000101531 ns, Reaching safepoint: 5600 ns, Cleanup: 126900 ns, At safepoint: 6901 ns, Total: 139401 ns
[25.906s][info ][safepoint      ] Safepoint "ICBufferFull", Time since last: 634750925 ns, Reaching safepoint: 6600 ns, Cleanup: 156401 ns, At safepoint: 1700 ns, Total: 164701 ns
[26.771s][info ][safepoint      ] Safepoint "ICBufferFull", Time since last: 864843166 ns, Reaching safepoint: 4600 ns, Cleanup: 121801 ns, At safepoint: 5300 ns, Total: 131701 ns
[27.771s][info ][safepoint      ] Safepoint "Cleanup", Time since last: 1000079830 ns, Reaching safepoint: 6201 ns, Cleanup: 99400 ns, At safepoint: 1700 ns, Total: 107301 ns
[28.771s][info ][safepoint      ] Safepoint "Cleanup", Time since last: 1000097931 ns, Reaching safepoint: 4600 ns, Cleanup: 69000 ns, At safepoint: 1400 ns, Total: 75000 ns
[29.771s][info ][safepoint      ] Safepoint "Cleanup", Time since last: 1000092732 ns, Reaching safepoint: 5100 ns, Cleanup: 94601 ns, At safepoint: 5800 ns, Total: 105501 ns
[30.771s][info ][safepoint      ] Safepoint "Cleanup", Time since last: 1000103833 ns, Reaching safepoint: 6000 ns, Cleanup: 48900 ns, At safepoint: 5300 ns, Total: 60200 ns
[31.772s][info ][safepoint      ] Safepoint "Cleanup", Time since last: 1000094733 ns, Reaching safepoint: 5800 ns, Cleanup: 53701 ns, At safepoint: 1500 ns, Total: 61001 ns
[32.772s][info ][safepoint      ] Safepoint "Cleanup", Time since last: 1000076032 ns, Reaching safepoint: 7500 ns, Cleanup: 120101 ns, At safepoint: 1700 ns, Total: 129301 ns
[33.772s][info ][safepoint      ] Safepoint "Cleanup", Time since last: 1000089233 ns, Reaching safepoint: 5600 ns, Cleanup: 83901 ns, At safepoint: 6000 ns, Total: 95501 ns
[34.772s][info ][safepoint      ] Safepoint "Cleanup", Time since last: 1000094133 ns, Reaching safepoint: 5100 ns, Cleanup: 57700 ns, At safepoint: 1500 ns, Total: 64300 ns
[35.772s][info ][safepoint      ] Safepoint "Cleanup", Time since last: 1000051933 ns, Reaching safepoint: 5300 ns, Cleanup: 112300 ns, At safepoint: 2200 ns, Total: 119800 ns
[36.772s][info ][safepoint      ] Safepoint "Cleanup", Time since last: 1000106033 ns, Reaching safepoint: 5200 ns, Cleanup: 35001 ns, At safepoint: 3400 ns, Total: 43601 ns
[37.773s][info ][safepoint      ] Safepoint "Cleanup", Time since last: 1000089330 ns, Reaching safepoint: 25200 ns, Cleanup: 60600 ns, At safepoint: 1400 ns, Total: 87200 ns
[38.773s][info ][safepoint      ] Safepoint "Cleanup", Time since last: 1000099830 ns, Reaching safepoint: 5700 ns, Cleanup: 52400 ns, At safepoint: 4900 ns, Total: 63000 ns
[39.773s][info ][safepoint      ] Safepoint "Cleanup", Time since last: 1000095530 ns, Reaching safepoint: 5300 ns, Cleanup: 69000 ns, At safepoint: 1500 ns, Total: 75800 ns
[40.773s][info ][safepoint      ] Safepoint "Cleanup", Time since last: 1000075829 ns, Reaching safepoint: 7500 ns, Cleanup: 45301 ns, At safepoint: 4800 ns, Total: 57601 ns
[41.773s][info ][safepoint      ] Safepoint "Cleanup", Time since last: 1000091429 ns, Reaching safepoint: 4800 ns, Cleanup: 74100 ns, At safepoint: 5400 ns, Total: 84300 ns
[42.773s][info ][safepoint      ] Safepoint "Cleanup", Time since last: 1000070330 ns, Reaching safepoint: 6100 ns, Cleanup: 79600 ns, At safepoint: 1700 ns, Total: 87400 ns
[42.956s][info ][gc,start       ] GC(13) Pause Young (Allocation Failure)
[43.016s][debug][gc,phases      ] GC(13) Scavenge 59.992ms
[43.016s][debug][gc,ref         ] GC(13) ReferenceProcessor::execute queues: 1, RefProcThreadModel::Single, marks_oops_alive: false
[43.016s][debug][gc,ref         ] GC(13) Skipped KeepAliveFinalRefsPhase of Reference Processing: no references
[43.016s][debug][gc,ref         ] GC(13) ReferenceProcessor::execute queues: 1, RefProcThreadModel::Single, marks_oops_alive: false
[43.016s][debug][gc,phases      ] GC(13) Reference Processing 0.175ms
[43.016s][debug][gc,phases      ] GC(13)   VM Weak                        Min:  0.0, Avg:  0.0, Max:  0.0, Diff:  0.0, Sum:  0.0, Workers: 4
[43.016s][debug][gc,phases      ] GC(13)     Dead                           Min: 0, Avg:  0.0, Max: 0, Diff: 0, Sum: 0, Workers: 4
[43.016s][debug][gc,phases      ] GC(13)     Total                          Min: 0, Avg: 214.5, Max: 640, Diff: 640, Sum: 858, Workers: 4
[43.016s][debug][gc,phases      ] GC(13)   ObjectSynchronizer Weak        Min:  0.0, Avg:  0.0, Max:  0.0, Diff:  0.0, Sum:  0.0, Workers: 4
[43.016s][debug][gc,phases      ] GC(13)     Dead                           Min: 0, Avg:  0.0, Max: 0, Diff: 0, Sum: 0, Workers: 4
[43.016s][debug][gc,phases      ] GC(13)     Total                          Min: 0, Avg:  7.8, Max: 31, Diff: 31, Sum: 31, Workers: 4
[43.016s][debug][gc,phases      ] GC(13)   JVMTI Tag Weak OopStorage      Min:  0.0, Avg:  0.0, Max:  0.0, Diff:  0.0, Sum:  0.0, Workers: 4
[43.016s][debug][gc,phases      ] GC(13)     Dead                           Min: 0, Avg:  0.0, Max: 0, Diff: 0, Sum: 0, Workers: 4
[43.016s][debug][gc,phases      ] GC(13)     Total                          Min: 0, Avg:  0.0, Max: 0, Diff: 0, Sum: 0, Workers: 4
[43.016s][debug][gc,phases      ] GC(13)   StringTable Weak               Min:  0.0, Avg:  0.2, Max:  0.2, Diff:  0.2, Sum:  0.7, Workers: 4
[43.016s][debug][gc,phases      ] GC(13)     Dead                           Min: 0, Avg:  1.5, Max: 3, Diff: 3, Sum: 6, Workers: 4
[43.016s][debug][gc,phases      ] GC(13)     Total                          Min: 0, Avg: 11081.5, Max: 19750, Diff: 19750, Sum: 44326, Workers: 4
[43.016s][debug][gc,phases      ] GC(13)   ResolvedMethodTable Weak       Min:  0.0, Avg:  0.1, Max:  0.1, Diff:  0.1, Sum:  0.2, Workers: 4
[43.016s][debug][gc,phases      ] GC(13)     Dead                           Min: 0, Avg: 13.5, Max: 22, Diff: 22, Sum: 54, Workers: 4
[43.016s][debug][gc,phases      ] GC(13)     Total                          Min: 0, Avg: 2929.8, Max: 5064, Diff: 5064, Sum: 11719, Workers: 4
[43.016s][debug][gc,phases      ] GC(13)   JNI Weak                       Min:  0.0, Avg:  0.0, Max:  0.0, Diff:  0.0, Sum:  0.0, Workers: 4
[43.016s][debug][gc,phases      ] GC(13)     Dead                           Min: 0, Avg:  0.0, Max: 0, Diff: 0, Sum: 0, Workers: 4
[43.016s][debug][gc,phases      ] GC(13)     Total                          Min: 0, Avg: 12.0, Max: 48, Diff: 48, Sum: 48, Workers: 4
[43.016s][debug][gc,phases      ] GC(13)   StringDedup Table Weak         Min:  0.0, Avg:  0.0, Max:  0.0, Diff:  0.0, Sum:  0.0, Workers: 4
[43.016s][debug][gc,phases      ] GC(13)     Dead                           Min: 0, Avg:  0.0, Max: 0, Diff: 0, Sum: 0, Workers: 4
[43.016s][debug][gc,phases      ] GC(13)     Total                          Min: 0, Avg:  0.0, Max: 0, Diff: 0, Sum: 0, Workers: 4
[43.016s][debug][gc,phases      ] GC(13)   StringDedup Requests0 Weak     Min:  0.0, Avg:  0.0, Max:  0.0, Diff:  0.0, Sum:  0.0, Workers: 4
[43.016s][debug][gc,phases      ] GC(13)     Dead                           Min: 0, Avg:  0.0, Max: 0, Diff: 0, Sum: 0, Workers: 4
[43.016s][debug][gc,phases      ] GC(13)     Total                          Min: 0, Avg:  0.0, Max: 0, Diff: 0, Sum: 0, Workers: 4
[43.016s][debug][gc,phases      ] GC(13)   StringDedup Requests1 Weak     Min:  0.0, Avg:  0.0, Max:  0.0, Diff:  0.0, Sum:  0.0, Workers: 4
[43.016s][debug][gc,phases      ] GC(13)     Dead                           Min: 0, Avg:  0.0, Max: 0, Diff: 0, Sum: 0, Workers: 4
[43.016s][debug][gc,phases      ] GC(13)     Total                          Min: 0, Avg:  0.0, Max: 0, Diff: 0, Sum: 0, Workers: 4
[43.016s][debug][gc,phases      ] GC(13)   Weak JFR Old Object Samples    Min:  0.0, Avg:  0.0, Max:  0.0, Diff:  0.0, Sum:  0.0, Workers: 4
[43.016s][debug][gc,phases      ] GC(13)     Dead                           Min: 0, Avg:  0.0, Max: 0, Diff: 0, Sum: 0, Workers: 4
[43.016s][debug][gc,phases      ] GC(13)     Total                          Min: 0, Avg:  0.0, Max: 0, Diff: 0, Sum: 0, Workers: 4
[43.016s][debug][gc,phases      ] GC(13) Weak Processing 0.488ms
[43.016s][debug][gc,age         ] GC(13) Desired survivor size 478150656 bytes, new threshold 7 (max threshold 15)
[43.016s][info ][gc,heap        ] GC(13) PSYoungGen: 1240227K(1572864K)->173784K(1630208K) Eden: 1048576K(1048576K)->0K(1141760K) From: 191651K(524288K)->173784K(488448K)
[43.016s][info ][gc,heap        ] GC(13) ParOldGen: 160052K(269312K)->160052K(269312K)
[43.016s][info ][gc,metaspace   ] GC(13) Metaspace: 86190K(87360K)->86190K(87360K) NonClass: 73693K(74368K)->73693K(74368K) Class: 12497K(12992K)->12497K(12992K)
[43.016s][info ][gc             ] GC(13) Pause Young (Allocation Failure) 1367M->326M(1855M) 60.764ms
[43.016s][info ][gc,cpu         ] GC(13) User=0.24s Sys=0.00s Real=0.06s
[43.016s][info ][safepoint      ] Safepoint "ParallelGCFailedAllocation", Time since last: 182163999 ns, Reaching safepoint: 5100 ns, Cleanup: 2700 ns, At safepoint: 60834134 ns, Total: 60841934 ns
[44.017s][info ][safepoint      ] Safepoint "Cleanup", Time since last: 1000076629 ns, Reaching safepoint: 5100 ns, Cleanup: 137701 ns, At safepoint: 4600 ns, Total: 147401 ns
[45.017s][info ][safepoint      ] Safepoint "Cleanup", Time since last: 1000091029 ns, Reaching safepoint: 5100 ns, Cleanup: 72901 ns, At safepoint: 4700 ns, Total: 82701 ns
[46.563s][info ][safepoint      ] Safepoint "Cleanup", Time since last: 1546135044 ns, Reaching safepoint: 76101 ns, Cleanup: 116400 ns, At safepoint: 8000 ns, Total: 200501 ns
[47.563s][info ][safepoint      ] Safepoint "Cleanup", Time since last: 1000093878 ns, Reaching safepoint: 5401 ns, Cleanup: 53600 ns, At safepoint: 4900 ns, Total: 63901 ns
[48.563s][info ][safepoint      ] Safepoint "Cleanup", Time since last: 1000083378 ns, Reaching safepoint: 6000 ns, Cleanup: 26100 ns, At safepoint: 2000 ns, Total: 34100 ns
[49.564s][info ][safepoint      ] Safepoint "Cleanup", Time since last: 1000100478 ns, Reaching safepoint: 6200 ns, Cleanup: 27800 ns, At safepoint: 1600 ns, Total: 35600 ns
[50.564s][info ][safepoint      ] Safepoint "Cleanup", Time since last: 1000090278 ns, Reaching safepoint: 14501 ns, Cleanup: 32500 ns, At safepoint: 3100 ns, Total: 50101 ns
[51.564s][info ][safepoint      ] Safepoint "Cleanup", Time since last: 1000085278 ns, Reaching safepoint: 6000 ns, Cleanup: 27200 ns, At safepoint: 1200 ns, Total: 34400 ns
[52.564s][info ][safepoint      ] Safepoint "Cleanup", Time since last: 1000114778 ns, Reaching safepoint: 5800 ns, Cleanup: 25300 ns, At safepoint: 1500 ns, Total: 32600 ns
[53.564s][info ][safepoint      ] Safepoint "Cleanup", Time since last: 1000090904 ns, Reaching safepoint: 5500 ns, Cleanup: 21401 ns, At safepoint: 1400 ns, Total: 28301 ns
[54.564s][info ][safepoint      ] Safepoint "Cleanup", Time since last: 1000090829 ns, Reaching safepoint: 5700 ns, Cleanup: 20300 ns, At safepoint: 1500 ns, Total: 27500 ns
[55.564s][info ][safepoint      ] Safepoint "Cleanup", Time since last: 1000096829 ns, Reaching safepoint: 7601 ns, Cleanup: 19700 ns, At safepoint: 1500 ns, Total: 28801 ns
[56.564s][info ][safepoint      ] Safepoint "Cleanup", Time since last: 1000100329 ns, Reaching safepoint: 5400 ns, Cleanup: 29900 ns, At safepoint: 1400 ns, Total: 36700 ns
[57.565s][info ][safepoint      ] Safepoint "Cleanup", Time since last: 1000102430 ns, Reaching safepoint: 6200 ns, Cleanup: 19100 ns, At safepoint: 1500 ns, Total: 26800 ns
[58.565s][info ][safepoint      ] Safepoint "Cleanup", Time since last: 1000096129 ns, Reaching safepoint: 5400 ns, Cleanup: 34301 ns, At safepoint: 1500 ns, Total: 41201 ns
[59.565s][info ][safepoint      ] Safepoint "Cleanup", Time since last: 1000096629 ns, Reaching safepoint: 6500 ns, Cleanup: 30900 ns, At safepoint: 1800 ns, Total: 39200 ns
[61.035s][info ][safepoint      ] Safepoint "Cleanup", Time since last: 1469837278 ns, Reaching safepoint: 7900 ns, Cleanup: 59101 ns, At safepoint: 5000 ns, Total: 72001 ns
[62.035s][info ][safepoint      ] Safepoint "Cleanup", Time since last: 1000102618 ns, Reaching safepoint: 6200 ns, Cleanup: 34300 ns, At safepoint: 2000 ns, Total: 42500 ns
[63.035s][info ][safepoint      ] Safepoint "Cleanup", Time since last: 1000086918 ns, Reaching safepoint: 5900 ns, Cleanup: 14700 ns, At safepoint: 1700 ns, Total: 22300 ns
[64.035s][info ][safepoint      ] Safepoint "Cleanup", Time since last: 1000088818 ns, Reaching safepoint: 6000 ns, Cleanup: 26500 ns, At safepoint: 1800 ns, Total: 34300 ns
[65.035s][info ][safepoint      ] Safepoint "Cleanup", Time since last: 1000118518 ns, Reaching safepoint: 5801 ns, Cleanup: 39500 ns, At safepoint: 2300 ns, Total: 47601 ns
[66.035s][info ][safepoint      ] Safepoint "Cleanup", Time since last: 1000102718 ns, Reaching safepoint: 6200 ns, Cleanup: 10600 ns, At safepoint: 6600 ns, Total: 23400 ns
[67.036s][info ][safepoint      ] Safepoint "Cleanup", Time since last: 1000104618 ns, Reaching safepoint: 7600 ns, Cleanup: 14500 ns, At safepoint: 2100 ns, Total: 24200 ns
[68.036s][info ][safepoint      ] Safepoint "Cleanup", Time since last: 1000096318 ns, Reaching safepoint: 5600 ns, Cleanup: 9900 ns, At safepoint: 1600 ns, Total: 17100 ns
[69.036s][info ][safepoint      ] Safepoint "Cleanup", Time since last: 1000094318 ns, Reaching safepoint: 5500 ns, Cleanup: 14600 ns, At safepoint: 1600 ns, Total: 21700 ns
[70.036s][info ][safepoint      ] Safepoint "Cleanup", Time since last: 1000064237 ns, Reaching safepoint: 6500 ns, Cleanup: 51601 ns, At safepoint: 2000 ns, Total: 60101 ns
[71.036s][info ][safepoint      ] Safepoint "Cleanup", Time since last: 1000136638 ns, Reaching safepoint: 24300 ns, Cleanup: 20000 ns, At safepoint: 4200 ns, Total: 48500 ns
[72.036s][info ][safepoint      ] Safepoint "Cleanup", Time since last: 1000096039 ns, Reaching safepoint: 5700 ns, Cleanup: 26900 ns, At safepoint: 2100 ns, Total: 34700 ns
[73.036s][info ][safepoint      ] Safepoint "Cleanup", Time since last: 1000096938 ns, Reaching safepoint: 5600 ns, Cleanup: 40900 ns, At safepoint: 1700 ns, Total: 48200 ns
[74.036s][info ][safepoint      ] Safepoint "Cleanup", Time since last: 1000091339 ns, Reaching safepoint: 5600 ns, Cleanup: 18000 ns, At safepoint: 2100 ns, Total: 25700 ns
[75.037s][info ][safepoint      ] Safepoint "Cleanup", Time since last: 1000124038 ns, Reaching safepoint: 5900 ns, Cleanup: 49501 ns, At safepoint: 2100 ns, Total: 57501 ns
[76.037s][info ][safepoint      ] Safepoint "Cleanup", Time since last: 1000097938 ns, Reaching safepoint: 5900 ns, Cleanup: 30100 ns, At safepoint: 1900 ns, Total: 37900 ns
[77.037s][info ][safepoint      ] Safepoint "Cleanup", Time since last: 1000119438 ns, Reaching safepoint: 5900 ns, Cleanup: 17401 ns, At safepoint: 1600 ns, Total: 24901 ns
[78.037s][info ][safepoint      ] Safepoint "Cleanup", Time since last: 1000095030 ns, Reaching safepoint: 6100 ns, Cleanup: 49900 ns, At safepoint: 2100 ns, Total: 58100 ns
[79.037s][info ][safepoint      ] Safepoint "Cleanup", Time since last: 1000086730 ns, Reaching safepoint: 5400 ns, Cleanup: 12600 ns, At safepoint: 1700 ns, Total: 19700 ns
[80.037s][info ][safepoint      ] Safepoint "Cleanup", Time since last: 1000092230 ns, Reaching safepoint: 5700 ns, Cleanup: 17200 ns, At safepoint: 2100 ns, Total: 25000 ns
[81.037s][info ][safepoint      ] Safepoint "Cleanup", Time since last: 1000095730 ns, Reaching safepoint: 6100 ns, Cleanup: 28100 ns, At safepoint: 1900 ns, Total: 36100 ns
[82.038s][info ][safepoint      ] Safepoint "Cleanup", Time since last: 1000100230 ns, Reaching safepoint: 7500 ns, Cleanup: 33401 ns, At safepoint: 2100 ns, Total: 43001 ns
[82.954s][info ][gc,start       ] GC(14) Pause Young (Allocation Failure)
[82.998s][debug][gc,phases      ] GC(14) Scavenge 44.338ms
[82.999s][debug][gc,ref         ] GC(14) ReferenceProcessor::execute queues: 1, RefProcThreadModel::Single, marks_oops_alive: false
[82.999s][debug][gc,ref         ] GC(14) Skipped KeepAliveFinalRefsPhase of Reference Processing: no references
[82.999s][debug][gc,ref         ] GC(14) ReferenceProcessor::execute queues: 1, RefProcThreadModel::Single, marks_oops_alive: false
[82.999s][debug][gc,phases      ] GC(14) Reference Processing 0.196ms
[82.999s][debug][gc,phases      ] GC(14)   VM Weak                        Min:  0.0, Avg:  0.0, Max:  0.0, Diff:  0.0, Sum:  0.0, Workers: 4
[82.999s][debug][gc,phases      ] GC(14)     Dead                           Min: 0, Avg:  0.0, Max: 0, Diff: 0, Sum: 0, Workers: 4
[82.999s][debug][gc,phases      ] GC(14)     Total                          Min: 0, Avg: 225.0, Max: 512, Diff: 512, Sum: 900, Workers: 4
[82.999s][debug][gc,phases      ] GC(14)   ObjectSynchronizer Weak        Min:  0.0, Avg:  0.0, Max:  0.0, Diff:  0.0, Sum:  0.0, Workers: 4
[82.999s][debug][gc,phases      ] GC(14)     Dead                           Min: 0, Avg:  0.0, Max: 0, Diff: 0, Sum: 0, Workers: 4
[82.999s][debug][gc,phases      ] GC(14)     Total                          Min: 0, Avg:  1.0, Max: 4, Diff: 4, Sum: 4, Workers: 4
[82.999s][debug][gc,phases      ] GC(14)   JVMTI Tag Weak OopStorage      Min:  0.0, Avg:  0.0, Max:  0.0, Diff:  0.0, Sum:  0.0, Workers: 4
[82.999s][debug][gc,phases      ] GC(14)     Dead                           Min: 0, Avg:  0.0, Max: 0, Diff: 0, Sum: 0, Workers: 4
[82.999s][debug][gc,phases      ] GC(14)     Total                          Min: 0, Avg:  0.0, Max: 0, Diff: 0, Sum: 0, Workers: 4
[82.999s][debug][gc,phases      ] GC(14)   StringTable Weak               Min:  0.0, Avg:  0.2, Max:  0.2, Diff:  0.2, Sum:  0.7, Workers: 4
[82.999s][debug][gc,phases      ] GC(14)     Dead                           Min: 0, Avg:  0.8, Max: 2, Diff: 2, Sum: 3, Workers: 4
[82.999s][debug][gc,phases      ] GC(14)     Total                          Min: 0, Avg: 11129.0, Max: 18276, Diff: 18276, Sum: 44516, Workers: 4
[82.999s][debug][gc,phases      ] GC(14)   ResolvedMethodTable Weak       Min:  0.0, Avg:  0.1, Max:  0.1, Diff:  0.1, Sum:  0.2, Workers: 4
[82.999s][debug][gc,phases      ] GC(14)     Dead                           Min: 0, Avg:  8.8, Max: 23, Diff: 23, Sum: 35, Workers: 4
[82.999s][debug][gc,phases      ] GC(14)     Total                          Min: 0, Avg: 2980.0, Max: 5200, Diff: 5200, Sum: 11920, Workers: 4
[82.999s][debug][gc,phases      ] GC(14)   JNI Weak                       Min:  0.0, Avg:  0.0, Max:  0.0, Diff:  0.0, Sum:  0.0, Workers: 4
[82.999s][debug][gc,phases      ] GC(14)     Dead                           Min: 0, Avg:  0.0, Max: 0, Diff: 0, Sum: 0, Workers: 4
[82.999s][debug][gc,phases      ] GC(14)     Total                          Min: 0, Avg: 12.0, Max: 48, Diff: 48, Sum: 48, Workers: 4
[82.999s][debug][gc,phases      ] GC(14)   StringDedup Table Weak         Min:  0.0, Avg:  0.0, Max:  0.0, Diff:  0.0, Sum:  0.0, Workers: 4
[82.999s][debug][gc,phases      ] GC(14)     Dead                           Min: 0, Avg:  0.0, Max: 0, Diff: 0, Sum: 0, Workers: 4
[82.999s][debug][gc,phases      ] GC(14)     Total                          Min: 0, Avg:  0.0, Max: 0, Diff: 0, Sum: 0, Workers: 4
[82.999s][debug][gc,phases      ] GC(14)   StringDedup Requests0 Weak     Min:  0.0, Avg:  0.0, Max:  0.0, Diff:  0.0, Sum:  0.0, Workers: 4
[82.999s][debug][gc,phases      ] GC(14)     Dead                           Min: 0, Avg:  0.0, Max: 0, Diff: 0, Sum: 0, Workers: 4
[82.999s][debug][gc,phases      ] GC(14)     Total                          Min: 0, Avg:  0.0, Max: 0, Diff: 0, Sum: 0, Workers: 4
[82.999s][debug][gc,phases      ] GC(14)   StringDedup Requests1 Weak     Min:  0.0, Avg:  0.0, Max:  0.0, Diff:  0.0, Sum:  0.0, Workers: 4
[82.999s][debug][gc,phases      ] GC(14)     Dead                           Min: 0, Avg:  0.0, Max: 0, Diff: 0, Sum: 0, Workers: 4
[82.999s][debug][gc,phases      ] GC(14)     Total                          Min: 0, Avg:  0.0, Max: 0, Diff: 0, Sum: 0, Workers: 4
[82.999s][debug][gc,phases      ] GC(14)   Weak JFR Old Object Samples    Min:  0.0, Avg:  0.0, Max:  0.0, Diff:  0.0, Sum:  0.0, Workers: 4
[82.999s][debug][gc,phases      ] GC(14)     Dead                           Min: 0, Avg:  0.0, Max: 0, Diff: 0, Sum: 0, Workers: 4
[82.999s][debug][gc,phases      ] GC(14)     Total                          Min: 0, Avg:  0.0, Max: 0, Diff: 0, Sum: 0, Workers: 4
[82.999s][debug][gc,phases      ] GC(14) Weak Processing 0.492ms
[82.999s][debug][gc,age         ] GC(14) Desired survivor size 458227712 bytes, new threshold 8 (max threshold 15)
[82.999s][info ][gc,heap        ] GC(14) PSYoungGen: 1315544K(1630208K)->177718K(1608704K) Eden: 1141760K(1141760K)->0K(1141760K) From: 173784K(488448K)->177718K(466944K)
[82.999s][info ][gc,heap        ] GC(14) ParOldGen: 160052K(269312K)->160060K(269312K)
[82.999s][info ][gc,metaspace   ] GC(14) Metaspace: 87068K(88320K)->87068K(88320K) NonClass: 74480K(75200K)->74480K(75200K) Class: 12588K(13120K)->12588K(13120K)
[82.999s][info ][gc             ] GC(14) Pause Young (Allocation Failure) 1441M->329M(1834M) 45.134ms
[82.999s][info ][gc,cpu         ] GC(14) User=0.18s Sys=0.00s Real=0.04s
[82.999s][info ][safepoint      ] Safepoint "ParallelGCFailedAllocation", Time since last: 916427033 ns, Reaching safepoint: 6300 ns, Cleanup: 12500 ns, At safepoint: 45194822 ns, Total: 45213622 ns
[83.999s][info ][safepoint      ] Safepoint "Cleanup", Time since last: 1000083930 ns, Reaching safepoint: 6600 ns, Cleanup: 10500 ns, At safepoint: 1800 ns, Total: 18900 ns
[84.999s][info ][safepoint      ] Safepoint "Cleanup", Time since last: 1000094830 ns, Reaching safepoint: 7400 ns, Cleanup: 21800 ns, At safepoint: 2200 ns, Total: 31400 ns
[86.000s][info ][safepoint      ] Safepoint "Cleanup", Time since last: 1000098185 ns, Reaching safepoint: 5101 ns, Cleanup: 10400 ns, At safepoint: 1700 ns, Total: 17201 ns
[87.000s][info ][safepoint      ] Safepoint "Cleanup", Time since last: 1000091280 ns, Reaching safepoint: 6000 ns, Cleanup: 16000 ns, At safepoint: 2000 ns, Total: 24000 ns
[88.000s][info ][safepoint      ] Safepoint "Cleanup", Time since last: 1000105181 ns, Reaching safepoint: 10100 ns, Cleanup: 17700 ns, At safepoint: 2300 ns, Total: 30100 ns
[89.000s][info ][safepoint      ] Safepoint "Cleanup", Time since last: 1000128881 ns, Reaching safepoint: 7900 ns, Cleanup: 16600 ns, At safepoint: 2100 ns, Total: 26600 ns
[90.000s][info ][safepoint      ] Safepoint "Cleanup", Time since last: 1000108981 ns, Reaching safepoint: 5700 ns, Cleanup: 19200 ns, At safepoint: 2000 ns, Total: 26900 ns
[91.000s][info ][safepoint      ] Safepoint "Cleanup", Time since last: 1000098681 ns, Reaching safepoint: 5700 ns, Cleanup: 45000 ns, At safepoint: 2200 ns, Total: 52900 ns
[92.000s][info ][safepoint      ] Safepoint "Cleanup", Time since last: 1000103081 ns, Reaching safepoint: 5200 ns, Cleanup: 11500 ns, At safepoint: 2400 ns, Total: 19100 ns
[93.001s][info ][safepoint      ] Safepoint "Cleanup", Time since last: 1000090680 ns, Reaching safepoint: 5400 ns, Cleanup: 58401 ns, At safepoint: 4600 ns, Total: 68401 ns
[95.001s][info ][safepoint      ] Safepoint "Cleanup", Time since last: 2000186136 ns, Reaching safepoint: 5300 ns, Cleanup: 13000 ns, At safepoint: 4300 ns, Total: 22600 ns
[97.001s][info ][safepoint      ] Safepoint "Cleanup", Time since last: 2000153140 ns, Reaching safepoint: 5900 ns, Cleanup: 10800 ns, At safepoint: 1800 ns, Total: 18500 ns
[98.001s][info ][safepoint      ] Safepoint "Cleanup", Time since last: 1000114020 ns, Reaching safepoint: 5800 ns, Cleanup: 26300 ns, At safepoint: 2000 ns, Total: 34100 ns
[99.001s][info ][safepoint      ] Safepoint "Cleanup", Time since last: 1000099420 ns, Reaching safepoint: 5500 ns, Cleanup: 6600 ns, At safepoint: 1800 ns, Total: 13900 ns
[100.001s][info ][safepoint      ] Safepoint "Cleanup", Time since last: 1000088820 ns, Reaching safepoint: 5900 ns, Cleanup: 10900 ns, At safepoint: 1900 ns, Total: 18700 ns
[101.001s][info ][safepoint      ] Safepoint "Cleanup", Time since last: 1000092520 ns, Reaching safepoint: 5800 ns, Cleanup: 6900 ns, At safepoint: 1800 ns, Total: 14500 ns
[102.002s][info ][safepoint      ] Safepoint "Cleanup", Time since last: 1000091890 ns, Reaching safepoint: 5800 ns, Cleanup: 17400 ns, At safepoint: 2500 ns, Total: 25700 ns
[103.002s][info ][safepoint      ] Safepoint "Cleanup", Time since last: 1000117686 ns, Reaching safepoint: 5500 ns, Cleanup: 15900 ns, At safepoint: 2000 ns, Total: 23400 ns
[104.002s][info ][safepoint      ] Safepoint "Cleanup", Time since last: 1000121386 ns, Reaching safepoint: 6500 ns, Cleanup: 10600 ns, At safepoint: 2300 ns, Total: 19400 ns
[105.002s][info ][safepoint      ] Safepoint "Cleanup", Time since last: 1000101486 ns, Reaching safepoint: 5700 ns, Cleanup: 10500 ns, At safepoint: 1700 ns, Total: 17900 ns
[106.002s][info ][safepoint      ] Safepoint "Cleanup", Time since last: 1000095586 ns, Reaching safepoint: 6100 ns, Cleanup: 23100 ns, At safepoint: 1800 ns, Total: 31000 ns
[107.002s][info ][safepoint      ] Safepoint "Cleanup", Time since last: 1000085886 ns, Reaching safepoint: 5100 ns, Cleanup: 18500 ns, At safepoint: 1400 ns, Total: 25000 ns
[108.002s][info ][safepoint      ] Safepoint "Cleanup", Time since last: 1000087386 ns, Reaching safepoint: 5000 ns, Cleanup: 7400 ns, At safepoint: 1700 ns, Total: 14100 ns
[109.002s][info ][safepoint      ] Safepoint "Cleanup", Time since last: 1000087986 ns, Reaching safepoint: 5000 ns, Cleanup: 8600 ns, At safepoint: 1600 ns, Total: 15200 ns
[110.002s][info ][safepoint      ] Safepoint "Cleanup", Time since last: 1000097479 ns, Reaching safepoint: 5000 ns, Cleanup: 17301 ns, At safepoint: 2100 ns, Total: 24401 ns
[111.003s][info ][safepoint      ] Safepoint "Cleanup", Time since last: 1000064278 ns, Reaching safepoint: 5200 ns, Cleanup: 77301 ns, At safepoint: 1700 ns, Total: 84201 ns
[112.003s][info ][safepoint      ] Safepoint "Cleanup", Time since last: 1000094478 ns, Reaching safepoint: 14300 ns, Cleanup: 44001 ns, At safepoint: 3500 ns, Total: 61801 ns
[113.003s][info ][safepoint      ] Safepoint "Cleanup", Time since last: 1000108078 ns, Reaching safepoint: 5500 ns, Cleanup: 10401 ns, At safepoint: 1900 ns, Total: 17801 ns
[114.003s][info ][safepoint      ] Safepoint "Cleanup", Time since last: 1000093678 ns, Reaching safepoint: 74701 ns, Cleanup: 20400 ns, At safepoint: 5900 ns, Total: 101001 ns
[116.003s][info ][safepoint      ] Safepoint "Cleanup", Time since last: 2000165357 ns, Reaching safepoint: 75201 ns, Cleanup: 8800 ns, At safepoint: 6100 ns, Total: 90101 ns
[117.004s][info ][safepoint      ] Safepoint "Cleanup", Time since last: 1000096478 ns, Reaching safepoint: 74901 ns, Cleanup: 15800 ns, At safepoint: 4700 ns, Total: 95401 ns
[118.004s][info ][safepoint      ] Safepoint "Cleanup", Time since last: 1000097808 ns, Reaching safepoint: 85000 ns, Cleanup: 13200 ns, At safepoint: 5500 ns, Total: 103700 ns
[119.004s][info ][safepoint      ] Safepoint "Cleanup", Time since last: 1000110212 ns, Reaching safepoint: 75700 ns, Cleanup: 38701 ns, At safepoint: 5900 ns, Total: 120301 ns
[120.004s][info ][safepoint      ] Safepoint "Cleanup", Time since last: 1000107811 ns, Reaching safepoint: 6300 ns, Cleanup: 40801 ns, At safepoint: 5900 ns, Total: 53001 ns
[122.051s][info ][safepoint      ] Safepoint "Cleanup", Time since last: 2047262157 ns, Reaching safepoint: 5901 ns, Cleanup: 24800 ns, At safepoint: 2000 ns, Total: 32701 ns
[124.052s][info ][safepoint      ] Safepoint "Cleanup", Time since last: 2000183323 ns, Reaching safepoint: 5700 ns, Cleanup: 14000 ns, At safepoint: 3900 ns, Total: 23600 ns
[124.057s][info ][gc,start       ] GC(15) Pause Young (Allocation Failure)
[124.104s][debug][gc,phases      ] GC(15) Scavenge 46.855ms
[124.104s][debug][gc,ref         ] GC(15) ReferenceProcessor::execute queues: 1, RefProcThreadModel::Single, marks_oops_alive: false
[124.104s][debug][gc,ref         ] GC(15) Skipped KeepAliveFinalRefsPhase of Reference Processing: no references
[124.104s][debug][gc,ref         ] GC(15) ReferenceProcessor::execute queues: 1, RefProcThreadModel::Single, marks_oops_alive: false
[124.104s][debug][gc,phases      ] GC(15) Reference Processing 0.187ms
[124.104s][debug][gc,phases      ] GC(15)   VM Weak                        Min:  0.0, Avg:  0.0, Max:  0.0, Diff:  0.0, Sum:  0.0, Workers: 4
[124.104s][debug][gc,phases      ] GC(15)     Dead                           Min: 0, Avg:  0.0, Max: 0, Diff: 0, Sum: 0, Workers: 4
[124.104s][debug][gc,phases      ] GC(15)     Total                          Min: 0, Avg: 227.5, Max: 832, Diff: 832, Sum: 910, Workers: 4
[124.104s][debug][gc,phases      ] GC(15)   ObjectSynchronizer Weak        Min:  0.0, Avg:  0.0, Max:  0.0, Diff:  0.0, Sum:  0.0, Workers: 4
[124.104s][debug][gc,phases      ] GC(15)     Dead                           Min: 0, Avg:  0.0, Max: 0, Diff: 0, Sum: 0, Workers: 4
[124.104s][debug][gc,phases      ] GC(15)     Total                          Min: 0, Avg:  1.0, Max: 4, Diff: 4, Sum: 4, Workers: 4
[124.104s][debug][gc,phases      ] GC(15)   JVMTI Tag Weak OopStorage      Min:  0.0, Avg:  0.0, Max:  0.0, Diff:  0.0, Sum:  0.0, Workers: 4
[124.104s][debug][gc,phases      ] GC(15)     Dead                           Min: 0, Avg:  0.0, Max: 0, Diff: 0, Sum: 0, Workers: 4
[124.104s][debug][gc,phases      ] GC(15)     Total                          Min: 0, Avg:  0.0, Max: 0, Diff: 0, Sum: 0, Workers: 4
[124.104s][debug][gc,phases      ] GC(15)   StringTable Weak               Min:  0.0, Avg:  0.2, Max:  0.2, Diff:  0.2, Sum:  0.7, Workers: 4
[124.104s][debug][gc,phases      ] GC(15)     Dead                           Min: 0, Avg:  0.2, Max: 1, Diff: 1, Sum: 1, Workers: 4
[124.104s][debug][gc,phases      ] GC(15)     Total                          Min: 0, Avg: 11163.0, Max: 19264, Diff: 19264, Sum: 44652, Workers: 4
[124.104s][debug][gc,phases      ] GC(15)   ResolvedMethodTable Weak       Min:  0.0, Avg:  0.1, Max:  0.1, Diff:  0.1, Sum:  0.2, Workers: 4
[124.104s][debug][gc,phases      ] GC(15)     Dead                           Min: 0, Avg:  2.8, Max: 6, Diff: 6, Sum: 11, Workers: 4
[124.104s][debug][gc,phases      ] GC(15)     Total                          Min: 0, Avg: 2997.8, Max: 5144, Diff: 5144, Sum: 11991, Workers: 4
[124.104s][debug][gc,phases      ] GC(15)   JNI Weak                       Min:  0.0, Avg:  0.0, Max:  0.0, Diff:  0.0, Sum:  0.0, Workers: 4
[124.104s][debug][gc,phases      ] GC(15)     Dead                           Min: 0, Avg:  0.0, Max: 0, Diff: 0, Sum: 0, Workers: 4
[124.104s][debug][gc,phases      ] GC(15)     Total                          Min: 0, Avg: 12.0, Max: 48, Diff: 48, Sum: 48, Workers: 4
[124.104s][debug][gc,phases      ] GC(15)   StringDedup Table Weak         Min:  0.0, Avg:  0.0, Max:  0.0, Diff:  0.0, Sum:  0.0, Workers: 4
[124.104s][debug][gc,phases      ] GC(15)     Dead                           Min: 0, Avg:  0.0, Max: 0, Diff: 0, Sum: 0, Workers: 4
[124.104s][debug][gc,phases      ] GC(15)     Total                          Min: 0, Avg:  0.0, Max: 0, Diff: 0, Sum: 0, Workers: 4
[124.104s][debug][gc,phases      ] GC(15)   StringDedup Requests0 Weak     Min:  0.0, Avg:  0.0, Max:  0.0, Diff:  0.0, Sum:  0.0, Workers: 4
[124.104s][debug][gc,phases      ] GC(15)     Dead                           Min: 0, Avg:  0.0, Max: 0, Diff: 0, Sum: 0, Workers: 4
[124.104s][debug][gc,phases      ] GC(15)     Total                          Min: 0, Avg:  0.0, Max: 0, Diff: 0, Sum: 0, Workers: 4
[124.104s][debug][gc,phases      ] GC(15)   StringDedup Requests1 Weak     Min:  0.0, Avg:  0.0, Max:  0.0, Diff:  0.0, Sum:  0.0, Workers: 4
[124.104s][debug][gc,phases      ] GC(15)     Dead                           Min: 0, Avg:  0.0, Max: 0, Diff: 0, Sum: 0, Workers: 4
[124.104s][debug][gc,phases      ] GC(15)     Total                          Min: 0, Avg:  0.0, Max: 0, Diff: 0, Sum: 0, Workers: 4
[124.105s][debug][gc,phases      ] GC(15)   Weak JFR Old Object Samples    Min:  0.0, Avg:  0.0, Max:  0.0, Diff:  0.0, Sum:  0.0, Workers: 4
[124.105s][debug][gc,phases      ] GC(15)     Dead                           Min: 0, Avg:  0.0, Max: 0, Diff: 0, Sum: 0, Workers: 4
[124.105s][debug][gc,phases      ] GC(15)     Total                          Min: 0, Avg:  0.0, Max: 0, Diff: 0, Sum: 0, Workers: 4
[124.105s][debug][gc,phases      ] GC(15) Weak Processing 0.533ms
[124.105s][debug][gc,age         ] GC(15) Desired survivor size 440926208 bytes, new threshold 9 (max threshold 15)
[124.105s][info ][gc,heap        ] GC(15) PSYoungGen: 1319478K(1608704K)->175958K(1666560K) Eden: 1141760K(1141760K)->0K(1219072K) From: 177718K(466944K)->175958K(447488K)
[124.105s][info ][gc,heap        ] GC(15) ParOldGen: 160060K(269312K)->160068K(269312K)
[124.105s][info ][gc,metaspace   ] GC(15) Metaspace: 87520K(88704K)->87520K(88704K) NonClass: 74896K(75584K)->74896K(75584K) Class: 12623K(13120K)->12623K(13120K)
[124.105s][info ][gc             ] GC(15) Pause Young (Allocation Failure) 1444M->328M(1890M) 47.679ms
[124.105s][info ][gc,cpu         ] GC(15) User=0.18s Sys=0.00s Real=0.05s
[124.105s][info ][safepoint      ] Safepoint "ParallelGCFailedAllocation", Time since last: 5217137 ns, Reaching safepoint: 2100 ns, Cleanup: 1200 ns, At safepoint: 47754840 ns, Total: 47758140 ns
[125.105s][info ][safepoint      ] Safepoint "Cleanup", Time since last: 1000091311 ns, Reaching safepoint: 76001 ns, Cleanup: 11800 ns, At safepoint: 5000 ns, Total: 92801 ns
[126.105s][info ][safepoint      ] Safepoint "Cleanup", Time since last: 1000110319 ns, Reaching safepoint: 76701 ns, Cleanup: 80300 ns, At safepoint: 5901 ns, Total: 162902 ns
[127.105s][info ][safepoint      ] Safepoint "Cleanup", Time since last: 1000103119 ns, Reaching safepoint: 76301 ns, Cleanup: 107601 ns, At safepoint: 5900 ns, Total: 189802 ns
[128.106s][info ][safepoint      ] Safepoint "Cleanup", Time since last: 1000106520 ns, Reaching safepoint: 77700 ns, Cleanup: 18800 ns, At safepoint: 7800 ns, Total: 104300 ns
[129.106s][info ][safepoint      ] Safepoint "Cleanup", Time since last: 1000120821 ns, Reaching safepoint: 78500 ns, Cleanup: 28100 ns, At safepoint: 6100 ns, Total: 112700 ns
[130.106s][info ][safepoint      ] Safepoint "Cleanup", Time since last: 1000111420 ns, Reaching safepoint: 74901 ns, Cleanup: 44900 ns, At safepoint: 5100 ns, Total: 124901 ns
[131.106s][info ][safepoint      ] Safepoint "Cleanup", Time since last: 1000128120 ns, Reaching safepoint: 101801 ns, Cleanup: 24900 ns, At safepoint: 8400 ns, Total: 135101 ns
[132.107s][info ][safepoint      ] Safepoint "Cleanup", Time since last: 1000120520 ns, Reaching safepoint: 83001 ns, Cleanup: 12100 ns, At safepoint: 5700 ns, Total: 100801 ns
[133.107s][info ][safepoint      ] Safepoint "Cleanup", Time since last: 1000126120 ns, Reaching safepoint: 80501 ns, Cleanup: 15800 ns, At safepoint: 6500 ns, Total: 102801 ns
[134.107s][info ][safepoint      ] Safepoint "Cleanup", Time since last: 1000102122 ns, Reaching safepoint: 72600 ns, Cleanup: 20400 ns, At safepoint: 6800 ns, Total: 99800 ns
[135.107s][info ][safepoint      ] Safepoint "Cleanup", Time since last: 1000111722 ns, Reaching safepoint: 5500 ns, Cleanup: 34701 ns, At safepoint: 1800 ns, Total: 42001 ns
[136.107s][info ][safepoint      ] Safepoint "Cleanup", Time since last: 1000092121 ns, Reaching safepoint: 75201 ns, Cleanup: 6500 ns, At safepoint: 5400 ns, Total: 87101 ns
[137.108s][info ][safepoint      ] Safepoint "Cleanup", Time since last: 1000108422 ns, Reaching safepoint: 77001 ns, Cleanup: 95900 ns, At safepoint: 9900 ns, Total: 182801 ns
[138.108s][info ][safepoint      ] Safepoint "Cleanup", Time since last: 1000116822 ns, Reaching safepoint: 76001 ns, Cleanup: 77000 ns, At safepoint: 4900 ns, Total: 157901 ns
[139.108s][info ][safepoint      ] Safepoint "Cleanup", Time since last: 1000096822 ns, Reaching safepoint: 5800 ns, Cleanup: 64801 ns, At safepoint: 5900 ns, Total: 76501 ns
[140.108s][info ][safepoint      ] Safepoint "Cleanup", Time since last: 1000131722 ns, Reaching safepoint: 5700 ns, Cleanup: 39400 ns, At safepoint: 6900 ns, Total: 52000 ns
[141.108s][info ][safepoint      ] Safepoint "Cleanup", Time since last: 1000107822 ns, Reaching safepoint: 6700 ns, Cleanup: 73001 ns, At safepoint: 5700 ns, Total: 85401 ns
[142.109s][info ][safepoint      ] Safepoint "Cleanup", Time since last: 1000104411 ns, Reaching safepoint: 7700 ns, Cleanup: 37201 ns, At safepoint: 5800 ns, Total: 50701 ns
[143.109s][info ][safepoint      ] Safepoint "Cleanup", Time since last: 1000099311 ns, Reaching safepoint: 5300 ns, Cleanup: 10700 ns, At safepoint: 1500 ns, Total: 17500 ns
[144.109s][info ][safepoint      ] Safepoint "Cleanup", Time since last: 1000089611 ns, Reaching safepoint: 4800 ns, Cleanup: 7300 ns, At safepoint: 1700 ns, Total: 13800 ns
[145.109s][info ][safepoint      ] Safepoint "Cleanup", Time since last: 1000092911 ns, Reaching safepoint: 5800 ns, Cleanup: 16900 ns, At safepoint: 1800 ns, Total: 24500 ns
[146.109s][info ][safepoint      ] Safepoint "Cleanup", Time since last: 1000098511 ns, Reaching safepoint: 5700 ns, Cleanup: 14900 ns, At safepoint: 5400 ns, Total: 26000 ns
[146.567s][info ][gc,start       ] GC(16) Pause Young (Allocation Failure)
[146.625s][debug][gc,phases      ] GC(16) Scavenge 57.714ms
[146.625s][debug][gc,ref         ] GC(16) ReferenceProcessor::execute queues: 1, RefProcThreadModel::Single, marks_oops_alive: false
[146.625s][debug][gc,ref         ] GC(16) Skipped KeepAliveFinalRefsPhase of Reference Processing: no references
[146.625s][debug][gc,ref         ] GC(16) ReferenceProcessor::execute queues: 1, RefProcThreadModel::Single, marks_oops_alive: false
[146.625s][debug][gc,phases      ] GC(16) Reference Processing 0.187ms
[146.626s][debug][gc,phases      ] GC(16)   VM Weak                        Min:  0.0, Avg:  0.0, Max:  0.0, Diff:  0.0, Sum:  0.0, Workers: 4
[146.626s][debug][gc,phases      ] GC(16)     Dead                           Min: 0, Avg:  0.0, Max: 0, Diff: 0, Sum: 0, Workers: 4
[146.626s][debug][gc,phases      ] GC(16)     Total                          Min: 0, Avg: 229.2, Max: 384, Diff: 384, Sum: 917, Workers: 4
[146.626s][debug][gc,phases      ] GC(16)   ObjectSynchronizer Weak        Min:  0.0, Avg:  0.0, Max:  0.0, Diff:  0.0, Sum:  0.0, Workers: 4
[146.626s][debug][gc,phases      ] GC(16)     Dead                           Min: 0, Avg:  0.0, Max: 0, Diff: 0, Sum: 0, Workers: 4
[146.626s][debug][gc,phases      ] GC(16)     Total                          Min: 0, Avg:  1.0, Max: 4, Diff: 4, Sum: 4, Workers: 4
[146.626s][debug][gc,phases      ] GC(16)   JVMTI Tag Weak OopStorage      Min:  0.0, Avg:  0.0, Max:  0.0, Diff:  0.0, Sum:  0.0, Workers: 4
[146.626s][debug][gc,phases      ] GC(16)     Dead                           Min: 0, Avg:  0.0, Max: 0, Diff: 0, Sum: 0, Workers: 4
[146.626s][debug][gc,phases      ] GC(16)     Total                          Min: 0, Avg:  0.0, Max: 0, Diff: 0, Sum: 0, Workers: 4
[146.626s][debug][gc,phases      ] GC(16)   StringTable Weak               Min:  0.0, Avg:  0.2, Max:  0.2, Diff:  0.2, Sum:  0.7, Workers: 4
[146.626s][debug][gc,phases      ] GC(16)     Dead                           Min: 0, Avg:  0.2, Max: 1, Diff: 1, Sum: 1, Workers: 4
[146.626s][debug][gc,phases      ] GC(16)     Total                          Min: 0, Avg: 11177.0, Max: 18789, Diff: 18789, Sum: 44708, Workers: 4
[146.626s][debug][gc,phases      ] GC(16)   ResolvedMethodTable Weak       Min:  0.0, Avg:  0.1, Max:  0.1, Diff:  0.1, Sum:  0.2, Workers: 4
[146.626s][debug][gc,phases      ] GC(16)     Dead                           Min: 0, Avg:  1.0, Max: 4, Diff: 4, Sum: 4, Workers: 4
[146.626s][debug][gc,phases      ] GC(16)     Total                          Min: 0, Avg: 3004.5, Max: 5055, Diff: 5055, Sum: 12018, Workers: 4
[146.626s][debug][gc,phases      ] GC(16)   JNI Weak                       Min:  0.0, Avg:  0.0, Max:  0.0, Diff:  0.0, Sum:  0.0, Workers: 4
[146.626s][debug][gc,phases      ] GC(16)     Dead                           Min: 0, Avg:  0.0, Max: 0, Diff: 0, Sum: 0, Workers: 4
[146.626s][debug][gc,phases      ] GC(16)     Total                          Min: 0, Avg: 12.0, Max: 48, Diff: 48, Sum: 48, Workers: 4
[146.626s][debug][gc,phases      ] GC(16)   StringDedup Table Weak         Min:  0.0, Avg:  0.0, Max:  0.0, Diff:  0.0, Sum:  0.0, Workers: 4
[146.626s][debug][gc,phases      ] GC(16)     Dead                           Min: 0, Avg:  0.0, Max: 0, Diff: 0, Sum: 0, Workers: 4
[146.626s][debug][gc,phases      ] GC(16)     Total                          Min: 0, Avg:  0.0, Max: 0, Diff: 0, Sum: 0, Workers: 4
[146.626s][debug][gc,phases      ] GC(16)   StringDedup Requests0 Weak     Min:  0.0, Avg:  0.0, Max:  0.0, Diff:  0.0, Sum:  0.0, Workers: 4
[146.626s][debug][gc,phases      ] GC(16)     Dead                           Min: 0, Avg:  0.0, Max: 0, Diff: 0, Sum: 0, Workers: 4
[146.626s][debug][gc,phases      ] GC(16)     Total                          Min: 0, Avg:  0.0, Max: 0, Diff: 0, Sum: 0, Workers: 4
[146.626s][debug][gc,phases      ] GC(16)   StringDedup Requests1 Weak     Min:  0.0, Avg:  0.0, Max:  0.0, Diff:  0.0, Sum:  0.0, Workers: 4
[146.626s][debug][gc,phases      ] GC(16)     Dead                           Min: 0, Avg:  0.0, Max: 0, Diff: 0, Sum: 0, Workers: 4
[146.626s][debug][gc,phases      ] GC(16)     Total                          Min: 0, Avg:  0.0, Max: 0, Diff: 0, Sum: 0, Workers: 4
[146.626s][debug][gc,phases      ] GC(16)   Weak JFR Old Object Samples    Min:  0.0, Avg:  0.0, Max:  0.0, Diff:  0.0, Sum:  0.0, Workers: 4
[146.626s][debug][gc,phases      ] GC(16)     Dead                           Min: 0, Avg:  0.0, Max: 0, Diff: 0, Sum: 0, Workers: 4
[146.626s][debug][gc,phases      ] GC(16)     Total                          Min: 0, Avg:  0.0, Max: 0, Diff: 0, Sum: 0, Workers: 4
[146.626s][debug][gc,phases      ] GC(16) Weak Processing 0.496ms
[146.626s][debug][gc,age         ] GC(16) Desired survivor size 421003264 bytes, new threshold 10 (max threshold 15)
[146.626s][info ][gc,heap        ] GC(16) PSYoungGen: 1395030K(1666560K)->217384K(1649664K) Eden: 1219072K(1219072K)->0K(1219072K) From: 175958K(447488K)->217384K(430592K)
[146.626s][info ][gc,heap        ] GC(16) ParOldGen: 160068K(269312K)->160076K(269312K)
[146.626s][info ][gc,metaspace   ] GC(16) Metaspace: 87682K(88960K)->87682K(88960K) NonClass: 75047K(75776K)->75047K(75776K) Class: 12634K(13184K)->12634K(13184K)
[146.626s][info ][gc             ] GC(16) Pause Young (Allocation Failure) 1518M->368M(1874M) 58.510ms
[146.626s][info ][gc,cpu         ] GC(16) User=0.23s Sys=0.00s Real=0.06s
[146.626s][info ][safepoint      ] Safepoint "ParallelGCFailedAllocation", Time since last: 458098158 ns, Reaching safepoint: 74500 ns, Cleanup: 15800 ns, At safepoint: 58578217 ns, Total: 58668517 ns
[147.626s][info ][safepoint      ] Safepoint "Cleanup", Time since last: 1000081811 ns, Reaching safepoint: 5700 ns, Cleanup: 17400 ns, At safepoint: 4400 ns, Total: 27500 ns
[148.626s][info ][safepoint      ] Safepoint "Cleanup", Time since last: 1000099911 ns, Reaching safepoint: 6100 ns, Cleanup: 12300 ns, At safepoint: 1800 ns, Total: 20200 ns
[149.626s][info ][safepoint      ] Safepoint "Cleanup", Time since last: 1000088589 ns, Reaching safepoint: 5300 ns, Cleanup: 11100 ns, At safepoint: 1700 ns, Total: 18100 ns
[150.626s][info ][safepoint      ] Safepoint "Cleanup", Time since last: 1000114265 ns, Reaching safepoint: 5600 ns, Cleanup: 16500 ns, At safepoint: 1900 ns, Total: 24000 ns
[151.626s][info ][safepoint      ] Safepoint "Cleanup", Time since last: 1000095765 ns, Reaching safepoint: 5500 ns, Cleanup: 34701 ns, At safepoint: 1800 ns, Total: 42001 ns
[152.627s][info ][safepoint      ] Safepoint "Cleanup", Time since last: 1000093464 ns, Reaching safepoint: 5700 ns, Cleanup: 13401 ns, At safepoint: 2100 ns, Total: 21201 ns
[153.627s][info ][safepoint      ] Safepoint "Cleanup", Time since last: 1000092064 ns, Reaching safepoint: 5900 ns, Cleanup: 9800 ns, At safepoint: 4100 ns, Total: 19800 ns
[154.627s][info ][safepoint      ] Safepoint "Cleanup", Time since last: 1000100065 ns, Reaching safepoint: 5700 ns, Cleanup: 7700 ns, At safepoint: 1700 ns, Total: 15100 ns
[155.627s][info ][safepoint      ] Safepoint "Cleanup", Time since last: 1000057865 ns, Reaching safepoint: 5600 ns, Cleanup: 11200 ns, At safepoint: 2200 ns, Total: 19000 ns
[156.627s][info ][safepoint      ] Safepoint "Cleanup", Time since last: 1000111065 ns, Reaching safepoint: 7100 ns, Cleanup: 15900 ns, At safepoint: 2700 ns, Total: 25700 ns
[157.627s][info ][safepoint      ] Safepoint "Cleanup", Time since last: 1000099382 ns, Reaching safepoint: 5400 ns, Cleanup: 37500 ns, At safepoint: 1700 ns, Total: 44600 ns
[158.627s][info ][safepoint      ] Safepoint "Cleanup", Time since last: 1000089300 ns, Reaching safepoint: 5400 ns, Cleanup: 22101 ns, At safepoint: 1800 ns, Total: 29301 ns
[159.627s][info ][safepoint      ] Safepoint "Cleanup", Time since last: 1000087200 ns, Reaching safepoint: 5300 ns, Cleanup: 25300 ns, At safepoint: 7000 ns, Total: 37600 ns
[160.628s][info ][safepoint      ] Safepoint "Cleanup", Time since last: 1000134101 ns, Reaching safepoint: 6400 ns, Cleanup: 27700 ns, At safepoint: 2201 ns, Total: 36301 ns
[161.628s][info ][safepoint      ] Safepoint "Cleanup", Time since last: 1000100200 ns, Reaching safepoint: 5900 ns, Cleanup: 21200 ns, At safepoint: 2000 ns, Total: 29100 ns
[162.628s][info ][safepoint      ] Safepoint "Cleanup", Time since last: 1000095001 ns, Reaching safepoint: 5900 ns, Cleanup: 14800 ns, At safepoint: 1800 ns, Total: 22500 ns
[163.628s][info ][safepoint      ] Safepoint "Cleanup", Time since last: 1000090001 ns, Reaching safepoint: 5700 ns, Cleanup: 19700 ns, At safepoint: 2000 ns, Total: 27400 ns
[164.628s][info ][safepoint      ] Safepoint "Cleanup", Time since last: 1000110001 ns, Reaching safepoint: 5900 ns, Cleanup: 9500 ns, At safepoint: 1900 ns, Total: 17300 ns
[165.628s][info ][safepoint      ] Safepoint "Cleanup", Time since last: 1000096499 ns, Reaching safepoint: 5700 ns, Cleanup: 82601 ns, At safepoint: 2000 ns, Total: 90301 ns
[166.628s][info ][safepoint      ] Safepoint "Cleanup", Time since last: 1000095499 ns, Reaching safepoint: 6100 ns, Cleanup: 46500 ns, At safepoint: 6000 ns, Total: 58600 ns
[167.628s][info ][safepoint      ] Safepoint "Cleanup", Time since last: 1000100199 ns, Reaching safepoint: 5600 ns, Cleanup: 7600 ns, At safepoint: 1700 ns, Total: 14900 ns
[168.629s][info ][safepoint      ] Safepoint "Cleanup", Time since last: 1000114899 ns, Reaching safepoint: 8301 ns, Cleanup: 46100 ns, At safepoint: 2200 ns, Total: 56601 ns
[169.629s][info ][safepoint      ] Safepoint "Cleanup", Time since last: 1000100199 ns, Reaching safepoint: 6500 ns, Cleanup: 40900 ns, At safepoint: 1900 ns, Total: 49300 ns
[170.629s][info ][safepoint      ] Safepoint "Cleanup", Time since last: 1000092999 ns, Reaching safepoint: 5800 ns, Cleanup: 8900 ns, At safepoint: 1700 ns, Total: 16400 ns
[171.629s][info ][safepoint      ] Safepoint "Cleanup", Time since last: 1000098499 ns, Reaching safepoint: 5800 ns, Cleanup: 37600 ns, At safepoint: 1800 ns, Total: 45200 ns
[172.629s][info ][safepoint      ] Safepoint "Cleanup", Time since last: 1000116399 ns, Reaching safepoint: 6400 ns, Cleanup: 13501 ns, At safepoint: 2400 ns, Total: 22301 ns
[173.629s][info ][safepoint      ] Safepoint "Cleanup", Time since last: 1000107588 ns, Reaching safepoint: 5900 ns, Cleanup: 45100 ns, At safepoint: 1800 ns, Total: 52800 ns
[174.629s][info ][safepoint      ] Safepoint "Cleanup", Time since last: 1000068776 ns, Reaching safepoint: 6000 ns, Cleanup: 12400 ns, At safepoint: 2000 ns, Total: 20400 ns
[175.630s][info ][safepoint      ] Safepoint "Cleanup", Time since last: 1000106976 ns, Reaching safepoint: 6400 ns, Cleanup: 19300 ns, At safepoint: 2100 ns, Total: 27800 ns
[176.630s][info ][safepoint      ] Safepoint "Cleanup", Time since last: 1000099775 ns, Reaching safepoint: 6100 ns, Cleanup: 14701 ns, At safepoint: 2200 ns, Total: 23001 ns
[177.630s][info ][safepoint      ] Safepoint "Cleanup", Time since last: 1000143375 ns, Reaching safepoint: 6301 ns, Cleanup: 18000 ns, At safepoint: 6800 ns, Total: 31101 ns
[178.630s][info ][safepoint      ] Safepoint "Cleanup", Time since last: 1000132976 ns, Reaching safepoint: 6700 ns, Cleanup: 21900 ns, At safepoint: 2200 ns, Total: 30800 ns
[179.630s][info ][safepoint      ] Safepoint "Cleanup", Time since last: 1000101575 ns, Reaching safepoint: 8000 ns, Cleanup: 8900 ns, At safepoint: 5901 ns, Total: 22801 ns
[181.068s][info ][safepoint      ] Safepoint "Cleanup", Time since last: 1438200675 ns, Reaching safepoint: 6100 ns, Cleanup: 11600 ns, At safepoint: 2200 ns, Total: 19900 ns
[182.069s][info ][safepoint      ] Safepoint "Cleanup", Time since last: 1000102089 ns, Reaching safepoint: 16500 ns, Cleanup: 7100 ns, At safepoint: 2200 ns, Total: 25800 ns
[183.069s][info ][safepoint      ] Safepoint "Cleanup", Time since last: 1000101678 ns, Reaching safepoint: 5800 ns, Cleanup: 8300 ns, At safepoint: 2300 ns, Total: 16400 ns
[185.069s][info ][safepoint      ] Safepoint "Cleanup", Time since last: 2000192655 ns, Reaching safepoint: 6100 ns, Cleanup: 7600 ns, At safepoint: 1900 ns, Total: 15600 ns
[186.069s][info ][safepoint      ] Safepoint "Cleanup", Time since last: 1000090877 ns, Reaching safepoint: 5200 ns, Cleanup: 9701 ns, At safepoint: 2100 ns, Total: 17001 ns
[188.069s][info ][safepoint      ] Safepoint "Cleanup", Time since last: 2000177754 ns, Reaching safepoint: 6700 ns, Cleanup: 7000 ns, At safepoint: 2101 ns, Total: 15801 ns
[188.608s][info ][gc,start       ] GC(17) Pause Young (Allocation Failure)
[188.682s][debug][gc,phases      ] GC(17) Scavenge 74.078ms
[188.682s][debug][gc,ref         ] GC(17) ReferenceProcessor::execute queues: 1, RefProcThreadModel::Single, marks_oops_alive: false
[188.682s][debug][gc,ref         ] GC(17) Skipped KeepAliveFinalRefsPhase of Reference Processing: no references
[188.682s][debug][gc,ref         ] GC(17) ReferenceProcessor::execute queues: 1, RefProcThreadModel::Single, marks_oops_alive: false
[188.682s][debug][gc,phases      ] GC(17) Reference Processing 0.180ms
[188.683s][debug][gc,phases      ] GC(17)   VM Weak                        Min:  0.0, Avg:  0.0, Max:  0.0, Diff:  0.0, Sum:  0.0, Workers: 4
[188.683s][debug][gc,phases      ] GC(17)     Dead                           Min: 0, Avg:  0.0, Max: 0, Diff: 0, Sum: 0, Workers: 4
[188.683s][debug][gc,phases      ] GC(17)     Total                          Min: 0, Avg: 229.2, Max: 533, Diff: 533, Sum: 917, Workers: 4
[188.683s][debug][gc,phases      ] GC(17)   ObjectSynchronizer Weak        Min:  0.0, Avg:  0.0, Max:  0.0, Diff:  0.0, Sum:  0.0, Workers: 4
[188.683s][debug][gc,phases      ] GC(17)     Dead                           Min: 0, Avg:  0.0, Max: 0, Diff: 0, Sum: 0, Workers: 4
[188.683s][debug][gc,phases      ] GC(17)     Total                          Min: 0, Avg:  1.0, Max: 4, Diff: 4, Sum: 4, Workers: 4
[188.683s][debug][gc,phases      ] GC(17)   JVMTI Tag Weak OopStorage      Min:  0.0, Avg:  0.0, Max:  0.0, Diff:  0.0, Sum:  0.0, Workers: 4
[188.683s][debug][gc,phases      ] GC(17)     Dead                           Min: 0, Avg:  0.0, Max: 0, Diff: 0, Sum: 0, Workers: 4
[188.683s][debug][gc,phases      ] GC(17)     Total                          Min: 0, Avg:  0.0, Max: 0, Diff: 0, Sum: 0, Workers: 4
[188.683s][debug][gc,phases      ] GC(17)   StringTable Weak               Min:  0.0, Avg:  0.2, Max:  0.3, Diff:  0.3, Sum:  0.8, Workers: 4
[188.683s][debug][gc,phases      ] GC(17)     Dead                           Min: 0, Avg:  0.2, Max: 1, Diff: 1, Sum: 1, Workers: 4
[188.683s][debug][gc,phases      ] GC(17)     Total                          Min: 0, Avg: 11194.8, Max: 15296, Diff: 15296, Sum: 44779, Workers: 4
[188.683s][debug][gc,phases      ] GC(17)   ResolvedMethodTable Weak       Min:  0.0, Avg:  0.1, Max:  0.1, Diff:  0.1, Sum:  0.3, Workers: 4
[188.683s][debug][gc,phases      ] GC(17)     Dead                           Min: 0, Avg:  0.2, Max: 1, Diff: 1, Sum: 1, Workers: 4
[188.683s][debug][gc,phases      ] GC(17)     Total                          Min: 0, Avg: 3007.0, Max: 4159, Diff: 4159, Sum: 12028, Workers: 4
[188.683s][debug][gc,phases      ] GC(17)   JNI Weak                       Min:  0.0, Avg:  0.0, Max:  0.0, Diff:  0.0, Sum:  0.0, Workers: 4
[188.683s][debug][gc,phases      ] GC(17)     Dead                           Min: 0, Avg:  0.0, Max: 0, Diff: 0, Sum: 0, Workers: 4
[188.683s][debug][gc,phases      ] GC(17)     Total                          Min: 0, Avg: 12.0, Max: 48, Diff: 48, Sum: 48, Workers: 4
[188.683s][debug][gc,phases      ] GC(17)   StringDedup Table Weak         Min:  0.0, Avg:  0.0, Max:  0.0, Diff:  0.0, Sum:  0.0, Workers: 4
[188.683s][debug][gc,phases      ] GC(17)     Dead                           Min: 0, Avg:  0.0, Max: 0, Diff: 0, Sum: 0, Workers: 4
[188.683s][debug][gc,phases      ] GC(17)     Total                          Min: 0, Avg:  0.0, Max: 0, Diff: 0, Sum: 0, Workers: 4
[188.683s][debug][gc,phases      ] GC(17)   StringDedup Requests0 Weak     Min:  0.0, Avg:  0.0, Max:  0.0, Diff:  0.0, Sum:  0.0, Workers: 4
[188.683s][debug][gc,phases      ] GC(17)     Dead                           Min: 0, Avg:  0.0, Max: 0, Diff: 0, Sum: 0, Workers: 4
[188.683s][debug][gc,phases      ] GC(17)     Total                          Min: 0, Avg:  0.0, Max: 0, Diff: 0, Sum: 0, Workers: 4
[188.683s][debug][gc,phases      ] GC(17)   StringDedup Requests1 Weak     Min:  0.0, Avg:  0.0, Max:  0.0, Diff:  0.0, Sum:  0.0, Workers: 4
[188.683s][debug][gc,phases      ] GC(17)     Dead                           Min: 0, Avg:  0.0, Max: 0, Diff: 0, Sum: 0, Workers: 4
[188.683s][debug][gc,phases      ] GC(17)     Total                          Min: 0, Avg:  0.0, Max: 0, Diff: 0, Sum: 0, Workers: 4
[188.683s][debug][gc,phases      ] GC(17)   Weak JFR Old Object Samples    Min:  0.0, Avg:  0.0, Max:  0.0, Diff:  0.0, Sum:  0.0, Workers: 4
[188.683s][debug][gc,phases      ] GC(17)     Dead                           Min: 0, Avg:  0.0, Max: 0, Diff: 0, Sum: 0, Workers: 4
[188.683s][debug][gc,phases      ] GC(17)     Total                          Min: 0, Avg:  0.0, Max: 0, Diff: 0, Sum: 0, Workers: 4
[188.683s][debug][gc,phases      ] GC(17) Weak Processing 0.539ms
[188.683s][debug][gc,age         ] GC(17) Desired survivor size 401080320 bytes, new threshold 11 (max threshold 15)
[188.683s][info ][gc,heap        ] GC(17) PSYoungGen: 1436456K(1649664K)->209993K(1705472K) Eden: 1219072K(1219072K)->0K(1294336K) From: 217384K(430592K)->209993K(411136K)
[188.683s][info ][gc,heap        ] GC(17) ParOldGen: 160076K(269312K)->160084K(269312K)
[188.683s][info ][gc,metaspace   ] GC(17) Metaspace: 87790K(89024K)->87790K(89024K) NonClass: 75151K(75840K)->75151K(75840K) Class: 12638K(13184K)->12638K(13184K)
[188.683s][info ][gc             ] GC(17) Pause Young (Allocation Failure) 1559M->361M(1928M) 74.913ms
[188.683s][info ][gc,cpu         ] GC(17) User=0.21s Sys=0.01s Real=0.08s
[188.683s][info ][safepoint      ] Safepoint "ParallelGCFailedAllocation", Time since last: 538648258 ns, Reaching safepoint: 5500 ns, Cleanup: 3600 ns, At safepoint: 74985823 ns, Total: 74994923 ns
[189.683s][info ][safepoint      ] Safepoint "Cleanup", Time since last: 1000081845 ns, Reaching safepoint: 5600 ns, Cleanup: 9600 ns, At safepoint: 1700 ns, Total: 16900 ns
[190.683s][info ][safepoint      ] Safepoint "Cleanup", Time since last: 1000102217 ns, Reaching safepoint: 7500 ns, Cleanup: 11500 ns, At safepoint: 5700 ns, Total: 24700 ns
[191.683s][info ][safepoint      ] Safepoint "Cleanup", Time since last: 1000128417 ns, Reaching safepoint: 6300 ns, Cleanup: 21200 ns, At safepoint: 2000 ns, Total: 29500 ns
[192.683s][info ][safepoint      ] Safepoint "Cleanup", Time since last: 1000096517 ns, Reaching safepoint: 5500 ns, Cleanup: 6300 ns, At safepoint: 1700 ns, Total: 13500 ns
[193.683s][info ][safepoint      ] Safepoint "Cleanup", Time since last: 1000115116 ns, Reaching safepoint: 5801 ns, Cleanup: 8300 ns, At safepoint: 1800 ns, Total: 15901 ns
[194.684s][info ][safepoint      ] Safepoint "Cleanup", Time since last: 1000096216 ns, Reaching safepoint: 5900 ns, Cleanup: 11600 ns, At safepoint: 1700 ns, Total: 19200 ns
[195.684s][info ][safepoint      ] Safepoint "Cleanup", Time since last: 1000122317 ns, Reaching safepoint: 5500 ns, Cleanup: 13300 ns, At safepoint: 2100 ns, Total: 20900 ns
[196.684s][info ][safepoint      ] Safepoint "Cleanup", Time since last: 1000130417 ns, Reaching safepoint: 6600 ns, Cleanup: 16500 ns, At safepoint: 2100 ns, Total: 25200 ns
[197.684s][info ][safepoint      ] Safepoint "Cleanup", Time since last: 1000305719 ns, Reaching safepoint: 7600 ns, Cleanup: 11200 ns, At safepoint: 20400 ns, Total: 39200 ns
[199.684s][info ][safepoint      ] Safepoint "Cleanup", Time since last: 2000230734 ns, Reaching safepoint: 6400 ns, Cleanup: 10000 ns, At safepoint: 2100 ns, Total: 18500 ns
[200.685s][info ][safepoint      ] Safepoint "Cleanup", Time since last: 1000123617 ns, Reaching safepoint: 6300 ns, Cleanup: 6200 ns, At safepoint: 2000 ns, Total: 14500 ns
[201.685s][info ][safepoint      ] Safepoint "Cleanup", Time since last: 1000101817 ns, Reaching safepoint: 5700 ns, Cleanup: 5701 ns, At safepoint: 1800 ns, Total: 13201 ns
[202.685s][info ][safepoint      ] Safepoint "Cleanup", Time since last: 1000101516 ns, Reaching safepoint: 7001 ns, Cleanup: 8700 ns, At safepoint: 2300 ns, Total: 18001 ns
[205.685s][info ][safepoint      ] Safepoint "Cleanup", Time since last: 3000216564 ns, Reaching safepoint: 6800 ns, Cleanup: 8400 ns, At safepoint: 2400 ns, Total: 17600 ns
[206.685s][info ][safepoint      ] Safepoint "Cleanup", Time since last: 1000102748 ns, Reaching safepoint: 5600 ns, Cleanup: 16600 ns, At safepoint: 2000 ns, Total: 24200 ns
[207.685s][info ][safepoint      ] Safepoint "Cleanup", Time since last: 1000104347 ns, Reaching safepoint: 7100 ns, Cleanup: 8300 ns, At safepoint: 2200 ns, Total: 17600 ns
[208.685s][info ][safepoint      ] Safepoint "Cleanup", Time since last: 1000119848 ns, Reaching safepoint: 6600 ns, Cleanup: 12400 ns, At safepoint: 2000 ns, Total: 21000 ns
[209.686s][info ][safepoint      ] Safepoint "Cleanup", Time since last: 1000061647 ns, Reaching safepoint: 7300 ns, Cleanup: 54101 ns, At safepoint: 3300 ns, Total: 64701 ns
[210.686s][info ][safepoint      ] Safepoint "Cleanup", Time since last: 1000096847 ns, Reaching safepoint: 78901 ns, Cleanup: 107500 ns, At safepoint: 3400 ns, Total: 189801 ns
[211.686s][info ][safepoint      ] Safepoint "Cleanup", Time since last: 1000060047 ns, Reaching safepoint: 7401 ns, Cleanup: 64000 ns, At safepoint: 2100 ns, Total: 73501 ns
[212.686s][info ][safepoint      ] Safepoint "Cleanup", Time since last: 1000100347 ns, Reaching safepoint: 6800 ns, Cleanup: 22901 ns, At safepoint: 7400 ns, Total: 37101 ns
[215.686s][info ][safepoint      ] Safepoint "Cleanup", Time since last: 3000189408 ns, Reaching safepoint: 6400 ns, Cleanup: 23500 ns, At safepoint: 2500 ns, Total: 32400 ns
[216.686s][info ][safepoint      ] Safepoint "Cleanup", Time since last: 1000110297 ns, Reaching safepoint: 7500 ns, Cleanup: 12400 ns, At safepoint: 2000 ns, Total: 21900 ns
[217.687s][info ][safepoint      ] Safepoint "Cleanup", Time since last: 1000049596 ns, Reaching safepoint: 8700 ns, Cleanup: 20000 ns, At safepoint: 5700 ns, Total: 34400 ns
[218.687s][info ][safepoint      ] Safepoint "Cleanup", Time since last: 1000104697 ns, Reaching safepoint: 7600 ns, Cleanup: 7100 ns, At safepoint: 1800 ns, Total: 16500 ns
[220.111s][info ][gc,start       ] GC(18) Pause Young (Allocation Failure)
[220.172s][debug][gc,phases      ] GC(18) Scavenge 61.062ms
[220.172s][debug][gc,ref         ] GC(18) ReferenceProcessor::execute queues: 2, RefProcThreadModel::Multi, marks_oops_alive: false
[220.172s][debug][gc,ref         ] GC(18) Skipped KeepAliveFinalRefsPhase of Reference Processing: no references
[220.172s][debug][gc,ref         ] GC(18) ReferenceProcessor::execute queues: 1, RefProcThreadModel::Single, marks_oops_alive: false
[220.172s][debug][gc,phases      ] GC(18) Reference Processing 0.196ms
[220.173s][debug][gc,phases      ] GC(18)   VM Weak                        Min:  0.0, Avg:  0.0, Max:  0.0, Diff:  0.0, Sum:  0.0, Workers: 4
[220.173s][debug][gc,phases      ] GC(18)     Dead                           Min: 0, Avg:  0.0, Max: 0, Diff: 0, Sum: 0, Workers: 4
[220.173s][debug][gc,phases      ] GC(18)     Total                          Min: 0, Avg: 230.2, Max: 512, Diff: 512, Sum: 921, Workers: 4
[220.173s][debug][gc,phases      ] GC(18)   ObjectSynchronizer Weak        Min:  0.0, Avg:  0.0, Max:  0.0, Diff:  0.0, Sum:  0.0, Workers: 4
[220.173s][debug][gc,phases      ] GC(18)     Dead                           Min: 0, Avg:  0.0, Max: 0, Diff: 0, Sum: 0, Workers: 4
[220.173s][debug][gc,phases      ] GC(18)     Total                          Min: 0, Avg:  1.2, Max: 5, Diff: 5, Sum: 5, Workers: 4
[220.173s][debug][gc,phases      ] GC(18)   JVMTI Tag Weak OopStorage      Min:  0.0, Avg:  0.0, Max:  0.0, Diff:  0.0, Sum:  0.0, Workers: 4
[220.173s][debug][gc,phases      ] GC(18)     Dead                           Min: 0, Avg:  0.0, Max: 0, Diff: 0, Sum: 0, Workers: 4
[220.173s][debug][gc,phases      ] GC(18)     Total                          Min: 0, Avg:  0.0, Max: 0, Diff: 0, Sum: 0, Workers: 4
[220.173s][debug][gc,phases      ] GC(18)   StringTable Weak               Min:  0.0, Avg:  0.2, Max:  0.3, Diff:  0.3, Sum:  0.8, Workers: 4
[220.173s][debug][gc,phases      ] GC(18)     Dead                           Min: 0, Avg:  0.5, Max: 1, Diff: 1, Sum: 2, Workers: 4
[220.173s][debug][gc,phases      ] GC(18)     Total                          Min: 0, Avg: 11209.5, Max: 18726, Diff: 18726, Sum: 44838, Workers: 4
[220.173s][debug][gc,phases      ] GC(18)   ResolvedMethodTable Weak       Min:  0.0, Avg:  0.1, Max:  0.1, Diff:  0.1, Sum:  0.2, Workers: 4
[220.173s][debug][gc,phases      ] GC(18)     Dead                           Min: 0, Avg:  2.8, Max: 9, Diff: 9, Sum: 11, Workers: 4
[220.173s][debug][gc,phases      ] GC(18)     Total                          Min: 0, Avg: 3017.5, Max: 5034, Diff: 5034, Sum: 12070, Workers: 4
[220.173s][debug][gc,phases      ] GC(18)   JNI Weak                       Min:  0.0, Avg:  0.0, Max:  0.0, Diff:  0.0, Sum:  0.0, Workers: 4
[220.173s][debug][gc,phases      ] GC(18)     Dead                           Min: 0, Avg:  0.0, Max: 0, Diff: 0, Sum: 0, Workers: 4
[220.173s][debug][gc,phases      ] GC(18)     Total                          Min: 0, Avg: 12.0, Max: 48, Diff: 48, Sum: 48, Workers: 4
[220.173s][debug][gc,phases      ] GC(18)   StringDedup Table Weak         Min:  0.0, Avg:  0.0, Max:  0.0, Diff:  0.0, Sum:  0.0, Workers: 4
[220.173s][debug][gc,phases      ] GC(18)     Dead                           Min: 0, Avg:  0.0, Max: 0, Diff: 0, Sum: 0, Workers: 4
[220.173s][debug][gc,phases      ] GC(18)     Total                          Min: 0, Avg:  0.0, Max: 0, Diff: 0, Sum: 0, Workers: 4
[220.173s][debug][gc,phases      ] GC(18)   StringDedup Requests0 Weak     Min:  0.0, Avg:  0.0, Max:  0.0, Diff:  0.0, Sum:  0.0, Workers: 4
[220.173s][debug][gc,phases      ] GC(18)     Dead                           Min: 0, Avg:  0.0, Max: 0, Diff: 0, Sum: 0, Workers: 4
[220.173s][debug][gc,phases      ] GC(18)     Total                          Min: 0, Avg:  0.0, Max: 0, Diff: 0, Sum: 0, Workers: 4
[220.173s][debug][gc,phases      ] GC(18)   StringDedup Requests1 Weak     Min:  0.0, Avg:  0.0, Max:  0.0, Diff:  0.0, Sum:  0.0, Workers: 4
[220.173s][debug][gc,phases      ] GC(18)     Dead                           Min: 0, Avg:  0.0, Max: 0, Diff: 0, Sum: 0, Workers: 4
[220.173s][debug][gc,phases      ] GC(18)     Total                          Min: 0, Avg:  0.0, Max: 0, Diff: 0, Sum: 0, Workers: 4
[220.173s][debug][gc,phases      ] GC(18)   Weak JFR Old Object Samples    Min:  0.0, Avg:  0.0, Max:  0.0, Diff:  0.0, Sum:  0.0, Workers: 4
[220.173s][debug][gc,phases      ] GC(18)     Dead                           Min: 0, Avg:  0.0, Max: 0, Diff: 0, Sum: 0, Workers: 4
[220.173s][debug][gc,phases      ] GC(18)     Total                          Min: 0, Avg:  0.0, Max: 0, Diff: 0, Sum: 0, Workers: 4
[220.173s][debug][gc,phases      ] GC(18) Weak Processing 0.540ms
[220.173s][debug][gc,age         ] GC(18) Desired survivor size 384827392 bytes, new threshold 12 (max threshold 15)
[220.173s][info ][gc,heap        ] GC(18) PSYoungGen: 1504329K(1705472K)->196792K(1686016K) Eden: 1294336K(1294336K)->0K(1294336K) From: 209993K(411136K)->196792K(391680K)
[220.173s][info ][gc,heap        ] GC(18) ParOldGen: 160084K(269312K)->160092K(269312K)
[220.173s][info ][gc,metaspace   ] GC(18) Metaspace: 88014K(89216K)->88014K(89216K) NonClass: 75357K(76032K)->75357K(76032K) Class: 12656K(13184K)->12656K(13184K)
[220.173s][info ][gc             ] GC(18) Pause Young (Allocation Failure) 1625M->348M(1909M) 61.913ms
[220.173s][info ][gc,cpu         ] GC(18) User=0.21s Sys=0.00s Real=0.07s
[220.173s][info ][safepoint      ] Safepoint "ParallelGCFailedAllocation", Time since last: 1424387892 ns, Reaching safepoint: 5100 ns, Cleanup: 2800 ns, At safepoint: 61979252 ns, Total: 61987152 ns
[222.173s][info ][safepoint      ] Safepoint "Cleanup", Time since last: 2000166858 ns, Reaching safepoint: 7400 ns, Cleanup: 8600 ns, At safepoint: 2200 ns, Total: 18200 ns
[223.173s][info ][safepoint      ] Safepoint "Cleanup", Time since last: 1000110054 ns, Reaching safepoint: 7100 ns, Cleanup: 16600 ns, At safepoint: 2300 ns, Total: 26000 ns
[224.173s][info ][safepoint      ] Safepoint "Cleanup", Time since last: 1000101455 ns, Reaching safepoint: 6900 ns, Cleanup: 9900 ns, At safepoint: 2400 ns, Total: 19200 ns
[225.174s][info ][safepoint      ] Safepoint "Cleanup", Time since last: 1000105554 ns, Reaching safepoint: 7500 ns, Cleanup: 8300 ns, At safepoint: 2600 ns, Total: 18400 ns
[228.174s][info ][safepoint      ] Safepoint "Cleanup", Time since last: 3000185561 ns, Reaching safepoint: 6801 ns, Cleanup: 9500 ns, At safepoint: 2500 ns, Total: 18801 ns
[229.174s][info ][safepoint      ] Safepoint "Cleanup", Time since last: 1000103654 ns, Reaching safepoint: 6100 ns, Cleanup: 9100 ns, At safepoint: 1900 ns, Total: 17100 ns
[230.174s][info ][safepoint      ] Safepoint "Cleanup", Time since last: 1000107323 ns, Reaching safepoint: 7100 ns, Cleanup: 10300 ns, At safepoint: 2300 ns, Total: 19700 ns
[233.174s][info ][safepoint      ] Safepoint "Cleanup", Time since last: 3000151303 ns, Reaching safepoint: 7500 ns, Cleanup: 10300 ns, At safepoint: 2600 ns, Total: 20400 ns
[234.174s][info ][safepoint      ] Safepoint "Cleanup", Time since last: 1000108435 ns, Reaching safepoint: 7400 ns, Cleanup: 9900 ns, At safepoint: 2300 ns, Total: 19600 ns
[239.175s][info ][safepoint      ] Safepoint "Cleanup", Time since last: 5000357553 ns, Reaching safepoint: 6100 ns, Cleanup: 9400 ns, At safepoint: 1800 ns, Total: 17300 ns
[241.089s][info ][safepoint      ] Safepoint "Cleanup", Time since last: 1914277944 ns, Reaching safepoint: 7200 ns, Cleanup: 8300 ns, At safepoint: 2100 ns, Total: 17600 ns
[243.089s][info ][safepoint      ] Safepoint "Cleanup", Time since last: 2000141356 ns, Reaching safepoint: 7101 ns, Cleanup: 8700 ns, At safepoint: 2300 ns, Total: 18101 ns
[244.089s][info ][safepoint      ] Safepoint "Cleanup", Time since last: 1000098428 ns, Reaching safepoint: 21500 ns, Cleanup: 15700 ns, At safepoint: 8900 ns, Total: 46100 ns
[247.090s][info ][safepoint      ] Safepoint "Cleanup", Time since last: 3000236457 ns, Reaching safepoint: 7600 ns, Cleanup: 8800 ns, At safepoint: 2300 ns, Total: 18700 ns
[248.090s][info ][safepoint      ] Safepoint "Cleanup", Time since last: 1000126300 ns, Reaching safepoint: 8001 ns, Cleanup: 16100 ns, At safepoint: 2500 ns, Total: 26601 ns
[250.090s][info ][safepoint      ] Safepoint "Cleanup", Time since last: 2000126300 ns, Reaching safepoint: 7300 ns, Cleanup: 9300 ns, At safepoint: 2400 ns, Total: 19000 ns
[252.090s][info ][safepoint      ] Safepoint "Cleanup", Time since last: 2000133086 ns, Reaching safepoint: 8000 ns, Cleanup: 15300 ns, At safepoint: 2600 ns, Total: 25900 ns
[253.090s][info ][safepoint      ] Safepoint "Cleanup", Time since last: 1000112941 ns, Reaching safepoint: 7300 ns, Cleanup: 19701 ns, At safepoint: 2300 ns, Total: 29301 ns
[254.090s][info ][safepoint      ] Safepoint "Cleanup", Time since last: 1000094897 ns, Reaching safepoint: 6200 ns, Cleanup: 9700 ns, At safepoint: 1800 ns, Total: 17700 ns
[255.090s][info ][safepoint      ] Safepoint "Cleanup", Time since last: 1000109770 ns, Reaching safepoint: 7400 ns, Cleanup: 10000 ns, At safepoint: 4500 ns, Total: 21900 ns
[257.091s][info ][safepoint      ] Safepoint "Cleanup", Time since last: 2000170192 ns, Reaching safepoint: 7000 ns, Cleanup: 9301 ns, At safepoint: 2200 ns, Total: 18501 ns
[258.091s][info ][safepoint      ] Safepoint "Cleanup", Time since last: 1000098337 ns, Reaching safepoint: 6200 ns, Cleanup: 7300 ns, At safepoint: 1800 ns, Total: 15300 ns
[259.091s][info ][safepoint      ] Safepoint "Cleanup", Time since last: 1000090038 ns, Reaching safepoint: 6700 ns, Cleanup: 7400 ns, At safepoint: 1700 ns, Total: 15800 ns
[261.091s][info ][safepoint      ] Safepoint "Cleanup", Time since last: 2000156074 ns, Reaching safepoint: 5600 ns, Cleanup: 12201 ns, At safepoint: 1800 ns, Total: 19601 ns
[262.091s][info ][safepoint      ] Safepoint "Cleanup", Time since last: 1000092060 ns, Reaching safepoint: 6200 ns, Cleanup: 10000 ns, At safepoint: 1900 ns, Total: 18100 ns
[263.091s][info ][safepoint      ] Safepoint "Cleanup", Time since last: 1000095523 ns, Reaching safepoint: 6200 ns, Cleanup: 8400 ns, At safepoint: 1500 ns, Total: 16100 ns
[264.091s][info ][safepoint      ] Safepoint "Cleanup", Time since last: 1000090122 ns, Reaching safepoint: 6501 ns, Cleanup: 7900 ns, At safepoint: 5200 ns, Total: 19601 ns
[271.092s][info ][safepoint      ] Safepoint "Cleanup", Time since last: 7000485272 ns, Reaching safepoint: 6000 ns, Cleanup: 11400 ns, At safepoint: 1600 ns, Total: 19000 ns
[272.092s][info ][safepoint      ] Safepoint "Cleanup", Time since last: 1000105670 ns, Reaching safepoint: 5700 ns, Cleanup: 6900 ns, At safepoint: 1800 ns, Total: 14400 ns
[273.092s][info ][safepoint      ] Safepoint "Cleanup", Time since last: 1000104670 ns, Reaching safepoint: 7600 ns, Cleanup: 7000 ns, At safepoint: 5400 ns, Total: 20000 ns
[274.092s][info ][safepoint      ] Safepoint "Cleanup", Time since last: 1000104170 ns, Reaching safepoint: 6800 ns, Cleanup: 22400 ns, At safepoint: 1901 ns, Total: 31101 ns
[277.092s][info ][safepoint      ] Safepoint "Cleanup", Time since last: 3000173608 ns, Reaching safepoint: 6100 ns, Cleanup: 7000 ns, At safepoint: 1900 ns, Total: 15000 ns
[280.406s][info ][gc,start       ] GC(19) Pause Young (Allocation Failure)
[280.463s][debug][gc,phases      ] GC(19) Scavenge 57.056ms
[280.463s][debug][gc,ref         ] GC(19) ReferenceProcessor::execute queues: 1, RefProcThreadModel::Single, marks_oops_alive: false
[280.463s][debug][gc,ref         ] GC(19) Skipped KeepAliveFinalRefsPhase of Reference Processing: no references
[280.463s][debug][gc,ref         ] GC(19) ReferenceProcessor::execute queues: 1, RefProcThreadModel::Single, marks_oops_alive: false
[280.463s][debug][gc,phases      ] GC(19) Reference Processing 0.193ms
[280.463s][debug][gc,phases      ] GC(19)   VM Weak                        Min:  0.0, Avg:  0.0, Max:  0.0, Diff:  0.0, Sum:  0.0, Workers: 4
[280.463s][debug][gc,phases      ] GC(19)     Dead                           Min: 0, Avg:  0.0, Max: 0, Diff: 0, Sum: 0, Workers: 4
[280.463s][debug][gc,phases      ] GC(19)     Total                          Min: 0, Avg: 230.2, Max: 512, Diff: 512, Sum: 921, Workers: 4
[280.463s][debug][gc,phases      ] GC(19)   ObjectSynchronizer Weak        Min:  0.0, Avg:  0.0, Max:  0.0, Diff:  0.0, Sum:  0.0, Workers: 4
[280.463s][debug][gc,phases      ] GC(19)     Dead                           Min: 0, Avg:  0.0, Max: 0, Diff: 0, Sum: 0, Workers: 4
[280.463s][debug][gc,phases      ] GC(19)     Total                          Min: 0, Avg:  0.8, Max: 3, Diff: 3, Sum: 3, Workers: 4
[280.463s][debug][gc,phases      ] GC(19)   JVMTI Tag Weak OopStorage      Min:  0.0, Avg:  0.0, Max:  0.0, Diff:  0.0, Sum:  0.0, Workers: 4
[280.463s][debug][gc,phases      ] GC(19)     Dead                           Min: 0, Avg:  0.0, Max: 0, Diff: 0, Sum: 0, Workers: 4
[280.463s][debug][gc,phases      ] GC(19)     Total                          Min: 0, Avg:  0.0, Max: 0, Diff: 0, Sum: 0, Workers: 4
[280.463s][debug][gc,phases      ] GC(19)   StringTable Weak               Min:  0.0, Avg:  0.2, Max:  0.3, Diff:  0.3, Sum:  0.8, Workers: 4
[280.463s][debug][gc,phases      ] GC(19)     Dead                           Min: 0, Avg:  0.0, Max: 0, Diff: 0, Sum: 0, Workers: 4
[280.463s][debug][gc,phases      ] GC(19)     Total                          Min: 0, Avg: 11214.2, Max: 18489, Diff: 18489, Sum: 44857, Workers: 4
[280.463s][debug][gc,phases      ] GC(19)   ResolvedMethodTable Weak       Min:  0.0, Avg:  0.1, Max:  0.1, Diff:  0.1, Sum:  0.3, Workers: 4
[280.463s][debug][gc,phases      ] GC(19)     Dead                           Min: 0, Avg:  0.0, Max: 0, Diff: 0, Sum: 0, Workers: 4
[280.463s][debug][gc,phases      ] GC(19)     Total                          Min: 0, Avg: 3017.5, Max: 5181, Diff: 5181, Sum: 12070, Workers: 4
[280.463s][debug][gc,phases      ] GC(19)   JNI Weak                       Min:  0.0, Avg:  0.0, Max:  0.0, Diff:  0.0, Sum:  0.0, Workers: 4
[280.463s][debug][gc,phases      ] GC(19)     Dead                           Min: 0, Avg:  0.0, Max: 0, Diff: 0, Sum: 0, Workers: 4
[280.463s][debug][gc,phases      ] GC(19)     Total                          Min: 0, Avg: 12.0, Max: 48, Diff: 48, Sum: 48, Workers: 4
[280.463s][debug][gc,phases      ] GC(19)   StringDedup Table Weak         Min:  0.0, Avg:  0.0, Max:  0.0, Diff:  0.0, Sum:  0.0, Workers: 4
[280.463s][debug][gc,phases      ] GC(19)     Dead                           Min: 0, Avg:  0.0, Max: 0, Diff: 0, Sum: 0, Workers: 4
[280.463s][debug][gc,phases      ] GC(19)     Total                          Min: 0, Avg:  0.0, Max: 0, Diff: 0, Sum: 0, Workers: 4
[280.463s][debug][gc,phases      ] GC(19)   StringDedup Requests0 Weak     Min:  0.0, Avg:  0.0, Max:  0.0, Diff:  0.0, Sum:  0.0, Workers: 4
[280.463s][debug][gc,phases      ] GC(19)     Dead                           Min: 0, Avg:  0.0, Max: 0, Diff: 0, Sum: 0, Workers: 4
[280.463s][debug][gc,phases      ] GC(19)     Total                          Min: 0, Avg:  0.0, Max: 0, Diff: 0, Sum: 0, Workers: 4
[280.463s][debug][gc,phases      ] GC(19)   StringDedup Requests1 Weak     Min:  0.0, Avg:  0.0, Max:  0.0, Diff:  0.0, Sum:  0.0, Workers: 4
[280.463s][debug][gc,phases      ] GC(19)     Dead                           Min: 0, Avg:  0.0, Max: 0, Diff: 0, Sum: 0, Workers: 4
[280.463s][debug][gc,phases      ] GC(19)     Total                          Min: 0, Avg:  0.0, Max: 0, Diff: 0, Sum: 0, Workers: 4
[280.463s][debug][gc,phases      ] GC(19)   Weak JFR Old Object Samples    Min:  0.0, Avg:  0.0, Max:  0.0, Diff:  0.0, Sum:  0.0, Workers: 4
[280.463s][debug][gc,phases      ] GC(19)     Dead                           Min: 0, Avg:  0.0, Max: 0, Diff: 0, Sum: 0, Workers: 4
[280.463s][debug][gc,phases      ] GC(19)     Total                          Min: 0, Avg:  0.0, Max: 0, Diff: 0, Sum: 0, Workers: 4
[280.463s][debug][gc,phases      ] GC(19) Weak Processing 0.533ms
[280.463s][debug][gc,age         ] GC(19) Desired survivor size 370147328 bytes, new threshold 13 (max threshold 15)
[280.463s][info ][gc,heap        ] GC(19) PSYoungGen: 1491128K(1686016K)->197032K(1735680K) Eden: 1294336K(1294336K)->0K(1359872K) From: 196792K(391680K)->197032K(375808K)
[280.463s][info ][gc,heap        ] GC(19) ParOldGen: 160092K(269312K)->160100K(269312K)
[280.463s][info ][gc,metaspace   ] GC(19) Metaspace: 88079K(89280K)->88079K(89280K) NonClass: 75422K(76096K)->75422K(76096K) Class: 12656K(13184K)->12656K(13184K)
[280.464s][info ][gc             ] GC(19) Pause Young (Allocation Failure) 1612M->348M(1958M) 57.903ms
[280.464s][info ][gc,cpu         ] GC(19) User=0.19s Sys=0.01s Real=0.06s
[280.464s][info ][safepoint      ] Safepoint "ParallelGCFailedAllocation", Time since last: 3313170517 ns, Reaching safepoint: 5800 ns, Cleanup: 2900 ns, At safepoint: 57963397 ns, Total: 57972097 ns
[282.464s][info ][safepoint      ] Safepoint "Cleanup", Time since last: 2000138843 ns, Reaching safepoint: 7000 ns, Cleanup: 9800 ns, At safepoint: 2100 ns, Total: 18900 ns
[285.464s][info ][safepoint      ] Safepoint "Cleanup", Time since last: 3000228922 ns, Reaching safepoint: 5700 ns, Cleanup: 11300 ns, At safepoint: 1700 ns, Total: 18700 ns
[286.464s][info ][safepoint      ] Safepoint "Cleanup", Time since last: 1000091034 ns, Reaching safepoint: 6300 ns, Cleanup: 6900 ns, At safepoint: 2000 ns, Total: 15200 ns
[287.464s][info ][safepoint      ] Safepoint "Cleanup", Time since last: 1000095234 ns, Reaching safepoint: 6200 ns, Cleanup: 9500 ns, At safepoint: 1700 ns, Total: 17400 ns
[291.464s][info ][safepoint      ] Safepoint "Cleanup", Time since last: 4000295635 ns, Reaching safepoint: 8200 ns, Cleanup: 21700 ns, At safepoint: 5500 ns, Total: 35400 ns
[294.465s][info ][safepoint      ] Safepoint "Cleanup", Time since last: 3000220855 ns, Reaching safepoint: 6000 ns, Cleanup: 7600 ns, At safepoint: 2100 ns, Total: 15700 ns
[296.465s][info ][safepoint      ] Safepoint "Cleanup", Time since last: 2000152892 ns, Reaching safepoint: 5600 ns, Cleanup: 7200 ns, At safepoint: 1800 ns, Total: 14600 ns
[297.465s][info ][safepoint      ] Safepoint "Cleanup", Time since last: 1000092196 ns, Reaching safepoint: 6000 ns, Cleanup: 8000 ns, At safepoint: 1900 ns, Total: 15900 ns
[299.465s][info ][safepoint      ] Safepoint "Cleanup", Time since last: 2000163091 ns, Reaching safepoint: 6600 ns, Cleanup: 10700 ns, At safepoint: 2000 ns, Total: 19300 ns
[302.465s][info ][safepoint      ] Safepoint "Cleanup", Time since last: 3000227520 ns, Reaching safepoint: 6700 ns, Cleanup: 11200 ns, At safepoint: 2200 ns, Total: 20100 ns
[308.466s][info ][safepoint      ] Safepoint "Cleanup", Time since last: 6000387410 ns, Reaching safepoint: 5300 ns, Cleanup: 6300 ns, At safepoint: 1600 ns, Total: 13200 ns
[313.466s][info ][safepoint      ] Safepoint "Cleanup", Time since last: 5000301910 ns, Reaching safepoint: 5900 ns, Cleanup: 38401 ns, At safepoint: 5300 ns, Total: 49601 ns
[314.466s][info ][safepoint      ] Safepoint "Cleanup", Time since last: 1000104136 ns, Reaching safepoint: 7000 ns, Cleanup: 28301 ns, At safepoint: 7800 ns, Total: 43101 ns
[316.466s][info ][safepoint      ] Safepoint "Cleanup", Time since last: 2000122172 ns, Reaching safepoint: 6100 ns, Cleanup: 11300 ns, At safepoint: 1500 ns, Total: 18900 ns
[317.575s][info ][safepoint      ] Safepoint "Cleanup", Time since last: 1108633262 ns, Reaching safepoint: 6400 ns, Cleanup: 86801 ns, At safepoint: 5600 ns, Total: 98801 ns
[318.575s][info ][safepoint      ] Safepoint "Cleanup", Time since last: 1000079932 ns, Reaching safepoint: 6100 ns, Cleanup: 10900 ns, At safepoint: 1600 ns, Total: 18600 ns
[319.575s][info ][safepoint      ] Safepoint "Cleanup", Time since last: 1000090032 ns, Reaching safepoint: 5900 ns, Cleanup: 9800 ns, At safepoint: 1700 ns, Total: 17400 ns
[330.576s][info ][safepoint      ] Safepoint "Cleanup", Time since last: 11000727326 ns, Reaching safepoint: 6500 ns, Cleanup: 17301 ns, At safepoint: 1600 ns, Total: 25401 ns
[332.576s][info ][safepoint      ] Safepoint "Cleanup", Time since last: 2000171732 ns, Reaching safepoint: 6300 ns, Cleanup: 37200 ns, At safepoint: 1700 ns, Total: 45200 ns
[333.577s][info ][safepoint      ] Safepoint "Cleanup", Time since last: 1000117336 ns, Reaching safepoint: 6200 ns, Cleanup: 12400 ns, At safepoint: 1800 ns, Total: 20400 ns
[334.577s][info ][safepoint      ] Safepoint "Cleanup", Time since last: 1000106149 ns, Reaching safepoint: 5700 ns, Cleanup: 8700 ns, At safepoint: 1500 ns, Total: 15900 ns
[335.577s][info ][safepoint      ] Safepoint "Cleanup", Time since last: 1000092749 ns, Reaching safepoint: 6700 ns, Cleanup: 12400 ns, At safepoint: 6000 ns, Total: 25100 ns
[336.577s][info ][safepoint      ] Safepoint "Cleanup", Time since last: 1000100449 ns, Reaching safepoint: 6300 ns, Cleanup: 13200 ns, At safepoint: 1600 ns, Total: 21100 ns
[342.577s][info ][safepoint      ] Safepoint "Cleanup", Time since last: 6000381388 ns, Reaching safepoint: 6400 ns, Cleanup: 6200 ns, At safepoint: 1900 ns, Total: 14500 ns
[342.604s][info ][gc,start       ] GC(20) Pause Young (Allocation Failure)
[342.655s][debug][gc,phases      ] GC(20) Scavenge 50.475ms
[342.655s][debug][gc,ref         ] GC(20) ReferenceProcessor::execute queues: 2, RefProcThreadModel::Multi, marks_oops_alive: false
[342.655s][debug][gc,ref         ] GC(20) Skipped KeepAliveFinalRefsPhase of Reference Processing: no references
[342.655s][debug][gc,ref         ] GC(20) ReferenceProcessor::execute queues: 1, RefProcThreadModel::Single, marks_oops_alive: false
[342.655s][debug][gc,phases      ] GC(20) Reference Processing 0.213ms
[342.655s][debug][gc,phases      ] GC(20)   VM Weak                        Min:  0.0, Avg:  0.0, Max:  0.0, Diff:  0.0, Sum:  0.0, Workers: 4
[342.655s][debug][gc,phases      ] GC(20)     Dead                           Min: 0, Avg:  0.0, Max: 0, Diff: 0, Sum: 0, Workers: 4
[342.655s][debug][gc,phases      ] GC(20)     Total                          Min: 0, Avg: 231.2, Max: 512, Diff: 512, Sum: 925, Workers: 4
[342.655s][debug][gc,phases      ] GC(20)   ObjectSynchronizer Weak        Min:  0.0, Avg:  0.0, Max:  0.0, Diff:  0.0, Sum:  0.0, Workers: 4
[342.655s][debug][gc,phases      ] GC(20)     Dead                           Min: 0, Avg:  0.2, Max: 1, Diff: 1, Sum: 1, Workers: 4
[342.655s][debug][gc,phases      ] GC(20)     Total                          Min: 0, Avg:  1.0, Max: 4, Diff: 4, Sum: 4, Workers: 4
[342.655s][debug][gc,phases      ] GC(20)   JVMTI Tag Weak OopStorage      Min:  0.0, Avg:  0.0, Max:  0.0, Diff:  0.0, Sum:  0.0, Workers: 4
[342.655s][debug][gc,phases      ] GC(20)     Dead                           Min: 0, Avg:  0.0, Max: 0, Diff: 0, Sum: 0, Workers: 4
[342.655s][debug][gc,phases      ] GC(20)     Total                          Min: 0, Avg:  0.0, Max: 0, Diff: 0, Sum: 0, Workers: 4
[342.655s][debug][gc,phases      ] GC(20)   StringTable Weak               Min:  0.0, Avg:  0.2, Max:  0.2, Diff:  0.2, Sum:  0.7, Workers: 4
[342.655s][debug][gc,phases      ] GC(20)     Dead                           Min: 0, Avg:  0.5, Max: 2, Diff: 2, Sum: 2, Workers: 4
[342.655s][debug][gc,phases      ] GC(20)     Total                          Min: 0, Avg: 11236.2, Max: 18624, Diff: 18624, Sum: 44945, Workers: 4
[342.655s][debug][gc,phases      ] GC(20)   ResolvedMethodTable Weak       Min:  0.0, Avg:  0.1, Max:  0.1, Diff:  0.1, Sum:  0.3, Workers: 4
[342.655s][debug][gc,phases      ] GC(20)     Dead                           Min: 0, Avg:  1.8, Max: 6, Diff: 6, Sum: 7, Workers: 4
[342.655s][debug][gc,phases      ] GC(20)     Total                          Min: 0, Avg: 3029.0, Max: 4926, Diff: 4926, Sum: 12116, Workers: 4
[342.655s][debug][gc,phases      ] GC(20)   JNI Weak                       Min:  0.0, Avg:  0.0, Max:  0.0, Diff:  0.0, Sum:  0.0, Workers: 4
[342.655s][debug][gc,phases      ] GC(20)     Dead                           Min: 0, Avg:  0.0, Max: 0, Diff: 0, Sum: 0, Workers: 4
[342.655s][debug][gc,phases      ] GC(20)     Total                          Min: 0, Avg: 12.0, Max: 48, Diff: 48, Sum: 48, Workers: 4
[342.655s][debug][gc,phases      ] GC(20)   StringDedup Table Weak         Min:  0.0, Avg:  0.0, Max:  0.0, Diff:  0.0, Sum:  0.0, Workers: 4
[342.655s][debug][gc,phases      ] GC(20)     Dead                           Min: 0, Avg:  0.0, Max: 0, Diff: 0, Sum: 0, Workers: 4
[342.655s][debug][gc,phases      ] GC(20)     Total                          Min: 0, Avg:  0.0, Max: 0, Diff: 0, Sum: 0, Workers: 4
[342.655s][debug][gc,phases      ] GC(20)   StringDedup Requests0 Weak     Min:  0.0, Avg:  0.0, Max:  0.0, Diff:  0.0, Sum:  0.0, Workers: 4
[342.655s][debug][gc,phases      ] GC(20)     Dead                           Min: 0, Avg:  0.0, Max: 0, Diff: 0, Sum: 0, Workers: 4
[342.655s][debug][gc,phases      ] GC(20)     Total                          Min: 0, Avg:  0.0, Max: 0, Diff: 0, Sum: 0, Workers: 4
[342.655s][debug][gc,phases      ] GC(20)   StringDedup Requests1 Weak     Min:  0.0, Avg:  0.0, Max:  0.0, Diff:  0.0, Sum:  0.0, Workers: 4
[342.655s][debug][gc,phases      ] GC(20)     Dead                           Min: 0, Avg:  0.0, Max: 0, Diff: 0, Sum: 0, Workers: 4
[342.655s][debug][gc,phases      ] GC(20)     Total                          Min: 0, Avg:  0.0, Max: 0, Diff: 0, Sum: 0, Workers: 4
[342.655s][debug][gc,phases      ] GC(20)   Weak JFR Old Object Samples    Min:  0.0, Avg:  0.0, Max:  0.0, Diff:  0.0, Sum:  0.0, Workers: 4
[342.655s][debug][gc,phases      ] GC(20)     Dead                           Min: 0, Avg:  0.0, Max: 0, Diff: 0, Sum: 0, Workers: 4
[342.655s][debug][gc,phases      ] GC(20)     Total                          Min: 0, Avg:  0.0, Max: 0, Diff: 0, Sum: 0, Workers: 4
[342.655s][debug][gc,phases      ] GC(20) Weak Processing 0.511ms
[342.655s][debug][gc,age         ] GC(20) Desired survivor size 356515840 bytes, new threshold 14 (max threshold 15)
[342.655s][info ][gc,heap        ] GC(20) PSYoungGen: 1556904K(1735680K)->197120K(1721344K) Eden: 1359872K(1359872K)->0K(1359872K) From: 197032K(375808K)->197120K(361472K)
[342.655s][info ][gc,heap        ] GC(20) ParOldGen: 160100K(269312K)->160108K(269312K)
[342.655s][info ][gc,metaspace   ] GC(20) Metaspace: 88352K(89536K)->88352K(89536K) NonClass: 75669K(76352K)->75669K(76352K) Class: 12683K(13184K)->12683K(13184K)
[342.655s][info ][gc             ] GC(20) Pause Young (Allocation Failure) 1676M->348M(1944M) 51.309ms
[342.655s][info ][gc,cpu         ] GC(20) User=0.19s Sys=0.00s Real=0.05s
[342.655s][info ][safepoint      ] Safepoint "ParallelGCFailedAllocation", Time since last: 26616814 ns, Reaching safepoint: 76701 ns, Cleanup: 2100 ns, At safepoint: 51376513 ns, Total: 51455314 ns
[345.656s][info ][safepoint      ] Safepoint "Cleanup", Time since last: 3000201029 ns, Reaching safepoint: 78301 ns, Cleanup: 9300 ns, At safepoint: 5300 ns, Total: 92901 ns
[352.656s][info ][safepoint      ] Safepoint "Cleanup", Time since last: 7000526060 ns, Reaching safepoint: 82801 ns, Cleanup: 8800 ns, At safepoint: 5500 ns, Total: 97101 ns
[356.657s][info ][safepoint      ] Safepoint "Cleanup", Time since last: 4000300647 ns, Reaching safepoint: 75500 ns, Cleanup: 8200 ns, At safepoint: 5700 ns, Total: 89400 ns
[362.124s][info ][safepoint      ] Safepoint "Cleanup", Time since last: 5467801954 ns, Reaching safepoint: 6600 ns, Cleanup: 15200 ns, At safepoint: 1900 ns, Total: 23700 ns
[368.125s][info ][safepoint      ] Safepoint "Cleanup", Time since last: 6000410374 ns, Reaching safepoint: 5800 ns, Cleanup: 7900 ns, At safepoint: 20000 ns, Total: 33700 ns
[371.125s][info ][safepoint      ] Safepoint "Cleanup", Time since last: 3000217517 ns, Reaching safepoint: 6100 ns, Cleanup: 7100 ns, At safepoint: 1600 ns, Total: 14800 ns
[375.125s][info ][safepoint      ] Safepoint "Cleanup", Time since last: 4000292535 ns, Reaching safepoint: 6600 ns, Cleanup: 7300 ns, At safepoint: 2300 ns, Total: 16200 ns
[376.126s][info ][safepoint      ] Safepoint "Cleanup", Time since last: 1000105274 ns, Reaching safepoint: 7500 ns, Cleanup: 24700 ns, At safepoint: 1700 ns, Total: 33900 ns
[377.126s][info ][safepoint      ] Safepoint "Cleanup", Time since last: 1000081473 ns, Reaching safepoint: 5900 ns, Cleanup: 32000 ns, At safepoint: 2000 ns, Total: 39900 ns
[378.126s][info ][safepoint      ] Safepoint "Cleanup", Time since last: 1000096874 ns, Reaching safepoint: 5800 ns, Cleanup: 7500 ns, At safepoint: 1900 ns, Total: 15200 ns
[379.126s][info ][safepoint      ] Safepoint "Cleanup", Time since last: 1000102273 ns, Reaching safepoint: 5600 ns, Cleanup: 10300 ns, At safepoint: 2300 ns, Total: 18200 ns
[383.126s][info ][safepoint      ] Safepoint "Cleanup", Time since last: 4000299664 ns, Reaching safepoint: 5400 ns, Cleanup: 8100 ns, At safepoint: 2100 ns, Total: 15600 ns
[388.127s][info ][safepoint      ] Safepoint "Cleanup", Time since last: 5000313795 ns, Reaching safepoint: 6000 ns, Cleanup: 8100 ns, At safepoint: 1700 ns, Total: 15800 ns
[389.127s][info ][safepoint      ] Safepoint "Cleanup", Time since last: 1000066459 ns, Reaching safepoint: 5300 ns, Cleanup: 10200 ns, At safepoint: 1900 ns, Total: 17400 ns
[390.127s][info ][safepoint      ] Safepoint "Cleanup", Time since last: 1000104243 ns, Reaching safepoint: 7100 ns, Cleanup: 18800 ns, At safepoint: 5501 ns, Total: 31401 ns
[391.127s][info ][safepoint      ] Safepoint "Cleanup", Time since last: 1000087407 ns, Reaching safepoint: 5600 ns, Cleanup: 7900 ns, At safepoint: 1700 ns, Total: 15200 ns
[392.127s][info ][safepoint      ] Safepoint "Cleanup", Time since last: 1000105608 ns, Reaching safepoint: 6300 ns, Cleanup: 6200 ns, At safepoint: 2200 ns, Total: 14700 ns
[394.127s][info ][safepoint      ] Safepoint "Cleanup", Time since last: 2000119198 ns, Reaching safepoint: 5700 ns, Cleanup: 6100 ns, At safepoint: 1800 ns, Total: 13600 ns
[395.127s][info ][safepoint      ] Safepoint "Cleanup", Time since last: 1000106247 ns, Reaching safepoint: 6400 ns, Cleanup: 5900 ns, At safepoint: 1800 ns, Total: 14100 ns
[398.128s][info ][safepoint      ] Safepoint "Cleanup", Time since last: 3000216106 ns, Reaching safepoint: 5200 ns, Cleanup: 8700 ns, At safepoint: 1700 ns, Total: 15600 ns
[400.128s][info ][safepoint      ] Safepoint "Cleanup", Time since last: 2000136406 ns, Reaching safepoint: 5500 ns, Cleanup: 11900 ns, At safepoint: 1600 ns, Total: 19000 ns
[401.128s][info ][safepoint      ] Safepoint "Cleanup", Time since last: 1000094004 ns, Reaching safepoint: 5100 ns, Cleanup: 8000 ns, At safepoint: 1600 ns, Total: 14700 ns
[402.128s][info ][safepoint      ] Safepoint "Cleanup", Time since last: 1000086103 ns, Reaching safepoint: 13900 ns, Cleanup: 10000 ns, At safepoint: 1800 ns, Total: 25700 ns
[402.354s][info ][gc,start       ] GC(21) Pause Young (Allocation Failure)
[402.413s][debug][gc,phases      ] GC(21) Scavenge 58.551ms
[402.413s][debug][gc,ref         ] GC(21) ReferenceProcessor::execute queues: 2, RefProcThreadModel::Multi, marks_oops_alive: false
[402.413s][debug][gc,ref         ] GC(21) Skipped KeepAliveFinalRefsPhase of Reference Processing: no references
[402.413s][debug][gc,ref         ] GC(21) ReferenceProcessor::execute queues: 1, RefProcThreadModel::Single, marks_oops_alive: false
[402.413s][debug][gc,phases      ] GC(21) Reference Processing 0.234ms
[402.413s][debug][gc,phases      ] GC(21)   VM Weak                        Min:  0.0, Avg:  0.0, Max:  0.0, Diff:  0.0, Sum:  0.0, Workers: 4
[402.413s][debug][gc,phases      ] GC(21)     Dead                           Min: 0, Avg:  0.0, Max: 0, Diff: 0, Sum: 0, Workers: 4
[402.413s][debug][gc,phases      ] GC(21)     Total                          Min: 0, Avg: 231.2, Max: 832, Diff: 832, Sum: 925, Workers: 4
[402.413s][debug][gc,phases      ] GC(21)   ObjectSynchronizer Weak        Min:  0.0, Avg:  0.0, Max:  0.0, Diff:  0.0, Sum:  0.0, Workers: 4
[402.413s][debug][gc,phases      ] GC(21)     Dead                           Min: 0, Avg:  0.0, Max: 0, Diff: 0, Sum: 0, Workers: 4
[402.413s][debug][gc,phases      ] GC(21)     Total                          Min: 0, Avg:  1.0, Max: 4, Diff: 4, Sum: 4, Workers: 4
[402.413s][debug][gc,phases      ] GC(21)   JVMTI Tag Weak OopStorage      Min:  0.0, Avg:  0.0, Max:  0.0, Diff:  0.0, Sum:  0.0, Workers: 4
[402.413s][debug][gc,phases      ] GC(21)     Dead                           Min: 0, Avg:  0.0, Max: 0, Diff: 0, Sum: 0, Workers: 4
[402.413s][debug][gc,phases      ] GC(21)     Total                          Min: 0, Avg:  0.0, Max: 0, Diff: 0, Sum: 0, Workers: 4
[402.413s][debug][gc,phases      ] GC(21)   StringTable Weak               Min:  0.0, Avg:  0.2, Max:  0.3, Diff:  0.3, Sum:  0.6, Workers: 4
[402.413s][debug][gc,phases      ] GC(21)     Dead                           Min: 0, Avg:  0.0, Max: 0, Diff: 0, Sum: 0, Workers: 4
[402.413s][debug][gc,phases      ] GC(21)     Total                          Min: 0, Avg: 11246.2, Max: 26809, Diff: 26809, Sum: 44985, Workers: 4
[402.413s][debug][gc,phases      ] GC(21)   ResolvedMethodTable Weak       Min:  0.0, Avg:  0.1, Max:  0.1, Diff:  0.1, Sum:  0.2, Workers: 4
[402.413s][debug][gc,phases      ] GC(21)     Dead                           Min: 0, Avg:  0.0, Max: 0, Diff: 0, Sum: 0, Workers: 4
[402.413s][debug][gc,phases      ] GC(21)     Total                          Min: 0, Avg: 3029.0, Max: 7124, Diff: 7124, Sum: 12116, Workers: 4
[402.413s][debug][gc,phases      ] GC(21)   JNI Weak                       Min:  0.0, Avg:  0.0, Max:  0.0, Diff:  0.0, Sum:  0.0, Workers: 4
[402.413s][debug][gc,phases      ] GC(21)     Dead                           Min: 0, Avg:  0.0, Max: 0, Diff: 0, Sum: 0, Workers: 4
[402.413s][debug][gc,phases      ] GC(21)     Total                          Min: 0, Avg: 12.0, Max: 48, Diff: 48, Sum: 48, Workers: 4
[402.413s][debug][gc,phases      ] GC(21)   StringDedup Table Weak         Min:  0.0, Avg:  0.0, Max:  0.0, Diff:  0.0, Sum:  0.0, Workers: 4
[402.413s][debug][gc,phases      ] GC(21)     Dead                           Min: 0, Avg:  0.0, Max: 0, Diff: 0, Sum: 0, Workers: 4
[402.413s][debug][gc,phases      ] GC(21)     Total                          Min: 0, Avg:  0.0, Max: 0, Diff: 0, Sum: 0, Workers: 4
[402.413s][debug][gc,phases      ] GC(21)   StringDedup Requests0 Weak     Min:  0.0, Avg:  0.0, Max:  0.0, Diff:  0.0, Sum:  0.0, Workers: 4
[402.413s][debug][gc,phases      ] GC(21)     Dead                           Min: 0, Avg:  0.0, Max: 0, Diff: 0, Sum: 0, Workers: 4
[402.413s][debug][gc,phases      ] GC(21)     Total                          Min: 0, Avg:  0.0, Max: 0, Diff: 0, Sum: 0, Workers: 4
[402.413s][debug][gc,phases      ] GC(21)   StringDedup Requests1 Weak     Min:  0.0, Avg:  0.0, Max:  0.0, Diff:  0.0, Sum:  0.0, Workers: 4
[402.413s][debug][gc,phases      ] GC(21)     Dead                           Min: 0, Avg:  0.0, Max: 0, Diff: 0, Sum: 0, Workers: 4
[402.413s][debug][gc,phases      ] GC(21)     Total                          Min: 0, Avg:  0.0, Max: 0, Diff: 0, Sum: 0, Workers: 4
[402.413s][debug][gc,phases      ] GC(21)   Weak JFR Old Object Samples    Min:  0.0, Avg:  0.0, Max:  0.0, Diff:  0.0, Sum:  0.0, Workers: 4
[402.413s][debug][gc,phases      ] GC(21)     Dead                           Min: 0, Avg:  0.0, Max: 0, Diff: 0, Sum: 0, Workers: 4
[402.413s][debug][gc,phases      ] GC(21)     Total                          Min: 0, Avg:  0.0, Max: 0, Diff: 0, Sum: 0, Workers: 4
[402.413s][debug][gc,phases      ] GC(21) Weak Processing 0.663ms
[402.413s][debug][gc,age         ] GC(21) Desired survivor size 343932928 bytes, new threshold 15 (max threshold 15)
[402.413s][info ][gc,heap        ] GC(21) PSYoungGen: 1556992K(1721344K)->196870K(1761280K) Eden: 1359872K(1359872K)->0K(1413120K) From: 197120K(361472K)->196870K(348160K)
[402.413s][info ][gc,heap        ] GC(21) ParOldGen: 160108K(269312K)->160116K(269312K)
[402.413s][info ][gc,metaspace   ] GC(21) Metaspace: 88422K(89600K)->88422K(89600K) NonClass: 75739K(76416K)->75739K(76416K) Class: 12683K(13184K)->12683K(13184K)
[402.414s][info ][gc             ] GC(21) Pause Young (Allocation Failure) 1676M->348M(1983M) 59.566ms
[402.414s][info ][gc,cpu         ] GC(21) User=0.21s Sys=0.00s Real=0.06s
[402.414s][info ][safepoint      ] Safepoint "ParallelGCFailedAllocation", Time since last: 225980554 ns, Reaching safepoint: 5100 ns, Cleanup: 3100 ns, At safepoint: 59633189 ns, Total: 59641389 ns
[403.414s][info ][safepoint      ] Safepoint "Cleanup", Time since last: 1000066503 ns, Reaching safepoint: 5900 ns, Cleanup: 13000 ns, At safepoint: 1700 ns, Total: 20600 ns
[406.414s][info ][safepoint      ] Safepoint "Cleanup", Time since last: 3000210672 ns, Reaching safepoint: 5900 ns, Cleanup: 8500 ns, At safepoint: 1900 ns, Total: 16300 ns
[408.414s][info ][safepoint      ] Safepoint "Cleanup", Time since last: 2000167351 ns, Reaching safepoint: 5300 ns, Cleanup: 8800 ns, At safepoint: 4600 ns, Total: 18700 ns
[413.414s][info ][safepoint      ] Safepoint "Cleanup", Time since last: 5000351648 ns, Reaching safepoint: 5300 ns, Cleanup: 15300 ns, At safepoint: 2000 ns, Total: 22600 ns
[416.415s][info ][safepoint      ] Safepoint "Cleanup", Time since last: 3000224141 ns, Reaching safepoint: 5500 ns, Cleanup: 17900 ns, At safepoint: 2000 ns, Total: 25400 ns
[418.415s][info ][safepoint      ] Safepoint "Cleanup", Time since last: 2000153795 ns, Reaching safepoint: 5900 ns, Cleanup: 37200 ns, At safepoint: 1900 ns, Total: 45000 ns
[419.415s][info ][safepoint      ] Safepoint "Cleanup", Time since last: 1000103247 ns, Reaching safepoint: 5800 ns, Cleanup: 31501 ns, At safepoint: 1900 ns, Total: 39201 ns
[421.139s][info ][safepoint      ] Safepoint "Cleanup", Time since last: 1724115473 ns, Reaching safepoint: 6200 ns, Cleanup: 7300 ns, At safepoint: 2500 ns, Total: 16000 ns
[424.139s][info ][safepoint      ] Safepoint "Cleanup", Time since last: 3000198335 ns, Reaching safepoint: 6700 ns, Cleanup: 12000 ns, At safepoint: 25200 ns, Total: 43900 ns
[428.140s][info ][safepoint      ] Safepoint "Cleanup", Time since last: 4000254853 ns, Reaching safepoint: 5400 ns, Cleanup: 6900 ns, At safepoint: 1900 ns, Total: 14200 ns
[429.140s][info ][safepoint      ] Safepoint "Cleanup", Time since last: 1000099228 ns, Reaching safepoint: 5500 ns, Cleanup: 10700 ns, At safepoint: 1900 ns, Total: 18100 ns
[430.140s][info ][safepoint      ] Safepoint "Cleanup", Time since last: 1000045447 ns, Reaching safepoint: 5300 ns, Cleanup: 8400 ns, At safepoint: 1800 ns, Total: 15500 ns
[434.140s][info ][safepoint      ] Safepoint "Cleanup", Time since last: 4000274065 ns, Reaching safepoint: 6000 ns, Cleanup: 8400 ns, At safepoint: 1900 ns, Total: 16300 ns
[441.141s][info ][safepoint      ] Safepoint "Cleanup", Time since last: 7000424755 ns, Reaching safepoint: 5700 ns, Cleanup: 8300 ns, At safepoint: 1900 ns, Total: 15900 ns
[443.141s][info ][safepoint      ] Safepoint "Cleanup", Time since last: 2000155479 ns, Reaching safepoint: 5600 ns, Cleanup: 10900 ns, At safepoint: 2000 ns, Total: 18500 ns
[445.141s][info ][safepoint      ] Safepoint "Cleanup", Time since last: 2000138579 ns, Reaching safepoint: 5400 ns, Cleanup: 7400 ns, At safepoint: 1800 ns, Total: 14600 ns
[447.141s][info ][safepoint      ] Safepoint "Cleanup", Time since last: 2000164630 ns, Reaching safepoint: 6200 ns, Cleanup: 9700 ns, At safepoint: 1900 ns, Total: 17800 ns
[452.141s][info ][safepoint      ] Safepoint "Cleanup", Time since last: 5000346725 ns, Reaching safepoint: 5900 ns, Cleanup: 6500 ns, At safepoint: 1400 ns, Total: 13800 ns
[454.461s][info ][gc,start       ] GC(22) Pause Young (CodeCache GC Threshold)
[454.511s][debug][gc,phases      ] GC(22) Scavenge 49.954ms
[454.511s][debug][gc,ref         ] GC(22) ReferenceProcessor::execute queues: 1, RefProcThreadModel::Single, marks_oops_alive: false
[454.511s][debug][gc,ref         ] GC(22) Skipped KeepAliveFinalRefsPhase of Reference Processing: no references
[454.511s][debug][gc,ref         ] GC(22) ReferenceProcessor::execute queues: 1, RefProcThreadModel::Single, marks_oops_alive: false
[454.511s][debug][gc,phases      ] GC(22) Reference Processing 0.178ms
[454.511s][debug][gc,phases      ] GC(22)   VM Weak                        Min:  0.0, Avg:  0.0, Max:  0.0, Diff:  0.0, Sum:  0.0, Workers: 4
[454.512s][debug][gc,phases      ] GC(22)     Dead                           Min: 0, Avg:  0.0, Max: 0, Diff: 0, Sum: 0, Workers: 4
[454.512s][debug][gc,phases      ] GC(22)     Total                          Min: 0, Avg: 231.2, Max: 541, Diff: 541, Sum: 925, Workers: 4
[454.512s][debug][gc,phases      ] GC(22)   ObjectSynchronizer Weak        Min:  0.0, Avg:  0.0, Max:  0.0, Diff:  0.0, Sum:  0.0, Workers: 4
[454.512s][debug][gc,phases      ] GC(22)     Dead                           Min: 0, Avg:  0.0, Max: 0, Diff: 0, Sum: 0, Workers: 4
[454.512s][debug][gc,phases      ] GC(22)     Total                          Min: 0, Avg:  0.8, Max: 3, Diff: 3, Sum: 3, Workers: 4
[454.512s][debug][gc,phases      ] GC(22)   JVMTI Tag Weak OopStorage      Min:  0.0, Avg:  0.0, Max:  0.0, Diff:  0.0, Sum:  0.0, Workers: 4
[454.512s][debug][gc,phases      ] GC(22)     Dead                           Min: 0, Avg:  0.0, Max: 0, Diff: 0, Sum: 0, Workers: 4
[454.512s][debug][gc,phases      ] GC(22)     Total                          Min: 0, Avg:  0.0, Max: 0, Diff: 0, Sum: 0, Workers: 4
[454.512s][debug][gc,phases      ] GC(22)   StringTable Weak               Min:  0.0, Avg:  0.2, Max:  0.2, Diff:  0.2, Sum:  0.7, Workers: 4
[454.512s][debug][gc,phases      ] GC(22)     Dead                           Min: 0, Avg:  0.0, Max: 0, Diff: 0, Sum: 0, Workers: 4
[454.512s][debug][gc,phases      ] GC(22)     Total                          Min: 0, Avg: 11246.8, Max: 18560, Diff: 18560, Sum: 44987, Workers: 4
[454.512s][debug][gc,phases      ] GC(22)   ResolvedMethodTable Weak       Min:  0.0, Avg:  0.1, Max:  0.1, Diff:  0.1, Sum:  0.2, Workers: 4
[454.512s][debug][gc,phases      ] GC(22)     Dead                           Min: 0, Avg:  0.0, Max: 0, Diff: 0, Sum: 0, Workers: 4
[454.512s][debug][gc,phases      ] GC(22)     Total                          Min: 0, Avg: 3029.5, Max: 5117, Diff: 5117, Sum: 12118, Workers: 4
[454.512s][debug][gc,phases      ] GC(22)   JNI Weak                       Min:  0.0, Avg:  0.0, Max:  0.0, Diff:  0.0, Sum:  0.0, Workers: 4
[454.512s][debug][gc,phases      ] GC(22)     Dead                           Min: 0, Avg:  0.0, Max: 0, Diff: 0, Sum: 0, Workers: 4
[454.512s][debug][gc,phases      ] GC(22)     Total                          Min: 0, Avg: 12.0, Max: 48, Diff: 48, Sum: 48, Workers: 4
[454.512s][debug][gc,phases      ] GC(22)   StringDedup Table Weak         Min:  0.0, Avg:  0.0, Max:  0.0, Diff:  0.0, Sum:  0.0, Workers: 4
[454.512s][debug][gc,phases      ] GC(22)     Dead                           Min: 0, Avg:  0.0, Max: 0, Diff: 0, Sum: 0, Workers: 4
[454.512s][debug][gc,phases      ] GC(22)     Total                          Min: 0, Avg:  0.0, Max: 0, Diff: 0, Sum: 0, Workers: 4
[454.512s][debug][gc,phases      ] GC(22)   StringDedup Requests0 Weak     Min:  0.0, Avg:  0.0, Max:  0.0, Diff:  0.0, Sum:  0.0, Workers: 4
[454.512s][debug][gc,phases      ] GC(22)     Dead                           Min: 0, Avg:  0.0, Max: 0, Diff: 0, Sum: 0, Workers: 4
[454.512s][debug][gc,phases      ] GC(22)     Total                          Min: 0, Avg:  0.0, Max: 0, Diff: 0, Sum: 0, Workers: 4
[454.512s][debug][gc,phases      ] GC(22)   StringDedup Requests1 Weak     Min:  0.0, Avg:  0.0, Max:  0.0, Diff:  0.0, Sum:  0.0, Workers: 4
[454.512s][debug][gc,phases      ] GC(22)     Dead                           Min: 0, Avg:  0.0, Max: 0, Diff: 0, Sum: 0, Workers: 4
[454.512s][debug][gc,phases      ] GC(22)     Total                          Min: 0, Avg:  0.0, Max: 0, Diff: 0, Sum: 0, Workers: 4
[454.512s][debug][gc,phases      ] GC(22)   Weak JFR Old Object Samples    Min:  0.0, Avg:  0.0, Max:  0.0, Diff:  0.0, Sum:  0.0, Workers: 4
[454.512s][debug][gc,phases      ] GC(22)     Dead                           Min: 0, Avg:  0.0, Max: 0, Diff: 0, Sum: 0, Workers: 4
[454.512s][debug][gc,phases      ] GC(22)     Total                          Min: 0, Avg:  0.0, Max: 0, Diff: 0, Sum: 0, Workers: 4
[454.512s][debug][gc,phases      ] GC(22) Weak Processing 0.515ms
[454.512s][debug][gc,age         ] GC(22) Desired survivor size 332398592 bytes, new threshold 15 (max threshold 15)
[454.512s][info ][gc,heap        ] GC(22) PSYoungGen: 1360544K(1761280K)->194664K(1748992K) Eden: 1163673K(1413120K)->0K(1413120K) From: 196870K(348160K)->194664K(335872K)
[454.512s][info ][gc,heap        ] GC(22) ParOldGen: 160116K(269312K)->160124K(269312K)
[454.512s][info ][gc,metaspace   ] GC(22) Metaspace: 88452K(89664K)->88452K(89664K) NonClass: 75768K(76480K)->75768K(76480K) Class: 12683K(13184K)->12683K(13184K)
[454.512s][info ][gc             ] GC(22) Pause Young (CodeCache GC Threshold) 1485M->346M(1971M) 50.760ms
[454.512s][info ][gc,cpu         ] GC(22) User=0.18s Sys=0.00s Real=0.04s
[454.512s][debug][gc,phases      ] GC(23) Pre Compact 0.009ms
[454.512s][info ][gc,start       ] GC(23) Pause Full (CodeCache GC Threshold)
[454.512s][info ][gc,phases,start] GC(23) Marking Phase
[454.608s][debug][gc,phases      ] GC(23) Par Mark 96.536ms
[454.609s][debug][gc,ref         ] GC(23) ReferenceProcessor::execute queues: 4, RefProcThreadModel::Multi, marks_oops_alive: false
[454.609s][debug][gc,ref         ] GC(23) ReferenceProcessor::execute queues: 4, RefProcThreadModel::Multi, marks_oops_alive: true
[454.609s][debug][gc,ref         ] GC(23) ReferenceProcessor::execute queues: 1, RefProcThreadModel::Single, marks_oops_alive: false
[454.609s][debug][gc,phases      ] GC(23) Reference Processing 0.790ms
[454.609s][debug][gc,phases      ] GC(23)   VM Weak                        Min:  0.0, Avg:  0.0, Max:  0.0, Diff:  0.0, Sum:  0.0, Workers: 4
[454.609s][debug][gc,phases      ] GC(23)     Dead                           Min: 0, Avg:  0.0, Max: 0, Diff: 0, Sum: 0, Workers: 4
[454.609s][debug][gc,phases      ] GC(23)     Total                          Min: 0, Avg: 231.2, Max: 512, Diff: 512, Sum: 925, Workers: 4
[454.609s][debug][gc,phases      ] GC(23)   ObjectSynchronizer Weak        Min:  0.0, Avg:  0.0, Max:  0.0, Diff:  0.0, Sum:  0.0, Workers: 4
[454.609s][debug][gc,phases      ] GC(23)     Dead                           Min: 0, Avg:  0.0, Max: 0, Diff: 0, Sum: 0, Workers: 4
[454.609s][debug][gc,phases      ] GC(23)     Total                          Min: 0, Avg:  0.8, Max: 3, Diff: 3, Sum: 3, Workers: 4
[454.609s][debug][gc,phases      ] GC(23)   JVMTI Tag Weak OopStorage      Min:  0.0, Avg:  0.0, Max:  0.0, Diff:  0.0, Sum:  0.0, Workers: 4
[454.609s][debug][gc,phases      ] GC(23)     Dead                           Min: 0, Avg:  0.0, Max: 0, Diff: 0, Sum: 0, Workers: 4
[454.609s][debug][gc,phases      ] GC(23)     Total                          Min: 0, Avg:  0.0, Max: 0, Diff: 0, Sum: 0, Workers: 4
[454.609s][debug][gc,phases      ] GC(23)   StringTable Weak               Min:  0.0, Avg:  0.2, Max:  0.2, Diff:  0.2, Sum:  0.7, Workers: 4
[454.609s][debug][gc,phases      ] GC(23)     Dead                           Min: 0, Avg:  0.0, Max: 0, Diff: 0, Sum: 0, Workers: 4
[454.609s][debug][gc,phases      ] GC(23)     Total                          Min: 0, Avg: 11246.8, Max: 17856, Diff: 17856, Sum: 44987, Workers: 4
[454.609s][debug][gc,phases      ] GC(23)   ResolvedMethodTable Weak       Min:  0.0, Avg:  0.0, Max:  0.0, Diff:  0.0, Sum:  0.1, Workers: 4
[454.609s][debug][gc,phases      ] GC(23)     Dead                           Min: 0, Avg:  0.0, Max: 0, Diff: 0, Sum: 0, Workers: 4
[454.609s][debug][gc,phases      ] GC(23)     Total                          Min: 0, Avg: 3029.5, Max: 4288, Diff: 4288, Sum: 12118, Workers: 4
[454.609s][debug][gc,phases      ] GC(23)   JNI Weak                       Min:  0.0, Avg:  0.0, Max:  0.0, Diff:  0.0, Sum:  0.0, Workers: 4
[454.609s][debug][gc,phases      ] GC(23)     Dead                           Min: 0, Avg:  0.0, Max: 0, Diff: 0, Sum: 0, Workers: 4
[454.609s][debug][gc,phases      ] GC(23)     Total                          Min: 0, Avg: 12.0, Max: 48, Diff: 48, Sum: 48, Workers: 4
[454.609s][debug][gc,phases      ] GC(23)   StringDedup Table Weak         Min:  0.0, Avg:  0.0, Max:  0.0, Diff:  0.0, Sum:  0.0, Workers: 4
[454.609s][debug][gc,phases      ] GC(23)     Dead                           Min: 0, Avg:  0.0, Max: 0, Diff: 0, Sum: 0, Workers: 4
[454.609s][debug][gc,phases      ] GC(23)     Total                          Min: 0, Avg:  0.0, Max: 0, Diff: 0, Sum: 0, Workers: 4
[454.609s][debug][gc,phases      ] GC(23)   StringDedup Requests0 Weak     Min:  0.0, Avg:  0.0, Max:  0.0, Diff:  0.0, Sum:  0.0, Workers: 4
[454.609s][debug][gc,phases      ] GC(23)     Dead                           Min: 0, Avg:  0.0, Max: 0, Diff: 0, Sum: 0, Workers: 4
[454.609s][debug][gc,phases      ] GC(23)     Total                          Min: 0, Avg:  0.0, Max: 0, Diff: 0, Sum: 0, Workers: 4
[454.610s][debug][gc,phases      ] GC(23)   StringDedup Requests1 Weak     Min:  0.0, Avg:  0.0, Max:  0.0, Diff:  0.0, Sum:  0.0, Workers: 4
[454.610s][debug][gc,phases      ] GC(23)     Dead                           Min: 0, Avg:  0.0, Max: 0, Diff: 0, Sum: 0, Workers: 4
[454.610s][debug][gc,phases      ] GC(23)     Total                          Min: 0, Avg:  0.0, Max: 0, Diff: 0, Sum: 0, Workers: 4
[454.610s][debug][gc,phases      ] GC(23)   Weak JFR Old Object Samples    Min:  0.0, Avg:  0.0, Max:  0.0, Diff:  0.0, Sum:  0.0, Workers: 4
[454.610s][debug][gc,phases      ] GC(23)     Dead                           Min: 0, Avg:  0.0, Max: 0, Diff: 0, Sum: 0, Workers: 4
[454.610s][debug][gc,phases      ] GC(23)     Total                          Min: 0, Avg:  0.0, Max: 0, Diff: 0, Sum: 0, Workers: 4
[454.610s][debug][gc,phases      ] GC(23) Weak Processing 0.435ms
[454.610s][debug][gc,phases      ] GC(23) ClassLoaderData 0.112ms
[454.610s][debug][gc,phases      ] GC(23) Trigger cleanups 0.000ms
[454.655s][debug][gc,phases      ] GC(23) Class Unloading 45.906ms
[454.655s][debug][gc,phases      ] GC(23) Report Object Count 0.001ms
[454.655s][info ][gc,phases      ] GC(23) Marking Phase 143.742ms
[454.655s][info ][gc,phases,start] GC(23) Summary Phase
[454.655s][info ][gc,phases      ] GC(23) Summary Phase 0.019ms
[454.655s][info ][gc,phases,start] GC(23) Adjust Roots
[454.676s][info ][gc,phases      ] GC(23) Adjust Roots 20.337ms
[454.676s][info ][gc,phases,start] GC(23) Compaction Phase
[454.846s][info ][gc,phases      ] GC(23) Compaction Phase 169.698ms
[454.846s][info ][gc,phases,start] GC(23) Post Compact
[454.849s][info ][gc,phases      ] GC(23) Post Compact 3.498ms
[454.849s][info ][gc,heap        ] GC(23) PSYoungGen: 194664K(1748992K)->70850K(1748992K) Eden: 0K(1413120K)->0K(1413120K) From: 194664K(335872K)->70850K(335872K)
[454.849s][info ][gc,heap        ] GC(23) ParOldGen: 160124K(269312K)->268841K(269312K)
[454.849s][info ][gc,metaspace   ] GC(23) Metaspace: 88452K(89664K)->88452K(89664K) NonClass: 75768K(76480K)->75768K(76480K) Class: 12683K(13184K)->12683K(13184K)
[454.849s][info ][gc             ] GC(23) Pause Full (CodeCache GC Threshold) 346M->331M(1971M) 337.471ms
[454.849s][info ][gc,cpu         ] GC(23) User=1.07s Sys=0.01s Real=0.34s
[454.849s][info ][safepoint      ] Safepoint "ParallelGCSystemGC", Time since last: 2319451538 ns, Reaching safepoint: 4900 ns, Cleanup: 2900 ns, At safepoint: 388342404 ns, Total: 388350204 ns
[458.850s][info ][safepoint      ] Safepoint "Cleanup", Time since last: 4000221441 ns, Reaching safepoint: 5300 ns, Cleanup: 55200 ns, At safepoint: 1500 ns, Total: 62000 ns
[459.850s][info ][safepoint      ] Safepoint "Cleanup", Time since last: 1000111036 ns, Reaching safepoint: 5800 ns, Cleanup: 11500 ns, At safepoint: 1400 ns, Total: 18700 ns
[461.850s][info ][safepoint      ] Safepoint "Cleanup", Time since last: 2000127154 ns, Reaching safepoint: 7100 ns, Cleanup: 10100 ns, At safepoint: 1600 ns, Total: 18800 ns
[470.850s][info ][safepoint      ] Safepoint "Cleanup", Time since last: 9000563199 ns, Reaching safepoint: 6100 ns, Cleanup: 8000 ns, At safepoint: 1500 ns, Total: 15600 ns
[476.851s][info ][safepoint      ] Safepoint "Cleanup", Time since last: 6000372778 ns, Reaching safepoint: 5600 ns, Cleanup: 8400 ns, At safepoint: 4800 ns, Total: 18800 ns
[477.851s][info ][safepoint      ] Safepoint "Cleanup", Time since last: 1000105636 ns, Reaching safepoint: 6300 ns, Cleanup: 23001 ns, At safepoint: 2400 ns, Total: 31701 ns
[478.851s][info ][safepoint      ] Safepoint "Cleanup", Time since last: 1000084642 ns, Reaching safepoint: 6300 ns, Cleanup: 11500 ns, At safepoint: 1400 ns, Total: 19200 ns
[480.154s][info ][safepoint      ] Safepoint "Cleanup", Time since last: 1302938858 ns, Reaching safepoint: 73500 ns, Cleanup: 7100 ns, At safepoint: 8300 ns, Total: 88900 ns
[482.154s][info ][safepoint      ] Safepoint "Cleanup", Time since last: 2000188186 ns, Reaching safepoint: 77700 ns, Cleanup: 7600 ns, At safepoint: 5900 ns, Total: 91200 ns
[484.155s][info ][safepoint      ] Safepoint "Cleanup", Time since last: 2000160886 ns, Reaching safepoint: 80300 ns, Cleanup: 10300 ns, At safepoint: 5400 ns, Total: 96000 ns
[493.155s][info ][safepoint      ] Safepoint "Cleanup", Time since last: 9000681097 ns, Reaching safepoint: 78200 ns, Cleanup: 8500 ns, At safepoint: 6000 ns, Total: 92700 ns
[495.156s][info ][safepoint      ] Safepoint "Cleanup", Time since last: 2000180630 ns, Reaching safepoint: 76000 ns, Cleanup: 9000 ns, At safepoint: 22500 ns, Total: 107500 ns
[501.156s][info ][safepoint      ] Safepoint "Cleanup", Time since last: 6000437514 ns, Reaching safepoint: 76901 ns, Cleanup: 8500 ns, At safepoint: 4300 ns, Total: 89701 ns
[507.157s][info ][safepoint      ] Safepoint "Cleanup", Time since last: 6000428600 ns, Reaching safepoint: 76500 ns, Cleanup: 8100 ns, At safepoint: 4100 ns, Total: 88700 ns
[516.157s][info ][safepoint      ] Safepoint "Cleanup", Time since last: 9000580771 ns, Reaching safepoint: 7301 ns, Cleanup: 9400 ns, At safepoint: 1500 ns, Total: 18201 ns
[517.157s][info ][safepoint      ] Safepoint "Cleanup", Time since last: 1000107433 ns, Reaching safepoint: 74601 ns, Cleanup: 15100 ns, At safepoint: 4600 ns, Total: 94301 ns
[518.309s][debug][gc,phases      ] GC(24) Pre Compact 0.019ms
[518.309s][info ][gc,start       ] GC(24) Pause Full (Ergonomics)
[518.309s][info ][gc,phases,start] GC(24) Marking Phase
[518.411s][debug][gc,phases      ] GC(24) Par Mark 101.610ms
[518.411s][debug][gc,ref         ] GC(24) ReferenceProcessor::execute queues: 4, RefProcThreadModel::Multi, marks_oops_alive: false
[518.411s][debug][gc,ref         ] GC(24) Skipped KeepAliveFinalRefsPhase of Reference Processing: no references
[518.411s][debug][gc,ref         ] GC(24) ReferenceProcessor::execute queues: 1, RefProcThreadModel::Single, marks_oops_alive: false
[518.411s][debug][gc,phases      ] GC(24) Reference Processing 0.557ms
[518.412s][debug][gc,phases      ] GC(24)   VM Weak                        Min:  0.0, Avg:  0.0, Max:  0.0, Diff:  0.0, Sum:  0.0, Workers: 4
[518.412s][debug][gc,phases      ] GC(24)     Dead                           Min: 0, Avg:  0.0, Max: 0, Diff: 0, Sum: 0, Workers: 4
[518.412s][debug][gc,phases      ] GC(24)     Total                          Min: 0, Avg: 231.2, Max: 448, Diff: 448, Sum: 925, Workers: 4
[518.412s][debug][gc,phases      ] GC(24)   ObjectSynchronizer Weak        Min:  0.0, Avg:  0.0, Max:  0.0, Diff:  0.0, Sum:  0.0, Workers: 4
[518.412s][debug][gc,phases      ] GC(24)     Dead                           Min: 0, Avg:  0.0, Max: 0, Diff: 0, Sum: 0, Workers: 4
[518.412s][debug][gc,phases      ] GC(24)     Total                          Min: 0, Avg:  1.0, Max: 4, Diff: 4, Sum: 4, Workers: 4
[518.412s][debug][gc,phases      ] GC(24)   JVMTI Tag Weak OopStorage      Min:  0.0, Avg:  0.0, Max:  0.0, Diff:  0.0, Sum:  0.0, Workers: 4
[518.412s][debug][gc,phases      ] GC(24)     Dead                           Min: 0, Avg:  0.0, Max: 0, Diff: 0, Sum: 0, Workers: 4
[518.412s][debug][gc,phases      ] GC(24)     Total                          Min: 0, Avg:  0.0, Max: 0, Diff: 0, Sum: 0, Workers: 4
[518.412s][debug][gc,phases      ] GC(24)   StringTable Weak               Min:  0.2, Avg:  0.2, Max:  0.2, Diff:  0.0, Sum:  0.6, Workers: 4
[518.412s][debug][gc,phases      ] GC(24)     Dead                           Min: 0, Avg:  0.0, Max: 0, Diff: 0, Sum: 0, Workers: 4
[518.412s][debug][gc,phases      ] GC(24)     Total                          Min: 9600, Avg: 11250.2, Max: 12041, Diff: 2441, Sum: 45001, Workers: 4
[518.412s][debug][gc,phases      ] GC(24)   ResolvedMethodTable Weak       Min:  0.0, Avg:  0.0, Max:  0.0, Diff:  0.0, Sum:  0.1, Workers: 4
[518.412s][debug][gc,phases      ] GC(24)     Dead                           Min: 0, Avg:  0.0, Max: 0, Diff: 0, Sum: 0, Workers: 4
[518.412s][debug][gc,phases      ] GC(24)     Total                          Min: 2112, Avg: 3030.0, Max: 3455, Diff: 1343, Sum: 12120, Workers: 4
[518.412s][debug][gc,phases      ] GC(24)   JNI Weak                       Min:  0.0, Avg:  0.0, Max:  0.0, Diff:  0.0, Sum:  0.0, Workers: 4
[518.412s][debug][gc,phases      ] GC(24)     Dead                           Min: 0, Avg:  0.0, Max: 0, Diff: 0, Sum: 0, Workers: 4
[518.412s][debug][gc,phases      ] GC(24)     Total                          Min: 0, Avg: 12.0, Max: 48, Diff: 48, Sum: 48, Workers: 4
[518.412s][debug][gc,phases      ] GC(24)   StringDedup Table Weak         Min:  0.0, Avg:  0.0, Max:  0.0, Diff:  0.0, Sum:  0.0, Workers: 4
[518.412s][debug][gc,phases      ] GC(24)     Dead                           Min: 0, Avg:  0.0, Max: 0, Diff: 0, Sum: 0, Workers: 4
[518.412s][debug][gc,phases      ] GC(24)     Total                          Min: 0, Avg:  0.0, Max: 0, Diff: 0, Sum: 0, Workers: 4
[518.412s][debug][gc,phases      ] GC(24)   StringDedup Requests0 Weak     Min:  0.0, Avg:  0.0, Max:  0.0, Diff:  0.0, Sum:  0.0, Workers: 4
[518.412s][debug][gc,phases      ] GC(24)     Dead                           Min: 0, Avg:  0.0, Max: 0, Diff: 0, Sum: 0, Workers: 4
[518.412s][debug][gc,phases      ] GC(24)     Total                          Min: 0, Avg:  0.0, Max: 0, Diff: 0, Sum: 0, Workers: 4
[518.412s][debug][gc,phases      ] GC(24)   StringDedup Requests1 Weak     Min:  0.0, Avg:  0.0, Max:  0.0, Diff:  0.0, Sum:  0.0, Workers: 4
[518.412s][debug][gc,phases      ] GC(24)     Dead                           Min: 0, Avg:  0.0, Max: 0, Diff: 0, Sum: 0, Workers: 4
[518.412s][debug][gc,phases      ] GC(24)     Total                          Min: 0, Avg:  0.0, Max: 0, Diff: 0, Sum: 0, Workers: 4
[518.412s][debug][gc,phases      ] GC(24)   Weak JFR Old Object Samples    Min:  0.0, Avg:  0.0, Max:  0.0, Diff:  0.0, Sum:  0.0, Workers: 4
[518.412s][debug][gc,phases      ] GC(24)     Dead                           Min: 0, Avg:  0.0, Max: 0, Diff: 0, Sum: 0, Workers: 4
[518.412s][debug][gc,phases      ] GC(24)     Total                          Min: 0, Avg:  0.0, Max: 0, Diff: 0, Sum: 0, Workers: 4
[518.412s][debug][gc,phases      ] GC(24) Weak Processing 0.384ms
[518.412s][debug][gc,phases      ] GC(24) ClassLoaderData 0.115ms
[518.412s][debug][gc,phases      ] GC(24) Trigger cleanups 0.000ms
[518.460s][debug][gc,phases      ] GC(24) Class Unloading 48.308ms
[518.460s][debug][gc,phases      ] GC(24) Report Object Count 0.001ms
[518.460s][info ][gc,phases      ] GC(24) Marking Phase 150.950ms
[518.460s][info ][gc,phases,start] GC(24) Summary Phase
[518.460s][info ][gc,phases      ] GC(24) Summary Phase 0.033ms
[518.460s][info ][gc,phases,start] GC(24) Adjust Roots
[518.471s][info ][gc,phases      ] GC(24) Adjust Roots 11.156ms
[518.471s][info ][gc,phases,start] GC(24) Compaction Phase
[518.599s][info ][gc,phases      ] GC(24) Compaction Phase 127.447ms
[518.599s][info ][gc,phases,start] GC(24) Post Compact
[518.612s][info ][gc,phases      ] GC(24) Post Compact 13.470ms
[518.612s][info ][gc,heap        ] GC(24) PSYoungGen: 1483970K(1748992K)->68692K(1748992K) Eden: 1413120K(1413120K)->0K(1413120K) From: 70850K(335872K)->68692K(335872K)
[518.612s][info ][gc,heap        ] GC(24) ParOldGen: 268841K(269312K)->269084K(371200K)
[518.612s][info ][gc,metaspace   ] GC(24) Metaspace: 88499K(89664K)->88499K(89664K) NonClass: 75815K(76480K)->75815K(76480K) Class: 12684K(13184K)->12684K(13184K)
[518.612s][info ][gc             ] GC(24) Pause Full (Ergonomics) 1711M->329M(2070M) 303.340ms
[518.612s][info ][gc,cpu         ] GC(24) User=0.91s Sys=0.02s Real=0.30s
[518.613s][info ][safepoint      ] Safepoint "ParallelGCFailedAllocation", Time since last: 1151602964 ns, Reaching safepoint: 4600 ns, Cleanup: 2600 ns, At safepoint: 304039048 ns, Total: 304046248 ns
[519.613s][info ][safepoint      ] Safepoint "Cleanup", Time since last: 1000097524 ns, Reaching safepoint: 6500 ns, Cleanup: 96301 ns, At safepoint: 1700 ns, Total: 104501 ns
[527.614s][info ][safepoint      ] Safepoint "Cleanup", Time since last: 8000456153 ns, Reaching safepoint: 4800 ns, Cleanup: 7700 ns, At safepoint: 1300 ns, Total: 13800 ns
[529.614s][info ][safepoint      ] Safepoint "Cleanup", Time since last: 2000155664 ns, Reaching safepoint: 5700 ns, Cleanup: 7200 ns, At safepoint: 1400 ns, Total: 14300 ns
[532.614s][info ][safepoint      ] Safepoint "Cleanup", Time since last: 3000197167 ns, Reaching safepoint: 6400 ns, Cleanup: 10700 ns, At safepoint: 1400 ns, Total: 18500 ns
[533.614s][info ][safepoint      ] Safepoint "Cleanup", Time since last: 1000104050 ns, Reaching safepoint: 5800 ns, Cleanup: 19700 ns, At safepoint: 2000 ns, Total: 27500 ns
[534.614s][info ][safepoint      ] Safepoint "Cleanup", Time since last: 1000098542 ns, Reaching safepoint: 5800 ns, Cleanup: 15900 ns, At safepoint: 5000 ns, Total: 26700 ns
[535.615s][info ][safepoint      ] Safepoint "Cleanup", Time since last: 1000107342 ns, Reaching safepoint: 5900 ns, Cleanup: 10300 ns, At safepoint: 1900 ns, Total: 18100 ns
[536.615s][info ][safepoint      ] Safepoint "Cleanup", Time since last: 1000096941 ns, Reaching safepoint: 8100 ns, Cleanup: 14300 ns, At safepoint: 1900 ns, Total: 24300 ns
[537.615s][info ][safepoint      ] Safepoint "Cleanup", Time since last: 1000057342 ns, Reaching safepoint: 5900 ns, Cleanup: 8700 ns, At safepoint: 1800 ns, Total: 16400 ns
[538.615s][info ][safepoint      ] Safepoint "Cleanup", Time since last: 1000100841 ns, Reaching safepoint: 5400 ns, Cleanup: 7700 ns, At safepoint: 2900 ns, Total: 16000 ns
[540.169s][info ][safepoint      ] Safepoint "Cleanup", Time since last: 1554333332 ns, Reaching safepoint: 2900 ns, Cleanup: 9300 ns, At safepoint: 3500 ns, Total: 15700 ns
[541.169s][info ][safepoint      ] Safepoint "Cleanup", Time since last: 1000103142 ns, Reaching safepoint: 5400 ns, Cleanup: 7600 ns, At safepoint: 1300 ns, Total: 14300 ns
[543.170s][info ][safepoint      ] Safepoint "Cleanup", Time since last: 2000142314 ns, Reaching safepoint: 4500 ns, Cleanup: 21200 ns, At safepoint: 1400 ns, Total: 27100 ns
[547.170s][info ][safepoint      ] Safepoint "Cleanup", Time since last: 4000255297 ns, Reaching safepoint: 7600 ns, Cleanup: 17600 ns, At safepoint: 2900 ns, Total: 28100 ns
[549.170s][info ][safepoint      ] Safepoint "Cleanup", Time since last: 2000155351 ns, Reaching safepoint: 5400 ns, Cleanup: 7900 ns, At safepoint: 4400 ns, Total: 17700 ns
[552.170s][info ][safepoint      ] Safepoint "Cleanup", Time since last: 3000207678 ns, Reaching safepoint: 5400 ns, Cleanup: 9800 ns, At safepoint: 1700 ns, Total: 16900 ns
[554.170s][info ][safepoint      ] Safepoint "Cleanup", Time since last: 2000163502 ns, Reaching safepoint: 5000 ns, Cleanup: 8000 ns, At safepoint: 2500 ns, Total: 15500 ns
[556.171s][info ][safepoint      ] Safepoint "Cleanup", Time since last: 2000141802 ns, Reaching safepoint: 5401 ns, Cleanup: 8000 ns, At safepoint: 1600 ns, Total: 15001 ns
[557.171s][info ][safepoint      ] Safepoint "Cleanup", Time since last: 1000091851 ns, Reaching safepoint: 5600 ns, Cleanup: 8400 ns, At safepoint: 1700 ns, Total: 15700 ns
[558.171s][info ][safepoint      ] Safepoint "Cleanup", Time since last: 1000055612 ns, Reaching safepoint: 5600 ns, Cleanup: 9000 ns, At safepoint: 1800 ns, Total: 16400 ns
[559.171s][info ][safepoint      ] Safepoint "Cleanup", Time since last: 1000073491 ns, Reaching safepoint: 5300 ns, Cleanup: 35700 ns, At safepoint: 1700 ns, Total: 42700 ns
[560.171s][info ][safepoint      ] Safepoint "Cleanup", Time since last: 1000092391 ns, Reaching safepoint: 5701 ns, Cleanup: 8500 ns, At safepoint: 1600 ns, Total: 15801 ns
[561.171s][info ][safepoint      ] Safepoint "Cleanup", Time since last: 1000060191 ns, Reaching safepoint: 6200 ns, Cleanup: 25900 ns, At safepoint: 2000 ns, Total: 34100 ns
[562.171s][info ][safepoint      ] Safepoint "Cleanup", Time since last: 1000092191 ns, Reaching safepoint: 7200 ns, Cleanup: 10800 ns, At safepoint: 1700 ns, Total: 19700 ns
[563.171s][info ][safepoint      ] Safepoint "Cleanup", Time since last: 1000117792 ns, Reaching safepoint: 6600 ns, Cleanup: 8900 ns, At safepoint: 2400 ns, Total: 17900 ns
[565.171s][info ][safepoint      ] Safepoint "Cleanup", Time since last: 2000173782 ns, Reaching safepoint: 5600 ns, Cleanup: 9700 ns, At safepoint: 1600 ns, Total: 16900 ns
[567.172s][info ][safepoint      ] Safepoint "Cleanup", Time since last: 2000161111 ns, Reaching safepoint: 6300 ns, Cleanup: 6800 ns, At safepoint: 5900 ns, Total: 19000 ns
[571.172s][info ][safepoint      ] Safepoint "Cleanup", Time since last: 4000295990 ns, Reaching safepoint: 5600 ns, Cleanup: 8801 ns, At safepoint: 1600 ns, Total: 16001 ns
[577.172s][info ][safepoint      ] Safepoint "Cleanup", Time since last: 6000432622 ns, Reaching safepoint: 5700 ns, Cleanup: 7900 ns, At safepoint: 2100 ns, Total: 15700 ns
[580.704s][info ][gc,start       ] GC(25) Pause Young (Allocation Failure)
[580.753s][debug][gc,phases      ] GC(25) Scavenge 48.737ms
[580.753s][debug][gc,ref         ] GC(25) ReferenceProcessor::execute queues: 1, RefProcThreadModel::Single, marks_oops_alive: false
[580.753s][debug][gc,ref         ] GC(25) Skipped KeepAliveFinalRefsPhase of Reference Processing: no references
[580.753s][debug][gc,ref         ] GC(25) ReferenceProcessor::execute queues: 1, RefProcThreadModel::Single, marks_oops_alive: false
[580.753s][debug][gc,phases      ] GC(25) Reference Processing 0.091ms
[580.753s][debug][gc,phases      ] GC(25)   VM Weak                        Min:  0.0, Avg:  0.0, Max:  0.0, Diff:  0.0, Sum:  0.0, Workers: 4
[580.753s][debug][gc,phases      ] GC(25)     Dead                           Min: 0, Avg:  0.0, Max: 0, Diff: 0, Sum: 0, Workers: 4
[580.753s][debug][gc,phases      ] GC(25)     Total                          Min: 0, Avg: 231.2, Max: 640, Diff: 640, Sum: 925, Workers: 4
[580.753s][debug][gc,phases      ] GC(25)   ObjectSynchronizer Weak        Min:  0.0, Avg:  0.0, Max:  0.0, Diff:  0.0, Sum:  0.0, Workers: 4
[580.753s][debug][gc,phases      ] GC(25)     Dead                           Min: 0, Avg:  0.0, Max: 0, Diff: 0, Sum: 0, Workers: 4
[580.753s][debug][gc,phases      ] GC(25)     Total                          Min: 0, Avg:  1.0, Max: 4, Diff: 4, Sum: 4, Workers: 4
[580.753s][debug][gc,phases      ] GC(25)   JVMTI Tag Weak OopStorage      Min:  0.0, Avg:  0.0, Max:  0.0, Diff:  0.0, Sum:  0.0, Workers: 4
[580.753s][debug][gc,phases      ] GC(25)     Dead                           Min: 0, Avg:  0.0, Max: 0, Diff: 0, Sum: 0, Workers: 4
[580.753s][debug][gc,phases      ] GC(25)     Total                          Min: 0, Avg:  0.0, Max: 0, Diff: 0, Sum: 0, Workers: 4
[580.753s][debug][gc,phases      ] GC(25)   StringTable Weak               Min:  0.0, Avg:  0.1, Max:  0.1, Diff:  0.1, Sum:  0.4, Workers: 4
[580.753s][debug][gc,phases      ] GC(25)     Dead                           Min: 0, Avg:  0.2, Max: 1, Diff: 1, Sum: 1, Workers: 4
[580.753s][debug][gc,phases      ] GC(25)     Total                          Min: 0, Avg: 11253.0, Max: 19135, Diff: 19135, Sum: 45012, Workers: 4
[580.753s][debug][gc,phases      ] GC(25)   ResolvedMethodTable Weak       Min:  0.0, Avg:  0.0, Max:  0.0, Diff:  0.0, Sum:  0.1, Workers: 4
[580.753s][debug][gc,phases      ] GC(25)     Dead                           Min: 0, Avg:  0.2, Max: 1, Diff: 1, Sum: 1, Workers: 4
[580.753s][debug][gc,phases      ] GC(25)     Total                          Min: 0, Avg: 3031.0, Max: 5182, Diff: 5182, Sum: 12124, Workers: 4
[580.753s][debug][gc,phases      ] GC(25)   JNI Weak                       Min:  0.0, Avg:  0.0, Max:  0.0, Diff:  0.0, Sum:  0.0, Workers: 4
[580.753s][debug][gc,phases      ] GC(25)     Dead                           Min: 0, Avg:  0.0, Max: 0, Diff: 0, Sum: 0, Workers: 4
[580.753s][debug][gc,phases      ] GC(25)     Total                          Min: 0, Avg: 12.0, Max: 48, Diff: 48, Sum: 48, Workers: 4
[580.753s][debug][gc,phases      ] GC(25)   StringDedup Table Weak         Min:  0.0, Avg:  0.0, Max:  0.0, Diff:  0.0, Sum:  0.0, Workers: 4
[580.753s][debug][gc,phases      ] GC(25)     Dead                           Min: 0, Avg:  0.0, Max: 0, Diff: 0, Sum: 0, Workers: 4
[580.753s][debug][gc,phases      ] GC(25)     Total                          Min: 0, Avg:  0.0, Max: 0, Diff: 0, Sum: 0, Workers: 4
[580.753s][debug][gc,phases      ] GC(25)   StringDedup Requests0 Weak     Min:  0.0, Avg:  0.0, Max:  0.0, Diff:  0.0, Sum:  0.0, Workers: 4
[580.753s][debug][gc,phases      ] GC(25)     Dead                           Min: 0, Avg:  0.0, Max: 0, Diff: 0, Sum: 0, Workers: 4
[580.753s][debug][gc,phases      ] GC(25)     Total                          Min: 0, Avg:  0.0, Max: 0, Diff: 0, Sum: 0, Workers: 4
[580.753s][debug][gc,phases      ] GC(25)   StringDedup Requests1 Weak     Min:  0.0, Avg:  0.0, Max:  0.0, Diff:  0.0, Sum:  0.0, Workers: 4
[580.753s][debug][gc,phases      ] GC(25)     Dead                           Min: 0, Avg:  0.0, Max: 0, Diff: 0, Sum: 0, Workers: 4
[580.753s][debug][gc,phases      ] GC(25)     Total                          Min: 0, Avg:  0.0, Max: 0, Diff: 0, Sum: 0, Workers: 4
[580.753s][debug][gc,phases      ] GC(25)   Weak JFR Old Object Samples    Min:  0.0, Avg:  0.0, Max:  0.0, Diff:  0.0, Sum:  0.0, Workers: 4
[580.753s][debug][gc,phases      ] GC(25)     Dead                           Min: 0, Avg:  0.0, Max: 0, Diff: 0, Sum: 0, Workers: 4
[580.753s][debug][gc,phases      ] GC(25)     Total                          Min: 0, Avg:  0.0, Max: 0, Diff: 0, Sum: 0, Workers: 4
[580.753s][debug][gc,phases      ] GC(25) Weak Processing 0.329ms
[580.753s][debug][gc,age         ] GC(25) Desired survivor size 343408640 bytes, new threshold 15 (max threshold 15)
[580.753s][info ][gc,heap        ] GC(25) PSYoungGen: 1481812K(1748992K)->73520K(1751040K) Eden: 1413120K(1413120K)->0K(1426432K) From: 68692K(335872K)->73520K(324608K)
[580.753s][info ][gc,heap        ] GC(25) ParOldGen: 269084K(371200K)->269084K(371200K)
[580.753s][info ][gc,metaspace   ] GC(25) Metaspace: 88585K(89728K)->88585K(89728K) NonClass: 75899K(76544K)->75899K(76544K) Class: 12685K(13184K)->12685K(13184K)
[580.753s][info ][gc             ] GC(25) Pause Young (Allocation Failure) 1709M->334M(2072M) 49.269ms
[580.753s][info ][gc,cpu         ] GC(25) User=0.17s Sys=0.00s Real=0.05s
[580.753s][info ][safepoint      ] Safepoint "ParallelGCFailedAllocation", Time since last: 3531457309 ns, Reaching safepoint: 77901 ns, Cleanup: 3600 ns, At safepoint: 49333863 ns, Total: 49415364 ns
[584.754s][info ][safepoint      ] Safepoint "Cleanup", Time since last: 4000300746 ns, Reaching safepoint: 76500 ns, Cleanup: 13700 ns, At safepoint: 4600 ns, Total: 94800 ns
[590.754s][info ][safepoint      ] Safepoint "Cleanup", Time since last: 6000416647 ns, Reaching safepoint: 76601 ns, Cleanup: 11200 ns, At safepoint: 4100 ns, Total: 91901 ns
[593.754s][info ][safepoint      ] Safepoint "Cleanup", Time since last: 3000229607 ns, Reaching safepoint: 74501 ns, Cleanup: 7800 ns, At safepoint: 4500 ns, Total: 86801 ns
[594.755s][info ][safepoint      ] Safepoint "Cleanup", Time since last: 1000101036 ns, Reaching safepoint: 78000 ns, Cleanup: 8400 ns, At safepoint: 5400 ns, Total: 91800 ns
[598.755s][info ][safepoint      ] Safepoint "Cleanup", Time since last: 4000317672 ns, Reaching safepoint: 74601 ns, Cleanup: 11200 ns, At safepoint: 4700 ns, Total: 90501 ns
[601.184s][info ][safepoint      ] Safepoint "Cleanup", Time since last: 2429320006 ns, Reaching safepoint: 6300 ns, Cleanup: 8800 ns, At safepoint: 2701 ns, Total: 17801 ns
[602.185s][info ][safepoint      ] Safepoint "Cleanup", Time since last: 1000079755 ns, Reaching safepoint: 5500 ns, Cleanup: 13700 ns, At safepoint: 2400 ns, Total: 21600 ns
[606.185s][info ][safepoint      ] Safepoint "Cleanup", Time since last: 4000255059 ns, Reaching safepoint: 5400 ns, Cleanup: 9801 ns, At safepoint: 1700 ns, Total: 16901 ns
[610.185s][info ][safepoint      ] Safepoint "Cleanup", Time since last: 4000304096 ns, Reaching safepoint: 7200 ns, Cleanup: 11900 ns, At safepoint: 2600 ns, Total: 21700 ns
[611.185s][info ][safepoint      ] Safepoint "Cleanup", Time since last: 1000123549 ns, Reaching safepoint: 6701 ns, Cleanup: 11700 ns, At safepoint: 2600 ns, Total: 21001 ns
[612.185s][info ][safepoint      ] Safepoint "Cleanup", Time since last: 1000106075 ns, Reaching safepoint: 6801 ns, Cleanup: 8200 ns, At safepoint: 2300 ns, Total: 17301 ns
[617.186s][info ][safepoint      ] Safepoint "Cleanup", Time since last: 5000353823 ns, Reaching safepoint: 6700 ns, Cleanup: 57101 ns, At safepoint: 3000 ns, Total: 66801 ns
[619.186s][info ][safepoint      ] Safepoint "Cleanup", Time since last: 2000194762 ns, Reaching safepoint: 6100 ns, Cleanup: 6700 ns, At safepoint: 1600 ns, Total: 14400 ns
[620.186s][info ][safepoint      ] Safepoint "Cleanup", Time since last: 1000101881 ns, Reaching safepoint: 5500 ns, Cleanup: 7000 ns, At safepoint: 1800 ns, Total: 14300 ns
[626.187s][info ][safepoint      ] Safepoint "Cleanup", Time since last: 6000419028 ns, Reaching safepoint: 5800 ns, Cleanup: 13200 ns, At safepoint: 1900 ns, Total: 20900 ns
[628.187s][info ][safepoint      ] Safepoint "Cleanup", Time since last: 2000169609 ns, Reaching safepoint: 7200 ns, Cleanup: 8601 ns, At safepoint: 2900 ns, Total: 18701 ns
[631.187s][info ][safepoint      ] Safepoint "Cleanup", Time since last: 3000250305 ns, Reaching safepoint: 5800 ns, Cleanup: 14500 ns, At safepoint: 4400 ns, Total: 24700 ns
[632.187s][info ][safepoint      ] Safepoint "Cleanup", Time since last: 1000104023 ns, Reaching safepoint: 6400 ns, Cleanup: 7400 ns, At safepoint: 2300 ns, Total: 16100 ns
[637.188s][info ][safepoint      ] Safepoint "Cleanup", Time since last: 5000369511 ns, Reaching safepoint: 6200 ns, Cleanup: 6200 ns, At safepoint: 1700 ns, Total: 14100 ns
[639.188s][info ][safepoint      ] Safepoint "Cleanup", Time since last: 2000164689 ns, Reaching safepoint: 6000 ns, Cleanup: 5700 ns, At safepoint: 1600 ns, Total: 13300 ns
[643.188s][info ][safepoint      ] Safepoint "Cleanup", Time since last: 4000242621 ns, Reaching safepoint: 6500 ns, Cleanup: 9100 ns, At safepoint: 2000 ns, Total: 17600 ns
[647.056s][info ][gc,start       ] GC(26) Pause Young (Allocation Failure)
[647.085s][debug][gc,phases      ] GC(26) Scavenge 28.883ms
[647.085s][debug][gc,ref         ] GC(26) ReferenceProcessor::execute queues: 1, RefProcThreadModel::Single, marks_oops_alive: false
[647.085s][debug][gc,ref         ] GC(26) Skipped KeepAliveFinalRefsPhase of Reference Processing: no references
[647.085s][debug][gc,ref         ] GC(26) ReferenceProcessor::execute queues: 1, RefProcThreadModel::Single, marks_oops_alive: false
[647.085s][debug][gc,phases      ] GC(26) Reference Processing 0.119ms
[647.086s][debug][gc,phases      ] GC(26)   VM Weak                        Min:  0.0, Avg:  0.0, Max:  0.0, Diff:  0.0, Sum:  0.0, Workers: 4
[647.086s][debug][gc,phases      ] GC(26)     Dead                           Min: 0, Avg:  0.0, Max: 0, Diff: 0, Sum: 0, Workers: 4
[647.086s][debug][gc,phases      ] GC(26)     Total                          Min: 0, Avg: 231.2, Max: 925, Diff: 925, Sum: 925, Workers: 4
[647.086s][debug][gc,phases      ] GC(26)   ObjectSynchronizer Weak        Min:  0.0, Avg:  0.0, Max:  0.0, Diff:  0.0, Sum:  0.0, Workers: 4
[647.086s][debug][gc,phases      ] GC(26)     Dead                           Min: 0, Avg:  0.0, Max: 0, Diff: 0, Sum: 0, Workers: 4
[647.086s][debug][gc,phases      ] GC(26)     Total                          Min: 0, Avg:  0.8, Max: 3, Diff: 3, Sum: 3, Workers: 4
[647.086s][debug][gc,phases      ] GC(26)   JVMTI Tag Weak OopStorage      Min:  0.0, Avg:  0.0, Max:  0.0, Diff:  0.0, Sum:  0.0, Workers: 4
[647.086s][debug][gc,phases      ] GC(26)     Dead                           Min: 0, Avg:  0.0, Max: 0, Diff: 0, Sum: 0, Workers: 4
[647.086s][debug][gc,phases      ] GC(26)     Total                          Min: 0, Avg:  0.0, Max: 0, Diff: 0, Sum: 0, Workers: 4
[647.086s][debug][gc,phases      ] GC(26)   StringTable Weak               Min:  0.0, Avg:  0.1, Max:  0.4, Diff:  0.4, Sum:  0.4, Workers: 4
[647.086s][debug][gc,phases      ] GC(26)     Dead                           Min: 0, Avg:  0.0, Max: 0, Diff: 0, Sum: 0, Workers: 4
[647.086s][debug][gc,phases      ] GC(26)     Total                          Min: 0, Avg: 11253.2, Max: 45013, Diff: 45013, Sum: 45013, Workers: 4
[647.086s][debug][gc,phases      ] GC(26)   ResolvedMethodTable Weak       Min:  0.0, Avg:  0.0, Max:  0.1, Diff:  0.1, Sum:  0.1, Workers: 4
[647.086s][debug][gc,phases      ] GC(26)     Dead                           Min: 0, Avg:  0.0, Max: 0, Diff: 0, Sum: 0, Workers: 4
[647.086s][debug][gc,phases      ] GC(26)     Total                          Min: 0, Avg: 3031.0, Max: 12124, Diff: 12124, Sum: 12124, Workers: 4
[647.086s][debug][gc,phases      ] GC(26)   JNI Weak                       Min:  0.0, Avg:  0.0, Max:  0.0, Diff:  0.0, Sum:  0.0, Workers: 4
[647.086s][debug][gc,phases      ] GC(26)     Dead                           Min: 0, Avg:  0.0, Max: 0, Diff: 0, Sum: 0, Workers: 4
[647.086s][debug][gc,phases      ] GC(26)     Total                          Min: 0, Avg: 12.0, Max: 48, Diff: 48, Sum: 48, Workers: 4
[647.086s][debug][gc,phases      ] GC(26)   StringDedup Table Weak         Min:  0.0, Avg:  0.0, Max:  0.0, Diff:  0.0, Sum:  0.0, Workers: 4
[647.086s][debug][gc,phases      ] GC(26)     Dead                           Min: 0, Avg:  0.0, Max: 0, Diff: 0, Sum: 0, Workers: 4
[647.086s][debug][gc,phases      ] GC(26)     Total                          Min: 0, Avg:  0.0, Max: 0, Diff: 0, Sum: 0, Workers: 4
[647.086s][debug][gc,phases      ] GC(26)   StringDedup Requests0 Weak     Min:  0.0, Avg:  0.0, Max:  0.0, Diff:  0.0, Sum:  0.0, Workers: 4
[647.086s][debug][gc,phases      ] GC(26)     Dead                           Min: 0, Avg:  0.0, Max: 0, Diff: 0, Sum: 0, Workers: 4
[647.086s][debug][gc,phases      ] GC(26)     Total                          Min: 0, Avg:  0.0, Max: 0, Diff: 0, Sum: 0, Workers: 4
[647.086s][debug][gc,phases      ] GC(26)   StringDedup Requests1 Weak     Min:  0.0, Avg:  0.0, Max:  0.0, Diff:  0.0, Sum:  0.0, Workers: 4
[647.086s][debug][gc,phases      ] GC(26)     Dead                           Min: 0, Avg:  0.0, Max: 0, Diff: 0, Sum: 0, Workers: 4
[647.086s][debug][gc,phases      ] GC(26)     Total                          Min: 0, Avg:  0.0, Max: 0, Diff: 0, Sum: 0, Workers: 4
[647.086s][debug][gc,phases      ] GC(26)   Weak JFR Old Object Samples    Min:  0.0, Avg:  0.0, Max:  0.0, Diff:  0.0, Sum:  0.0, Workers: 4
[647.086s][debug][gc,phases      ] GC(26)     Dead                           Min: 0, Avg:  0.0, Max: 0, Diff: 0, Sum: 0, Workers: 4
[647.086s][debug][gc,phases      ] GC(26)     Total                          Min: 0, Avg:  0.0, Max: 0, Diff: 0, Sum: 0, Workers: 4
[647.086s][debug][gc,phases      ] GC(26) Weak Processing 0.782ms
[647.086s][debug][gc,age         ] GC(26) Desired survivor size 349175808 bytes, new threshold 15 (max threshold 15)
[647.086s][info ][gc,heap        ] GC(26) PSYoungGen: 1499952K(1751040K)->73216K(1500160K) Eden: 1426432K(1426432K)->0K(1426432K) From: 73520K(324608K)->73216K(73728K)
[647.086s][info ][gc,heap        ] GC(26) ParOldGen: 269084K(371200K)->269604K(371200K)
[647.086s][info ][gc,metaspace   ] GC(26) Metaspace: 88625K(89792K)->88625K(89792K) NonClass: 75939K(76608K)->75939K(76608K) Class: 12685K(13184K)->12685K(13184K)
[647.086s][info ][gc             ] GC(26) Pause Young (Allocation Failure) 1727M->334M(1827M) 29.924ms
[647.086s][info ][gc,cpu         ] GC(26) User=0.07s Sys=0.00s Real=0.03s
[647.086s][info ][safepoint      ] Safepoint "ParallelGCFailedAllocation", Time since last: 3868018984 ns, Reaching safepoint: 7500 ns, Cleanup: 3700 ns, At safepoint: 30006382 ns, Total: 30017582 ns
[650.086s][info ][safepoint      ] Safepoint "Cleanup", Time since last: 3000221630 ns, Reaching safepoint: 7700 ns, Cleanup: 8300 ns, At safepoint: 2600 ns, Total: 18600 ns
[654.087s][info ][safepoint      ] Safepoint "Cleanup", Time since last: 4000314399 ns, Reaching safepoint: 6000 ns, Cleanup: 11700 ns, At safepoint: 2000 ns, Total: 19700 ns
[655.087s][info ][safepoint      ] Safepoint "Cleanup", Time since last: 1000102695 ns, Reaching safepoint: 6100 ns, Cleanup: 8501 ns, At safepoint: 1800 ns, Total: 16401 ns
[660.087s][info ][safepoint      ] Safepoint "Cleanup", Time since last: 5000384775 ns, Reaching safepoint: 6300 ns, Cleanup: 7601 ns, At safepoint: 2000 ns, Total: 15901 ns
[664.087s][info ][safepoint      ] Safepoint "Cleanup", Time since last: 4000312452 ns, Reaching safepoint: 6900 ns, Cleanup: 9100 ns, At safepoint: 2100 ns, Total: 18100 ns
[669.088s][info ][safepoint      ] Safepoint "Cleanup", Time since last: 5000330692 ns, Reaching safepoint: 5700 ns, Cleanup: 5600 ns, At safepoint: 1700 ns, Total: 13000 ns
[670.088s][info ][safepoint      ] Safepoint "Cleanup", Time since last: 1000101824 ns, Reaching safepoint: 5400 ns, Cleanup: 97701 ns, At safepoint: 5700 ns, Total: 108801 ns
[671.088s][info ][safepoint      ] Safepoint "Cleanup", Time since last: 1000105563 ns, Reaching safepoint: 6500 ns, Cleanup: 117001 ns, At safepoint: 1900 ns, Total: 125401 ns
[672.088s][info ][safepoint      ] Safepoint "Cleanup", Time since last: 1000099863 ns, Reaching safepoint: 5800 ns, Cleanup: 19700 ns, At safepoint: 1900 ns, Total: 27400 ns
[673.089s][info ][safepoint      ] Safepoint "Cleanup", Time since last: 1000149463 ns, Reaching safepoint: 6900 ns, Cleanup: 21000 ns, At safepoint: 2900 ns, Total: 30800 ns
[674.089s][info ][safepoint      ] Safepoint "Cleanup", Time since last: 1000093863 ns, Reaching safepoint: 6500 ns, Cleanup: 26300 ns, At safepoint: 1900 ns, Total: 34700 ns
[675.089s][info ][safepoint      ] Safepoint "Cleanup", Time since last: 1000110063 ns, Reaching safepoint: 7000 ns, Cleanup: 13800 ns, At safepoint: 2000 ns, Total: 22800 ns
[677.089s][info ][safepoint      ] Safepoint "Cleanup", Time since last: 2000139625 ns, Reaching safepoint: 7100 ns, Cleanup: 6000 ns, At safepoint: 2200 ns, Total: 15300 ns
[680.089s][info ][safepoint      ] Safepoint "Cleanup", Time since last: 3000218597 ns, Reaching safepoint: 6900 ns, Cleanup: 7500 ns, At safepoint: 1800 ns, Total: 16200 ns
[682.089s][info ][safepoint      ] Safepoint "Cleanup", Time since last: 2000168932 ns, Reaching safepoint: 6400 ns, Cleanup: 9600 ns, At safepoint: 4000 ns, Total: 20000 ns
[683.089s][info ][safepoint      ] Safepoint "Cleanup", Time since last: 1000094366 ns, Reaching safepoint: 8400 ns, Cleanup: 8600 ns, At safepoint: 2600 ns, Total: 19600 ns
[684.090s][info ][safepoint      ] Safepoint "Cleanup", Time since last: 1000058466 ns, Reaching safepoint: 6200 ns, Cleanup: 6100 ns, At safepoint: 1900 ns, Total: 14200 ns
[685.090s][info ][safepoint      ] Safepoint "Cleanup", Time since last: 1000099066 ns, Reaching safepoint: 6701 ns, Cleanup: 12400 ns, At safepoint: 2200 ns, Total: 21301 ns
[687.090s][info ][safepoint      ] Safepoint "Cleanup", Time since last: 2000169422 ns, Reaching safepoint: 6300 ns, Cleanup: 8401 ns, At safepoint: 1300 ns, Total: 16001 ns
[688.090s][info ][safepoint      ] Safepoint "Cleanup", Time since last: 1000108355 ns, Reaching safepoint: 7400 ns, Cleanup: 8300 ns, At safepoint: 1500 ns, Total: 17200 ns
[689.090s][info ][safepoint      ] Safepoint "Cleanup", Time since last: 1000097655 ns, Reaching safepoint: 7100 ns, Cleanup: 9400 ns, At safepoint: 1900 ns, Total: 18400 ns
[690.090s][info ][safepoint      ] Safepoint "Cleanup", Time since last: 1000099655 ns, Reaching safepoint: 6500 ns, Cleanup: 12001 ns, At safepoint: 1400 ns, Total: 19901 ns
[691.090s][info ][safepoint      ] Safepoint "Cleanup", Time since last: 1000106455 ns, Reaching safepoint: 6300 ns, Cleanup: 4800 ns, At safepoint: 1600 ns, Total: 12700 ns
[693.090s][info ][safepoint      ] Safepoint "Cleanup", Time since last: 2000131910 ns, Reaching safepoint: 5400 ns, Cleanup: 5500 ns, At safepoint: 1300 ns, Total: 12200 ns
[695.091s][info ][safepoint      ] Safepoint "Cleanup", Time since last: 2000101336 ns, Reaching safepoint: 6600 ns, Cleanup: 12100 ns, At safepoint: 2100 ns, Total: 20800 ns
[696.091s][info ][safepoint      ] Safepoint "Cleanup", Time since last: 1000110842 ns, Reaching safepoint: 6400 ns, Cleanup: 8000 ns, At safepoint: 1500 ns, Total: 15900 ns
[699.091s][info ][safepoint      ] Safepoint "Cleanup", Time since last: 3000215825 ns, Reaching safepoint: 6900 ns, Cleanup: 13600 ns, At safepoint: 2300 ns, Total: 22800 ns
[702.091s][info ][safepoint      ] Safepoint "Cleanup", Time since last: 3000238223 ns, Reaching safepoint: 6200 ns, Cleanup: 7300 ns, At safepoint: 1700 ns, Total: 15200 ns
[704.091s][info ][safepoint      ] Safepoint "Cleanup", Time since last: 2000167835 ns, Reaching safepoint: 5600 ns, Cleanup: 6700 ns, At safepoint: 1500 ns, Total: 13800 ns
[704.654s][info ][gc,start       ] GC(27) Pause Young (Allocation Failure)
[704.676s][debug][gc,phases      ] GC(27) Scavenge 21.666ms
[704.676s][debug][gc,ref         ] GC(27) ReferenceProcessor::execute queues: 1, RefProcThreadModel::Single, marks_oops_alive: false
[704.676s][debug][gc,ref         ] GC(27) Skipped KeepAliveFinalRefsPhase of Reference Processing: no references
[704.676s][debug][gc,ref         ] GC(27) ReferenceProcessor::execute queues: 1, RefProcThreadModel::Single, marks_oops_alive: false
[704.676s][debug][gc,phases      ] GC(27) Reference Processing 0.118ms
[704.676s][debug][gc,phases      ] GC(27)   VM Weak                        Min:  0.0, Avg:  0.0, Max:  0.0, Diff:  0.0, Sum:  0.0, Workers: 4
[704.676s][debug][gc,phases      ] GC(27)     Dead                           Min: 0, Avg:  0.0, Max: 0, Diff: 0, Sum: 0, Workers: 4
[704.676s][debug][gc,phases      ] GC(27)     Total                          Min: 0, Avg: 231.2, Max: 413, Diff: 413, Sum: 925, Workers: 4
[704.676s][debug][gc,phases      ] GC(27)   ObjectSynchronizer Weak        Min:  0.0, Avg:  0.0, Max:  0.0, Diff:  0.0, Sum:  0.0, Workers: 4
[704.676s][debug][gc,phases      ] GC(27)     Dead                           Min: 0, Avg:  0.0, Max: 0, Diff: 0, Sum: 0, Workers: 4
[704.676s][debug][gc,phases      ] GC(27)     Total                          Min: 0, Avg:  1.5, Max: 6, Diff: 6, Sum: 6, Workers: 4
[704.676s][debug][gc,phases      ] GC(27)   JVMTI Tag Weak OopStorage      Min:  0.0, Avg:  0.0, Max:  0.0, Diff:  0.0, Sum:  0.0, Workers: 4
[704.676s][debug][gc,phases      ] GC(27)     Dead                           Min: 0, Avg:  0.0, Max: 0, Diff: 0, Sum: 0, Workers: 4
[704.676s][debug][gc,phases      ] GC(27)     Total                          Min: 0, Avg:  0.0, Max: 0, Diff: 0, Sum: 0, Workers: 4
[704.676s][debug][gc,phases      ] GC(27)   StringTable Weak               Min:  0.0, Avg:  0.1, Max:  0.1, Diff:  0.1, Sum:  0.4, Workers: 4
[704.676s][debug][gc,phases      ] GC(27)     Dead                           Min: 0, Avg:  0.0, Max: 0, Diff: 0, Sum: 0, Workers: 4
[704.677s][debug][gc,phases      ] GC(27)     Total                          Min: 0, Avg: 11261.2, Max: 19253, Diff: 19253, Sum: 45045, Workers: 4
[704.677s][debug][gc,phases      ] GC(27)   ResolvedMethodTable Weak       Min:  0.0, Avg:  0.0, Max:  0.0, Diff:  0.0, Sum:  0.1, Workers: 4
[704.677s][debug][gc,phases      ] GC(27)     Dead                           Min: 0, Avg:  0.2, Max: 1, Diff: 1, Sum: 1, Workers: 4
[704.677s][debug][gc,phases      ] GC(27)     Total                          Min: 0, Avg: 3031.2, Max: 4990, Diff: 4990, Sum: 12125, Workers: 4
[704.677s][debug][gc,phases      ] GC(27)   JNI Weak                       Min:  0.0, Avg:  0.0, Max:  0.0, Diff:  0.0, Sum:  0.0, Workers: 4
[704.677s][debug][gc,phases      ] GC(27)     Dead                           Min: 0, Avg:  0.0, Max: 0, Diff: 0, Sum: 0, Workers: 4
[704.677s][debug][gc,phases      ] GC(27)     Total                          Min: 0, Avg: 12.0, Max: 48, Diff: 48, Sum: 48, Workers: 4
[704.677s][debug][gc,phases      ] GC(27)   StringDedup Table Weak         Min:  0.0, Avg:  0.0, Max:  0.0, Diff:  0.0, Sum:  0.0, Workers: 4
[704.677s][debug][gc,phases      ] GC(27)     Dead                           Min: 0, Avg:  0.0, Max: 0, Diff: 0, Sum: 0, Workers: 4
[704.677s][debug][gc,phases      ] GC(27)     Total                          Min: 0, Avg:  0.0, Max: 0, Diff: 0, Sum: 0, Workers: 4
[704.677s][debug][gc,phases      ] GC(27)   StringDedup Requests0 Weak     Min:  0.0, Avg:  0.0, Max:  0.0, Diff:  0.0, Sum:  0.0, Workers: 4
[704.677s][debug][gc,phases      ] GC(27)     Dead                           Min: 0, Avg:  0.0, Max: 0, Diff: 0, Sum: 0, Workers: 4
[704.677s][debug][gc,phases      ] GC(27)     Total                          Min: 0, Avg:  0.0, Max: 0, Diff: 0, Sum: 0, Workers: 4
[704.677s][debug][gc,phases      ] GC(27)   StringDedup Requests1 Weak     Min:  0.0, Avg:  0.0, Max:  0.0, Diff:  0.0, Sum:  0.0, Workers: 4
[704.677s][debug][gc,phases      ] GC(27)     Dead                           Min: 0, Avg:  0.0, Max: 0, Diff: 0, Sum: 0, Workers: 4
[704.677s][debug][gc,phases      ] GC(27)     Total                          Min: 0, Avg:  0.0, Max: 0, Diff: 0, Sum: 0, Workers: 4
[704.677s][debug][gc,phases      ] GC(27)   Weak JFR Old Object Samples    Min:  0.0, Avg:  0.0, Max:  0.0, Diff:  0.0, Sum:  0.0, Workers: 4
[704.677s][debug][gc,phases      ] GC(27)     Dead                           Min: 0, Avg:  0.0, Max: 0, Diff: 0, Sum: 0, Workers: 4
[704.677s][debug][gc,phases      ] GC(27)     Total                          Min: 0, Avg:  0.0, Max: 0, Diff: 0, Sum: 0, Workers: 4
[704.677s][debug][gc,phases      ] GC(27) Weak Processing 0.355ms
[704.677s][debug][gc,age         ] GC(27) Desired survivor size 350748672 bytes, new threshold 15 (max threshold 15)
[704.677s][info ][gc,heap        ] GC(27) PSYoungGen: 1499648K(1500160K)->78386K(1753088K) Eden: 1426432K(1426432K)->0K(1412096K) From: 73216K(73728K)->78386K(340992K)
[704.677s][info ][gc,heap        ] GC(27) ParOldGen: 269604K(371200K)->270700K(371200K)
[704.677s][info ][gc,metaspace   ] GC(27) Metaspace: 88760K(89984K)->88760K(89984K) NonClass: 76069K(76800K)->76069K(76800K) Class: 12690K(13184K)->12690K(13184K)
[704.677s][info ][gc             ] GC(27) Pause Young (Allocation Failure) 1727M->340M(2074M) 22.245ms
[704.677s][info ][gc,cpu         ] GC(27) User=0.08s Sys=0.00s Real=0.02s
[704.677s][info ][safepoint      ] Safepoint "ParallelGCFailedAllocation", Time since last: 562865206 ns, Reaching safepoint: 56000 ns, Cleanup: 8000 ns, At safepoint: 22315959 ns, Total: 22379959 ns
[707.677s][info ][safepoint      ] Safepoint "Cleanup", Time since last: 3000212051 ns, Reaching safepoint: 6500 ns, Cleanup: 10301 ns, At safepoint: 1500 ns, Total: 18301 ns
[708.677s][info ][safepoint      ] Safepoint "Cleanup", Time since last: 1000089417 ns, Reaching safepoint: 5900 ns, Cleanup: 9200 ns, At safepoint: 1800 ns, Total: 16900 ns
[710.677s][info ][safepoint      ] Safepoint "Cleanup", Time since last: 2000161111 ns, Reaching safepoint: 7100 ns, Cleanup: 10500 ns, At safepoint: 1901 ns, Total: 19501 ns
[711.677s][info ][safepoint      ] Safepoint "Cleanup", Time since last: 1000120785 ns, Reaching safepoint: 6400 ns, Cleanup: 7300 ns, At safepoint: 1600 ns, Total: 15300 ns
[712.677s][info ][safepoint      ] Safepoint "Cleanup", Time since last: 1000098686 ns, Reaching safepoint: 5400 ns, Cleanup: 8500 ns, At safepoint: 1400 ns, Total: 15300 ns
[713.678s][info ][safepoint      ] Safepoint "Cleanup", Time since last: 1000092986 ns, Reaching safepoint: 6400 ns, Cleanup: 8100 ns, At safepoint: 1400 ns, Total: 15900 ns
[714.678s][info ][safepoint      ] Safepoint "Cleanup", Time since last: 1000095586 ns, Reaching safepoint: 6200 ns, Cleanup: 26500 ns, At safepoint: 1700 ns, Total: 34400 ns
[715.678s][info ][safepoint      ] Safepoint "Cleanup", Time since last: 1000092586 ns, Reaching safepoint: 6100 ns, Cleanup: 29900 ns, At safepoint: 1500 ns, Total: 37500 ns
[716.678s][info ][safepoint      ] Safepoint "Cleanup", Time since last: 1000100886 ns, Reaching safepoint: 5900 ns, Cleanup: 21200 ns, At safepoint: 1700 ns, Total: 28800 ns
[717.678s][info ][safepoint      ] Safepoint "Cleanup", Time since last: 1000095485 ns, Reaching safepoint: 5301 ns, Cleanup: 7200 ns, At safepoint: 1300 ns, Total: 13801 ns
[718.678s][info ][safepoint      ] Safepoint "Cleanup", Time since last: 1000080983 ns, Reaching safepoint: 6100 ns, Cleanup: 7800 ns, At safepoint: 1400 ns, Total: 15300 ns
[719.678s][info ][safepoint      ] Safepoint "Cleanup", Time since last: 1000106483 ns, Reaching safepoint: 6100 ns, Cleanup: 9800 ns, At safepoint: 1500 ns, Total: 17400 ns
[722.214s][info ][safepoint      ] Safepoint "Cleanup", Time since last: 2536121923 ns, Reaching safepoint: 6000 ns, Cleanup: 8600 ns, At safepoint: 1500 ns, Total: 16100 ns
[725.215s][info ][safepoint      ] Safepoint "Cleanup", Time since last: 3000222149 ns, Reaching safepoint: 5800 ns, Cleanup: 11300 ns, At safepoint: 4800 ns, Total: 21900 ns
[727.215s][info ][safepoint      ] Safepoint "Cleanup", Time since last: 2000116430 ns, Reaching safepoint: 6600 ns, Cleanup: 11500 ns, At safepoint: 1700 ns, Total: 19800 ns
[728.215s][info ][safepoint      ] Safepoint "Cleanup", Time since last: 1000110517 ns, Reaching safepoint: 6000 ns, Cleanup: 12100 ns, At safepoint: 1400 ns, Total: 19500 ns
[729.215s][info ][safepoint      ] Safepoint "Cleanup", Time since last: 1000099417 ns, Reaching safepoint: 6100 ns, Cleanup: 28301 ns, At safepoint: 1400 ns, Total: 35801 ns
[730.215s][info ][safepoint      ] Safepoint "Cleanup", Time since last: 1000098817 ns, Reaching safepoint: 5500 ns, Cleanup: 7800 ns, At safepoint: 1700 ns, Total: 15000 ns
[732.215s][info ][safepoint      ] Safepoint "Cleanup", Time since last: 2000155834 ns, Reaching safepoint: 6200 ns, Cleanup: 15700 ns, At safepoint: 5600 ns, Total: 27500 ns
[735.216s][info ][safepoint      ] Safepoint "Cleanup", Time since last: 3000220157 ns, Reaching safepoint: 5900 ns, Cleanup: 10100 ns, At safepoint: 1600 ns, Total: 17600 ns
[736.216s][info ][safepoint      ] Safepoint "Cleanup", Time since last: 1000096528 ns, Reaching safepoint: 5800 ns, Cleanup: 7800 ns, At safepoint: 1400 ns, Total: 15000 ns
[739.216s][info ][safepoint      ] Safepoint "Cleanup", Time since last: 3000182983 ns, Reaching safepoint: 6000 ns, Cleanup: 7800 ns, At safepoint: 1300 ns, Total: 15100 ns
[741.216s][info ][safepoint      ] Safepoint "Cleanup", Time since last: 2000131855 ns, Reaching safepoint: 5700 ns, Cleanup: 10800 ns, At safepoint: 1500 ns, Total: 18000 ns
[742.216s][info ][safepoint      ] Safepoint "Cleanup", Time since last: 1000094063 ns, Reaching safepoint: 6500 ns, Cleanup: 7900 ns, At safepoint: 1800 ns, Total: 16200 ns
[743.216s][info ][safepoint      ] Safepoint "Cleanup", Time since last: 1000105208 ns, Reaching safepoint: 7700 ns, Cleanup: 7500 ns, At safepoint: 1600 ns, Total: 16800 ns
[744.216s][info ][safepoint      ] Safepoint "Cleanup", Time since last: 1000087408 ns, Reaching safepoint: 13100 ns, Cleanup: 25101 ns, At safepoint: 1400 ns, Total: 39601 ns
[745.217s][info ][safepoint      ] Safepoint "Cleanup", Time since last: 1000096208 ns, Reaching safepoint: 7000 ns, Cleanup: 16200 ns, At safepoint: 6000 ns, Total: 29200 ns
[746.217s][info ][safepoint      ] Safepoint "Cleanup", Time since last: 1000105408 ns, Reaching safepoint: 6100 ns, Cleanup: 45001 ns, At safepoint: 1500 ns, Total: 52601 ns
[747.217s][info ][safepoint      ] Safepoint "Cleanup", Time since last: 1000106308 ns, Reaching safepoint: 5400 ns, Cleanup: 7300 ns, At safepoint: 1400 ns, Total: 14100 ns
[748.217s][info ][safepoint      ] Safepoint "Cleanup", Time since last: 1000091508 ns, Reaching safepoint: 5500 ns, Cleanup: 9300 ns, At safepoint: 1500 ns, Total: 16300 ns
[751.217s][info ][safepoint      ] Safepoint "Cleanup", Time since last: 3000233639 ns, Reaching safepoint: 5800 ns, Cleanup: 7900 ns, At safepoint: 1400 ns, Total: 15100 ns
[752.217s][info ][safepoint      ] Safepoint "Cleanup", Time since last: 1000094658 ns, Reaching safepoint: 5800 ns, Cleanup: 10000 ns, At safepoint: 1500 ns, Total: 17300 ns
[752.962s][info ][gc,start       ] GC(28) Pause Young (Allocation Failure)
[752.995s][debug][gc,phases      ] GC(28) Scavenge 33.170ms
[752.995s][debug][gc,ref         ] GC(28) ReferenceProcessor::execute queues: 1, RefProcThreadModel::Single, marks_oops_alive: false
[752.995s][debug][gc,ref         ] GC(28) ReferenceProcessor::execute queues: 4, RefProcThreadModel::Multi, marks_oops_alive: true
[752.995s][debug][gc,ref         ] GC(28) ReferenceProcessor::execute queues: 1, RefProcThreadModel::Single, marks_oops_alive: false
[752.995s][debug][gc,phases      ] GC(28) Reference Processing 0.142ms
[752.995s][debug][gc,phases      ] GC(28)   VM Weak                        Min:  0.0, Avg:  0.0, Max:  0.0, Diff:  0.0, Sum:  0.0, Workers: 4
[752.995s][debug][gc,phases      ] GC(28)     Dead                           Min: 0, Avg:  0.0, Max: 0, Diff: 0, Sum: 0, Workers: 4
[752.995s][debug][gc,phases      ] GC(28)     Total                          Min: 0, Avg: 231.2, Max: 733, Diff: 733, Sum: 925, Workers: 4
[752.995s][debug][gc,phases      ] GC(28)   ObjectSynchronizer Weak        Min:  0.0, Avg:  0.0, Max:  0.0, Diff:  0.0, Sum:  0.0, Workers: 4
[752.995s][debug][gc,phases      ] GC(28)     Dead                           Min: 0, Avg:  0.0, Max: 0, Diff: 0, Sum: 0, Workers: 4
[752.995s][debug][gc,phases      ] GC(28)     Total                          Min: 0, Avg:  1.0, Max: 4, Diff: 4, Sum: 4, Workers: 4
[752.995s][debug][gc,phases      ] GC(28)   JVMTI Tag Weak OopStorage      Min:  0.0, Avg:  0.0, Max:  0.0, Diff:  0.0, Sum:  0.0, Workers: 4
[752.995s][debug][gc,phases      ] GC(28)     Dead                           Min: 0, Avg:  0.0, Max: 0, Diff: 0, Sum: 0, Workers: 4
[752.995s][debug][gc,phases      ] GC(28)     Total                          Min: 0, Avg:  0.0, Max: 0, Diff: 0, Sum: 0, Workers: 4
[752.995s][debug][gc,phases      ] GC(28)   StringTable Weak               Min:  0.0, Avg:  0.1, Max:  0.1, Diff:  0.1, Sum:  0.4, Workers: 4
[752.995s][debug][gc,phases      ] GC(28)     Dead                           Min: 0, Avg:  0.0, Max: 0, Diff: 0, Sum: 0, Workers: 4
[752.995s][debug][gc,phases      ] GC(28)     Total                          Min: 0, Avg: 11262.5, Max: 19264, Diff: 19264, Sum: 45050, Workers: 4
[752.995s][debug][gc,phases      ] GC(28)   ResolvedMethodTable Weak       Min:  0.0, Avg:  0.0, Max:  0.0, Diff:  0.0, Sum:  0.1, Workers: 4
[752.995s][debug][gc,phases      ] GC(28)     Dead                           Min: 0, Avg:  0.0, Max: 0, Diff: 0, Sum: 0, Workers: 4
[752.995s][debug][gc,phases      ] GC(28)     Total                          Min: 0, Avg: 3031.8, Max: 4544, Diff: 4544, Sum: 12127, Workers: 4
[752.995s][debug][gc,phases      ] GC(28)   JNI Weak                       Min:  0.0, Avg:  0.0, Max:  0.0, Diff:  0.0, Sum:  0.0, Workers: 4
[752.995s][debug][gc,phases      ] GC(28)     Dead                           Min: 0, Avg:  0.0, Max: 0, Diff: 0, Sum: 0, Workers: 4
[752.995s][debug][gc,phases      ] GC(28)     Total                          Min: 0, Avg: 12.0, Max: 48, Diff: 48, Sum: 48, Workers: 4
[752.995s][debug][gc,phases      ] GC(28)   StringDedup Table Weak         Min:  0.0, Avg:  0.0, Max:  0.0, Diff:  0.0, Sum:  0.0, Workers: 4
[752.995s][debug][gc,phases      ] GC(28)     Dead                           Min: 0, Avg:  0.0, Max: 0, Diff: 0, Sum: 0, Workers: 4
[752.995s][debug][gc,phases      ] GC(28)     Total                          Min: 0, Avg:  0.0, Max: 0, Diff: 0, Sum: 0, Workers: 4
[752.995s][debug][gc,phases      ] GC(28)   StringDedup Requests0 Weak     Min:  0.0, Avg:  0.0, Max:  0.0, Diff:  0.0, Sum:  0.0, Workers: 4
[752.995s][debug][gc,phases      ] GC(28)     Dead                           Min: 0, Avg:  0.0, Max: 0, Diff: 0, Sum: 0, Workers: 4
[752.995s][debug][gc,phases      ] GC(28)     Total                          Min: 0, Avg:  0.0, Max: 0, Diff: 0, Sum: 0, Workers: 4
[752.995s][debug][gc,phases      ] GC(28)   StringDedup Requests1 Weak     Min:  0.0, Avg:  0.0, Max:  0.0, Diff:  0.0, Sum:  0.0, Workers: 4
[752.995s][debug][gc,phases      ] GC(28)     Dead                           Min: 0, Avg:  0.0, Max: 0, Diff: 0, Sum: 0, Workers: 4
[752.995s][debug][gc,phases      ] GC(28)     Total                          Min: 0, Avg:  0.0, Max: 0, Diff: 0, Sum: 0, Workers: 4
[752.995s][debug][gc,phases      ] GC(28)   Weak JFR Old Object Samples    Min:  0.0, Avg:  0.0, Max:  0.0, Diff:  0.0, Sum:  0.0, Workers: 4
[752.995s][debug][gc,phases      ] GC(28)     Dead                           Min: 0, Avg:  0.0, Max: 0, Diff: 0, Sum: 0, Workers: 4
[752.995s][debug][gc,phases      ] GC(28)     Total                          Min: 0, Avg:  0.0, Max: 0, Diff: 0, Sum: 0, Workers: 4
[752.995s][debug][gc,phases      ] GC(28) Weak Processing 0.353ms
[752.995s][debug][gc,age         ] GC(28) Desired survivor size 356515840 bytes, new threshold 15 (max threshold 15)
[752.995s][info ][gc,heap        ] GC(28) PSYoungGen: 1490482K(1753088K)->35122K(1447424K) Eden: 1412096K(1412096K)->0K(1412096K) From: 78386K(340992K)->35122K(35328K)
[752.995s][info ][gc,heap        ] GC(28) ParOldGen: 270700K(371200K)->315484K(371200K)
[752.995s][info ][gc,metaspace   ] GC(28) Metaspace: 88803K(90048K)->88803K(90048K) NonClass: 76112K(76864K)->76112K(76864K) Class: 12691K(13184K)->12691K(13184K)
[752.995s][info ][gc             ] GC(28) Pause Young (Allocation Failure) 1719M->342M(1776M) 33.785ms
[752.995s][info ][gc,cpu         ] GC(28) User=0.10s Sys=0.00s Real=0.03s
[752.995s][info ][safepoint      ] Safepoint "ParallelGCFailedAllocation", Time since last: 744231952 ns, Reaching safepoint: 6700 ns, Cleanup: 2900 ns, At safepoint: 33878939 ns, Total: 33888539 ns
[753.995s][info ][safepoint      ] Safepoint "Cleanup", Time since last: 1000078658 ns, Reaching safepoint: 5900 ns, Cleanup: 6600 ns, At safepoint: 1400 ns, Total: 13900 ns
[754.996s][info ][safepoint      ] Safepoint "Cleanup", Time since last: 1000100158 ns, Reaching safepoint: 6000 ns, Cleanup: 9100 ns, At safepoint: 1600 ns, Total: 16700 ns
[760.996s][info ][safepoint      ] Safepoint "Cleanup", Time since last: 6000358161 ns, Reaching safepoint: 6400 ns, Cleanup: 9701 ns, At safepoint: 1600 ns, Total: 17701 ns
[762.996s][info ][safepoint      ] Safepoint "Cleanup", Time since last: 2000154108 ns, Reaching safepoint: 5500 ns, Cleanup: 6400 ns, At safepoint: 1500 ns, Total: 13400 ns
[766.996s][info ][safepoint      ] Safepoint "Cleanup", Time since last: 4000278173 ns, Reaching safepoint: 6100 ns, Cleanup: 6000 ns, At safepoint: 1500 ns, Total: 13600 ns
[769.997s][info ][safepoint      ] Safepoint "Cleanup", Time since last: 3000206312 ns, Reaching safepoint: 74601 ns, Cleanup: 9700 ns, At safepoint: 4500 ns, Total: 88801 ns
[774.997s][info ][safepoint      ] Safepoint "Cleanup", Time since last: 5000346282 ns, Reaching safepoint: 6200 ns, Cleanup: 6900 ns, At safepoint: 1400 ns, Total: 14500 ns
[782.229s][info ][safepoint      ] Safepoint "Cleanup", Time since last: 7231703082 ns, Reaching safepoint: 5900 ns, Cleanup: 9900 ns, At safepoint: 1300 ns, Total: 17100 ns
[787.229s][info ][safepoint      ] Safepoint "Cleanup", Time since last: 5000347681 ns, Reaching safepoint: 6501 ns, Cleanup: 8900 ns, At safepoint: 22900 ns, Total: 38301 ns
[791.229s][info ][safepoint      ] Safepoint "Cleanup", Time since last: 4000259559 ns, Reaching safepoint: 7300 ns, Cleanup: 9401 ns, At safepoint: 5300 ns, Total: 22001 ns
[799.230s][info ][safepoint      ] Safepoint "Cleanup", Time since last: 8000566612 ns, Reaching safepoint: 5700 ns, Cleanup: 6200 ns, At safepoint: 1600 ns, Total: 13500 ns
[806.006s][info ][gc,start       ] GC(29) Pause Young (Allocation Failure)
[806.016s][debug][gc,phases      ] GC(29) Scavenge 9.831ms
[806.016s][debug][gc,ref         ] GC(29) ReferenceProcessor::execute queues: 1, RefProcThreadModel::Single, marks_oops_alive: false
[806.016s][debug][gc,ref         ] GC(29) Skipped KeepAliveFinalRefsPhase of Reference Processing: no references
[806.016s][debug][gc,ref         ] GC(29) ReferenceProcessor::execute queues: 1, RefProcThreadModel::Single, marks_oops_alive: false
[806.016s][debug][gc,phases      ] GC(29) Reference Processing 0.095ms
[806.016s][debug][gc,phases      ] GC(29)   VM Weak                        Min:  0.0, Avg:  0.0, Max:  0.0, Diff:  0.0, Sum:  0.0, Workers: 4
[806.016s][debug][gc,phases      ] GC(29)     Dead                           Min: 0, Avg:  0.0, Max: 0, Diff: 0, Sum: 0, Workers: 4
[806.016s][debug][gc,phases      ] GC(29)     Total                          Min: 0, Avg: 231.2, Max: 704, Diff: 704, Sum: 925, Workers: 4
[806.016s][debug][gc,phases      ] GC(29)   ObjectSynchronizer Weak        Min:  0.0, Avg:  0.0, Max:  0.0, Diff:  0.0, Sum:  0.0, Workers: 4
[806.016s][debug][gc,phases      ] GC(29)     Dead                           Min: 0, Avg:  0.0, Max: 0, Diff: 0, Sum: 0, Workers: 4
[806.016s][debug][gc,phases      ] GC(29)     Total                          Min: 0, Avg:  0.8, Max: 3, Diff: 3, Sum: 3, Workers: 4
[806.016s][debug][gc,phases      ] GC(29)   JVMTI Tag Weak OopStorage      Min:  0.0, Avg:  0.0, Max:  0.0, Diff:  0.0, Sum:  0.0, Workers: 4
[806.016s][debug][gc,phases      ] GC(29)     Dead                           Min: 0, Avg:  0.0, Max: 0, Diff: 0, Sum: 0, Workers: 4
[806.016s][debug][gc,phases      ] GC(29)     Total                          Min: 0, Avg:  0.0, Max: 0, Diff: 0, Sum: 0, Workers: 4
[806.017s][debug][gc,phases      ] GC(29)   StringTable Weak               Min:  0.1, Avg:  0.1, Max:  0.1, Diff:  0.0, Sum:  0.4, Workers: 4
[806.017s][debug][gc,phases      ] GC(29)     Dead                           Min: 0, Avg:  0.0, Max: 0, Diff: 0, Sum: 0, Workers: 4
[806.017s][debug][gc,phases      ] GC(29)     Total                          Min: 11070, Avg: 11263.5, Max: 11712, Diff: 642, Sum: 45054, Workers: 4
[806.017s][debug][gc,phases      ] GC(29)   ResolvedMethodTable Weak       Min:  0.0, Avg:  0.0, Max:  0.0, Diff:  0.0, Sum:  0.1, Workers: 4
[806.017s][debug][gc,phases      ] GC(29)     Dead                           Min: 0, Avg:  0.0, Max: 0, Diff: 0, Sum: 0, Workers: 4
[806.017s][debug][gc,phases      ] GC(29)     Total                          Min: 2560, Avg: 3031.8, Max: 3264, Diff: 704, Sum: 12127, Workers: 4
[806.017s][debug][gc,phases      ] GC(29)   JNI Weak                       Min:  0.0, Avg:  0.0, Max:  0.0, Diff:  0.0, Sum:  0.0, Workers: 4
[806.017s][debug][gc,phases      ] GC(29)     Dead                           Min: 0, Avg:  0.0, Max: 0, Diff: 0, Sum: 0, Workers: 4
[806.017s][debug][gc,phases      ] GC(29)     Total                          Min: 0, Avg: 12.0, Max: 48, Diff: 48, Sum: 48, Workers: 4
[806.017s][debug][gc,phases      ] GC(29)   StringDedup Table Weak         Min:  0.0, Avg:  0.0, Max:  0.0, Diff:  0.0, Sum:  0.0, Workers: 4
[806.017s][debug][gc,phases      ] GC(29)     Dead                           Min: 0, Avg:  0.0, Max: 0, Diff: 0, Sum: 0, Workers: 4
[806.017s][debug][gc,phases      ] GC(29)     Total                          Min: 0, Avg:  0.0, Max: 0, Diff: 0, Sum: 0, Workers: 4
[806.017s][debug][gc,phases      ] GC(29)   StringDedup Requests0 Weak     Min:  0.0, Avg:  0.0, Max:  0.0, Diff:  0.0, Sum:  0.0, Workers: 4
[806.017s][debug][gc,phases      ] GC(29)     Dead                           Min: 0, Avg:  0.0, Max: 0, Diff: 0, Sum: 0, Workers: 4
[806.017s][debug][gc,phases      ] GC(29)     Total                          Min: 0, Avg:  0.0, Max: 0, Diff: 0, Sum: 0, Workers: 4
[806.017s][debug][gc,phases      ] GC(29)   StringDedup Requests1 Weak     Min:  0.0, Avg:  0.0, Max:  0.0, Diff:  0.0, Sum:  0.0, Workers: 4
[806.017s][debug][gc,phases      ] GC(29)     Dead                           Min: 0, Avg:  0.0, Max: 0, Diff: 0, Sum: 0, Workers: 4
[806.017s][debug][gc,phases      ] GC(29)     Total                          Min: 0, Avg:  0.0, Max: 0, Diff: 0, Sum: 0, Workers: 4
[806.017s][debug][gc,phases      ] GC(29)   Weak JFR Old Object Samples    Min:  0.0, Avg:  0.0, Max:  0.0, Diff:  0.0, Sum:  0.0, Workers: 4
[806.017s][debug][gc,phases      ] GC(29)     Dead                           Min: 0, Avg:  0.0, Max: 0, Diff: 0, Sum: 0, Workers: 4
[806.017s][debug][gc,phases      ] GC(29)     Total                          Min: 0, Avg:  0.0, Max: 0, Diff: 0, Sum: 0, Workers: 4
[806.017s][debug][gc,phases      ] GC(29) Weak Processing 0.326ms
[806.017s][debug][gc,age         ] GC(29) Desired survivor size 358088704 bytes, new threshold 15 (max threshold 15)
[806.017s][info ][gc,heap        ] GC(29) PSYoungGen: 1447218K(1447424K)->32994K(1745920K) Eden: 1412096K(1412096K)->0K(1397760K) From: 35122K(35328K)->32994K(348160K)
[806.017s][info ][gc,heap        ] GC(29) ParOldGen: 315484K(371200K)->317700K(371200K)
[806.017s][info ][gc,metaspace   ] GC(29) Metaspace: 88819K(90048K)->88819K(90048K) NonClass: 76127K(76864K)->76127K(76864K) Class: 12691K(13184K)->12691K(13184K)
[806.017s][info ][gc             ] GC(29) Pause Young (Allocation Failure) 1721M->342M(2067M) 10.373ms
[806.017s][info ][gc,cpu         ] GC(29) User=0.04s Sys=0.00s Real=0.01s
[806.017s][info ][safepoint      ] Safepoint "ParallelGCFailedAllocation", Time since last: 6776153143 ns, Reaching safepoint: 5600 ns, Cleanup: 3300 ns, At safepoint: 10434974 ns, Total: 10443874 ns
[813.017s][info ][safepoint      ] Safepoint "Cleanup", Time since last: 7000447545 ns, Reaching safepoint: 6600 ns, Cleanup: 10100 ns, At safepoint: 1600 ns, Total: 18300 ns
[814.017s][info ][safepoint      ] Safepoint "Cleanup", Time since last: 1000117741 ns, Reaching safepoint: 6400 ns, Cleanup: 15500 ns, At safepoint: 1800 ns, Total: 23700 ns
[816.017s][info ][safepoint      ] Safepoint "Cleanup", Time since last: 2000160222 ns, Reaching safepoint: 6700 ns, Cleanup: 8900 ns, At safepoint: 7300 ns, Total: 22900 ns
[817.018s][info ][safepoint      ] Safepoint "Cleanup", Time since last: 1000097562 ns, Reaching safepoint: 6300 ns, Cleanup: 7000 ns, At safepoint: 1400 ns, Total: 14700 ns
[831.018s][info ][safepoint      ] Safepoint "Cleanup", Time since last: 14000837293 ns, Reaching safepoint: 6100 ns, Cleanup: 5300 ns, At safepoint: 1300 ns, Total: 12700 ns
[832.019s][info ][safepoint      ] Safepoint "Cleanup", Time since last: 1000089785 ns, Reaching safepoint: 6200 ns, Cleanup: 14300 ns, At safepoint: 5000 ns, Total: 25500 ns
[835.019s][info ][safepoint      ] Safepoint "Cleanup", Time since last: 3000224953 ns, Reaching safepoint: 7301 ns, Cleanup: 7200 ns, At safepoint: 1900 ns, Total: 16401 ns
[837.019s][info ][safepoint      ] Safepoint "Cleanup", Time since last: 2000176669 ns, Reaching safepoint: 6100 ns, Cleanup: 7400 ns, At safepoint: 1600 ns, Total: 15100 ns
[838.019s][info ][safepoint      ] Safepoint "Cleanup", Time since last: 1000102885 ns, Reaching safepoint: 6500 ns, Cleanup: 9100 ns, At safepoint: 1800 ns, Total: 17400 ns
[841.244s][info ][safepoint      ] Safepoint "Cleanup", Time since last: 3224611287 ns, Reaching safepoint: 5900 ns, Cleanup: 8300 ns, At safepoint: 1500 ns, Total: 15700 ns
[842.244s][info ][safepoint      ] Safepoint "Cleanup", Time since last: 1000100685 ns, Reaching safepoint: 5800 ns, Cleanup: 9000 ns, At safepoint: 2100 ns, Total: 16900 ns
[844.244s][info ][safepoint      ] Safepoint "Cleanup", Time since last: 2000165169 ns, Reaching safepoint: 6200 ns, Cleanup: 24700 ns, At safepoint: 1700 ns, Total: 32600 ns
[845.244s][info ][safepoint      ] Safepoint "Cleanup", Time since last: 1000113585 ns, Reaching safepoint: 6200 ns, Cleanup: 12400 ns, At safepoint: 1700 ns, Total: 20300 ns
[846.244s][info ][safepoint      ] Safepoint "Cleanup", Time since last: 1000094873 ns, Reaching safepoint: 5501 ns, Cleanup: 8600 ns, At safepoint: 1400 ns, Total: 15501 ns
[847.244s][info ][safepoint      ] Safepoint "Cleanup", Time since last: 1000090362 ns, Reaching safepoint: 6400 ns, Cleanup: 10500 ns, At safepoint: 1500 ns, Total: 18400 ns
[848.245s][info ][safepoint      ] Safepoint "Cleanup", Time since last: 1000115663 ns, Reaching safepoint: 6300 ns, Cleanup: 6700 ns, At safepoint: 1300 ns, Total: 14300 ns
[849.245s][info ][safepoint      ] Safepoint "Cleanup", Time since last: 1000099862 ns, Reaching safepoint: 6600 ns, Cleanup: 7300 ns, At safepoint: 4800 ns, Total: 18700 ns
[850.245s][info ][safepoint      ] Safepoint "Cleanup", Time since last: 1000104163 ns, Reaching safepoint: 5700 ns, Cleanup: 8400 ns, At safepoint: 2000 ns, Total: 16100 ns
[852.245s][info ][safepoint      ] Safepoint "Cleanup", Time since last: 2000178024 ns, Reaching safepoint: 6100 ns, Cleanup: 8601 ns, At safepoint: 1600 ns, Total: 16301 ns
[853.245s][info ][safepoint      ] Safepoint "Cleanup", Time since last: 1000099762 ns, Reaching safepoint: 6100 ns, Cleanup: 14200 ns, At safepoint: 1300 ns, Total: 21600 ns
[856.245s][info ][safepoint      ] Safepoint "Cleanup", Time since last: 3000219443 ns, Reaching safepoint: 6500 ns, Cleanup: 13200 ns, At safepoint: 2100 ns, Total: 21800 ns
[857.122s][info ][gc,start       ] GC(30) Pause Young (Allocation Failure)
[857.131s][debug][gc,phases      ] GC(30) Scavenge 9.161ms
[857.131s][debug][gc,ref         ] GC(30) ReferenceProcessor::execute queues: 1, RefProcThreadModel::Single, marks_oops_alive: false
[857.131s][debug][gc,ref         ] GC(30) ReferenceProcessor::execute queues: 4, RefProcThreadModel::Multi, marks_oops_alive: true
[857.131s][debug][gc,ref         ] GC(30) ReferenceProcessor::execute queues: 1, RefProcThreadModel::Single, marks_oops_alive: false
[857.132s][debug][gc,phases      ] GC(30) Reference Processing 0.173ms
[857.132s][debug][gc,phases      ] GC(30)   VM Weak                        Min:  0.0, Avg:  0.0, Max:  0.0, Diff:  0.0, Sum:  0.0, Workers: 4
[857.132s][debug][gc,phases      ] GC(30)     Dead                           Min: 0, Avg:  0.0, Max: 0, Diff: 0, Sum: 0, Workers: 4
[857.132s][debug][gc,phases      ] GC(30)     Total                          Min: 0, Avg: 231.5, Max: 512, Diff: 512, Sum: 926, Workers: 4
[857.132s][debug][gc,phases      ] GC(30)   ObjectSynchronizer Weak        Min:  0.0, Avg:  0.0, Max:  0.0, Diff:  0.0, Sum:  0.0, Workers: 4
[857.132s][debug][gc,phases      ] GC(30)     Dead                           Min: 0, Avg:  0.0, Max: 0, Diff: 0, Sum: 0, Workers: 4
[857.132s][debug][gc,phases      ] GC(30)     Total                          Min: 0, Avg:  1.0, Max: 4, Diff: 4, Sum: 4, Workers: 4
[857.132s][debug][gc,phases      ] GC(30)   JVMTI Tag Weak OopStorage      Min:  0.0, Avg:  0.0, Max:  0.0, Diff:  0.0, Sum:  0.0, Workers: 4
[857.132s][debug][gc,phases      ] GC(30)     Dead                           Min: 0, Avg:  0.0, Max: 0, Diff: 0, Sum: 0, Workers: 4
[857.132s][debug][gc,phases      ] GC(30)     Total                          Min: 0, Avg:  0.0, Max: 0, Diff: 0, Sum: 0, Workers: 4
[857.132s][debug][gc,phases      ] GC(30)   StringTable Weak               Min:  0.0, Avg:  0.1, Max:  0.1, Diff:  0.1, Sum:  0.4, Workers: 4
[857.132s][debug][gc,phases      ] GC(30)     Dead                           Min: 0, Avg:  0.5, Max: 2, Diff: 2, Sum: 2, Workers: 4
[857.132s][debug][gc,phases      ] GC(30)     Total                          Min: 0, Avg: 11270.2, Max: 15806, Diff: 15806, Sum: 45081, Workers: 4
[857.132s][debug][gc,phases      ] GC(30)   ResolvedMethodTable Weak       Min:  0.0, Avg:  0.0, Max:  0.0, Diff:  0.0, Sum:  0.1, Workers: 4
[857.132s][debug][gc,phases      ] GC(30)     Dead                           Min: 0, Avg:  1.0, Max: 3, Diff: 3, Sum: 4, Workers: 4
[857.132s][debug][gc,phases      ] GC(30)     Total                          Min: 0, Avg: 3035.5, Max: 4142, Diff: 4142, Sum: 12142, Workers: 4
[857.132s][debug][gc,phases      ] GC(30)   JNI Weak                       Min:  0.0, Avg:  0.0, Max:  0.0, Diff:  0.0, Sum:  0.0, Workers: 4
[857.132s][debug][gc,phases      ] GC(30)     Dead                           Min: 0, Avg:  0.0, Max: 0, Diff: 0, Sum: 0, Workers: 4
[857.132s][debug][gc,phases      ] GC(30)     Total                          Min: 0, Avg: 12.0, Max: 48, Diff: 48, Sum: 48, Workers: 4
[857.132s][debug][gc,phases      ] GC(30)   StringDedup Table Weak         Min:  0.0, Avg:  0.0, Max:  0.0, Diff:  0.0, Sum:  0.0, Workers: 4
[857.132s][debug][gc,phases      ] GC(30)     Dead                           Min: 0, Avg:  0.0, Max: 0, Diff: 0, Sum: 0, Workers: 4
[857.132s][debug][gc,phases      ] GC(30)     Total                          Min: 0, Avg:  0.0, Max: 0, Diff: 0, Sum: 0, Workers: 4
[857.132s][debug][gc,phases      ] GC(30)   StringDedup Requests0 Weak     Min:  0.0, Avg:  0.0, Max:  0.0, Diff:  0.0, Sum:  0.0, Workers: 4
[857.132s][debug][gc,phases      ] GC(30)     Dead                           Min: 0, Avg:  0.0, Max: 0, Diff: 0, Sum: 0, Workers: 4
[857.132s][debug][gc,phases      ] GC(30)     Total                          Min: 0, Avg:  0.0, Max: 0, Diff: 0, Sum: 0, Workers: 4
[857.132s][debug][gc,phases      ] GC(30)   StringDedup Requests1 Weak     Min:  0.0, Avg:  0.0, Max:  0.0, Diff:  0.0, Sum:  0.0, Workers: 4
[857.132s][debug][gc,phases      ] GC(30)     Dead                           Min: 0, Avg:  0.0, Max: 0, Diff: 0, Sum: 0, Workers: 4
[857.132s][debug][gc,phases      ] GC(30)     Total                          Min: 0, Avg:  0.0, Max: 0, Diff: 0, Sum: 0, Workers: 4
[857.132s][debug][gc,phases      ] GC(30)   Weak JFR Old Object Samples    Min:  0.0, Avg:  0.0, Max:  0.0, Diff:  0.0, Sum:  0.0, Workers: 4
[857.132s][debug][gc,phases      ] GC(30)     Dead                           Min: 0, Avg:  0.0, Max: 0, Diff: 0, Sum: 0, Workers: 4
[857.132s][debug][gc,phases      ] GC(30)     Total                          Min: 0, Avg:  0.0, Max: 0, Diff: 0, Sum: 0, Workers: 4
[857.132s][debug][gc,phases      ] GC(30) Weak Processing 0.356ms
[857.132s][debug][gc,age         ] GC(30) Desired survivor size 356515840 bytes, new threshold 15 (max threshold 15)
[857.132s][info ][gc,heap        ] GC(30) PSYoungGen: 1430754K(1745920K)->32290K(1747456K) Eden: 1397760K(1397760K)->0K(1397760K) From: 32994K(348160K)->32290K(349696K)
[857.132s][info ][gc,heap        ] GC(30) ParOldGen: 317700K(371200K)->318860K(371200K)
[857.132s][info ][gc,metaspace   ] GC(30) Metaspace: 88874K(90112K)->88874K(90112K) NonClass: 76174K(76864K)->76174K(76864K) Class: 12699K(13248K)->12699K(13248K)
[857.132s][info ][gc             ] GC(30) Pause Young (Allocation Failure) 1707M->342M(2069M) 9.817ms
[857.132s][info ][gc,cpu         ] GC(30) User=0.03s Sys=0.00s Real=0.00s
[857.132s][info ][safepoint      ] Safepoint "ParallelGCFailedAllocation", Time since last: 876751986 ns, Reaching safepoint: 6000 ns, Cleanup: 3200 ns, At safepoint: 9888572 ns, Total: 9897772 ns
[858.132s][info ][safepoint      ] Safepoint "Cleanup", Time since last: 1000085085 ns, Reaching safepoint: 6100 ns, Cleanup: 8900 ns, At safepoint: 1400 ns, Total: 16400 ns
[861.132s][info ][safepoint      ] Safepoint "Cleanup", Time since last: 3000232955 ns, Reaching safepoint: 5600 ns, Cleanup: 7700 ns, At safepoint: 1300 ns, Total: 14600 ns
[864.133s][info ][safepoint      ] Safepoint "Cleanup", Time since last: 3000204990 ns, Reaching safepoint: 6400 ns, Cleanup: 8500 ns, At safepoint: 1400 ns, Total: 16300 ns
[866.133s][info ][safepoint      ] Safepoint "Cleanup", Time since last: 2000166430 ns, Reaching safepoint: 6700 ns, Cleanup: 8300 ns, At safepoint: 1600 ns, Total: 16600 ns
[882.134s][info ][safepoint      ] Safepoint "Cleanup", Time since last: 16001062513 ns, Reaching safepoint: 6100 ns, Cleanup: 7200 ns, At safepoint: 1400 ns, Total: 14700 ns
[883.134s][info ][safepoint      ] Safepoint "Cleanup", Time since last: 1000107562 ns, Reaching safepoint: 6600 ns, Cleanup: 7801 ns, At safepoint: 1400 ns, Total: 15801 ns
[886.134s][info ][safepoint      ] Safepoint "Cleanup", Time since last: 3000216863 ns, Reaching safepoint: 7800 ns, Cleanup: 8901 ns, At safepoint: 28700 ns, Total: 45401 ns
[890.135s][info ][safepoint      ] Safepoint "Cleanup", Time since last: 4000317495 ns, Reaching safepoint: 6900 ns, Cleanup: 19500 ns, At safepoint: 2200 ns, Total: 28600 ns
[892.135s][info ][safepoint      ] Safepoint "Cleanup", Time since last: 2000172597 ns, Reaching safepoint: 5600 ns, Cleanup: 6500 ns, At safepoint: 1400 ns, Total: 13500 ns
[894.135s][info ][safepoint      ] Safepoint "Cleanup", Time since last: 2000170617 ns, Reaching safepoint: 6000 ns, Cleanup: 8400 ns, At safepoint: 1400 ns, Total: 15800 ns
[897.135s][info ][safepoint      ] Safepoint "Cleanup", Time since last: 3000207368 ns, Reaching safepoint: 7300 ns, Cleanup: 8900 ns, At safepoint: 2200 ns, Total: 18400 ns
[901.259s][info ][safepoint      ] Safepoint "Cleanup", Time since last: 4123527018 ns, Reaching safepoint: 6400 ns, Cleanup: 8900 ns, At safepoint: 1800 ns, Total: 17100 ns
[902.259s][info ][safepoint      ] Safepoint "Cleanup", Time since last: 1000118910 ns, Reaching safepoint: 6900 ns, Cleanup: 12700 ns, At safepoint: 4700 ns, Total: 24300 ns
[905.259s][info ][safepoint      ] Safepoint "Cleanup", Time since last: 3000225164 ns, Reaching safepoint: 6300 ns, Cleanup: 8100 ns, At safepoint: 1400 ns, Total: 15800 ns
[910.278s][info ][gc,start       ] GC(31) Pause Young (Allocation Failure)
[910.288s][debug][gc,phases      ] GC(31) Scavenge 10.101ms
[910.288s][debug][gc,ref         ] GC(31) ReferenceProcessor::execute queues: 1, RefProcThreadModel::Single, marks_oops_alive: false
[910.288s][debug][gc,ref         ] GC(31) ReferenceProcessor::execute queues: 4, RefProcThreadModel::Multi, marks_oops_alive: true
[910.288s][debug][gc,ref         ] GC(31) ReferenceProcessor::execute queues: 1, RefProcThreadModel::Single, marks_oops_alive: false
[910.288s][debug][gc,phases      ] GC(31) Reference Processing 0.357ms
[910.289s][debug][gc,phases      ] GC(31)   VM Weak                        Min:  0.0, Avg:  0.0, Max:  0.0, Diff:  0.0, Sum:  0.0, Workers: 4
[910.289s][debug][gc,phases      ] GC(31)     Dead                           Min: 0, Avg:  0.0, Max: 0, Diff: 0, Sum: 0, Workers: 4
[910.289s][debug][gc,phases      ] GC(31)     Total                          Min: 0, Avg: 232.5, Max: 384, Diff: 384, Sum: 930, Workers: 4
[910.289s][debug][gc,phases      ] GC(31)   ObjectSynchronizer Weak        Min:  0.0, Avg:  0.0, Max:  0.0, Diff:  0.0, Sum:  0.0, Workers: 4
[910.289s][debug][gc,phases      ] GC(31)     Dead                           Min: 0, Avg:  0.0, Max: 0, Diff: 0, Sum: 0, Workers: 4
[910.289s][debug][gc,phases      ] GC(31)     Total                          Min: 0, Avg:  1.0, Max: 4, Diff: 4, Sum: 4, Workers: 4
[910.289s][debug][gc,phases      ] GC(31)   JVMTI Tag Weak OopStorage      Min:  0.0, Avg:  0.0, Max:  0.0, Diff:  0.0, Sum:  0.0, Workers: 4
[910.289s][debug][gc,phases      ] GC(31)     Dead                           Min: 0, Avg:  0.0, Max: 0, Diff: 0, Sum: 0, Workers: 4
[910.289s][debug][gc,phases      ] GC(31)     Total                          Min: 0, Avg:  0.0, Max: 0, Diff: 0, Sum: 0, Workers: 4
[910.289s][debug][gc,phases      ] GC(31)   StringTable Weak               Min:  0.0, Avg:  0.1, Max:  0.2, Diff:  0.2, Sum:  0.5, Workers: 4
[910.289s][debug][gc,phases      ] GC(31)     Dead                           Min: 0, Avg:  0.0, Max: 0, Diff: 0, Sum: 0, Workers: 4
[910.289s][debug][gc,phases      ] GC(31)     Total                          Min: 0, Avg: 11271.0, Max: 15168, Diff: 15168, Sum: 45084, Workers: 4
[910.289s][debug][gc,phases      ] GC(31)   ResolvedMethodTable Weak       Min:  0.0, Avg:  0.0, Max:  0.0, Diff:  0.0, Sum:  0.1, Workers: 4
[910.289s][debug][gc,phases      ] GC(31)     Dead                           Min: 0, Avg:  0.0, Max: 0, Diff: 0, Sum: 0, Workers: 4
[910.289s][debug][gc,phases      ] GC(31)     Total                          Min: 0, Avg: 3037.5, Max: 4159, Diff: 4159, Sum: 12150, Workers: 4
[910.289s][debug][gc,phases      ] GC(31)   JNI Weak                       Min:  0.0, Avg:  0.0, Max:  0.0, Diff:  0.0, Sum:  0.0, Workers: 4
[910.289s][debug][gc,phases      ] GC(31)     Dead                           Min: 0, Avg:  0.0, Max: 0, Diff: 0, Sum: 0, Workers: 4
[910.289s][debug][gc,phases      ] GC(31)     Total                          Min: 0, Avg: 12.0, Max: 48, Diff: 48, Sum: 48, Workers: 4
[910.289s][debug][gc,phases      ] GC(31)   StringDedup Table Weak         Min:  0.0, Avg:  0.0, Max:  0.0, Diff:  0.0, Sum:  0.0, Workers: 4
[910.289s][debug][gc,phases      ] GC(31)     Dead                           Min: 0, Avg:  0.0, Max: 0, Diff: 0, Sum: 0, Workers: 4
[910.289s][debug][gc,phases      ] GC(31)     Total                          Min: 0, Avg:  0.0, Max: 0, Diff: 0, Sum: 0, Workers: 4
[910.289s][debug][gc,phases      ] GC(31)   StringDedup Requests0 Weak     Min:  0.0, Avg:  0.0, Max:  0.0, Diff:  0.0, Sum:  0.0, Workers: 4
[910.289s][debug][gc,phases      ] GC(31)     Dead                           Min: 0, Avg:  0.0, Max: 0, Diff: 0, Sum: 0, Workers: 4
[910.289s][debug][gc,phases      ] GC(31)     Total                          Min: 0, Avg:  0.0, Max: 0, Diff: 0, Sum: 0, Workers: 4
[910.289s][debug][gc,phases      ] GC(31)   StringDedup Requests1 Weak     Min:  0.0, Avg:  0.0, Max:  0.0, Diff:  0.0, Sum:  0.0, Workers: 4
[910.289s][debug][gc,phases      ] GC(31)     Dead                           Min: 0, Avg:  0.0, Max: 0, Diff: 0, Sum: 0, Workers: 4
[910.289s][debug][gc,phases      ] GC(31)     Total                          Min: 0, Avg:  0.0, Max: 0, Diff: 0, Sum: 0, Workers: 4
[910.289s][debug][gc,phases      ] GC(31)   Weak JFR Old Object Samples    Min:  0.0, Avg:  0.0, Max:  0.0, Diff:  0.0, Sum:  0.0, Workers: 4
[910.289s][debug][gc,phases      ] GC(31)     Dead                           Min: 0, Avg:  0.0, Max: 0, Diff: 0, Sum: 0, Workers: 4
[910.289s][debug][gc,phases      ] GC(31)     Total                          Min: 0, Avg:  0.0, Max: 0, Diff: 0, Sum: 0, Workers: 4
[910.289s][debug][gc,phases      ] GC(31) Weak Processing 0.442ms
[910.289s][debug][gc,age         ] GC(31) Desired survivor size 352321536 bytes, new threshold 15 (max threshold 15)
[910.289s][info ][gc,heap        ] GC(31) PSYoungGen: 1430050K(1747456K)->31122K(1753088K) Eden: 1397760K(1397760K)->0K(1404928K) From: 32290K(349696K)->31122K(348160K)
[910.289s][info ][gc,heap        ] GC(31) ParOldGen: 318860K(371200K)->319612K(371200K)
[910.289s][info ][gc,metaspace   ] GC(31) Metaspace: 88900K(90176K)->88900K(90176K) NonClass: 76197K(76928K)->76197K(76928K) Class: 12702K(13248K)->12702K(13248K)
[910.289s][info ][gc             ] GC(31) Pause Young (Allocation Failure) 1707M->342M(2074M) 11.052ms
[910.289s][info ][gc,cpu         ] GC(31) User=0.04s Sys=0.00s Real=0.01s
[910.289s][info ][safepoint      ] Safepoint "ParallelGCFailedAllocation", Time since last: 5018742223 ns, Reaching safepoint: 6800 ns, Cleanup: 3300 ns, At safepoint: 11129980 ns, Total: 11140080 ns
[912.289s][info ][safepoint      ] Safepoint "Cleanup", Time since last: 2000115391 ns, Reaching safepoint: 6500 ns, Cleanup: 11400 ns, At safepoint: 1800 ns, Total: 19700 ns
[913.289s][info ][safepoint      ] Safepoint "Cleanup", Time since last: 1000102896 ns, Reaching safepoint: 6000 ns, Cleanup: 7300 ns, At safepoint: 1800 ns, Total: 15100 ns
[917.290s][info ][safepoint      ] Safepoint "Cleanup", Time since last: 4000294383 ns, Reaching safepoint: 6500 ns, Cleanup: 39000 ns, At safepoint: 1500 ns, Total: 47000 ns
[918.290s][info ][safepoint      ] Safepoint "Cleanup", Time since last: 1000099278 ns, Reaching safepoint: 5800 ns, Cleanup: 8501 ns, At safepoint: 1600 ns, Total: 15901 ns
[920.290s][info ][safepoint      ] Safepoint "Cleanup", Time since last: 2000163017 ns, Reaching safepoint: 6600 ns, Cleanup: 9600 ns, At safepoint: 1500 ns, Total: 17700 ns
[930.290s][info ][safepoint      ] Safepoint "Cleanup", Time since last: 10000664144 ns, Reaching safepoint: 6000 ns, Cleanup: 8100 ns, At safepoint: 1700 ns, Total: 15800 ns
[941.291s][info ][safepoint      ] Safepoint "Cleanup", Time since last: 11000663665 ns, Reaching safepoint: 6800 ns, Cleanup: 8300 ns, At safepoint: 1400 ns, Total: 16500 ns
[948.292s][info ][safepoint      ] Safepoint "Cleanup", Time since last: 7000451418 ns, Reaching safepoint: 7500 ns, Cleanup: 11400 ns, At safepoint: 1600 ns, Total: 20500 ns
[954.292s][info ][safepoint      ] Safepoint "Cleanup", Time since last: 6000405823 ns, Reaching safepoint: 5800 ns, Cleanup: 9700 ns, At safepoint: 1500 ns, Total: 17000 ns
[959.292s][info ][safepoint      ] Safepoint "Cleanup", Time since last: 5000306638 ns, Reaching safepoint: 6300 ns, Cleanup: 8300 ns, At safepoint: 1500 ns, Total: 16100 ns
[961.273s][info ][safepoint      ] Safepoint "Cleanup", Time since last: 1980638520 ns, Reaching safepoint: 6600 ns, Cleanup: 8500 ns, At safepoint: 1900 ns, Total: 17000 ns
[963.508s][info ][gc,start       ] GC(32) Pause Young (Allocation Failure)
[963.517s][debug][gc,phases      ] GC(32) Scavenge 8.197ms
[963.517s][debug][gc,ref         ] GC(32) ReferenceProcessor::execute queues: 1, RefProcThreadModel::Single, marks_oops_alive: false
[963.517s][debug][gc,ref         ] GC(32) Skipped KeepAliveFinalRefsPhase of Reference Processing: no references
[963.517s][debug][gc,ref         ] GC(32) ReferenceProcessor::execute queues: 1, RefProcThreadModel::Single, marks_oops_alive: false
[963.517s][debug][gc,phases      ] GC(32) Reference Processing 0.101ms
[963.517s][debug][gc,phases      ] GC(32)   VM Weak                        Min:  0.0, Avg:  0.0, Max:  0.0, Diff:  0.0, Sum:  0.0, Workers: 4
[963.517s][debug][gc,phases      ] GC(32)     Dead                           Min: 0, Avg:  0.0, Max: 0, Diff: 0, Sum: 0, Workers: 4
[963.517s][debug][gc,phases      ] GC(32)     Total                          Min: 0, Avg: 232.5, Max: 384, Diff: 384, Sum: 930, Workers: 4
[963.517s][debug][gc,phases      ] GC(32)   ObjectSynchronizer Weak        Min:  0.0, Avg:  0.0, Max:  0.0, Diff:  0.0, Sum:  0.0, Workers: 4
[963.517s][debug][gc,phases      ] GC(32)     Dead                           Min: 0, Avg:  0.0, Max: 0, Diff: 0, Sum: 0, Workers: 4
[963.517s][debug][gc,phases      ] GC(32)     Total                          Min: 0, Avg:  0.8, Max: 3, Diff: 3, Sum: 3, Workers: 4
[963.517s][debug][gc,phases      ] GC(32)   JVMTI Tag Weak OopStorage      Min:  0.0, Avg:  0.0, Max:  0.0, Diff:  0.0, Sum:  0.0, Workers: 4
[963.517s][debug][gc,phases      ] GC(32)     Dead                           Min: 0, Avg:  0.0, Max: 0, Diff: 0, Sum: 0, Workers: 4
[963.517s][debug][gc,phases      ] GC(32)     Total                          Min: 0, Avg:  0.0, Max: 0, Diff: 0, Sum: 0, Workers: 4
[963.517s][debug][gc,phases      ] GC(32)   StringTable Weak               Min:  0.0, Avg:  0.1, Max:  0.1, Diff:  0.1, Sum:  0.3, Workers: 4
[963.517s][debug][gc,phases      ] GC(32)     Dead                           Min: 0, Avg:  0.0, Max: 0, Diff: 0, Sum: 0, Workers: 4
[963.517s][debug][gc,phases      ] GC(32)     Total                          Min: 0, Avg: 11275.5, Max: 19903, Diff: 19903, Sum: 45102, Workers: 4
[963.517s][debug][gc,phases      ] GC(32)   ResolvedMethodTable Weak       Min:  0.0, Avg:  0.0, Max:  0.0, Diff:  0.0, Sum:  0.1, Workers: 4
[963.517s][debug][gc,phases      ] GC(32)     Dead                           Min: 0, Avg:  0.2, Max: 1, Diff: 1, Sum: 1, Workers: 4
[963.517s][debug][gc,phases      ] GC(32)     Total                          Min: 0, Avg: 3038.0, Max: 4351, Diff: 4351, Sum: 12152, Workers: 4
[963.517s][debug][gc,phases      ] GC(32)   JNI Weak                       Min:  0.0, Avg:  0.0, Max:  0.0, Diff:  0.0, Sum:  0.0, Workers: 4
[963.517s][debug][gc,phases      ] GC(32)     Dead                           Min: 0, Avg:  0.0, Max: 0, Diff: 0, Sum: 0, Workers: 4
[963.517s][debug][gc,phases      ] GC(32)     Total                          Min: 0, Avg: 12.0, Max: 48, Diff: 48, Sum: 48, Workers: 4
[963.517s][debug][gc,phases      ] GC(32)   StringDedup Table Weak         Min:  0.0, Avg:  0.0, Max:  0.0, Diff:  0.0, Sum:  0.0, Workers: 4
[963.517s][debug][gc,phases      ] GC(32)     Dead                           Min: 0, Avg:  0.0, Max: 0, Diff: 0, Sum: 0, Workers: 4
[963.517s][debug][gc,phases      ] GC(32)     Total                          Min: 0, Avg:  0.0, Max: 0, Diff: 0, Sum: 0, Workers: 4
[963.517s][debug][gc,phases      ] GC(32)   StringDedup Requests0 Weak     Min:  0.0, Avg:  0.0, Max:  0.0, Diff:  0.0, Sum:  0.0, Workers: 4
[963.517s][debug][gc,phases      ] GC(32)     Dead                           Min: 0, Avg:  0.0, Max: 0, Diff: 0, Sum: 0, Workers: 4
[963.517s][debug][gc,phases      ] GC(32)     Total                          Min: 0, Avg:  0.0, Max: 0, Diff: 0, Sum: 0, Workers: 4
[963.517s][debug][gc,phases      ] GC(32)   StringDedup Requests1 Weak     Min:  0.0, Avg:  0.0, Max:  0.0, Diff:  0.0, Sum:  0.0, Workers: 4
[963.517s][debug][gc,phases      ] GC(32)     Dead                           Min: 0, Avg:  0.0, Max: 0, Diff: 0, Sum: 0, Workers: 4
[963.517s][debug][gc,phases      ] GC(32)     Total                          Min: 0, Avg:  0.0, Max: 0, Diff: 0, Sum: 0, Workers: 4
[963.517s][debug][gc,phases      ] GC(32)   Weak JFR Old Object Samples    Min:  0.0, Avg:  0.0, Max:  0.0, Diff:  0.0, Sum:  0.0, Workers: 4
[963.517s][debug][gc,phases      ] GC(32)     Dead                           Min: 0, Avg:  0.0, Max: 0, Diff: 0, Sum: 0, Workers: 4
[963.517s][debug][gc,phases      ] GC(32)     Total                          Min: 0, Avg:  0.0, Max: 0, Diff: 0, Sum: 0, Workers: 4
[963.517s][debug][gc,phases      ] GC(32) Weak Processing 0.339ms
[963.517s][debug][gc,age         ] GC(32) Desired survivor size 345505792 bytes, new threshold 15 (max threshold 15)
[963.517s][info ][gc,heap        ] GC(32) PSYoungGen: 1436050K(1753088K)->31474K(1748992K) Eden: 1404928K(1404928K)->0K(1404928K) From: 31122K(348160K)->31474K(344064K)
[963.517s][info ][gc,heap        ] GC(32) ParOldGen: 319612K(371200K)->319668K(371200K)
[963.517s][info ][gc,metaspace   ] GC(32) Metaspace: 88918K(90176K)->88918K(90176K) NonClass: 76215K(76928K)->76215K(76928K) Class: 12702K(13248K)->12702K(13248K)
[963.517s][info ][gc             ] GC(32) Pause Young (Allocation Failure) 1714M->342M(2070M) 8.762ms
[963.517s][info ][gc,cpu         ] GC(32) User=0.03s Sys=0.00s Real=0.01s
[963.517s][info ][safepoint      ] Safepoint "ParallelGCFailedAllocation", Time since last: 2235322362 ns, Reaching safepoint: 5900 ns, Cleanup: 3100 ns, At safepoint: 8827564 ns, Total: 8836564 ns
[966.517s][info ][safepoint      ] Safepoint "Cleanup", Time since last: 3000205058 ns, Reaching safepoint: 6500 ns, Cleanup: 8800 ns, At safepoint: 5900 ns, Total: 21200 ns
[970.518s][info ][safepoint      ] Safepoint "Cleanup", Time since last: 4000296017 ns, Reaching safepoint: 8200 ns, Cleanup: 10700 ns, At safepoint: 1800 ns, Total: 20700 ns
[971.518s][info ][safepoint      ] Safepoint "Cleanup", Time since last: 1000100079 ns, Reaching safepoint: 6500 ns, Cleanup: 7700 ns, At safepoint: 1500 ns, Total: 15700 ns
[985.519s][info ][safepoint      ] Safepoint "Cleanup", Time since last: 14000915257 ns, Reaching safepoint: 5800 ns, Cleanup: 6700 ns, At safepoint: 1700 ns, Total: 14200 ns
[995.519s][info ][safepoint      ] Safepoint "Cleanup", Time since last: 10000549764 ns, Reaching safepoint: 75701 ns, Cleanup: 9200 ns, At safepoint: 5100 ns, Total: 90001 ns
[997.520s][info ][safepoint      ] Safepoint "Cleanup", Time since last: 2000163294 ns, Reaching safepoint: 5900 ns, Cleanup: 7800 ns, At safepoint: 1700 ns, Total: 15400 ns
[1015.521s][info ][safepoint      ] Safepoint "Cleanup", Time since last: 18001142283 ns, Reaching safepoint: 5800 ns, Cleanup: 13800 ns, At safepoint: 2500 ns, Total: 22100 ns
[1016.521s][info ][safepoint      ] Safepoint "Cleanup", Time since last: 1000093569 ns, Reaching safepoint: 5900 ns, Cleanup: 13001 ns, At safepoint: 2000 ns, Total: 20901 ns
[1018.955s][info ][gc,start       ] GC(33) Pause Young (Allocation Failure)
[1018.963s][debug][gc,phases      ] GC(33) Scavenge 8.544ms
[1018.963s][debug][gc,ref         ] GC(33) ReferenceProcessor::execute queues: 1, RefProcThreadModel::Single, marks_oops_alive: false
[1018.963s][debug][gc,ref         ] GC(33) Skipped KeepAliveFinalRefsPhase of Reference Processing: no references
[1018.963s][debug][gc,ref         ] GC(33) ReferenceProcessor::execute queues: 1, RefProcThreadModel::Single, marks_oops_alive: false
[1018.963s][debug][gc,phases      ] GC(33) Reference Processing 0.096ms
[1018.964s][debug][gc,phases      ] GC(33)   VM Weak                        Min:  0.0, Avg:  0.0, Max:  0.0, Diff:  0.0, Sum:  0.0, Workers: 4
[1018.964s][debug][gc,phases      ] GC(33)     Dead                           Min: 0, Avg:  0.0, Max: 0, Diff: 0, Sum: 0, Workers: 4
[1018.964s][debug][gc,phases      ] GC(33)     Total                          Min: 0, Avg: 232.5, Max: 832, Diff: 832, Sum: 930, Workers: 4
[1018.964s][debug][gc,phases      ] GC(33)   ObjectSynchronizer Weak        Min:  0.0, Avg:  0.0, Max:  0.0, Diff:  0.0, Sum:  0.0, Workers: 4
[1018.964s][debug][gc,phases      ] GC(33)     Dead                           Min: 0, Avg:  0.0, Max: 0, Diff: 0, Sum: 0, Workers: 4
[1018.964s][debug][gc,phases      ] GC(33)     Total                          Min: 0, Avg:  1.0, Max: 4, Diff: 4, Sum: 4, Workers: 4
[1018.964s][debug][gc,phases      ] GC(33)   JVMTI Tag Weak OopStorage      Min:  0.0, Avg:  0.0, Max:  0.0, Diff:  0.0, Sum:  0.0, Workers: 4
[1018.964s][debug][gc,phases      ] GC(33)     Dead                           Min: 0, Avg:  0.0, Max: 0, Diff: 0, Sum: 0, Workers: 4
[1018.964s][debug][gc,phases      ] GC(33)     Total                          Min: 0, Avg:  0.0, Max: 0, Diff: 0, Sum: 0, Workers: 4
[1018.964s][debug][gc,phases      ] GC(33)   StringTable Weak               Min:  0.0, Avg:  0.1, Max:  0.1, Diff:  0.1, Sum:  0.4, Workers: 4
[1018.964s][debug][gc,phases      ] GC(33)     Dead                           Min: 0, Avg:  0.0, Max: 0, Diff: 0, Sum: 0, Workers: 4
[1018.964s][debug][gc,phases      ] GC(33)     Total                          Min: 0, Avg: 11275.5, Max: 18607, Diff: 18607, Sum: 45102, Workers: 4
[1018.964s][debug][gc,phases      ] GC(33)   ResolvedMethodTable Weak       Min:  0.0, Avg:  0.0, Max:  0.0, Diff:  0.0, Sum:  0.1, Workers: 4
[1018.964s][debug][gc,phases      ] GC(33)     Dead                           Min: 0, Avg:  0.0, Max: 0, Diff: 0, Sum: 0, Workers: 4
[1018.964s][debug][gc,phases      ] GC(33)     Total                          Min: 0, Avg: 3038.0, Max: 5118, Diff: 5118, Sum: 12152, Workers: 4
[1018.964s][debug][gc,phases      ] GC(33)   JNI Weak                       Min:  0.0, Avg:  0.0, Max:  0.0, Diff:  0.0, Sum:  0.0, Workers: 4
[1018.964s][debug][gc,phases      ] GC(33)     Dead                           Min: 0, Avg:  0.0, Max: 0, Diff: 0, Sum: 0, Workers: 4
[1018.964s][debug][gc,phases      ] GC(33)     Total                          Min: 0, Avg: 12.0, Max: 48, Diff: 48, Sum: 48, Workers: 4
[1018.964s][debug][gc,phases      ] GC(33)   StringDedup Table Weak         Min:  0.0, Avg:  0.0, Max:  0.0, Diff:  0.0, Sum:  0.0, Workers: 4
[1018.964s][debug][gc,phases      ] GC(33)     Dead                           Min: 0, Avg:  0.0, Max: 0, Diff: 0, Sum: 0, Workers: 4
[1018.964s][debug][gc,phases      ] GC(33)     Total                          Min: 0, Avg:  0.0, Max: 0, Diff: 0, Sum: 0, Workers: 4
[1018.964s][debug][gc,phases      ] GC(33)   StringDedup Requests0 Weak     Min:  0.0, Avg:  0.0, Max:  0.0, Diff:  0.0, Sum:  0.0, Workers: 4
[1018.964s][debug][gc,phases      ] GC(33)     Dead                           Min: 0, Avg:  0.0, Max: 0, Diff: 0, Sum: 0, Workers: 4
[1018.964s][debug][gc,phases      ] GC(33)     Total                          Min: 0, Avg:  0.0, Max: 0, Diff: 0, Sum: 0, Workers: 4
[1018.964s][debug][gc,phases      ] GC(33)   StringDedup Requests1 Weak     Min:  0.0, Avg:  0.0, Max:  0.0, Diff:  0.0, Sum:  0.0, Workers: 4
[1018.964s][debug][gc,phases      ] GC(33)     Dead                           Min: 0, Avg:  0.0, Max: 0, Diff: 0, Sum: 0, Workers: 4
[1018.964s][debug][gc,phases      ] GC(33)     Total                          Min: 0, Avg:  0.0, Max: 0, Diff: 0, Sum: 0, Workers: 4
[1018.964s][debug][gc,phases      ] GC(33)   Weak JFR Old Object Samples    Min:  0.0, Avg:  0.0, Max:  0.0, Diff:  0.0, Sum:  0.0, Workers: 4
[1018.964s][debug][gc,phases      ] GC(33)     Dead                           Min: 0, Avg:  0.0, Max: 0, Diff: 0, Sum: 0, Workers: 4
[1018.964s][debug][gc,phases      ] GC(33)     Total                          Min: 0, Avg:  0.0, Max: 0, Diff: 0, Sum: 0, Workers: 4
[1018.964s][debug][gc,phases      ] GC(33) Weak Processing 0.330ms
[1018.964s][debug][gc,age         ] GC(33) Desired survivor size 337117184 bytes, new threshold 15 (max threshold 15)
[1018.964s][info ][gc,heap        ] GC(33) PSYoungGen: 1436402K(1748992K)->30514K(1767936K) Eden: 1404928K(1404928K)->0K(1430528K) From: 31474K(344064K)->30514K(337408K)
[1018.964s][info ][gc,heap        ] GC(33) ParOldGen: 319668K(371200K)->320652K(371200K)
[1018.964s][info ][gc,metaspace   ] GC(33) Metaspace: 88937K(90176K)->88937K(90176K) NonClass: 76234K(76928K)->76234K(76928K) Class: 12702K(13248K)->12702K(13248K)
[1018.964s][info ][gc             ] GC(33) Pause Young (Allocation Failure) 1714M->342M(2089M) 9.106ms
[1018.964s][info ][gc,cpu         ] GC(33) User=0.03s Sys=0.00s Real=0.01s
[1018.964s][info ][safepoint      ] Safepoint "ParallelGCFailedAllocation", Time since last: 2433594245 ns, Reaching safepoint: 74200 ns, Cleanup: 3600 ns, At safepoint: 9172366 ns, Total: 9250166 ns
[1021.288s][info ][safepoint      ] Safepoint "Cleanup", Time since last: 2324508563 ns, Reaching safepoint: 7300 ns, Cleanup: 9200 ns, At safepoint: 2400 ns, Total: 18900 ns
[1032.289s][info ][safepoint      ] Safepoint "Cleanup", Time since last: 11000878444 ns, Reaching safepoint: 6100 ns, Cleanup: 9100 ns, At safepoint: 1901 ns, Total: 17101 ns
[1034.289s][info ][safepoint      ] Safepoint "Cleanup", Time since last: 2000163653 ns, Reaching safepoint: 5800 ns, Cleanup: 8500 ns, At safepoint: 2000 ns, Total: 16300 ns
[1039.290s][info ][safepoint      ] Safepoint "Cleanup", Time since last: 5000332383 ns, Reaching safepoint: 5800 ns, Cleanup: 6500 ns, At safepoint: 1700 ns, Total: 14000 ns
[1043.290s][info ][safepoint      ] Safepoint "Cleanup", Time since last: 4000288005 ns, Reaching safepoint: 7700 ns, Cleanup: 8100 ns, At safepoint: 2300 ns, Total: 18100 ns
[1049.290s][info ][safepoint      ] Safepoint "Cleanup", Time since last: 6000389790 ns, Reaching safepoint: 7400 ns, Cleanup: 9700 ns, At safepoint: 2400 ns, Total: 19500 ns
[1050.291s][info ][safepoint      ] Safepoint "Cleanup", Time since last: 1000100757 ns, Reaching safepoint: 6300 ns, Cleanup: 10800 ns, At safepoint: 2100 ns, Total: 19200 ns
[1056.291s][info ][safepoint      ] Safepoint "Cleanup", Time since last: 6000402697 ns, Reaching safepoint: 6100 ns, Cleanup: 8800 ns, At safepoint: 1800 ns, Total: 16700 ns
[1058.291s][info ][safepoint      ] Safepoint "Cleanup", Time since last: 2000158278 ns, Reaching safepoint: 6300 ns, Cleanup: 8500 ns, At safepoint: 1600 ns, Total: 16400 ns
[1059.291s][info ][safepoint      ] Safepoint "Cleanup", Time since last: 1000100940 ns, Reaching safepoint: 8000 ns, Cleanup: 8800 ns, At safepoint: 2200 ns, Total: 19000 ns
[1061.291s][info ][safepoint      ] Safepoint "Cleanup", Time since last: 2000171178 ns, Reaching safepoint: 6100 ns, Cleanup: 9300 ns, At safepoint: 1500 ns, Total: 16900 ns
[1062.292s][info ][safepoint      ] Safepoint "Cleanup", Time since last: 1000103705 ns, Reaching safepoint: 7400 ns, Cleanup: 9600 ns, At safepoint: 2100 ns, Total: 19100 ns
[1063.292s][info ][safepoint      ] Safepoint "Cleanup", Time since last: 1000093740 ns, Reaching safepoint: 6400 ns, Cleanup: 6800 ns, At safepoint: 1600 ns, Total: 14800 ns
[1065.292s][info ][safepoint      ] Safepoint "Cleanup", Time since last: 2000143580 ns, Reaching safepoint: 6200 ns, Cleanup: 9400 ns, At safepoint: 1700 ns, Total: 17300 ns
[1066.292s][info ][safepoint      ] Safepoint "Cleanup", Time since last: 1000104241 ns, Reaching safepoint: 5900 ns, Cleanup: 7500 ns, At safepoint: 1900 ns, Total: 15300 ns
[1070.512s][info ][gc,start       ] GC(34) Pause Young (Allocation Failure)
[1070.522s][debug][gc,phases      ] GC(34) Scavenge 9.390ms
[1070.522s][debug][gc,ref         ] GC(34) ReferenceProcessor::execute queues: 1, RefProcThreadModel::Single, marks_oops_alive: false
[1070.522s][debug][gc,ref         ] GC(34) Skipped KeepAliveFinalRefsPhase of Reference Processing: no references
[1070.522s][debug][gc,ref         ] GC(34) ReferenceProcessor::execute queues: 1, RefProcThreadModel::Single, marks_oops_alive: false
[1070.522s][debug][gc,phases      ] GC(34) Reference Processing 0.094ms
[1070.522s][debug][gc,phases      ] GC(34)   VM Weak                        Min:  0.0, Avg:  0.0, Max:  0.0, Diff:  0.0, Sum:  0.0, Workers: 4
[1070.522s][debug][gc,phases      ] GC(34)     Dead                           Min: 0, Avg:  0.0, Max: 0, Diff: 0, Sum: 0, Workers: 4
[1070.522s][debug][gc,phases      ] GC(34)     Total                          Min: 0, Avg: 232.5, Max: 832, Diff: 832, Sum: 930, Workers: 4
[1070.522s][debug][gc,phases      ] GC(34)   ObjectSynchronizer Weak        Min:  0.0, Avg:  0.0, Max:  0.0, Diff:  0.0, Sum:  0.0, Workers: 4
[1070.522s][debug][gc,phases      ] GC(34)     Dead                           Min: 0, Avg:  0.0, Max: 0, Diff: 0, Sum: 0, Workers: 4
[1070.522s][debug][gc,phases      ] GC(34)     Total                          Min: 0, Avg:  1.0, Max: 4, Diff: 4, Sum: 4, Workers: 4
[1070.522s][debug][gc,phases      ] GC(34)   JVMTI Tag Weak OopStorage      Min:  0.0, Avg:  0.0, Max:  0.0, Diff:  0.0, Sum:  0.0, Workers: 4
[1070.522s][debug][gc,phases      ] GC(34)     Dead                           Min: 0, Avg:  0.0, Max: 0, Diff: 0, Sum: 0, Workers: 4
[1070.522s][debug][gc,phases      ] GC(34)     Total                          Min: 0, Avg:  0.0, Max: 0, Diff: 0, Sum: 0, Workers: 4
[1070.522s][debug][gc,phases      ] GC(34)   StringTable Weak               Min:  0.0, Avg:  0.1, Max:  0.1, Diff:  0.1, Sum:  0.4, Workers: 4
[1070.522s][debug][gc,phases      ] GC(34)     Dead                           Min: 0, Avg:  0.0, Max: 0, Diff: 0, Sum: 0, Workers: 4
[1070.522s][debug][gc,phases      ] GC(34)     Total                          Min: 0, Avg: 11275.5, Max: 19070, Diff: 19070, Sum: 45102, Workers: 4
[1070.522s][debug][gc,phases      ] GC(34)   ResolvedMethodTable Weak       Min:  0.0, Avg:  0.0, Max:  0.0, Diff:  0.0, Sum:  0.1, Workers: 4
[1070.522s][debug][gc,phases      ] GC(34)     Dead                           Min: 0, Avg:  0.0, Max: 0, Diff: 0, Sum: 0, Workers: 4
[1070.522s][debug][gc,phases      ] GC(34)     Total                          Min: 0, Avg: 3038.0, Max: 5119, Diff: 5119, Sum: 12152, Workers: 4
[1070.522s][debug][gc,phases      ] GC(34)   JNI Weak                       Min:  0.0, Avg:  0.0, Max:  0.0, Diff:  0.0, Sum:  0.0, Workers: 4
[1070.522s][debug][gc,phases      ] GC(34)     Dead                           Min: 0, Avg:  0.0, Max: 0, Diff: 0, Sum: 0, Workers: 4
[1070.522s][debug][gc,phases      ] GC(34)     Total                          Min: 0, Avg: 12.0, Max: 48, Diff: 48, Sum: 48, Workers: 4
[1070.522s][debug][gc,phases      ] GC(34)   StringDedup Table Weak         Min:  0.0, Avg:  0.0, Max:  0.0, Diff:  0.0, Sum:  0.0, Workers: 4
[1070.522s][debug][gc,phases      ] GC(34)     Dead                           Min: 0, Avg:  0.0, Max: 0, Diff: 0, Sum: 0, Workers: 4
[1070.522s][debug][gc,phases      ] GC(34)     Total                          Min: 0, Avg:  0.0, Max: 0, Diff: 0, Sum: 0, Workers: 4
[1070.522s][debug][gc,phases      ] GC(34)   StringDedup Requests0 Weak     Min:  0.0, Avg:  0.0, Max:  0.0, Diff:  0.0, Sum:  0.0, Workers: 4
[1070.522s][debug][gc,phases      ] GC(34)     Dead                           Min: 0, Avg:  0.0, Max: 0, Diff: 0, Sum: 0, Workers: 4
[1070.522s][debug][gc,phases      ] GC(34)     Total                          Min: 0, Avg:  0.0, Max: 0, Diff: 0, Sum: 0, Workers: 4
[1070.522s][debug][gc,phases      ] GC(34)   StringDedup Requests1 Weak     Min:  0.0, Avg:  0.0, Max:  0.0, Diff:  0.0, Sum:  0.0, Workers: 4
[1070.522s][debug][gc,phases      ] GC(34)     Dead                           Min: 0, Avg:  0.0, Max: 0, Diff: 0, Sum: 0, Workers: 4
[1070.522s][debug][gc,phases      ] GC(34)     Total                          Min: 0, Avg:  0.0, Max: 0, Diff: 0, Sum: 0, Workers: 4
[1070.522s][debug][gc,phases      ] GC(34)   Weak JFR Old Object Samples    Min:  0.0, Avg:  0.0, Max:  0.0, Diff:  0.0, Sum:  0.0, Workers: 4
[1070.522s][debug][gc,phases      ] GC(34)     Dead                           Min: 0, Avg:  0.0, Max: 0, Diff: 0, Sum: 0, Workers: 4
[1070.522s][debug][gc,phases      ] GC(34)     Total                          Min: 0, Avg:  0.0, Max: 0, Diff: 0, Sum: 0, Workers: 4
[1070.522s][debug][gc,phases      ] GC(34) Weak Processing 0.336ms
[1070.522s][debug][gc,age         ] GC(34) Desired survivor size 327155712 bytes, new threshold 15 (max threshold 15)
[1070.522s][info ][gc,heap        ] GC(34) PSYoungGen: 1461042K(1767936K)->32434K(1759744K) Eden: 1430528K(1430528K)->0K(1430528K) From: 30514K(337408K)->32434K(329216K)
[1070.522s][info ][gc,heap        ] GC(34) ParOldGen: 320652K(371200K)->320844K(371200K)
[1070.522s][info ][gc,metaspace   ] GC(34) Metaspace: 88956K(90176K)->88956K(90176K) NonClass: 76253K(76928K)->76253K(76928K) Class: 12702K(13248K)->12702K(13248K)
[1070.522s][info ][gc             ] GC(34) Pause Young (Allocation Failure) 1739M->344M(2081M) 9.933ms
[1070.522s][info ][gc,cpu         ] GC(34) User=0.04s Sys=0.00s Real=0.02s
[1070.522s][info ][safepoint      ] Safepoint "ParallelGCFailedAllocation", Time since last: 4220204158 ns, Reaching safepoint: 6200 ns, Cleanup: 3100 ns, At safepoint: 9999167 ns, Total: 10008467 ns
[1072.522s][info ][safepoint      ] Safepoint "Cleanup", Time since last: 2000126146 ns, Reaching safepoint: 6200 ns, Cleanup: 10300 ns, At safepoint: 2300 ns, Total: 18800 ns
[1081.304s][info ][safepoint      ] Safepoint "Cleanup", Time since last: 8781202838 ns, Reaching safepoint: 75101 ns, Cleanup: 9900 ns, At safepoint: 5000 ns, Total: 90001 ns
[1082.304s][info ][safepoint      ] Safepoint "Cleanup", Time since last: 1000109644 ns, Reaching safepoint: 76701 ns, Cleanup: 20800 ns, At safepoint: 5800 ns, Total: 103301 ns
[1084.304s][info ][safepoint      ] Safepoint "Cleanup", Time since last: 2000172489 ns, Reaching safepoint: 75601 ns, Cleanup: 11700 ns, At safepoint: 4300 ns, Total: 91601 ns
[1089.304s][info ][safepoint      ] Safepoint "Cleanup", Time since last: 5000394558 ns, Reaching safepoint: 6800 ns, Cleanup: 7700 ns, At safepoint: 21100 ns, Total: 35600 ns
[1094.305s][info ][safepoint      ] Safepoint "Cleanup", Time since last: 5000354989 ns, Reaching safepoint: 78101 ns, Cleanup: 10600 ns, At safepoint: 6000 ns, Total: 94701 ns
[1096.305s][info ][safepoint      ] Safepoint "Cleanup", Time since last: 2000171059 ns, Reaching safepoint: 77601 ns, Cleanup: 10200 ns, At safepoint: 4900 ns, Total: 92701 ns
[1099.306s][info ][safepoint      ] Safepoint "Cleanup", Time since last: 3000229188 ns, Reaching safepoint: 78101 ns, Cleanup: 16600 ns, At safepoint: 6200 ns, Total: 100901 ns
[1107.306s][info ][safepoint      ] Safepoint "Cleanup", Time since last: 8000596716 ns, Reaching safepoint: 86300 ns, Cleanup: 11300 ns, At safepoint: 4500 ns, Total: 102100 ns
[1116.307s][info ][safepoint      ] Safepoint "Cleanup", Time since last: 9000627168 ns, Reaching safepoint: 74600 ns, Cleanup: 7200 ns, At safepoint: 4800 ns, Total: 86600 ns
[1121.307s][info ][safepoint      ] Safepoint "Cleanup", Time since last: 5000338642 ns, Reaching safepoint: 75400 ns, Cleanup: 10101 ns, At safepoint: 4500 ns, Total: 90001 ns
[1124.308s][info ][safepoint      ] Safepoint "Cleanup", Time since last: 3000251878 ns, Reaching safepoint: 79101 ns, Cleanup: 8700 ns, At safepoint: 5600 ns, Total: 93401 ns
[1125.705s][info ][gc,start       ] GC(35) Pause Young (Allocation Failure)
[1125.717s][debug][gc,phases      ] GC(35) Scavenge 12.389ms
[1125.718s][debug][gc,ref         ] GC(35) ReferenceProcessor::execute queues: 1, RefProcThreadModel::Single, marks_oops_alive: false
[1125.718s][debug][gc,ref         ] GC(35) Skipped KeepAliveFinalRefsPhase of Reference Processing: no references
[1125.718s][debug][gc,ref         ] GC(35) ReferenceProcessor::execute queues: 1, RefProcThreadModel::Single, marks_oops_alive: false
[1125.718s][debug][gc,phases      ] GC(35) Reference Processing 0.089ms
[1125.718s][debug][gc,phases      ] GC(35)   VM Weak                        Min:  0.0, Avg:  0.0, Max:  0.0, Diff:  0.0, Sum:  0.0, Workers: 4
[1125.718s][debug][gc,phases      ] GC(35)     Dead                           Min: 0, Avg:  0.0, Max: 0, Diff: 0, Sum: 0, Workers: 4
[1125.718s][debug][gc,phases      ] GC(35)     Total                          Min: 0, Avg: 232.5, Max: 482, Diff: 482, Sum: 930, Workers: 4
[1125.718s][debug][gc,phases      ] GC(35)   ObjectSynchronizer Weak        Min:  0.0, Avg:  0.0, Max:  0.0, Diff:  0.0, Sum:  0.0, Workers: 4
[1125.718s][debug][gc,phases      ] GC(35)     Dead                           Min: 0, Avg:  0.0, Max: 0, Diff: 0, Sum: 0, Workers: 4
[1125.718s][debug][gc,phases      ] GC(35)     Total                          Min: 0, Avg:  1.0, Max: 4, Diff: 4, Sum: 4, Workers: 4
[1125.718s][debug][gc,phases      ] GC(35)   JVMTI Tag Weak OopStorage      Min:  0.0, Avg:  0.0, Max:  0.0, Diff:  0.0, Sum:  0.0, Workers: 4
[1125.718s][debug][gc,phases      ] GC(35)     Dead                           Min: 0, Avg:  0.0, Max: 0, Diff: 0, Sum: 0, Workers: 4
[1125.718s][debug][gc,phases      ] GC(35)     Total                          Min: 0, Avg:  0.0, Max: 0, Diff: 0, Sum: 0, Workers: 4
[1125.718s][debug][gc,phases      ] GC(35)   StringTable Weak               Min:  0.0, Avg:  0.1, Max:  0.1, Diff:  0.1, Sum:  0.4, Workers: 4
[1125.718s][debug][gc,phases      ] GC(35)     Dead                           Min: 0, Avg:  0.0, Max: 0, Diff: 0, Sum: 0, Workers: 4
[1125.718s][debug][gc,phases      ] GC(35)     Total                          Min: 0, Avg: 11277.8, Max: 18238, Diff: 18238, Sum: 45111, Workers: 4
[1125.718s][debug][gc,phases      ] GC(35)   ResolvedMethodTable Weak       Min:  0.0, Avg:  0.0, Max:  0.0, Diff:  0.0, Sum:  0.1, Workers: 4
[1125.718s][debug][gc,phases      ] GC(35)     Dead                           Min: 0, Avg:  0.5, Max: 2, Diff: 2, Sum: 2, Workers: 4
[1125.718s][debug][gc,phases      ] GC(35)     Total                          Min: 0, Avg: 3039.0, Max: 4861, Diff: 4861, Sum: 12156, Workers: 4
[1125.718s][debug][gc,phases      ] GC(35)   JNI Weak                       Min:  0.0, Avg:  0.0, Max:  0.0, Diff:  0.0, Sum:  0.0, Workers: 4
[1125.718s][debug][gc,phases      ] GC(35)     Dead                           Min: 0, Avg:  0.0, Max: 0, Diff: 0, Sum: 0, Workers: 4
[1125.718s][debug][gc,phases      ] GC(35)     Total                          Min: 0, Avg: 12.0, Max: 48, Diff: 48, Sum: 48, Workers: 4
[1125.718s][debug][gc,phases      ] GC(35)   StringDedup Table Weak         Min:  0.0, Avg:  0.0, Max:  0.0, Diff:  0.0, Sum:  0.0, Workers: 4
[1125.718s][debug][gc,phases      ] GC(35)     Dead                           Min: 0, Avg:  0.0, Max: 0, Diff: 0, Sum: 0, Workers: 4
[1125.718s][debug][gc,phases      ] GC(35)     Total                          Min: 0, Avg:  0.0, Max: 0, Diff: 0, Sum: 0, Workers: 4
[1125.718s][debug][gc,phases      ] GC(35)   StringDedup Requests0 Weak     Min:  0.0, Avg:  0.0, Max:  0.0, Diff:  0.0, Sum:  0.0, Workers: 4
[1125.718s][debug][gc,phases      ] GC(35)     Dead                           Min: 0, Avg:  0.0, Max: 0, Diff: 0, Sum: 0, Workers: 4
[1125.718s][debug][gc,phases      ] GC(35)     Total                          Min: 0, Avg:  0.0, Max: 0, Diff: 0, Sum: 0, Workers: 4
[1125.718s][debug][gc,phases      ] GC(35)   StringDedup Requests1 Weak     Min:  0.0, Avg:  0.0, Max:  0.0, Diff:  0.0, Sum:  0.0, Workers: 4
[1125.718s][debug][gc,phases      ] GC(35)     Dead                           Min: 0, Avg:  0.0, Max: 0, Diff: 0, Sum: 0, Workers: 4
[1125.718s][debug][gc,phases      ] GC(35)     Total                          Min: 0, Avg:  0.0, Max: 0, Diff: 0, Sum: 0, Workers: 4
[1125.718s][debug][gc,phases      ] GC(35)   Weak JFR Old Object Samples    Min:  0.0, Avg:  0.0, Max:  0.0, Diff:  0.0, Sum:  0.0, Workers: 4
[1125.718s][debug][gc,phases      ] GC(35)     Dead                           Min: 0, Avg:  0.0, Max: 0, Diff: 0, Sum: 0, Workers: 4
[1125.718s][debug][gc,phases      ] GC(35)     Total                          Min: 0, Avg:  0.0, Max: 0, Diff: 0, Sum: 0, Workers: 4
[1125.718s][debug][gc,phases      ] GC(35) Weak Processing 0.325ms
[1125.718s][debug][gc,age         ] GC(35) Desired survivor size 318767104 bytes, new threshold 15 (max threshold 15)
[1125.718s][info ][gc,heap        ] GC(35) PSYoungGen: 1462962K(1759744K)->14034K(1785856K) Eden: 1430528K(1430528K)->0K(1466368K) From: 32434K(329216K)->14034K(319488K)
[1125.718s][info ][gc,heap        ] GC(35) ParOldGen: 320844K(371200K)->340716K(371200K)
[1125.718s][info ][gc,metaspace   ] GC(35) Metaspace: 88975K(90240K)->88975K(90240K) NonClass: 76270K(76992K)->76270K(76992K) Class: 12705K(13248K)->12705K(13248K)
[1125.718s][info ][gc             ] GC(35) Pause Young (Allocation Failure) 1741M->346M(2106M) 12.917ms
[1125.718s][info ][gc,cpu         ] GC(35) User=0.03s Sys=0.02s Real=0.01s
[1125.718s][debug][gc,phases      ] GC(36) Pre Compact 0.008ms
[1125.718s][info ][gc,start       ] GC(36) Pause Full (Ergonomics)
[1125.718s][info ][gc,phases,start] GC(36) Marking Phase
[1125.821s][debug][gc,phases      ] GC(36) Par Mark 102.625ms
[1125.821s][debug][gc,ref         ] GC(36) ReferenceProcessor::execute queues: 4, RefProcThreadModel::Multi, marks_oops_alive: false
[1125.821s][debug][gc,ref         ] GC(36) Skipped KeepAliveFinalRefsPhase of Reference Processing: no references
[1125.821s][debug][gc,ref         ] GC(36) ReferenceProcessor::execute queues: 1, RefProcThreadModel::Single, marks_oops_alive: false
[1125.821s][debug][gc,phases      ] GC(36) Reference Processing 0.547ms
[1125.822s][debug][gc,phases      ] GC(36)   VM Weak                        Min:  0.0, Avg:  0.0, Max:  0.0, Diff:  0.0, Sum:  0.0, Workers: 4
[1125.822s][debug][gc,phases      ] GC(36)     Dead                           Min: 0, Avg:  0.0, Max: 0, Diff: 0, Sum: 0, Workers: 4
[1125.822s][debug][gc,phases      ] GC(36)     Total                          Min: 0, Avg: 232.5, Max: 448, Diff: 448, Sum: 930, Workers: 4
[1125.822s][debug][gc,phases      ] GC(36)   ObjectSynchronizer Weak        Min:  0.0, Avg:  0.0, Max:  0.0, Diff:  0.0, Sum:  0.0, Workers: 4
[1125.822s][debug][gc,phases      ] GC(36)     Dead                           Min: 0, Avg:  0.0, Max: 0, Diff: 0, Sum: 0, Workers: 4
[1125.822s][debug][gc,phases      ] GC(36)     Total                          Min: 0, Avg:  1.0, Max: 4, Diff: 4, Sum: 4, Workers: 4
[1125.822s][debug][gc,phases      ] GC(36)   JVMTI Tag Weak OopStorage      Min:  0.0, Avg:  0.0, Max:  0.0, Diff:  0.0, Sum:  0.0, Workers: 4
[1125.822s][debug][gc,phases      ] GC(36)     Dead                           Min: 0, Avg:  0.0, Max: 0, Diff: 0, Sum: 0, Workers: 4
[1125.822s][debug][gc,phases      ] GC(36)     Total                          Min: 0, Avg:  0.0, Max: 0, Diff: 0, Sum: 0, Workers: 4
[1125.822s][debug][gc,phases      ] GC(36)   StringTable Weak               Min:  0.0, Avg:  0.2, Max:  0.2, Diff:  0.2, Sum:  0.7, Workers: 4
[1125.822s][debug][gc,phases      ] GC(36)     Dead                           Min: 0, Avg:  0.0, Max: 0, Diff: 0, Sum: 0, Workers: 4
[1125.822s][debug][gc,phases      ] GC(36)     Total                          Min: 0, Avg: 11277.8, Max: 15928, Diff: 15928, Sum: 45111, Workers: 4
[1125.822s][debug][gc,phases      ] GC(36)   ResolvedMethodTable Weak       Min:  0.0, Avg:  0.0, Max:  0.0, Diff:  0.0, Sum:  0.1, Workers: 4
[1125.822s][debug][gc,phases      ] GC(36)     Dead                           Min: 0, Avg:  0.0, Max: 0, Diff: 0, Sum: 0, Workers: 4
[1125.822s][debug][gc,phases      ] GC(36)     Total                          Min: 0, Avg: 3039.0, Max: 4285, Diff: 4285, Sum: 12156, Workers: 4
[1125.822s][debug][gc,phases      ] GC(36)   JNI Weak                       Min:  0.0, Avg:  0.0, Max:  0.0, Diff:  0.0, Sum:  0.0, Workers: 4
[1125.822s][debug][gc,phases      ] GC(36)     Dead                           Min: 0, Avg:  0.0, Max: 0, Diff: 0, Sum: 0, Workers: 4
[1125.822s][debug][gc,phases      ] GC(36)     Total                          Min: 0, Avg: 12.0, Max: 48, Diff: 48, Sum: 48, Workers: 4
[1125.822s][debug][gc,phases      ] GC(36)   StringDedup Table Weak         Min:  0.0, Avg:  0.0, Max:  0.0, Diff:  0.0, Sum:  0.0, Workers: 4
[1125.822s][debug][gc,phases      ] GC(36)     Dead                           Min: 0, Avg:  0.0, Max: 0, Diff: 0, Sum: 0, Workers: 4
[1125.822s][debug][gc,phases      ] GC(36)     Total                          Min: 0, Avg:  0.0, Max: 0, Diff: 0, Sum: 0, Workers: 4
[1125.822s][debug][gc,phases      ] GC(36)   StringDedup Requests0 Weak     Min:  0.0, Avg:  0.0, Max:  0.0, Diff:  0.0, Sum:  0.0, Workers: 4
[1125.822s][debug][gc,phases      ] GC(36)     Dead                           Min: 0, Avg:  0.0, Max: 0, Diff: 0, Sum: 0, Workers: 4
[1125.822s][debug][gc,phases      ] GC(36)     Total                          Min: 0, Avg:  0.0, Max: 0, Diff: 0, Sum: 0, Workers: 4
[1125.822s][debug][gc,phases      ] GC(36)   StringDedup Requests1 Weak     Min:  0.0, Avg:  0.0, Max:  0.0, Diff:  0.0, Sum:  0.0, Workers: 4
[1125.822s][debug][gc,phases      ] GC(36)     Dead                           Min: 0, Avg:  0.0, Max: 0, Diff: 0, Sum: 0, Workers: 4
[1125.822s][debug][gc,phases      ] GC(36)     Total                          Min: 0, Avg:  0.0, Max: 0, Diff: 0, Sum: 0, Workers: 4
[1125.822s][debug][gc,phases      ] GC(36)   Weak JFR Old Object Samples    Min:  0.0, Avg:  0.0, Max:  0.0, Diff:  0.0, Sum:  0.0, Workers: 4
[1125.822s][debug][gc,phases      ] GC(36)     Dead                           Min: 0, Avg:  0.0, Max: 0, Diff: 0, Sum: 0, Workers: 4
[1125.822s][debug][gc,phases      ] GC(36)     Total                          Min: 0, Avg:  0.0, Max: 0, Diff: 0, Sum: 0, Workers: 4
[1125.822s][debug][gc,phases      ] GC(36) Weak Processing 0.450ms
[1125.822s][debug][gc,phases      ] GC(36) ClassLoaderData 0.112ms
[1125.822s][debug][gc,phases      ] GC(36) Trigger cleanups 0.000ms
[1125.848s][debug][gc,phases      ] GC(36) Class Unloading 25.954ms
[1125.848s][debug][gc,phases      ] GC(36) Report Object Count 0.001ms
[1125.848s][info ][gc,phases      ] GC(36) Marking Phase 129.657ms
[1125.848s][info ][gc,phases,start] GC(36) Summary Phase
[1125.848s][info ][gc,phases      ] GC(36) Summary Phase 0.012ms
[1125.848s][info ][gc,phases,start] GC(36) Adjust Roots
[1125.861s][info ][gc,phases      ] GC(36) Adjust Roots 13.560ms
[1125.861s][info ][gc,phases,start] GC(36) Compaction Phase
[1125.981s][info ][gc,phases      ] GC(36) Compaction Phase 119.975ms
[1125.981s][info ][gc,phases,start] GC(36) Post Compact
[1125.982s][info ][gc,phases      ] GC(36) Post Compact 0.892ms
[1125.982s][info ][gc,heap        ] GC(36) PSYoungGen: 14034K(1785856K)->0K(1777664K) Eden: 0K(1466368K)->0K(1466368K) From: 14034K(319488K)->0K(311296K)
[1125.982s][info ][gc,heap        ] GC(36) ParOldGen: 340716K(371200K)->334224K(449536K)
[1125.982s][info ][gc,metaspace   ] GC(36) Metaspace: 88975K(90240K)->88975K(90240K) NonClass: 76270K(76992K)->76270K(76992K) Class: 12705K(13248K)->12705K(13248K)
[1125.982s][info ][gc             ] GC(36) Pause Full (Ergonomics) 346M->326M(2175M) 264.358ms
[1125.982s][info ][gc,cpu         ] GC(36) User=0.85s Sys=0.00s Real=0.27s
[1125.982s][info ][safepoint      ] Safepoint "ParallelGCFailedAllocation", Time since last: 1397295803 ns, Reaching safepoint: 6100 ns, Cleanup: 2900 ns, At safepoint: 277398486 ns, Total: 277407486 ns
[1126.983s][info ][safepoint      ] Safepoint "Cleanup", Time since last: 1000090213 ns, Reaching safepoint: 6700 ns, Cleanup: 9100 ns, At safepoint: 2100 ns, Total: 17900 ns
[1129.983s][info ][safepoint      ] Safepoint "Cleanup", Time since last: 3000249836 ns, Reaching safepoint: 7200 ns, Cleanup: 9700 ns, At safepoint: 1500 ns, Total: 18400 ns
[1137.983s][info ][safepoint      ] Safepoint "Cleanup", Time since last: 8000549401 ns, Reaching safepoint: 6100 ns, Cleanup: 50700 ns, At safepoint: 5400 ns, Total: 62200 ns
[1138.984s][info ][safepoint      ] Safepoint "Cleanup", Time since last: 1000103613 ns, Reaching safepoint: 6300 ns, Cleanup: 9701 ns, At safepoint: 1800 ns, Total: 17801 ns
[1140.319s][info ][safepoint      ] Safepoint "Cleanup", Time since last: 1335098696 ns, Reaching safepoint: 3900 ns, Cleanup: 10400 ns, At safepoint: 6000 ns, Total: 20300 ns
[1141.319s][info ][safepoint      ] Safepoint "Cleanup", Time since last: 1000113413 ns, Reaching safepoint: 5300 ns, Cleanup: 7200 ns, At safepoint: 4600 ns, Total: 17100 ns
[1142.319s][info ][safepoint      ] Safepoint "Cleanup", Time since last: 1000089795 ns, Reaching safepoint: 6400 ns, Cleanup: 6000 ns, At safepoint: 1900 ns, Total: 14300 ns
[1143.319s][info ][safepoint      ] Safepoint "Cleanup", Time since last: 1000089954 ns, Reaching safepoint: 6400 ns, Cleanup: 8600 ns, At safepoint: 1600 ns, Total: 16600 ns
[1145.319s][info ][safepoint      ] Safepoint "Cleanup", Time since last: 2000158808 ns, Reaching safepoint: 6300 ns, Cleanup: 15900 ns, At safepoint: 1800 ns, Total: 24000 ns
[1150.320s][info ][safepoint      ] Safepoint "Cleanup", Time since last: 5000353386 ns, Reaching safepoint: 6500 ns, Cleanup: 9000 ns, At safepoint: 1700 ns, Total: 17200 ns
[1152.320s][info ][safepoint      ] Safepoint "Cleanup", Time since last: 2000157815 ns, Reaching safepoint: 6400 ns, Cleanup: 10400 ns, At safepoint: 1700 ns, Total: 18500 ns
[1153.320s][info ][safepoint      ] Safepoint "Cleanup", Time since last: 1000092508 ns, Reaching safepoint: 6300 ns, Cleanup: 10000 ns, At safepoint: 1900 ns, Total: 18200 ns
[1157.320s][info ][safepoint      ] Safepoint "Cleanup", Time since last: 4000297331 ns, Reaching safepoint: 6700 ns, Cleanup: 8100 ns, At safepoint: 1500 ns, Total: 16300 ns
[1159.320s][info ][safepoint      ] Safepoint "Cleanup", Time since last: 2000169696 ns, Reaching safepoint: 77100 ns, Cleanup: 8901 ns, At safepoint: 4200 ns, Total: 90201 ns
[1161.321s][info ][safepoint      ] Safepoint "Cleanup", Time since last: 2000163385 ns, Reaching safepoint: 6100 ns, Cleanup: 8000 ns, At safepoint: 1400 ns, Total: 15500 ns
[1162.321s][info ][safepoint      ] Safepoint "Cleanup", Time since last: 1000103193 ns, Reaching safepoint: 5900 ns, Cleanup: 5500 ns, At safepoint: 1400 ns, Total: 12800 ns
[1164.321s][info ][safepoint      ] Safepoint "Cleanup", Time since last: 2000167686 ns, Reaching safepoint: 6200 ns, Cleanup: 12500 ns, At safepoint: 1500 ns, Total: 20200 ns
[1166.321s][info ][safepoint      ] Safepoint "Cleanup", Time since last: 2000168080 ns, Reaching safepoint: 7500 ns, Cleanup: 11100 ns, At safepoint: 1700 ns, Total: 20300 ns
[1168.321s][info ][safepoint      ] Safepoint "Cleanup", Time since last: 2000171045 ns, Reaching safepoint: 6800 ns, Cleanup: 9700 ns, At safepoint: 1800 ns, Total: 18300 ns
[1172.322s][info ][safepoint      ] Safepoint "Cleanup", Time since last: 4000271390 ns, Reaching safepoint: 6600 ns, Cleanup: 6300 ns, At safepoint: 1400 ns, Total: 14300 ns
[1176.322s][info ][safepoint      ] Safepoint "Cleanup", Time since last: 4000258640 ns, Reaching safepoint: 6400 ns, Cleanup: 15101 ns, At safepoint: 1400 ns, Total: 22901 ns
[1178.322s][info ][safepoint      ] Safepoint "Cleanup", Time since last: 2000175589 ns, Reaching safepoint: 6800 ns, Cleanup: 11500 ns, At safepoint: 1400 ns, Total: 19700 ns
[1179.322s][info ][safepoint      ] Safepoint "Cleanup", Time since last: 1000095495 ns, Reaching safepoint: 7600 ns, Cleanup: 9800 ns, At safepoint: 1900 ns, Total: 19300 ns
[1181.322s][info ][safepoint      ] Safepoint "Cleanup", Time since last: 2000167090 ns, Reaching safepoint: 6500 ns, Cleanup: 13000 ns, At safepoint: 1400 ns, Total: 20900 ns
[1185.564s][info ][gc,start       ] GC(37) Pause Young (Allocation Failure)
[1185.567s][debug][gc,phases      ] GC(37) Scavenge 2.926ms
[1185.567s][debug][gc,ref         ] GC(37) ReferenceProcessor::execute queues: 1, RefProcThreadModel::Single, marks_oops_alive: false
[1185.567s][debug][gc,ref         ] GC(37) Skipped KeepAliveFinalRefsPhase of Reference Processing: no references
[1185.567s][debug][gc,ref         ] GC(37) ReferenceProcessor::execute queues: 1, RefProcThreadModel::Single, marks_oops_alive: false
[1185.567s][debug][gc,phases      ] GC(37) Reference Processing 0.082ms
[1185.567s][debug][gc,phases      ] GC(37)   VM Weak                        Min:  0.0, Avg:  0.0, Max:  0.0, Diff:  0.0, Sum:  0.0, Workers: 4
[1185.567s][debug][gc,phases      ] GC(37)     Dead                           Min: 0, Avg:  0.0, Max: 0, Diff: 0, Sum: 0, Workers: 4
[1185.567s][debug][gc,phases      ] GC(37)     Total                          Min: 0, Avg: 232.8, Max: 803, Diff: 803, Sum: 931, Workers: 4
[1185.567s][debug][gc,phases      ] GC(37)   ObjectSynchronizer Weak        Min:  0.0, Avg:  0.0, Max:  0.0, Diff:  0.0, Sum:  0.0, Workers: 4
[1185.567s][debug][gc,phases      ] GC(37)     Dead                           Min: 0, Avg:  0.0, Max: 0, Diff: 0, Sum: 0, Workers: 4
[1185.567s][debug][gc,phases      ] GC(37)     Total                          Min: 0, Avg:  1.0, Max: 4, Diff: 4, Sum: 4, Workers: 4
[1185.567s][debug][gc,phases      ] GC(37)   JVMTI Tag Weak OopStorage      Min:  0.0, Avg:  0.0, Max:  0.0, Diff:  0.0, Sum:  0.0, Workers: 4
[1185.567s][debug][gc,phases      ] GC(37)     Dead                           Min: 0, Avg:  0.0, Max: 0, Diff: 0, Sum: 0, Workers: 4
[1185.567s][debug][gc,phases      ] GC(37)     Total                          Min: 0, Avg:  0.0, Max: 0, Diff: 0, Sum: 0, Workers: 4
[1185.567s][debug][gc,phases      ] GC(37)   StringTable Weak               Min:  0.0, Avg:  0.1, Max:  0.1, Diff:  0.1, Sum:  0.4, Workers: 4
[1185.567s][debug][gc,phases      ] GC(37)     Dead                           Min: 0, Avg:  0.5, Max: 2, Diff: 2, Sum: 2, Workers: 4
[1185.567s][debug][gc,phases      ] GC(37)     Total                          Min: 0, Avg: 11288.8, Max: 19071, Diff: 19071, Sum: 45155, Workers: 4
[1185.567s][debug][gc,phases      ] GC(37)   ResolvedMethodTable Weak       Min:  0.0, Avg:  0.0, Max:  0.0, Diff:  0.0, Sum:  0.1, Workers: 4
[1185.567s][debug][gc,phases      ] GC(37)     Dead                           Min: 0, Avg:  5.0, Max: 20, Diff: 20, Sum: 20, Workers: 4
[1185.567s][debug][gc,phases      ] GC(37)     Total                          Min: 0, Avg: 3048.5, Max: 5228, Diff: 5228, Sum: 12194, Workers: 4
[1185.567s][debug][gc,phases      ] GC(37)   JNI Weak                       Min:  0.0, Avg:  0.0, Max:  0.0, Diff:  0.0, Sum:  0.0, Workers: 4
[1185.567s][debug][gc,phases      ] GC(37)     Dead                           Min: 0, Avg:  0.0, Max: 0, Diff: 0, Sum: 0, Workers: 4
[1185.567s][debug][gc,phases      ] GC(37)     Total                          Min: 0, Avg: 12.0, Max: 48, Diff: 48, Sum: 48, Workers: 4
[1185.567s][debug][gc,phases      ] GC(37)   StringDedup Table Weak         Min:  0.0, Avg:  0.0, Max:  0.0, Diff:  0.0, Sum:  0.0, Workers: 4
[1185.567s][debug][gc,phases      ] GC(37)     Dead                           Min: 0, Avg:  0.0, Max: 0, Diff: 0, Sum: 0, Workers: 4
[1185.567s][debug][gc,phases      ] GC(37)     Total                          Min: 0, Avg:  0.0, Max: 0, Diff: 0, Sum: 0, Workers: 4
[1185.567s][debug][gc,phases      ] GC(37)   StringDedup Requests0 Weak     Min:  0.0, Avg:  0.0, Max:  0.0, Diff:  0.0, Sum:  0.0, Workers: 4
[1185.567s][debug][gc,phases      ] GC(37)     Dead                           Min: 0, Avg:  0.0, Max: 0, Diff: 0, Sum: 0, Workers: 4
[1185.567s][debug][gc,phases      ] GC(37)     Total                          Min: 0, Avg:  0.0, Max: 0, Diff: 0, Sum: 0, Workers: 4
[1185.567s][debug][gc,phases      ] GC(37)   StringDedup Requests1 Weak     Min:  0.0, Avg:  0.0, Max:  0.0, Diff:  0.0, Sum:  0.0, Workers: 4
[1185.567s][debug][gc,phases      ] GC(37)     Dead                           Min: 0, Avg:  0.0, Max: 0, Diff: 0, Sum: 0, Workers: 4
[1185.567s][debug][gc,phases      ] GC(37)     Total                          Min: 0, Avg:  0.0, Max: 0, Diff: 0, Sum: 0, Workers: 4
[1185.567s][debug][gc,phases      ] GC(37)   Weak JFR Old Object Samples    Min:  0.0, Avg:  0.0, Max:  0.0, Diff:  0.0, Sum:  0.0, Workers: 4
[1185.567s][debug][gc,phases      ] GC(37)     Dead                           Min: 0, Avg:  0.0, Max: 0, Diff: 0, Sum: 0, Workers: 4
[1185.567s][debug][gc,phases      ] GC(37)     Total                          Min: 0, Avg:  0.0, Max: 0, Diff: 0, Sum: 0, Workers: 4
[1185.567s][debug][gc,phases      ] GC(37) Weak Processing 0.325ms
[1185.567s][debug][gc,age         ] GC(37) Desired survivor size 311427072 bytes, new threshold 15 (max threshold 15)
[1185.567s][info ][gc,heap        ] GC(37) PSYoungGen: 1466368K(1777664K)->2784K(1793024K) Eden: 1466368K(1466368K)->0K(1481728K) From: 0K(311296K)->2784K(311296K)
[1185.567s][info ][gc,heap        ] GC(37) ParOldGen: 334224K(449536K)->334232K(449536K)
[1185.567s][info ][gc,metaspace   ] GC(37) Metaspace: 89196K(90368K)->89196K(90368K) NonClass: 76470K(77120K)->76470K(77120K) Class: 12726K(13248K)->12726K(13248K)
[1185.567s][info ][gc             ] GC(37) Pause Young (Allocation Failure) 1758M->329M(2190M) 3.412ms
[1185.567s][info ][gc,cpu         ] GC(37) User=0.01s Sys=0.00s Real=0.00s
[1185.567s][info ][safepoint      ] Safepoint "ParallelGCFailedAllocation", Time since last: 4241627194 ns, Reaching safepoint: 6000 ns, Cleanup: 3300 ns, At safepoint: 3470424 ns, Total: 3479724 ns
[1187.568s][info ][safepoint      ] Safepoint "Cleanup", Time since last: 2000145436 ns, Reaching safepoint: 8600 ns, Cleanup: 12301 ns, At safepoint: 2100 ns, Total: 23001 ns
[1188.568s][info ][safepoint      ] Safepoint "Cleanup", Time since last: 1000109568 ns, Reaching safepoint: 6600 ns, Cleanup: 12100 ns, At safepoint: 1300 ns, Total: 20000 ns
[1191.568s][info ][safepoint      ] Safepoint "Cleanup", Time since last: 3000177594 ns, Reaching safepoint: 7000 ns, Cleanup: 10201 ns, At safepoint: 1500 ns, Total: 18701 ns
[1196.568s][info ][safepoint      ] Safepoint "Cleanup", Time since last: 5000340726 ns, Reaching safepoint: 5800 ns, Cleanup: 8300 ns, At safepoint: 1800 ns, Total: 15900 ns
[1198.568s][info ][safepoint      ] Safepoint "Cleanup", Time since last: 2000127938 ns, Reaching safepoint: 5800 ns, Cleanup: 17100 ns, At safepoint: 2000 ns, Total: 24900 ns
[1199.569s][info ][safepoint      ] Safepoint "Cleanup", Time since last: 1000100302 ns, Reaching safepoint: 5800 ns, Cleanup: 9901 ns, At safepoint: 1700 ns, Total: 17401 ns
[1204.334s][info ][safepoint      ] Safepoint "Cleanup", Time since last: 4765106438 ns, Reaching safepoint: 7600 ns, Cleanup: 8900 ns, At safepoint: 2300 ns, Total: 18800 ns
[1206.334s][info ][safepoint      ] Safepoint "Cleanup", Time since last: 2000175013 ns, Reaching safepoint: 7700 ns, Cleanup: 10700 ns, At safepoint: 2200 ns, Total: 20600 ns
[1217.335s][info ][safepoint      ] Safepoint "Cleanup", Time since last: 11000827135 ns, Reaching safepoint: 7900 ns, Cleanup: 43701 ns, At safepoint: 27800 ns, Total: 79401 ns
[1222.335s][info ][safepoint      ] Safepoint "Cleanup", Time since last: 5000393803 ns, Reaching safepoint: 6800 ns, Cleanup: 9100 ns, At safepoint: 1700 ns, Total: 17600 ns
[1224.335s][info ][safepoint      ] Safepoint "Cleanup", Time since last: 2000167465 ns, Reaching safepoint: 6900 ns, Cleanup: 8100 ns, At safepoint: 1700 ns, Total: 16700 ns
[1227.336s][info ][safepoint      ] Safepoint "Cleanup", Time since last: 3000240648 ns, Reaching safepoint: 16900 ns, Cleanup: 15800 ns, At safepoint: 28000 ns, Total: 60700 ns
[1230.336s][info ][safepoint      ] Safepoint "Cleanup", Time since last: 3000212013 ns, Reaching safepoint: 6200 ns, Cleanup: 11000 ns, At safepoint: 1400 ns, Total: 18600 ns
[1239.337s][info ][safepoint      ] Safepoint "Cleanup", Time since last: 9000589524 ns, Reaching safepoint: 5800 ns, Cleanup: 19801 ns, At safepoint: 1500 ns, Total: 27101 ns
[1242.337s][info ][safepoint      ] Safepoint "Cleanup", Time since last: 3000237080 ns, Reaching safepoint: 7700 ns, Cleanup: 11900 ns, At safepoint: 2600 ns, Total: 22200 ns
[1244.337s][info ][safepoint      ] Safepoint "Cleanup", Time since last: 2000161620 ns, Reaching safepoint: 6200 ns, Cleanup: 9200 ns, At safepoint: 1500 ns, Total: 16900 ns
[1245.337s][info ][safepoint      ] Safepoint "Cleanup", Time since last: 1000100960 ns, Reaching safepoint: 6200 ns, Cleanup: 12400 ns, At safepoint: 1400 ns, Total: 20000 ns
[1246.337s][info ][safepoint      ] Safepoint "Cleanup", Time since last: 1000105049 ns, Reaching safepoint: 6500 ns, Cleanup: 10501 ns, At safepoint: 1400 ns, Total: 18401 ns
[1247.337s][info ][safepoint      ] Safepoint "Cleanup", Time since last: 1000095934 ns, Reaching safepoint: 6300 ns, Cleanup: 13100 ns, At safepoint: 1800 ns, Total: 21200 ns
[1248.337s][info ][safepoint      ] Safepoint "Cleanup", Time since last: 1000096135 ns, Reaching safepoint: 9300 ns, Cleanup: 24800 ns, At safepoint: 6300 ns, Total: 40400 ns
[1249.338s][info ][safepoint      ] Safepoint "Cleanup", Time since last: 1000107534 ns, Reaching safepoint: 6200 ns, Cleanup: 9800 ns, At safepoint: 1600 ns, Total: 17600 ns
[1251.658s][info ][gc,start       ] GC(38) Pause Young (Allocation Failure)
[1251.661s][debug][gc,phases      ] GC(38) Scavenge 3.214ms
[1251.661s][debug][gc,ref         ] GC(38) ReferenceProcessor::execute queues: 1, RefProcThreadModel::Single, marks_oops_alive: false
[1251.661s][debug][gc,ref         ] GC(38) Skipped KeepAliveFinalRefsPhase of Reference Processing: no references
[1251.661s][debug][gc,ref         ] GC(38) ReferenceProcessor::execute queues: 1, RefProcThreadModel::Single, marks_oops_alive: false
[1251.661s][debug][gc,phases      ] GC(38) Reference Processing 0.077ms
[1251.661s][debug][gc,phases      ] GC(38)   VM Weak                        Min:  0.0, Avg:  0.0, Max:  0.0, Diff:  0.0, Sum:  0.0, Workers: 4
[1251.661s][debug][gc,phases      ] GC(38)     Dead                           Min: 0, Avg:  0.0, Max: 0, Diff: 0, Sum: 0, Workers: 4
[1251.661s][debug][gc,phases      ] GC(38)     Total                          Min: 0, Avg: 232.8, Max: 576, Diff: 576, Sum: 931, Workers: 4
[1251.661s][debug][gc,phases      ] GC(38)   ObjectSynchronizer Weak        Min:  0.0, Avg:  0.0, Max:  0.0, Diff:  0.0, Sum:  0.0, Workers: 4
[1251.661s][debug][gc,phases      ] GC(38)     Dead                           Min: 0, Avg:  0.0, Max: 0, Diff: 0, Sum: 0, Workers: 4
[1251.661s][debug][gc,phases      ] GC(38)     Total                          Min: 0, Avg:  1.0, Max: 4, Diff: 4, Sum: 4, Workers: 4
[1251.661s][debug][gc,phases      ] GC(38)   JVMTI Tag Weak OopStorage      Min:  0.0, Avg:  0.0, Max:  0.0, Diff:  0.0, Sum:  0.0, Workers: 4
[1251.661s][debug][gc,phases      ] GC(38)     Dead                           Min: 0, Avg:  0.0, Max: 0, Diff: 0, Sum: 0, Workers: 4
[1251.661s][debug][gc,phases      ] GC(38)     Total                          Min: 0, Avg:  0.0, Max: 0, Diff: 0, Sum: 0, Workers: 4
[1251.661s][debug][gc,phases      ] GC(38)   StringTable Weak               Min:  0.1, Avg:  0.1, Max:  0.1, Diff:  0.0, Sum:  0.4, Workers: 4
[1251.661s][debug][gc,phases      ] GC(38)     Dead                           Min: 0, Avg:  0.2, Max: 1, Diff: 1, Sum: 1, Workers: 4
[1251.661s][debug][gc,phases      ] GC(38)     Total                          Min: 10304, Avg: 11291.8, Max: 11840, Diff: 1536, Sum: 45167, Workers: 4
[1251.661s][debug][gc,phases      ] GC(38)   ResolvedMethodTable Weak       Min:  0.0, Avg:  0.0, Max:  0.0, Diff:  0.0, Sum:  0.1, Workers: 4
[1251.661s][debug][gc,phases      ] GC(38)     Dead                           Min: 0, Avg:  0.2, Max: 1, Diff: 1, Sum: 1, Workers: 4
[1251.661s][debug][gc,phases      ] GC(38)     Total                          Min: 2865, Avg: 3051.8, Max: 3456, Diff: 591, Sum: 12207, Workers: 4
[1251.661s][debug][gc,phases      ] GC(38)   JNI Weak                       Min:  0.0, Avg:  0.0, Max:  0.0, Diff:  0.0, Sum:  0.0, Workers: 4
[1251.661s][debug][gc,phases      ] GC(38)     Dead                           Min: 0, Avg:  0.0, Max: 0, Diff: 0, Sum: 0, Workers: 4
[1251.661s][debug][gc,phases      ] GC(38)     Total                          Min: 0, Avg: 12.0, Max: 48, Diff: 48, Sum: 48, Workers: 4
[1251.661s][debug][gc,phases      ] GC(38)   StringDedup Table Weak         Min:  0.0, Avg:  0.0, Max:  0.0, Diff:  0.0, Sum:  0.0, Workers: 4
[1251.661s][debug][gc,phases      ] GC(38)     Dead                           Min: 0, Avg:  0.0, Max: 0, Diff: 0, Sum: 0, Workers: 4
[1251.661s][debug][gc,phases      ] GC(38)     Total                          Min: 0, Avg:  0.0, Max: 0, Diff: 0, Sum: 0, Workers: 4
[1251.661s][debug][gc,phases      ] GC(38)   StringDedup Requests0 Weak     Min:  0.0, Avg:  0.0, Max:  0.0, Diff:  0.0, Sum:  0.0, Workers: 4
[1251.661s][debug][gc,phases      ] GC(38)     Dead                           Min: 0, Avg:  0.0, Max: 0, Diff: 0, Sum: 0, Workers: 4
[1251.661s][debug][gc,phases      ] GC(38)     Total                          Min: 0, Avg:  0.0, Max: 0, Diff: 0, Sum: 0, Workers: 4
[1251.662s][debug][gc,phases      ] GC(38)   StringDedup Requests1 Weak     Min:  0.0, Avg:  0.0, Max:  0.0, Diff:  0.0, Sum:  0.0, Workers: 4
[1251.662s][debug][gc,phases      ] GC(38)     Dead                           Min: 0, Avg:  0.0, Max: 0, Diff: 0, Sum: 0, Workers: 4
[1251.662s][debug][gc,phases      ] GC(38)     Total                          Min: 0, Avg:  0.0, Max: 0, Diff: 0, Sum: 0, Workers: 4
[1251.662s][debug][gc,phases      ] GC(38)   Weak JFR Old Object Samples    Min:  0.0, Avg:  0.0, Max:  0.0, Diff:  0.0, Sum:  0.0, Workers: 4
[1251.662s][debug][gc,phases      ] GC(38)     Dead                           Min: 0, Avg:  0.0, Max: 0, Diff: 0, Sum: 0, Workers: 4
[1251.662s][debug][gc,phases      ] GC(38)     Total                          Min: 0, Avg:  0.0, Max: 0, Diff: 0, Sum: 0, Workers: 4
[1251.662s][debug][gc,phases      ] GC(38) Weak Processing 0.300ms
[1251.662s][debug][gc,age         ] GC(38) Desired survivor size 301989888 bytes, new threshold 15 (max threshold 15)
[1251.662s][info ][gc,heap        ] GC(38) PSYoungGen: 1484512K(1793024K)->4496K(1785856K) Eden: 1481728K(1481728K)->0K(1481728K) From: 2784K(311296K)->4496K(304128K)
[1251.662s][info ][gc,heap        ] GC(38) ParOldGen: 334232K(449536K)->334240K(449536K)
[1251.662s][info ][gc,metaspace   ] GC(38) Metaspace: 89328K(90496K)->89328K(90496K) NonClass: 76595K(77248K)->76595K(77248K) Class: 12732K(13248K)->12732K(13248K)
[1251.662s][info ][gc             ] GC(38) Pause Young (Allocation Failure) 1776M->330M(2183M) 3.684ms
[1251.662s][info ][gc,cpu         ] GC(38) User=0.01s Sys=0.00s Real=0.01s
[1251.662s][info ][safepoint      ] Safepoint "ParallelGCFailedAllocation", Time since last: 2320251380 ns, Reaching safepoint: 6701 ns, Cleanup: 3300 ns, At safepoint: 3737128 ns, Total: 3747129 ns
[1252.662s][info ][safepoint      ] Safepoint "Cleanup", Time since last: 1000086834 ns, Reaching safepoint: 6200 ns, Cleanup: 8700 ns, At safepoint: 1400 ns, Total: 16300 ns
[1254.662s][info ][safepoint      ] Safepoint "Cleanup", Time since last: 2000158201 ns, Reaching safepoint: 6001 ns, Cleanup: 8401 ns, At safepoint: 1400 ns, Total: 15802 ns
[1262.349s][info ][safepoint      ] Safepoint "Cleanup", Time since last: 7686602748 ns, Reaching safepoint: 18501 ns, Cleanup: 16400 ns, At safepoint: 1700 ns, Total: 36601 ns
[1263.349s][info ][safepoint      ] Safepoint "Cleanup", Time since last: 1000101640 ns, Reaching safepoint: 6300 ns, Cleanup: 8300 ns, At safepoint: 1400 ns, Total: 16000 ns
[1264.349s][info ][safepoint      ] Safepoint "Cleanup", Time since last: 1000106240 ns, Reaching safepoint: 6500 ns, Cleanup: 8700 ns, At safepoint: 1800 ns, Total: 17000 ns
[1270.349s][info ][safepoint      ] Safepoint "Cleanup", Time since last: 6000415530 ns, Reaching safepoint: 6600 ns, Cleanup: 15000 ns, At safepoint: 1500 ns, Total: 23100 ns
[1272.349s][info ][safepoint      ] Safepoint "Cleanup", Time since last: 2000163485 ns, Reaching safepoint: 6400 ns, Cleanup: 9400 ns, At safepoint: 1400 ns, Total: 17200 ns
[1279.350s][info ][safepoint      ] Safepoint "Cleanup", Time since last: 7000461130 ns, Reaching safepoint: 6200 ns, Cleanup: 10200 ns, At safepoint: 2600 ns, Total: 19000 ns
[1282.350s][info ][safepoint      ] Safepoint "Cleanup", Time since last: 3000223558 ns, Reaching safepoint: 6100 ns, Cleanup: 11400 ns, At safepoint: 1800 ns, Total: 19300 ns
[1286.350s][info ][safepoint      ] Safepoint "Cleanup", Time since last: 4000201351 ns, Reaching safepoint: 6801 ns, Cleanup: 10000 ns, At safepoint: 1700 ns, Total: 18501 ns
[1290.351s][info ][safepoint      ] Safepoint "Cleanup", Time since last: 4000300968 ns, Reaching safepoint: 7900 ns, Cleanup: 9300 ns, At safepoint: 22100 ns, Total: 39300 ns
[1291.351s][info ][safepoint      ] Safepoint "Cleanup", Time since last: 1000097718 ns, Reaching safepoint: 6200 ns, Cleanup: 8200 ns, At safepoint: 1800 ns, Total: 16200 ns
[1294.351s][info ][safepoint      ] Safepoint "Cleanup", Time since last: 3000163344 ns, Reaching safepoint: 6100 ns, Cleanup: 8000 ns, At safepoint: 1800 ns, Total: 15900 ns
[1297.351s][info ][safepoint      ] Safepoint "Cleanup", Time since last: 3000208752 ns, Reaching safepoint: 6701 ns, Cleanup: 8500 ns, At safepoint: 2000 ns, Total: 17201 ns
[1299.351s][info ][safepoint      ] Safepoint "Cleanup", Time since last: 2000169168 ns, Reaching safepoint: 6800 ns, Cleanup: 13401 ns, At safepoint: 2200 ns, Total: 22401 ns
[1300.351s][info ][safepoint      ] Safepoint "Cleanup", Time since last: 1000098384 ns, Reaching safepoint: 5800 ns, Cleanup: 8300 ns, At safepoint: 2000 ns, Total: 16100 ns
[1303.352s][info ][safepoint      ] Safepoint "Cleanup", Time since last: 3000186864 ns, Reaching safepoint: 6700 ns, Cleanup: 8600 ns, At safepoint: 1900 ns, Total: 17200 ns
[1308.352s][info ][safepoint      ] Safepoint "Cleanup", Time since last: 5000369299 ns, Reaching safepoint: 7200 ns, Cleanup: 10000 ns, At safepoint: 1800 ns, Total: 19000 ns
[1311.352s][info ][safepoint      ] Safepoint "Cleanup", Time since last: 3000192008 ns, Reaching safepoint: 6700 ns, Cleanup: 10900 ns, At safepoint: 1800 ns, Total: 19400 ns
[1312.352s][info ][safepoint      ] Safepoint "Cleanup", Time since last: 1000099040 ns, Reaching safepoint: 6800 ns, Cleanup: 11401 ns, At safepoint: 2100 ns, Total: 20301 ns
[1313.353s][info ][safepoint      ] Safepoint "Cleanup", Time since last: 1000095640 ns, Reaching safepoint: 6100 ns, Cleanup: 7200 ns, At safepoint: 1800 ns, Total: 15100 ns
[1314.353s][info ][safepoint      ] Safepoint "Cleanup", Time since last: 1000091140 ns, Reaching safepoint: 5400 ns, Cleanup: 7400 ns, At safepoint: 1600 ns, Total: 14400 ns
[1315.008s][info ][gc,start       ] GC(39) Pause Young (Allocation Failure)
[1315.011s][debug][gc,phases      ] GC(39) Scavenge 2.816ms
[1315.011s][debug][gc,ref         ] GC(39) ReferenceProcessor::execute queues: 1, RefProcThreadModel::Single, marks_oops_alive: false
[1315.011s][debug][gc,ref         ] GC(39) Skipped KeepAliveFinalRefsPhase of Reference Processing: no references
[1315.011s][debug][gc,ref         ] GC(39) ReferenceProcessor::execute queues: 1, RefProcThreadModel::Single, marks_oops_alive: false
[1315.011s][debug][gc,phases      ] GC(39) Reference Processing 0.094ms
[1315.011s][debug][gc,phases      ] GC(39)   VM Weak                        Min:  0.0, Avg:  0.0, Max:  0.0, Diff:  0.0, Sum:  0.0, Workers: 4
[1315.011s][debug][gc,phases      ] GC(39)     Dead                           Min: 0, Avg:  0.0, Max: 0, Diff: 0, Sum: 0, Workers: 4
[1315.011s][debug][gc,phases      ] GC(39)     Total                          Min: 0, Avg: 232.8, Max: 675, Diff: 675, Sum: 931, Workers: 4
[1315.011s][debug][gc,phases      ] GC(39)   ObjectSynchronizer Weak        Min:  0.0, Avg:  0.0, Max:  0.0, Diff:  0.0, Sum:  0.0, Workers: 4
[1315.011s][debug][gc,phases      ] GC(39)     Dead                           Min: 0, Avg:  0.0, Max: 0, Diff: 0, Sum: 0, Workers: 4
[1315.011s][debug][gc,phases      ] GC(39)     Total                          Min: 0, Avg:  1.0, Max: 4, Diff: 4, Sum: 4, Workers: 4
[1315.011s][debug][gc,phases      ] GC(39)   JVMTI Tag Weak OopStorage      Min:  0.0, Avg:  0.0, Max:  0.0, Diff:  0.0, Sum:  0.0, Workers: 4
[1315.011s][debug][gc,phases      ] GC(39)     Dead                           Min: 0, Avg:  0.0, Max: 0, Diff: 0, Sum: 0, Workers: 4
[1315.011s][debug][gc,phases      ] GC(39)     Total                          Min: 0, Avg:  0.0, Max: 0, Diff: 0, Sum: 0, Workers: 4
[1315.011s][debug][gc,phases      ] GC(39)   StringTable Weak               Min:  0.0, Avg:  0.1, Max:  0.1, Diff:  0.1, Sum:  0.4, Workers: 4
[1315.011s][debug][gc,phases      ] GC(39)     Dead                           Min: 0, Avg:  0.0, Max: 0, Diff: 0, Sum: 0, Workers: 4
[1315.011s][debug][gc,phases      ] GC(39)     Total                          Min: 0, Avg: 11294.8, Max: 19003, Diff: 19003, Sum: 45179, Workers: 4
[1315.011s][debug][gc,phases      ] GC(39)   ResolvedMethodTable Weak       Min:  0.0, Avg:  0.0, Max:  0.0, Diff:  0.0, Sum:  0.1, Workers: 4
[1315.011s][debug][gc,phases      ] GC(39)     Dead                           Min: 0, Avg:  0.8, Max: 3, Diff: 3, Sum: 3, Workers: 4
[1315.011s][debug][gc,phases      ] GC(39)     Total                          Min: 0, Avg: 3053.5, Max: 4928, Diff: 4928, Sum: 12214, Workers: 4
[1315.011s][debug][gc,phases      ] GC(39)   JNI Weak                       Min:  0.0, Avg:  0.0, Max:  0.0, Diff:  0.0, Sum:  0.0, Workers: 4
[1315.011s][debug][gc,phases      ] GC(39)     Dead                           Min: 0, Avg:  0.0, Max: 0, Diff: 0, Sum: 0, Workers: 4
[1315.011s][debug][gc,phases      ] GC(39)     Total                          Min: 0, Avg: 12.0, Max: 48, Diff: 48, Sum: 48, Workers: 4
[1315.011s][debug][gc,phases      ] GC(39)   StringDedup Table Weak         Min:  0.0, Avg:  0.0, Max:  0.0, Diff:  0.0, Sum:  0.0, Workers: 4
[1315.011s][debug][gc,phases      ] GC(39)     Dead                           Min: 0, Avg:  0.0, Max: 0, Diff: 0, Sum: 0, Workers: 4
[1315.011s][debug][gc,phases      ] GC(39)     Total                          Min: 0, Avg:  0.0, Max: 0, Diff: 0, Sum: 0, Workers: 4
[1315.011s][debug][gc,phases      ] GC(39)   StringDedup Requests0 Weak     Min:  0.0, Avg:  0.0, Max:  0.0, Diff:  0.0, Sum:  0.0, Workers: 4
[1315.011s][debug][gc,phases      ] GC(39)     Dead                           Min: 0, Avg:  0.0, Max: 0, Diff: 0, Sum: 0, Workers: 4
[1315.011s][debug][gc,phases      ] GC(39)     Total                          Min: 0, Avg:  0.0, Max: 0, Diff: 0, Sum: 0, Workers: 4
[1315.011s][debug][gc,phases      ] GC(39)   StringDedup Requests1 Weak     Min:  0.0, Avg:  0.0, Max:  0.0, Diff:  0.0, Sum:  0.0, Workers: 4
[1315.011s][debug][gc,phases      ] GC(39)     Dead                           Min: 0, Avg:  0.0, Max: 0, Diff: 0, Sum: 0, Workers: 4
[1315.011s][debug][gc,phases      ] GC(39)     Total                          Min: 0, Avg:  0.0, Max: 0, Diff: 0, Sum: 0, Workers: 4
[1315.011s][debug][gc,phases      ] GC(39)   Weak JFR Old Object Samples    Min:  0.0, Avg:  0.0, Max:  0.0, Diff:  0.0, Sum:  0.0, Workers: 4
[1315.011s][debug][gc,phases      ] GC(39)     Dead                           Min: 0, Avg:  0.0, Max: 0, Diff: 0, Sum: 0, Workers: 4
[1315.011s][debug][gc,phases      ] GC(39)     Total                          Min: 0, Avg:  0.0, Max: 0, Diff: 0, Sum: 0, Workers: 4
[1315.011s][debug][gc,phases      ] GC(39) Weak Processing 0.319ms
[1315.011s][debug][gc,age         ] GC(39) Desired survivor size 290979840 bytes, new threshold 15 (max threshold 15)
[1315.011s][info ][gc,heap        ] GC(39) PSYoungGen: 1486224K(1785856K)->4608K(1812992K) Eden: 1481728K(1481728K)->0K(1518080K) From: 4496K(304128K)->4608K(294912K)
[1315.011s][info ][gc,heap        ] GC(39) ParOldGen: 334240K(449536K)->334248K(449536K)
[1315.011s][info ][gc,metaspace   ] GC(39) Metaspace: 89375K(90560K)->89375K(90560K) NonClass: 76640K(77312K)->76640K(77312K) Class: 12735K(13248K)->12735K(13248K)
[1315.011s][info ][gc             ] GC(39) Pause Young (Allocation Failure) 1777M->330M(2209M) 3.333ms
[1315.011s][info ][gc,cpu         ] GC(39) User=0.01s Sys=0.00s Real=0.00s
[1315.011s][info ][safepoint      ] Safepoint "ParallelGCFailedAllocation", Time since last: 655075456 ns, Reaching safepoint: 5800 ns, Cleanup: 3000 ns, At safepoint: 3389731 ns, Total: 3398531 ns
[1317.011s][info ][safepoint      ] Safepoint "Cleanup", Time since last: 2000111180 ns, Reaching safepoint: 5500 ns, Cleanup: 14400 ns, At safepoint: 2000 ns, Total: 21900 ns
[1318.011s][info ][safepoint      ] Safepoint "Cleanup", Time since last: 1000097840 ns, Reaching safepoint: 6000 ns, Cleanup: 26100 ns, At safepoint: 2100 ns, Total: 34200 ns
[1322.363s][info ][safepoint      ] Safepoint "Cleanup", Time since last: 4352011760 ns, Reaching safepoint: 5200 ns, Cleanup: 12600 ns, At safepoint: 1800 ns, Total: 19600 ns
[1331.364s][info ][safepoint      ] Safepoint "Cleanup", Time since last: 9000604899 ns, Reaching safepoint: 6401 ns, Cleanup: 8200 ns, At safepoint: 1700 ns, Total: 16301 ns
[1333.364s][info ][safepoint      ] Safepoint "Cleanup", Time since last: 2000162097 ns, Reaching safepoint: 6600 ns, Cleanup: 8300 ns, At safepoint: 1800 ns, Total: 16700 ns
[1338.365s][info ][safepoint      ] Safepoint "Cleanup", Time since last: 5000352185 ns, Reaching safepoint: 6300 ns, Cleanup: 11400 ns, At safepoint: 2200 ns, Total: 19900 ns
[1339.365s][info ][safepoint      ] Safepoint "Cleanup", Time since last: 1000098787 ns, Reaching safepoint: 7500 ns, Cleanup: 7100 ns, At safepoint: 1800 ns, Total: 16400 ns
[1340.365s][info ][safepoint      ] Safepoint "Cleanup", Time since last: 1000094187 ns, Reaching safepoint: 6000 ns, Cleanup: 7500 ns, At safepoint: 2000 ns, Total: 15500 ns
[1342.365s][info ][safepoint      ] Safepoint "Cleanup", Time since last: 2000162444 ns, Reaching safepoint: 6000 ns, Cleanup: 5600 ns, At safepoint: 1800 ns, Total: 13400 ns
[1343.365s][info ][safepoint      ] Safepoint "Cleanup", Time since last: 1000110170 ns, Reaching safepoint: 7300 ns, Cleanup: 8900 ns, At safepoint: 2200 ns, Total: 18400 ns
[1345.365s][info ][safepoint      ] Safepoint "Cleanup", Time since last: 2000154940 ns, Reaching safepoint: 6500 ns, Cleanup: 7400 ns, At safepoint: 1600 ns, Total: 15500 ns
[1347.365s][info ][safepoint      ] Safepoint "Cleanup", Time since last: 2000159108 ns, Reaching safepoint: 6100 ns, Cleanup: 7400 ns, At safepoint: 2000 ns, Total: 15500 ns
[1357.366s][info ][safepoint      ] Safepoint "Cleanup", Time since last: 10000626335 ns, Reaching safepoint: 6500 ns, Cleanup: 8700 ns, At safepoint: 2000 ns, Total: 17200 ns
[1364.367s][info ][safepoint      ] Safepoint "Cleanup", Time since last: 7000488359 ns, Reaching safepoint: 6600 ns, Cleanup: 8500 ns, At safepoint: 4900 ns, Total: 20000 ns
[1370.367s][info ][safepoint      ] Safepoint "Cleanup", Time since last: 6000417386 ns, Reaching safepoint: 6900 ns, Cleanup: 10201 ns, At safepoint: 2000 ns, Total: 19101 ns
[1371.367s][info ][safepoint      ] Safepoint "Cleanup", Time since last: 1000108635 ns, Reaching safepoint: 6801 ns, Cleanup: 7300 ns, At safepoint: 1700 ns, Total: 15801 ns
[1373.367s][info ][safepoint      ] Safepoint "Cleanup", Time since last: 2000158071 ns, Reaching safepoint: 6300 ns, Cleanup: 7800 ns, At safepoint: 1800 ns, Total: 15900 ns
[1381.204s][info ][gc,start       ] GC(40) Pause Young (Allocation Failure)
[1381.207s][debug][gc,phases      ] GC(40) Scavenge 3.226ms
[1381.207s][debug][gc,ref         ] GC(40) ReferenceProcessor::execute queues: 1, RefProcThreadModel::Single, marks_oops_alive: false
[1381.207s][debug][gc,ref         ] GC(40) Skipped KeepAliveFinalRefsPhase of Reference Processing: no references
[1381.207s][debug][gc,ref         ] GC(40) ReferenceProcessor::execute queues: 1, RefProcThreadModel::Single, marks_oops_alive: false
[1381.207s][debug][gc,phases      ] GC(40) Reference Processing 0.096ms
[1381.208s][debug][gc,phases      ] GC(40)   VM Weak                        Min:  0.0, Avg:  0.0, Max:  0.0, Diff:  0.0, Sum:  0.0, Workers: 4
[1381.208s][debug][gc,phases      ] GC(40)     Dead                           Min: 0, Avg:  0.0, Max: 0, Diff: 0, Sum: 0, Workers: 4
[1381.208s][debug][gc,phases      ] GC(40)     Total                          Min: 0, Avg: 232.8, Max: 611, Diff: 611, Sum: 931, Workers: 4
[1381.208s][debug][gc,phases      ] GC(40)   ObjectSynchronizer Weak        Min:  0.0, Avg:  0.0, Max:  0.0, Diff:  0.0, Sum:  0.0, Workers: 4
[1381.208s][debug][gc,phases      ] GC(40)     Dead                           Min: 0, Avg:  0.0, Max: 0, Diff: 0, Sum: 0, Workers: 4
[1381.208s][debug][gc,phases      ] GC(40)     Total                          Min: 0, Avg:  0.8, Max: 3, Diff: 3, Sum: 3, Workers: 4
[1381.208s][debug][gc,phases      ] GC(40)   JVMTI Tag Weak OopStorage      Min:  0.0, Avg:  0.0, Max:  0.0, Diff:  0.0, Sum:  0.0, Workers: 4
[1381.208s][debug][gc,phases      ] GC(40)     Dead                           Min: 0, Avg:  0.0, Max: 0, Diff: 0, Sum: 0, Workers: 4
[1381.208s][debug][gc,phases      ] GC(40)     Total                          Min: 0, Avg:  0.0, Max: 0, Diff: 0, Sum: 0, Workers: 4
[1381.208s][debug][gc,phases      ] GC(40)   StringTable Weak               Min:  0.0, Avg:  0.1, Max:  0.1, Diff:  0.1, Sum:  0.4, Workers: 4
[1381.208s][debug][gc,phases      ] GC(40)     Dead                           Min: 0, Avg:  0.0, Max: 0, Diff: 0, Sum: 0, Workers: 4
[1381.208s][debug][gc,phases      ] GC(40)     Total                          Min: 0, Avg: 11296.8, Max: 17667, Diff: 17667, Sum: 45187, Workers: 4
[1381.208s][debug][gc,phases      ] GC(40)   ResolvedMethodTable Weak       Min:  0.0, Avg:  0.0, Max:  0.0, Diff:  0.0, Sum:  0.1, Workers: 4
[1381.208s][debug][gc,phases      ] GC(40)     Dead                           Min: 0, Avg:  0.0, Max: 0, Diff: 0, Sum: 0, Workers: 4
[1381.208s][debug][gc,phases      ] GC(40)     Total                          Min: 0, Avg: 3054.5, Max: 5116, Diff: 5116, Sum: 12218, Workers: 4
[1381.208s][debug][gc,phases      ] GC(40)   JNI Weak                       Min:  0.0, Avg:  0.0, Max:  0.0, Diff:  0.0, Sum:  0.0, Workers: 4
[1381.208s][debug][gc,phases      ] GC(40)     Dead                           Min: 0, Avg:  0.0, Max: 0, Diff: 0, Sum: 0, Workers: 4
[1381.208s][debug][gc,phases      ] GC(40)     Total                          Min: 0, Avg: 12.0, Max: 48, Diff: 48, Sum: 48, Workers: 4
[1381.208s][debug][gc,phases      ] GC(40)   StringDedup Table Weak         Min:  0.0, Avg:  0.0, Max:  0.0, Diff:  0.0, Sum:  0.0, Workers: 4
[1381.208s][debug][gc,phases      ] GC(40)     Dead                           Min: 0, Avg:  0.0, Max: 0, Diff: 0, Sum: 0, Workers: 4
[1381.208s][debug][gc,phases      ] GC(40)     Total                          Min: 0, Avg:  0.0, Max: 0, Diff: 0, Sum: 0, Workers: 4
[1381.208s][debug][gc,phases      ] GC(40)   StringDedup Requests0 Weak     Min:  0.0, Avg:  0.0, Max:  0.0, Diff:  0.0, Sum:  0.0, Workers: 4
[1381.208s][debug][gc,phases      ] GC(40)     Dead                           Min: 0, Avg:  0.0, Max: 0, Diff: 0, Sum: 0, Workers: 4
[1381.208s][debug][gc,phases      ] GC(40)     Total                          Min: 0, Avg:  0.0, Max: 0, Diff: 0, Sum: 0, Workers: 4
[1381.208s][debug][gc,phases      ] GC(40)   StringDedup Requests1 Weak     Min:  0.0, Avg:  0.0, Max:  0.0, Diff:  0.0, Sum:  0.0, Workers: 4
[1381.208s][debug][gc,phases      ] GC(40)     Dead                           Min: 0, Avg:  0.0, Max: 0, Diff: 0, Sum: 0, Workers: 4
[1381.208s][debug][gc,phases      ] GC(40)     Total                          Min: 0, Avg:  0.0, Max: 0, Diff: 0, Sum: 0, Workers: 4
[1381.208s][debug][gc,phases      ] GC(40)   Weak JFR Old Object Samples    Min:  0.0, Avg:  0.0, Max:  0.0, Diff:  0.0, Sum:  0.0, Workers: 4
[1381.208s][debug][gc,phases      ] GC(40)     Dead                           Min: 0, Avg:  0.0, Max: 0, Diff: 0, Sum: 0, Workers: 4
[1381.208s][debug][gc,phases      ] GC(40)     Total                          Min: 0, Avg:  0.0, Max: 0, Diff: 0, Sum: 0, Workers: 4
[1381.208s][debug][gc,phases      ] GC(40) Weak Processing 0.334ms
[1381.208s][debug][gc,age         ] GC(40) Desired survivor size 279445504 bytes, new threshold 15 (max threshold 15)
[1381.208s][info ][gc,heap        ] GC(40) PSYoungGen: 1522688K(1812992K)->4544K(1802240K) Eden: 1518080K(1518080K)->0K(1518080K) From: 4608K(294912K)->4544K(284160K)
[1381.208s][info ][gc,heap        ] GC(40) ParOldGen: 334248K(449536K)->334248K(449536K)
[1381.208s][info ][gc,metaspace   ] GC(40) Metaspace: 89406K(90560K)->89406K(90560K) NonClass: 76668K(77312K)->76668K(77312K) Class: 12737K(13248K)->12737K(13248K)
[1381.208s][info ][gc             ] GC(40) Pause Young (Allocation Failure) 1813M->330M(2199M) 3.740ms
[1381.208s][info ][gc,cpu         ] GC(40) User=0.02s Sys=0.00s Real=0.00s
[1381.208s][info ][safepoint      ] Safepoint "ParallelGCFailedAllocation", Time since last: 7836619197 ns, Reaching safepoint: 77901 ns, Cleanup: 6800 ns, At safepoint: 3801732 ns, Total: 3886433 ns
[1382.208s][info ][safepoint      ] Safepoint "Cleanup", Time since last: 1000085713 ns, Reaching safepoint: 8300 ns, Cleanup: 8900 ns, At safepoint: 1800 ns, Total: 19000 ns
[1390.209s][info ][safepoint      ] Safepoint "Cleanup", Time since last: 8000572389 ns, Reaching safepoint: 7200 ns, Cleanup: 6600 ns, At safepoint: 2300 ns, Total: 16100 ns
[1391.209s][info ][safepoint      ] Safepoint "Cleanup", Time since last: 1000096468 ns, Reaching safepoint: 6600 ns, Cleanup: 8700 ns, At safepoint: 1600 ns, Total: 16900 ns
[1392.209s][info ][safepoint      ] Safepoint "Cleanup", Time since last: 1000110564 ns, Reaching safepoint: 7100 ns, Cleanup: 8500 ns, At safepoint: 1700 ns, Total: 17300 ns
[1393.209s][info ][safepoint      ] Safepoint "Cleanup", Time since last: 1000056264 ns, Reaching safepoint: 7900 ns, Cleanup: 12400 ns, At safepoint: 12400 ns, Total: 32700 ns
[1395.209s][info ][safepoint      ] Safepoint "Cleanup", Time since last: 2000187428 ns, Reaching safepoint: 8800 ns, Cleanup: 7800 ns, At safepoint: 1800 ns, Total: 18400 ns
[1400.209s][info ][safepoint      ] Safepoint "Cleanup", Time since last: 5000347599 ns, Reaching safepoint: 6500 ns, Cleanup: 9200 ns, At safepoint: 1700 ns, Total: 17400 ns
[1401.210s][info ][safepoint      ] Safepoint "Cleanup", Time since last: 1000088246 ns, Reaching safepoint: 6700 ns, Cleanup: 10601 ns, At safepoint: 8300 ns, Total: 25601 ns
[1402.210s][info ][safepoint      ] Safepoint "Cleanup", Time since last: 1000088546 ns, Reaching safepoint: 7100 ns, Cleanup: 12800 ns, At safepoint: 2100 ns, Total: 22000 ns
[1404.210s][info ][safepoint      ] Safepoint "Cleanup", Time since last: 2000168193 ns, Reaching safepoint: 7500 ns, Cleanup: 8500 ns, At safepoint: 2100 ns, Total: 18100 ns
[1411.210s][info ][safepoint      ] Safepoint "Cleanup", Time since last: 7000430963 ns, Reaching safepoint: 6500 ns, Cleanup: 7700 ns, At safepoint: 1500 ns, Total: 15700 ns
[1420.211s][info ][safepoint      ] Safepoint "Cleanup", Time since last: 9000531421 ns, Reaching safepoint: 6200 ns, Cleanup: 8400 ns, At safepoint: 1400 ns, Total: 16000 ns
[1430.212s][info ][safepoint      ] Safepoint "Cleanup", Time since last: 10000698751 ns, Reaching safepoint: 6000 ns, Cleanup: 12300 ns, At safepoint: 1400 ns, Total: 19700 ns
[1431.212s][info ][safepoint      ] Safepoint "Cleanup", Time since last: 1000094764 ns, Reaching safepoint: 5300 ns, Cleanup: 5900 ns, At safepoint: 1400 ns, Total: 12600 ns
[1432.212s][info ][safepoint      ] Safepoint "Cleanup", Time since last: 1000101782 ns, Reaching safepoint: 7000 ns, Cleanup: 18800 ns, At safepoint: 32801 ns, Total: 58601 ns
[1433.212s][info ][safepoint      ] Safepoint "Cleanup", Time since last: 1000102481 ns, Reaching safepoint: 6700 ns, Cleanup: 11400 ns, At safepoint: 1700 ns, Total: 19800 ns
[1434.212s][info ][safepoint      ] Safepoint "Cleanup", Time since last: 1000101482 ns, Reaching safepoint: 6400 ns, Cleanup: 8300 ns, At safepoint: 1400 ns, Total: 16100 ns
[1435.212s][info ][safepoint      ] Safepoint "Cleanup", Time since last: 1000097682 ns, Reaching safepoint: 6700 ns, Cleanup: 8500 ns, At safepoint: 1300 ns, Total: 16500 ns
[1437.212s][info ][safepoint      ] Safepoint "Cleanup", Time since last: 2000165663 ns, Reaching safepoint: 6200 ns, Cleanup: 7200 ns, At safepoint: 2100 ns, Total: 15500 ns
[1446.395s][info ][safepoint      ] Safepoint "Cleanup", Time since last: 9182659690 ns, Reaching safepoint: 15000 ns, Cleanup: 8800 ns, At safepoint: 5100 ns, Total: 28900 ns
[1448.611s][info ][gc,start       ] GC(41) Pause Young (Allocation Failure)
[1448.614s][debug][gc,phases      ] GC(41) Scavenge 3.290ms
[1448.614s][debug][gc,ref         ] GC(41) ReferenceProcessor::execute queues: 1, RefProcThreadModel::Single, marks_oops_alive: false
[1448.614s][debug][gc,ref         ] GC(41) Skipped KeepAliveFinalRefsPhase of Reference Processing: no references
[1448.614s][debug][gc,ref         ] GC(41) ReferenceProcessor::execute queues: 1, RefProcThreadModel::Single, marks_oops_alive: false
[1448.614s][debug][gc,phases      ] GC(41) Reference Processing 0.088ms
[1448.614s][debug][gc,phases      ] GC(41)   VM Weak                        Min:  0.0, Avg:  0.0, Max:  0.0, Diff:  0.0, Sum:  0.0, Workers: 4
[1448.614s][debug][gc,phases      ] GC(41)     Dead                           Min: 0, Avg:  0.0, Max: 0, Diff: 0, Sum: 0, Workers: 4
[1448.614s][debug][gc,phases      ] GC(41)     Total                          Min: 0, Avg: 232.8, Max: 832, Diff: 832, Sum: 931, Workers: 4
[1448.614s][debug][gc,phases      ] GC(41)   ObjectSynchronizer Weak        Min:  0.0, Avg:  0.0, Max:  0.0, Diff:  0.0, Sum:  0.0, Workers: 4
[1448.614s][debug][gc,phases      ] GC(41)     Dead                           Min: 0, Avg:  0.0, Max: 0, Diff: 0, Sum: 0, Workers: 4
[1448.614s][debug][gc,phases      ] GC(41)     Total                          Min: 0, Avg:  0.8, Max: 3, Diff: 3, Sum: 3, Workers: 4
[1448.614s][debug][gc,phases      ] GC(41)   JVMTI Tag Weak OopStorage      Min:  0.0, Avg:  0.0, Max:  0.0, Diff:  0.0, Sum:  0.0, Workers: 4
[1448.614s][debug][gc,phases      ] GC(41)     Dead                           Min: 0, Avg:  0.0, Max: 0, Diff: 0, Sum: 0, Workers: 4
[1448.614s][debug][gc,phases      ] GC(41)     Total                          Min: 0, Avg:  0.0, Max: 0, Diff: 0, Sum: 0, Workers: 4
[1448.614s][debug][gc,phases      ] GC(41)   StringTable Weak               Min:  0.0, Avg:  0.1, Max:  0.1, Diff:  0.1, Sum:  0.4, Workers: 4
[1448.614s][debug][gc,phases      ] GC(41)     Dead                           Min: 0, Avg:  0.0, Max: 0, Diff: 0, Sum: 0, Workers: 4
[1448.614s][debug][gc,phases      ] GC(41)     Total                          Min: 0, Avg: 11298.8, Max: 18251, Diff: 18251, Sum: 45195, Workers: 4
[1448.614s][debug][gc,phases      ] GC(41)   ResolvedMethodTable Weak       Min:  0.0, Avg:  0.0, Max:  0.0, Diff:  0.0, Sum:  0.1, Workers: 4
[1448.615s][debug][gc,phases      ] GC(41)     Dead                           Min: 0, Avg:  0.2, Max: 1, Diff: 1, Sum: 1, Workers: 4
[1448.615s][debug][gc,phases      ] GC(41)     Total                          Min: 0, Avg: 3055.5, Max: 4992, Diff: 4992, Sum: 12222, Workers: 4
[1448.615s][debug][gc,phases      ] GC(41)   JNI Weak                       Min:  0.0, Avg:  0.0, Max:  0.0, Diff:  0.0, Sum:  0.0, Workers: 4
[1448.615s][debug][gc,phases      ] GC(41)     Dead                           Min: 0, Avg:  0.0, Max: 0, Diff: 0, Sum: 0, Workers: 4
[1448.615s][debug][gc,phases      ] GC(41)     Total                          Min: 0, Avg: 12.0, Max: 48, Diff: 48, Sum: 48, Workers: 4
[1448.615s][debug][gc,phases      ] GC(41)   StringDedup Table Weak         Min:  0.0, Avg:  0.0, Max:  0.0, Diff:  0.0, Sum:  0.0, Workers: 4
[1448.615s][debug][gc,phases      ] GC(41)     Dead                           Min: 0, Avg:  0.0, Max: 0, Diff: 0, Sum: 0, Workers: 4
[1448.615s][debug][gc,phases      ] GC(41)     Total                          Min: 0, Avg:  0.0, Max: 0, Diff: 0, Sum: 0, Workers: 4
[1448.615s][debug][gc,phases      ] GC(41)   StringDedup Requests0 Weak     Min:  0.0, Avg:  0.0, Max:  0.0, Diff:  0.0, Sum:  0.0, Workers: 4
[1448.615s][debug][gc,phases      ] GC(41)     Dead                           Min: 0, Avg:  0.0, Max: 0, Diff: 0, Sum: 0, Workers: 4
[1448.615s][debug][gc,phases      ] GC(41)     Total                          Min: 0, Avg:  0.0, Max: 0, Diff: 0, Sum: 0, Workers: 4
[1448.615s][debug][gc,phases      ] GC(41)   StringDedup Requests1 Weak     Min:  0.0, Avg:  0.0, Max:  0.0, Diff:  0.0, Sum:  0.0, Workers: 4
[1448.615s][debug][gc,phases      ] GC(41)     Dead                           Min: 0, Avg:  0.0, Max: 0, Diff: 0, Sum: 0, Workers: 4
[1448.615s][debug][gc,phases      ] GC(41)     Total                          Min: 0, Avg:  0.0, Max: 0, Diff: 0, Sum: 0, Workers: 4
[1448.615s][debug][gc,phases      ] GC(41)   Weak JFR Old Object Samples    Min:  0.0, Avg:  0.0, Max:  0.0, Diff:  0.0, Sum:  0.0, Workers: 4
[1448.615s][debug][gc,phases      ] GC(41)     Dead                           Min: 0, Avg:  0.0, Max: 0, Diff: 0, Sum: 0, Workers: 4
[1448.615s][debug][gc,phases      ] GC(41)     Total                          Min: 0, Avg:  0.0, Max: 0, Diff: 0, Sum: 0, Workers: 4
[1448.615s][debug][gc,phases      ] GC(41) Weak Processing 0.331ms
[1448.615s][debug][gc,age         ] GC(41) Desired survivor size 267386880 bytes, new threshold 15 (max threshold 15)
[1448.615s][info ][gc,heap        ] GC(41) PSYoungGen: 1522624K(1802240K)->5040K(1836032K) Eden: 1518080K(1518080K)->0K(1563136K) From: 4544K(284160K)->5040K(272896K)
[1448.615s][info ][gc,heap        ] GC(41) ParOldGen: 334248K(449536K)->334256K(449536K)
[1448.615s][info ][gc,metaspace   ] GC(41) Metaspace: 89441K(90624K)->89441K(90624K) NonClass: 76703K(77376K)->76703K(77376K) Class: 12738K(13248K)->12738K(13248K)
[1448.615s][info ][gc             ] GC(41) Pause Young (Allocation Failure) 1813M->331M(2232M) 3.807ms
[1448.615s][info ][gc,cpu         ] GC(41) User=0.01s Sys=0.00s Real=0.01s
[1448.615s][info ][safepoint      ] Safepoint "ParallelGCFailedAllocation", Time since last: 2215727799 ns, Reaching safepoint: 6200 ns, Cleanup: 2800 ns, At safepoint: 3870030 ns, Total: 3879030 ns
[1449.615s][info ][safepoint      ] Safepoint "Cleanup", Time since last: 1000076472 ns, Reaching safepoint: 6800 ns, Cleanup: 8500 ns, At safepoint: 1500 ns, Total: 16800 ns
[1450.615s][info ][safepoint      ] Safepoint "Cleanup", Time since last: 1000098573 ns, Reaching safepoint: 6700 ns, Cleanup: 9600 ns, At safepoint: 1900 ns, Total: 18200 ns
[1457.615s][info ][safepoint      ] Safepoint "Cleanup", Time since last: 7000429816 ns, Reaching safepoint: 6300 ns, Cleanup: 8500 ns, At safepoint: 1800 ns, Total: 16600 ns
[1460.616s][info ][safepoint      ] Safepoint "Cleanup", Time since last: 3000197743 ns, Reaching safepoint: 7500 ns, Cleanup: 16400 ns, At safepoint: 2200 ns, Total: 26100 ns
[1461.616s][info ][safepoint      ] Safepoint "Cleanup", Time since last: 1000100715 ns, Reaching safepoint: 6500 ns, Cleanup: 17600 ns, At safepoint: 1600 ns, Total: 25700 ns
[1475.617s][info ][safepoint      ] Safepoint "Cleanup", Time since last: 14000884071 ns, Reaching safepoint: 6200 ns, Cleanup: 8700 ns, At safepoint: 1400 ns, Total: 16300 ns
[1476.617s][info ][safepoint      ] Safepoint "Cleanup", Time since last: 1000105983 ns, Reaching safepoint: 6500 ns, Cleanup: 7700 ns, At safepoint: 1500 ns, Total: 15700 ns
[1478.617s][info ][safepoint      ] Safepoint "Cleanup", Time since last: 2000166839 ns, Reaching safepoint: 7300 ns, Cleanup: 9700 ns, At safepoint: 1900 ns, Total: 18900 ns
[1495.618s][info ][safepoint      ] Safepoint "Cleanup", Time since last: 17001149251 ns, Reaching safepoint: 6901 ns, Cleanup: 11200 ns, At safepoint: 1900 ns, Total: 20001 ns
[1497.618s][info ][safepoint      ] Safepoint "Cleanup", Time since last: 2000157291 ns, Reaching safepoint: 7000 ns, Cleanup: 9000 ns, At safepoint: 1700 ns, Total: 17700 ns
[1503.619s][info ][safepoint      ] Safepoint "Cleanup", Time since last: 6000355270 ns, Reaching safepoint: 6100 ns, Cleanup: 7900 ns, At safepoint: 1400 ns, Total: 15400 ns
[1505.619s][info ][safepoint      ] Safepoint "Cleanup", Time since last: 2000171388 ns, Reaching safepoint: 7200 ns, Cleanup: 10300 ns, At safepoint: 2200 ns, Total: 19700 ns
[1506.619s][info ][safepoint      ] Safepoint "Cleanup", Time since last: 1000112844 ns, Reaching safepoint: 6600 ns, Cleanup: 9001 ns, At safepoint: 1700 ns, Total: 17301 ns
[1516.620s][info ][safepoint      ] Safepoint "Cleanup", Time since last: 10000673394 ns, Reaching safepoint: 5000 ns, Cleanup: 20100 ns, At safepoint: 1600 ns, Total: 26700 ns
[1517.620s][info ][safepoint      ] Safepoint "Cleanup", Time since last: 1000088961 ns, Reaching safepoint: 6800 ns, Cleanup: 8800 ns, At safepoint: 1600 ns, Total: 17200 ns
[1521.856s][info ][gc,start       ] GC(42) Pause Young (Allocation Failure)
[1521.859s][debug][gc,phases      ] GC(42) Scavenge 2.699ms
[1521.859s][debug][gc,ref         ] GC(42) ReferenceProcessor::execute queues: 1, RefProcThreadModel::Single, marks_oops_alive: false
[1521.859s][debug][gc,ref         ] GC(42) Skipped KeepAliveFinalRefsPhase of Reference Processing: no references
[1521.859s][debug][gc,ref         ] GC(42) ReferenceProcessor::execute queues: 1, RefProcThreadModel::Single, marks_oops_alive: false
[1521.859s][debug][gc,phases      ] GC(42) Reference Processing 0.084ms
[1521.859s][debug][gc,phases      ] GC(42)   VM Weak                        Min:  0.0, Avg:  0.0, Max:  0.0, Diff:  0.0, Sum:  0.0, Workers: 4
[1521.859s][debug][gc,phases      ] GC(42)     Dead                           Min: 0, Avg:  0.0, Max: 0, Diff: 0, Sum: 0, Workers: 4
[1521.859s][debug][gc,phases      ] GC(42)     Total                          Min: 0, Avg: 232.8, Max: 768, Diff: 768, Sum: 931, Workers: 4
[1521.859s][debug][gc,phases      ] GC(42)   ObjectSynchronizer Weak        Min:  0.0, Avg:  0.0, Max:  0.0, Diff:  0.0, Sum:  0.0, Workers: 4
[1521.859s][debug][gc,phases      ] GC(42)     Dead                           Min: 0, Avg:  0.0, Max: 0, Diff: 0, Sum: 0, Workers: 4
[1521.859s][debug][gc,phases      ] GC(42)     Total                          Min: 0, Avg:  0.8, Max: 3, Diff: 3, Sum: 3, Workers: 4
[1521.859s][debug][gc,phases      ] GC(42)   JVMTI Tag Weak OopStorage      Min:  0.0, Avg:  0.0, Max:  0.0, Diff:  0.0, Sum:  0.0, Workers: 4
[1521.859s][debug][gc,phases      ] GC(42)     Dead                           Min: 0, Avg:  0.0, Max: 0, Diff: 0, Sum: 0, Workers: 4
[1521.859s][debug][gc,phases      ] GC(42)     Total                          Min: 0, Avg:  0.0, Max: 0, Diff: 0, Sum: 0, Workers: 4
[1521.859s][debug][gc,phases      ] GC(42)   StringTable Weak               Min:  0.0, Avg:  0.1, Max:  0.1, Diff:  0.1, Sum:  0.4, Workers: 4
[1521.859s][debug][gc,phases      ] GC(42)     Dead                           Min: 0, Avg:  0.0, Max: 0, Diff: 0, Sum: 0, Workers: 4
[1521.859s][debug][gc,phases      ] GC(42)     Total                          Min: 0, Avg: 11300.2, Max: 18560, Diff: 18560, Sum: 45201, Workers: 4
[1521.859s][debug][gc,phases      ] GC(42)   ResolvedMethodTable Weak       Min:  0.0, Avg:  0.0, Max:  0.0, Diff:  0.0, Sum:  0.1, Workers: 4
[1521.859s][debug][gc,phases      ] GC(42)     Dead                           Min: 0, Avg:  0.0, Max: 0, Diff: 0, Sum: 0, Workers: 4
[1521.859s][debug][gc,phases      ] GC(42)     Total                          Min: 0, Avg: 3055.5, Max: 5182, Diff: 5182, Sum: 12222, Workers: 4
[1521.859s][debug][gc,phases      ] GC(42)   JNI Weak                       Min:  0.0, Avg:  0.0, Max:  0.0, Diff:  0.0, Sum:  0.0, Workers: 4
[1521.859s][debug][gc,phases      ] GC(42)     Dead                           Min: 0, Avg:  0.0, Max: 0, Diff: 0, Sum: 0, Workers: 4
[1521.859s][debug][gc,phases      ] GC(42)     Total                          Min: 0, Avg: 12.0, Max: 48, Diff: 48, Sum: 48, Workers: 4
[1521.859s][debug][gc,phases      ] GC(42)   StringDedup Table Weak         Min:  0.0, Avg:  0.0, Max:  0.0, Diff:  0.0, Sum:  0.0, Workers: 4
[1521.859s][debug][gc,phases      ] GC(42)     Dead                           Min: 0, Avg:  0.0, Max: 0, Diff: 0, Sum: 0, Workers: 4
[1521.859s][debug][gc,phases      ] GC(42)     Total                          Min: 0, Avg:  0.0, Max: 0, Diff: 0, Sum: 0, Workers: 4
[1521.859s][debug][gc,phases      ] GC(42)   StringDedup Requests0 Weak     Min:  0.0, Avg:  0.0, Max:  0.0, Diff:  0.0, Sum:  0.0, Workers: 4
[1521.859s][debug][gc,phases      ] GC(42)     Dead                           Min: 0, Avg:  0.0, Max: 0, Diff: 0, Sum: 0, Workers: 4
[1521.859s][debug][gc,phases      ] GC(42)     Total                          Min: 0, Avg:  0.0, Max: 0, Diff: 0, Sum: 0, Workers: 4
[1521.859s][debug][gc,phases      ] GC(42)   StringDedup Requests1 Weak     Min:  0.0, Avg:  0.0, Max:  0.0, Diff:  0.0, Sum:  0.0, Workers: 4
[1521.859s][debug][gc,phases      ] GC(42)     Dead                           Min: 0, Avg:  0.0, Max: 0, Diff: 0, Sum: 0, Workers: 4
[1521.859s][debug][gc,phases      ] GC(42)     Total                          Min: 0, Avg:  0.0, Max: 0, Diff: 0, Sum: 0, Workers: 4
[1521.859s][debug][gc,phases      ] GC(42)   Weak JFR Old Object Samples    Min:  0.0, Avg:  0.0, Max:  0.0, Diff:  0.0, Sum:  0.0, Workers: 4
[1521.859s][debug][gc,phases      ] GC(42)     Dead                           Min: 0, Avg:  0.0, Max: 0, Diff: 0, Sum: 0, Workers: 4
[1521.859s][debug][gc,phases      ] GC(42)     Total                          Min: 0, Avg:  0.0, Max: 0, Diff: 0, Sum: 0, Workers: 4
[1521.859s][debug][gc,phases      ] GC(42) Weak Processing 0.328ms
[1521.859s][debug][gc,age         ] GC(42) Desired survivor size 254803968 bytes, new threshold 15 (max threshold 15)
[1521.859s][info ][gc,heap        ] GC(42) PSYoungGen: 1568176K(1836032K)->5008K(1824256K) Eden: 1563136K(1563136K)->0K(1563136K) From: 5040K(272896K)->5008K(261120K)
[1521.859s][info ][gc,heap        ] GC(42) ParOldGen: 334256K(449536K)->334264K(449536K)
[1521.859s][info ][gc,metaspace   ] GC(42) Metaspace: 89459K(90688K)->89459K(90688K) NonClass: 76720K(77440K)->76720K(77440K) Class: 12738K(13248K)->12738K(13248K)
[1521.859s][info ][gc             ] GC(42) Pause Young (Allocation Failure) 1857M->331M(2220M) 3.194ms
[1521.859s][info ][gc,cpu         ] GC(42) User=0.01s Sys=0.00s Real=0.00s
[1521.859s][info ][safepoint      ] Safepoint "ParallelGCFailedAllocation", Time since last: 4236116222 ns, Reaching safepoint: 6800 ns, Cleanup: 3100 ns, At safepoint: 3251726 ns, Total: 3261626 ns
[1530.860s][info ][safepoint      ] Safepoint "Cleanup", Time since last: 9000585000 ns, Reaching safepoint: 6300 ns, Cleanup: 8200 ns, At safepoint: 2000 ns, Total: 16500 ns
[1536.860s][info ][safepoint      ] Safepoint "Cleanup", Time since last: 6000420778 ns, Reaching safepoint: 6500 ns, Cleanup: 8100 ns, At safepoint: 1400 ns, Total: 16000 ns
[1540.860s][info ][safepoint      ] Safepoint "Cleanup", Time since last: 4000283394 ns, Reaching safepoint: 6700 ns, Cleanup: 6800 ns, At safepoint: 1600 ns, Total: 15100 ns
[1547.861s][info ][safepoint      ] Safepoint "Cleanup", Time since last: 7000477630 ns, Reaching safepoint: 6300 ns, Cleanup: 7600 ns, At safepoint: 6100 ns, Total: 20000 ns
[1550.861s][info ][safepoint      ] Safepoint "Cleanup", Time since last: 3000225692 ns, Reaching safepoint: 7000 ns, Cleanup: 8300 ns, At safepoint: 1600 ns, Total: 16900 ns
[1556.862s][info ][safepoint      ] Safepoint "Cleanup", Time since last: 6000387952 ns, Reaching safepoint: 6700 ns, Cleanup: 7500 ns, At safepoint: 1500 ns, Total: 15700 ns
[1559.862s][info ][safepoint      ] Safepoint "Cleanup", Time since last: 3000235570 ns, Reaching safepoint: 6400 ns, Cleanup: 8400 ns, At safepoint: 1600 ns, Total: 16400 ns
[1566.862s][info ][safepoint      ] Safepoint "Cleanup", Time since last: 7000488207 ns, Reaching safepoint: 7200 ns, Cleanup: 7900 ns, At safepoint: 1500 ns, Total: 16600 ns
[1594.155s][info ][gc,start       ] GC(43) Pause Young (Allocation Failure)
[1594.158s][debug][gc,phases      ] GC(43) Scavenge 2.763ms
[1594.158s][debug][gc,ref         ] GC(43) ReferenceProcessor::execute queues: 1, RefProcThreadModel::Single, marks_oops_alive: false
[1594.158s][debug][gc,ref         ] GC(43) Skipped KeepAliveFinalRefsPhase of Reference Processing: no references
[1594.158s][debug][gc,ref         ] GC(43) ReferenceProcessor::execute queues: 1, RefProcThreadModel::Single, marks_oops_alive: false
[1594.158s][debug][gc,phases      ] GC(43) Reference Processing 0.107ms
[1594.158s][debug][gc,phases      ] GC(43)   VM Weak                        Min:  0.0, Avg:  0.0, Max:  0.0, Diff:  0.0, Sum:  0.0, Workers: 4
[1594.158s][debug][gc,phases      ] GC(43)     Dead                           Min: 0, Avg:  0.0, Max: 0, Diff: 0, Sum: 0, Workers: 4
[1594.158s][debug][gc,phases      ] GC(43)     Total                          Min: 0, Avg: 232.8, Max: 867, Diff: 867, Sum: 931, Workers: 4
[1594.158s][debug][gc,phases      ] GC(43)   ObjectSynchronizer Weak        Min:  0.0, Avg:  0.0, Max:  0.0, Diff:  0.0, Sum:  0.0, Workers: 4
[1594.158s][debug][gc,phases      ] GC(43)     Dead                           Min: 0, Avg:  0.0, Max: 0, Diff: 0, Sum: 0, Workers: 4
[1594.158s][debug][gc,phases      ] GC(43)     Total                          Min: 0, Avg:  0.8, Max: 3, Diff: 3, Sum: 3, Workers: 4
[1594.158s][debug][gc,phases      ] GC(43)   JVMTI Tag Weak OopStorage      Min:  0.0, Avg:  0.0, Max:  0.0, Diff:  0.0, Sum:  0.0, Workers: 4
[1594.158s][debug][gc,phases      ] GC(43)     Dead                           Min: 0, Avg:  0.0, Max: 0, Diff: 0, Sum: 0, Workers: 4
[1594.158s][debug][gc,phases      ] GC(43)     Total                          Min: 0, Avg:  0.0, Max: 0, Diff: 0, Sum: 0, Workers: 4
[1594.158s][debug][gc,phases      ] GC(43)   StringTable Weak               Min:  0.0, Avg:  0.1, Max:  0.1, Diff:  0.1, Sum:  0.4, Workers: 4
[1594.158s][debug][gc,phases      ] GC(43)     Dead                           Min: 0, Avg:  0.0, Max: 0, Diff: 0, Sum: 0, Workers: 4
[1594.158s][debug][gc,phases      ] GC(43)     Total                          Min: 0, Avg: 11300.2, Max: 16384, Diff: 16384, Sum: 45201, Workers: 4
[1594.158s][debug][gc,phases      ] GC(43)   ResolvedMethodTable Weak       Min:  0.0, Avg:  0.0, Max:  0.0, Diff:  0.0, Sum:  0.1, Workers: 4
[1594.158s][debug][gc,phases      ] GC(43)     Dead                           Min: 0, Avg:  0.0, Max: 0, Diff: 0, Sum: 0, Workers: 4
[1594.158s][debug][gc,phases      ] GC(43)     Total                          Min: 0, Avg: 3055.5, Max: 5182, Diff: 5182, Sum: 12222, Workers: 4
[1594.158s][debug][gc,phases      ] GC(43)   JNI Weak                       Min:  0.0, Avg:  0.0, Max:  0.0, Diff:  0.0, Sum:  0.0, Workers: 4
[1594.158s][debug][gc,phases      ] GC(43)     Dead                           Min: 0, Avg:  0.0, Max: 0, Diff: 0, Sum: 0, Workers: 4
[1594.158s][debug][gc,phases      ] GC(43)     Total                          Min: 0, Avg: 12.0, Max: 48, Diff: 48, Sum: 48, Workers: 4
[1594.158s][debug][gc,phases      ] GC(43)   StringDedup Table Weak         Min:  0.0, Avg:  0.0, Max:  0.0, Diff:  0.0, Sum:  0.0, Workers: 4
[1594.158s][debug][gc,phases      ] GC(43)     Dead                           Min: 0, Avg:  0.0, Max: 0, Diff: 0, Sum: 0, Workers: 4
[1594.158s][debug][gc,phases      ] GC(43)     Total                          Min: 0, Avg:  0.0, Max: 0, Diff: 0, Sum: 0, Workers: 4
[1594.158s][debug][gc,phases      ] GC(43)   StringDedup Requests0 Weak     Min:  0.0, Avg:  0.0, Max:  0.0, Diff:  0.0, Sum:  0.0, Workers: 4
[1594.158s][debug][gc,phases      ] GC(43)     Dead                           Min: 0, Avg:  0.0, Max: 0, Diff: 0, Sum: 0, Workers: 4
[1594.158s][debug][gc,phases      ] GC(43)     Total                          Min: 0, Avg:  0.0, Max: 0, Diff: 0, Sum: 0, Workers: 4
[1594.158s][debug][gc,phases      ] GC(43)   StringDedup Requests1 Weak     Min:  0.0, Avg:  0.0, Max:  0.0, Diff:  0.0, Sum:  0.0, Workers: 4
[1594.158s][debug][gc,phases      ] GC(43)     Dead                           Min: 0, Avg:  0.0, Max: 0, Diff: 0, Sum: 0, Workers: 4
[1594.158s][debug][gc,phases      ] GC(43)     Total                          Min: 0, Avg:  0.0, Max: 0, Diff: 0, Sum: 0, Workers: 4
[1594.158s][debug][gc,phases      ] GC(43)   Weak JFR Old Object Samples    Min:  0.0, Avg:  0.0, Max:  0.0, Diff:  0.0, Sum:  0.0, Workers: 4
[1594.158s][debug][gc,phases      ] GC(43)     Dead                           Min: 0, Avg:  0.0, Max: 0, Diff: 0, Sum: 0, Workers: 4
[1594.158s][debug][gc,phases      ] GC(43)     Total                          Min: 0, Avg:  0.0, Max: 0, Diff: 0, Sum: 0, Workers: 4
[1594.158s][debug][gc,phases      ] GC(43) Weak Processing 0.342ms
[1594.158s][debug][gc,age         ] GC(43) Desired survivor size 242221056 bytes, new threshold 15 (max threshold 15)
[1594.158s][info ][gc,heap        ] GC(43) PSYoungGen: 1568144K(1824256K)->5008K(1860608K) Eden: 1563136K(1563136K)->0K(1611776K) From: 5008K(261120K)->5008K(248832K)
[1594.158s][info ][gc,heap        ] GC(43) ParOldGen: 334264K(449536K)->334264K(449536K)
[1594.158s][info ][gc,metaspace   ] GC(43) Metaspace: 89471K(90688K)->89471K(90688K) NonClass: 76732K(77440K)->76732K(77440K) Class: 12738K(13248K)->12738K(13248K)
[1594.158s][info ][gc             ] GC(43) Pause Young (Allocation Failure) 1857M->331M(2256M) 3.296ms
[1594.158s][info ][gc,cpu         ] GC(43) User=0.01s Sys=0.00s Real=0.00s
[1594.158s][info ][safepoint      ] Safepoint "ParallelGCFailedAllocation", Time since last: 27292535083 ns, Reaching safepoint: 5400 ns, Cleanup: 3200 ns, At safepoint: 3351227 ns, Total: 3359827 ns
[1597.159s][info ][safepoint      ] Safepoint "Cleanup", Time since last: 3000207746 ns, Reaching safepoint: 76200 ns, Cleanup: 10801 ns, At safepoint: 5900 ns, Total: 92901 ns
[1598.159s][info ][safepoint      ] Safepoint "Cleanup", Time since last: 1000098382 ns, Reaching safepoint: 6300 ns, Cleanup: 8300 ns, At safepoint: 1500 ns, Total: 16100 ns
[1600.159s][info ][safepoint      ] Safepoint "Cleanup", Time since last: 2000160632 ns, Reaching safepoint: 6501 ns, Cleanup: 5600 ns, At safepoint: 1600 ns, Total: 13701 ns
[1621.160s][info ][safepoint      ] Safepoint "Cleanup", Time since last: 21001364762 ns, Reaching safepoint: 7001 ns, Cleanup: 8300 ns, At safepoint: 1300 ns, Total: 16601 ns
[1629.161s][info ][safepoint      ] Safepoint "Cleanup", Time since last: 8000510998 ns, Reaching safepoint: 6800 ns, Cleanup: 9100 ns, At safepoint: 1601 ns, Total: 17501 ns
[1630.161s][info ][safepoint      ] Safepoint "Cleanup", Time since last: 1000120987 ns, Reaching safepoint: 27000 ns, Cleanup: 8700 ns, At safepoint: 7700 ns, Total: 43400 ns
[1631.161s][info ][safepoint      ] Safepoint "Cleanup", Time since last: 1000086096 ns, Reaching safepoint: 6200 ns, Cleanup: 9300 ns, At safepoint: 1700 ns, Total: 17200 ns
[1633.161s][info ][safepoint      ] Safepoint "Cleanup", Time since last: 2000158424 ns, Reaching safepoint: 5400 ns, Cleanup: 6200 ns, At safepoint: 1400 ns, Total: 13000 ns
[1640.162s][info ][safepoint      ] Safepoint "Cleanup", Time since last: 7000433619 ns, Reaching safepoint: 5900 ns, Cleanup: 5400 ns, At safepoint: 1700 ns, Total: 13000 ns
[1641.162s][info ][safepoint      ] Safepoint "Cleanup", Time since last: 1000122511 ns, Reaching safepoint: 5700 ns, Cleanup: 6601 ns, At safepoint: 1600 ns, Total: 13901 ns
[1647.162s][info ][safepoint      ] Safepoint "Cleanup", Time since last: 6000421570 ns, Reaching safepoint: 6200 ns, Cleanup: 7900 ns, At safepoint: 5400 ns, Total: 19500 ns
[1651.163s][info ][safepoint      ] Safepoint "Cleanup", Time since last: 4000315667 ns, Reaching safepoint: 5900 ns, Cleanup: 7800 ns, At safepoint: 1500 ns, Total: 15200 ns
[1653.163s][info ][safepoint      ] Safepoint "Cleanup", Time since last: 2000175733 ns, Reaching safepoint: 6400 ns, Cleanup: 7900 ns, At safepoint: 5000 ns, Total: 19300 ns
[1654.163s][info ][safepoint      ] Safepoint "Cleanup", Time since last: 1000099617 ns, Reaching safepoint: 6600 ns, Cleanup: 7900 ns, At safepoint: 5100 ns, Total: 19600 ns
[1655.163s][info ][safepoint      ] Safepoint "Cleanup", Time since last: 1000099932 ns, Reaching safepoint: 6500 ns, Cleanup: 10700 ns, At safepoint: 1501 ns, Total: 18701 ns
[1656.163s][info ][safepoint      ] Safepoint "Cleanup", Time since last: 1000096637 ns, Reaching safepoint: 5501 ns, Cleanup: 4900 ns, At safepoint: 1300 ns, Total: 11701 ns
[1658.163s][info ][safepoint      ] Safepoint "Cleanup", Time since last: 2000135575 ns, Reaching safepoint: 7100 ns, Cleanup: 10200 ns, At safepoint: 1700 ns, Total: 19000 ns
[1659.163s][info ][safepoint      ] Safepoint "Cleanup", Time since last: 1000105138 ns, Reaching safepoint: 6500 ns, Cleanup: 7100 ns, At safepoint: 1900 ns, Total: 15500 ns
[1663.204s][info ][gc,start       ] GC(44) Pause Young (Allocation Failure)
[1663.207s][debug][gc,phases      ] GC(44) Scavenge 3.336ms
[1663.207s][debug][gc,ref         ] GC(44) ReferenceProcessor::execute queues: 1, RefProcThreadModel::Single, marks_oops_alive: false
[1663.208s][debug][gc,ref         ] GC(44) Skipped KeepAliveFinalRefsPhase of Reference Processing: no references
[1663.208s][debug][gc,ref         ] GC(44) ReferenceProcessor::execute queues: 1, RefProcThreadModel::Single, marks_oops_alive: false
[1663.208s][debug][gc,phases      ] GC(44) Reference Processing 0.091ms
[1663.208s][debug][gc,phases      ] GC(44)   VM Weak                        Min:  0.0, Avg:  0.0, Max:  0.0, Diff:  0.0, Sum:  0.0, Workers: 4
[1663.208s][debug][gc,phases      ] GC(44)     Dead                           Min: 0, Avg:  0.0, Max: 0, Diff: 0, Sum: 0, Workers: 4
[1663.208s][debug][gc,phases      ] GC(44)     Total                          Min: 0, Avg: 232.8, Max: 448, Diff: 448, Sum: 931, Workers: 4
[1663.208s][debug][gc,phases      ] GC(44)   ObjectSynchronizer Weak        Min:  0.0, Avg:  0.0, Max:  0.0, Diff:  0.0, Sum:  0.0, Workers: 4
[1663.208s][debug][gc,phases      ] GC(44)     Dead                           Min: 0, Avg:  0.0, Max: 0, Diff: 0, Sum: 0, Workers: 4
[1663.208s][debug][gc,phases      ] GC(44)     Total                          Min: 0, Avg:  1.0, Max: 4, Diff: 4, Sum: 4, Workers: 4
[1663.208s][debug][gc,phases      ] GC(44)   JVMTI Tag Weak OopStorage      Min:  0.0, Avg:  0.0, Max:  0.0, Diff:  0.0, Sum:  0.0, Workers: 4
[1663.208s][debug][gc,phases      ] GC(44)     Dead                           Min: 0, Avg:  0.0, Max: 0, Diff: 0, Sum: 0, Workers: 4
[1663.208s][debug][gc,phases      ] GC(44)     Total                          Min: 0, Avg:  0.0, Max: 0, Diff: 0, Sum: 0, Workers: 4
[1663.208s][debug][gc,phases      ] GC(44)   StringTable Weak               Min:  0.1, Avg:  0.1, Max:  0.1, Diff:  0.0, Sum:  0.4, Workers: 4
[1663.208s][debug][gc,phases      ] GC(44)     Dead                           Min: 0, Avg:  0.0, Max: 0, Diff: 0, Sum: 0, Workers: 4
[1663.208s][debug][gc,phases      ] GC(44)     Total                          Min: 9834, Avg: 11306.5, Max: 11840, Diff: 2006, Sum: 45226, Workers: 4
[1663.208s][debug][gc,phases      ] GC(44)   ResolvedMethodTable Weak       Min:  0.0, Avg:  0.0, Max:  0.0, Diff:  0.0, Sum:  0.1, Workers: 4
[1663.208s][debug][gc,phases      ] GC(44)     Dead                           Min: 0, Avg:  0.0, Max: 0, Diff: 0, Sum: 0, Workers: 4
[1663.208s][debug][gc,phases      ] GC(44)     Total                          Min: 2944, Avg: 3055.5, Max: 3200, Diff: 256, Sum: 12222, Workers: 4
[1663.208s][debug][gc,phases      ] GC(44)   JNI Weak                       Min:  0.0, Avg:  0.0, Max:  0.0, Diff:  0.0, Sum:  0.0, Workers: 4
[1663.208s][debug][gc,phases      ] GC(44)     Dead                           Min: 0, Avg:  0.0, Max: 0, Diff: 0, Sum: 0, Workers: 4
[1663.208s][debug][gc,phases      ] GC(44)     Total                          Min: 0, Avg: 12.0, Max: 48, Diff: 48, Sum: 48, Workers: 4
[1663.208s][debug][gc,phases      ] GC(44)   StringDedup Table Weak         Min:  0.0, Avg:  0.0, Max:  0.0, Diff:  0.0, Sum:  0.0, Workers: 4
[1663.208s][debug][gc,phases      ] GC(44)     Dead                           Min: 0, Avg:  0.0, Max: 0, Diff: 0, Sum: 0, Workers: 4
[1663.208s][debug][gc,phases      ] GC(44)     Total                          Min: 0, Avg:  0.0, Max: 0, Diff: 0, Sum: 0, Workers: 4
[1663.208s][debug][gc,phases      ] GC(44)   StringDedup Requests0 Weak     Min:  0.0, Avg:  0.0, Max:  0.0, Diff:  0.0, Sum:  0.0, Workers: 4
[1663.208s][debug][gc,phases      ] GC(44)     Dead                           Min: 0, Avg:  0.0, Max: 0, Diff: 0, Sum: 0, Workers: 4
[1663.208s][debug][gc,phases      ] GC(44)     Total                          Min: 0, Avg:  0.0, Max: 0, Diff: 0, Sum: 0, Workers: 4
[1663.208s][debug][gc,phases      ] GC(44)   StringDedup Requests1 Weak     Min:  0.0, Avg:  0.0, Max:  0.0, Diff:  0.0, Sum:  0.0, Workers: 4
[1663.208s][debug][gc,phases      ] GC(44)     Dead                           Min: 0, Avg:  0.0, Max: 0, Diff: 0, Sum: 0, Workers: 4
[1663.208s][debug][gc,phases      ] GC(44)     Total                          Min: 0, Avg:  0.0, Max: 0, Diff: 0, Sum: 0, Workers: 4
[1663.208s][debug][gc,phases      ] GC(44)   Weak JFR Old Object Samples    Min:  0.0, Avg:  0.0, Max:  0.0, Diff:  0.0, Sum:  0.0, Workers: 4
[1663.208s][debug][gc,phases      ] GC(44)     Dead                           Min: 0, Avg:  0.0, Max: 0, Diff: 0, Sum: 0, Workers: 4
[1663.208s][debug][gc,phases      ] GC(44)     Total                          Min: 0, Avg:  0.0, Max: 0, Diff: 0, Sum: 0, Workers: 4
[1663.208s][debug][gc,phases      ] GC(44) Weak Processing 0.314ms
[1663.208s][debug][gc,age         ] GC(44) Desired survivor size 229638144 bytes, new threshold 15 (max threshold 15)
[1663.208s][info ][gc,heap        ] GC(44) PSYoungGen: 1616784K(1860608K)->4656K(1848320K) Eden: 1611776K(1611776K)->0K(1611776K) From: 5008K(248832K)->4656K(236544K)
[1663.208s][info ][gc,heap        ] GC(44) ParOldGen: 334264K(449536K)->334264K(449536K)
[1663.208s][info ][gc,metaspace   ] GC(44) Metaspace: 89487K(90688K)->89487K(90688K) NonClass: 76748K(77440K)->76748K(77440K) Class: 12738K(13248K)->12738K(13248K)
[1663.208s][info ][gc             ] GC(44) Pause Young (Allocation Failure) 1905M->330M(2244M) 3.840ms
[1663.208s][info ][gc,cpu         ] GC(44) User=0.02s Sys=0.00s Real=0.00s
[1663.208s][info ][safepoint      ] Safepoint "ParallelGCFailedAllocation", Time since last: 4040591735 ns, Reaching safepoint: 79501 ns, Cleanup: 3700 ns, At safepoint: 3919628 ns, Total: 4002829 ns
[1670.208s][info ][safepoint      ] Safepoint "Cleanup", Time since last: 7000462308 ns, Reaching safepoint: 6500 ns, Cleanup: 8500 ns, At safepoint: 1500 ns, Total: 16500 ns
[1681.454s][info ][safepoint      ] Safepoint "Cleanup", Time since last: 11245747970 ns, Reaching safepoint: 77201 ns, Cleanup: 8100 ns, At safepoint: 7500 ns, Total: 92801 ns
[1687.455s][info ][safepoint      ] Safepoint "Cleanup", Time since last: 6000397948 ns, Reaching safepoint: 75101 ns, Cleanup: 8000 ns, At safepoint: 5100 ns, Total: 88201 ns
[1697.455s][info ][safepoint      ] Safepoint "Cleanup", Time since last: 10000665744 ns, Reaching safepoint: 76101 ns, Cleanup: 11200 ns, At safepoint: 21000 ns, Total: 108301 ns
[1716.457s][info ][safepoint      ] Safepoint "Cleanup", Time since last: 19001246561 ns, Reaching safepoint: 76801 ns, Cleanup: 8500 ns, At safepoint: 5900 ns, Total: 91201 ns
[1720.457s][info ][safepoint      ] Safepoint "Cleanup", Time since last: 4000301036 ns, Reaching safepoint: 6700 ns, Cleanup: 8500 ns, At safepoint: 1800 ns, Total: 17000 ns
[1726.458s][info ][safepoint      ] Safepoint "Cleanup", Time since last: 6000433773 ns, Reaching safepoint: 86001 ns, Cleanup: 9500 ns, At safepoint: 5300 ns, Total: 100801 ns
[1730.458s][info ][safepoint      ] Safepoint "Cleanup", Time since last: 4000273105 ns, Reaching safepoint: 5801 ns, Cleanup: 9600 ns, At safepoint: 1800 ns, Total: 17201 ns
[1733.458s][info ][safepoint      ] Safepoint "Cleanup", Time since last: 3000233125 ns, Reaching safepoint: 6400 ns, Cleanup: 10900 ns, At safepoint: 1700 ns, Total: 19000 ns
[1735.104s][info ][gc,start       ] GC(45) Pause Young (Allocation Failure)
[1735.108s][debug][gc,phases      ] GC(45) Scavenge 3.443ms
[1735.108s][debug][gc,ref         ] GC(45) ReferenceProcessor::execute queues: 1, RefProcThreadModel::Single, marks_oops_alive: false
[1735.108s][debug][gc,ref         ] GC(45) Skipped KeepAliveFinalRefsPhase of Reference Processing: no references
[1735.108s][debug][gc,ref         ] GC(45) ReferenceProcessor::execute queues: 1, RefProcThreadModel::Single, marks_oops_alive: false
[1735.108s][debug][gc,phases      ] GC(45) Reference Processing 0.089ms
[1735.108s][debug][gc,phases      ] GC(45)   VM Weak                        Min:  0.0, Avg:  0.0, Max:  0.0, Diff:  0.0, Sum:  0.0, Workers: 4
[1735.108s][debug][gc,phases      ] GC(45)     Dead                           Min: 0, Avg:  0.0, Max: 0, Diff: 0, Sum: 0, Workers: 4
[1735.108s][debug][gc,phases      ] GC(45)     Total                          Min: 0, Avg: 232.8, Max: 483, Diff: 483, Sum: 931, Workers: 4
[1735.108s][debug][gc,phases      ] GC(45)   ObjectSynchronizer Weak        Min:  0.0, Avg:  0.0, Max:  0.0, Diff:  0.0, Sum:  0.0, Workers: 4
[1735.108s][debug][gc,phases      ] GC(45)     Dead                           Min: 0, Avg:  0.0, Max: 0, Diff: 0, Sum: 0, Workers: 4
[1735.108s][debug][gc,phases      ] GC(45)     Total                          Min: 0, Avg:  1.0, Max: 4, Diff: 4, Sum: 4, Workers: 4
[1735.108s][debug][gc,phases      ] GC(45)   JVMTI Tag Weak OopStorage      Min:  0.0, Avg:  0.0, Max:  0.0, Diff:  0.0, Sum:  0.0, Workers: 4
[1735.108s][debug][gc,phases      ] GC(45)     Dead                           Min: 0, Avg:  0.0, Max: 0, Diff: 0, Sum: 0, Workers: 4
[1735.108s][debug][gc,phases      ] GC(45)     Total                          Min: 0, Avg:  0.0, Max: 0, Diff: 0, Sum: 0, Workers: 4
[1735.108s][debug][gc,phases      ] GC(45)   StringTable Weak               Min:  0.0, Avg:  0.1, Max:  0.1, Diff:  0.1, Sum:  0.4, Workers: 4
[1735.108s][debug][gc,phases      ] GC(45)     Dead                           Min: 0, Avg:  0.0, Max: 0, Diff: 0, Sum: 0, Workers: 4
[1735.108s][debug][gc,phases      ] GC(45)     Total                          Min: 0, Avg: 11307.2, Max: 18349, Diff: 18349, Sum: 45229, Workers: 4
[1735.108s][debug][gc,phases      ] GC(45)   ResolvedMethodTable Weak       Min:  0.0, Avg:  0.0, Max:  0.0, Diff:  0.0, Sum:  0.1, Workers: 4
[1735.108s][debug][gc,phases      ] GC(45)     Dead                           Min: 0, Avg:  0.0, Max: 0, Diff: 0, Sum: 0, Workers: 4
[1735.108s][debug][gc,phases      ] GC(45)     Total                          Min: 0, Avg: 3055.5, Max: 5182, Diff: 5182, Sum: 12222, Workers: 4
[1735.108s][debug][gc,phases      ] GC(45)   JNI Weak                       Min:  0.0, Avg:  0.0, Max:  0.0, Diff:  0.0, Sum:  0.0, Workers: 4
[1735.108s][debug][gc,phases      ] GC(45)     Dead                           Min: 0, Avg:  0.0, Max: 0, Diff: 0, Sum: 0, Workers: 4
[1735.108s][debug][gc,phases      ] GC(45)     Total                          Min: 0, Avg: 12.0, Max: 48, Diff: 48, Sum: 48, Workers: 4
[1735.108s][debug][gc,phases      ] GC(45)   StringDedup Table Weak         Min:  0.0, Avg:  0.0, Max:  0.0, Diff:  0.0, Sum:  0.0, Workers: 4
[1735.108s][debug][gc,phases      ] GC(45)     Dead                           Min: 0, Avg:  0.0, Max: 0, Diff: 0, Sum: 0, Workers: 4
[1735.108s][debug][gc,phases      ] GC(45)     Total                          Min: 0, Avg:  0.0, Max: 0, Diff: 0, Sum: 0, Workers: 4
[1735.108s][debug][gc,phases      ] GC(45)   StringDedup Requests0 Weak     Min:  0.0, Avg:  0.0, Max:  0.0, Diff:  0.0, Sum:  0.0, Workers: 4
[1735.108s][debug][gc,phases      ] GC(45)     Dead                           Min: 0, Avg:  0.0, Max: 0, Diff: 0, Sum: 0, Workers: 4
[1735.108s][debug][gc,phases      ] GC(45)     Total                          Min: 0, Avg:  0.0, Max: 0, Diff: 0, Sum: 0, Workers: 4
[1735.108s][debug][gc,phases      ] GC(45)   StringDedup Requests1 Weak     Min:  0.0, Avg:  0.0, Max:  0.0, Diff:  0.0, Sum:  0.0, Workers: 4
[1735.108s][debug][gc,phases      ] GC(45)     Dead                           Min: 0, Avg:  0.0, Max: 0, Diff: 0, Sum: 0, Workers: 4
[1735.108s][debug][gc,phases      ] GC(45)     Total                          Min: 0, Avg:  0.0, Max: 0, Diff: 0, Sum: 0, Workers: 4
[1735.108s][debug][gc,phases      ] GC(45)   Weak JFR Old Object Samples    Min:  0.0, Avg:  0.0, Max:  0.0, Diff:  0.0, Sum:  0.0, Workers: 4
[1735.108s][debug][gc,phases      ] GC(45)     Dead                           Min: 0, Avg:  0.0, Max: 0, Diff: 0, Sum: 0, Workers: 4
[1735.108s][debug][gc,phases      ] GC(45)     Total                          Min: 0, Avg:  0.0, Max: 0, Diff: 0, Sum: 0, Workers: 4
[1735.108s][debug][gc,phases      ] GC(45) Weak Processing 0.328ms
[1735.108s][debug][gc,age         ] GC(45) Desired survivor size 217579520 bytes, new threshold 15 (max threshold 15)
[1735.108s][info ][gc,heap        ] GC(45) PSYoungGen: 1616432K(1848320K)->5264K(1884672K) Eden: 1611776K(1611776K)->0K(1660416K) From: 4656K(236544K)->5264K(224256K)
[1735.108s][info ][gc,heap        ] GC(45) ParOldGen: 334264K(449536K)->334264K(449536K)
[1735.108s][info ][gc,metaspace   ] GC(45) Metaspace: 89500K(90752K)->89500K(90752K) NonClass: 76762K(77504K)->76762K(77504K) Class: 12738K(13248K)->12738K(13248K)
[1735.108s][info ][gc             ] GC(45) Pause Young (Allocation Failure) 1904M->331M(2279M) 3.966ms
[1735.108s][info ][gc,cpu         ] GC(45) User=0.01s Sys=0.00s Real=0.00s
[1735.108s][info ][safepoint      ] Safepoint "ParallelGCFailedAllocation", Time since last: 1645982105 ns, Reaching safepoint: 6100 ns, Cleanup: 3100 ns, At safepoint: 4022030 ns, Total: 4031230 ns
[1740.109s][info ][safepoint      ] Safepoint "Cleanup", Time since last: 5000354491 ns, Reaching safepoint: 75400 ns, Cleanup: 7600 ns, At safepoint: 6200 ns, Total: 89200 ns
[1767.471s][info ][safepoint      ] Safepoint "Cleanup", Time since last: 27362226095 ns, Reaching safepoint: 6400 ns, Cleanup: 14300 ns, At safepoint: 2400 ns, Total: 23100 ns
[1790.472s][info ][safepoint      ] Safepoint "Cleanup", Time since last: 23001371179 ns, Reaching safepoint: 6700 ns, Cleanup: 8900 ns, At safepoint: 1900 ns, Total: 17500 ns
[1800.473s][info ][safepoint      ] Safepoint "Cleanup", Time since last: 10000647028 ns, Reaching safepoint: 6700 ns, Cleanup: 19201 ns, At safepoint: 6800 ns, Total: 32701 ns
[1801.473s][info ][safepoint      ] Safepoint "Cleanup", Time since last: 1000196092 ns, Reaching safepoint: 6900 ns, Cleanup: 9100 ns, At safepoint: 2700 ns, Total: 18700 ns
[1804.473s][info ][safepoint      ] Safepoint "Cleanup", Time since last: 3000226473 ns, Reaching safepoint: 7101 ns, Cleanup: 10900 ns, At safepoint: 7000 ns, Total: 25001 ns
[1807.485s][info ][safepoint      ] Safepoint "Cleanup", Time since last: 3011430492 ns, Reaching safepoint: 7200 ns, Cleanup: 10500 ns, At safepoint: 2900 ns, Total: 20600 ns
[1808.485s][info ][safepoint      ] Safepoint "Cleanup", Time since last: 1000054730 ns, Reaching safepoint: 7000 ns, Cleanup: 10700 ns, At safepoint: 2600 ns, Total: 20300 ns
[1812.906s][info ][gc,start       ] GC(46) Pause Young (Allocation Failure)
[1812.914s][debug][gc,phases      ] GC(46) Scavenge 7.809ms
[1812.914s][debug][gc,ref         ] GC(46) ReferenceProcessor::execute queues: 1, RefProcThreadModel::Single, marks_oops_alive: false
[1812.914s][debug][gc,ref         ] GC(46) Skipped KeepAliveFinalRefsPhase of Reference Processing: no references
[1812.914s][debug][gc,ref         ] GC(46) ReferenceProcessor::execute queues: 1, RefProcThreadModel::Single, marks_oops_alive: false
[1812.914s][debug][gc,phases      ] GC(46) Reference Processing 0.118ms
[1812.915s][debug][gc,phases      ] GC(46)   VM Weak                        Min:  0.0, Avg:  0.0, Max:  0.0, Diff:  0.0, Sum:  0.0, Workers: 4
[1812.915s][debug][gc,phases      ] GC(46)     Dead                           Min: 0, Avg:  0.0, Max: 0, Diff: 0, Sum: 0, Workers: 4
[1812.915s][debug][gc,phases      ] GC(46)     Total                          Min: 0, Avg: 232.8, Max: 832, Diff: 832, Sum: 931, Workers: 4
[1812.915s][debug][gc,phases      ] GC(46)   ObjectSynchronizer Weak        Min:  0.0, Avg:  0.0, Max:  0.0, Diff:  0.0, Sum:  0.0, Workers: 4
[1812.915s][debug][gc,phases      ] GC(46)     Dead                           Min: 0, Avg:  0.0, Max: 0, Diff: 0, Sum: 0, Workers: 4
[1812.915s][debug][gc,phases      ] GC(46)     Total                          Min: 0, Avg:  0.8, Max: 3, Diff: 3, Sum: 3, Workers: 4
[1812.915s][debug][gc,phases      ] GC(46)   JVMTI Tag Weak OopStorage      Min:  0.0, Avg:  0.0, Max:  0.0, Diff:  0.0, Sum:  0.0, Workers: 4
[1812.915s][debug][gc,phases      ] GC(46)     Dead                           Min: 0, Avg:  0.0, Max: 0, Diff: 0, Sum: 0, Workers: 4
[1812.915s][debug][gc,phases      ] GC(46)     Total                          Min: 0, Avg:  0.0, Max: 0, Diff: 0, Sum: 0, Workers: 4
[1812.915s][debug][gc,phases      ] GC(46)   StringTable Weak               Min:  0.0, Avg:  0.1, Max:  0.3, Diff:  0.3, Sum:  0.5, Workers: 4
[1812.915s][debug][gc,phases      ] GC(46)     Dead                           Min: 0, Avg:  0.5, Max: 2, Diff: 2, Sum: 2, Workers: 4
[1812.915s][debug][gc,phases      ] GC(46)     Total                          Min: 0, Avg: 11314.8, Max: 29259, Diff: 29259, Sum: 45259, Workers: 4
[1812.915s][debug][gc,phases      ] GC(46)   ResolvedMethodTable Weak       Min:  0.0, Avg:  0.0, Max:  0.1, Diff:  0.1, Sum:  0.2, Workers: 4
[1812.915s][debug][gc,phases      ] GC(46)     Dead                           Min: 0, Avg:  3.0, Max: 12, Diff: 12, Sum: 12, Workers: 4
[1812.915s][debug][gc,phases      ] GC(46)     Total                          Min: 0, Avg: 3064.2, Max: 7780, Diff: 7780, Sum: 12257, Workers: 4
[1812.915s][debug][gc,phases      ] GC(46)   JNI Weak                       Min:  0.0, Avg:  0.0, Max:  0.0, Diff:  0.0, Sum:  0.0, Workers: 4
[1812.915s][debug][gc,phases      ] GC(46)     Dead                           Min: 0, Avg:  0.0, Max: 0, Diff: 0, Sum: 0, Workers: 4
[1812.915s][debug][gc,phases      ] GC(46)     Total                          Min: 0, Avg: 12.0, Max: 48, Diff: 48, Sum: 48, Workers: 4
[1812.915s][debug][gc,phases      ] GC(46)   StringDedup Table Weak         Min:  0.0, Avg:  0.0, Max:  0.0, Diff:  0.0, Sum:  0.0, Workers: 4
[1812.915s][debug][gc,phases      ] GC(46)     Dead                           Min: 0, Avg:  0.0, Max: 0, Diff: 0, Sum: 0, Workers: 4
[1812.915s][debug][gc,phases      ] GC(46)     Total                          Min: 0, Avg:  0.0, Max: 0, Diff: 0, Sum: 0, Workers: 4
[1812.915s][debug][gc,phases      ] GC(46)   StringDedup Requests0 Weak     Min:  0.0, Avg:  0.0, Max:  0.0, Diff:  0.0, Sum:  0.0, Workers: 4
[1812.915s][debug][gc,phases      ] GC(46)     Dead                           Min: 0, Avg:  0.0, Max: 0, Diff: 0, Sum: 0, Workers: 4
[1812.915s][debug][gc,phases      ] GC(46)     Total                          Min: 0, Avg:  0.0, Max: 0, Diff: 0, Sum: 0, Workers: 4
[1812.915s][debug][gc,phases      ] GC(46)   StringDedup Requests1 Weak     Min:  0.0, Avg:  0.0, Max:  0.0, Diff:  0.0, Sum:  0.0, Workers: 4
[1812.915s][debug][gc,phases      ] GC(46)     Dead                           Min: 0, Avg:  0.0, Max: 0, Diff: 0, Sum: 0, Workers: 4
[1812.915s][debug][gc,phases      ] GC(46)     Total                          Min: 0, Avg:  0.0, Max: 0, Diff: 0, Sum: 0, Workers: 4
[1812.915s][debug][gc,phases      ] GC(46)   Weak JFR Old Object Samples    Min:  0.0, Avg:  0.0, Max:  0.0, Diff:  0.0, Sum:  0.0, Workers: 4
[1812.915s][debug][gc,phases      ] GC(46)     Dead                           Min: 0, Avg:  0.0, Max: 0, Diff: 0, Sum: 0, Workers: 4
[1812.915s][debug][gc,phases      ] GC(46)     Total                          Min: 0, Avg:  0.0, Max: 0, Diff: 0, Sum: 0, Workers: 4
[1812.915s][debug][gc,phases      ] GC(46) Weak Processing 0.592ms
[1812.915s][debug][gc,age         ] GC(46) Desired survivor size 204996608 bytes, new threshold 15 (max threshold 15)
[1812.915s][info ][gc,heap        ] GC(46) PSYoungGen: 1665680K(1884672K)->5520K(1872896K) Eden: 1660416K(1660416K)->0K(1660416K) From: 5264K(224256K)->5520K(212480K)
[1812.915s][info ][gc,heap        ] GC(46) ParOldGen: 334264K(449536K)->334272K(449536K)
[1812.915s][info ][gc,metaspace   ] GC(46) Metaspace: 89580K(90752K)->89580K(90752K) NonClass: 76825K(77504K)->76825K(77504K) Class: 12755K(13248K)->12755K(13248K)
[1812.915s][info ][gc             ] GC(46) Pause Young (Allocation Failure) 1953M->331M(2268M) 8.630ms
[1812.915s][info ][gc,cpu         ] GC(46) User=0.01s Sys=0.00s Real=0.01s
[1812.915s][info ][safepoint      ] Safepoint "ParallelGCFailedAllocation", Time since last: 4421160850 ns, Reaching safepoint: 7100 ns, Cleanup: 3300 ns, At safepoint: 8718065 ns, Total: 8728465 ns
[1816.915s][info ][safepoint      ] Safepoint "Cleanup", Time since last: 4000272474 ns, Reaching safepoint: 7300 ns, Cleanup: 15300 ns, At safepoint: 2100 ns, Total: 24700 ns
[1818.915s][info ][safepoint      ] Safepoint "Cleanup", Time since last: 2000172692 ns, Reaching safepoint: 6800 ns, Cleanup: 9900 ns, At safepoint: 1900 ns, Total: 18600 ns
[1828.916s][info ][safepoint      ] Safepoint "Cleanup", Time since last: 10000575644 ns, Reaching safepoint: 6500 ns, Cleanup: 9900 ns, At safepoint: 1700 ns, Total: 18100 ns
[1830.916s][info ][safepoint      ] Safepoint "Cleanup", Time since last: 2000120389 ns, Reaching safepoint: 6200 ns, Cleanup: 10700 ns, At safepoint: 2700 ns, Total: 19600 ns
[1836.917s][info ][safepoint      ] Safepoint "Cleanup", Time since last: 6000404880 ns, Reaching safepoint: 6600 ns, Cleanup: 19200 ns, At safepoint: 2200 ns, Total: 28000 ns
[1844.917s][info ][safepoint      ] Safepoint "Cleanup", Time since last: 8000485258 ns, Reaching safepoint: 6600 ns, Cleanup: 15300 ns, At safepoint: 1800 ns, Total: 23700 ns
[1845.917s][info ][safepoint      ] Safepoint "Cleanup", Time since last: 1000112459 ns, Reaching safepoint: 16600 ns, Cleanup: 14700 ns, At safepoint: 5400 ns, Total: 36700 ns
[1850.918s][info ][safepoint      ] Safepoint "Cleanup", Time since last: 5000318805 ns, Reaching safepoint: 6600 ns, Cleanup: 8600 ns, At safepoint: 2000 ns, Total: 17200 ns
[1857.918s][info ][safepoint      ] Safepoint "Cleanup", Time since last: 7000480313 ns, Reaching safepoint: 7600 ns, Cleanup: 11300 ns, At safepoint: 21301 ns, Total: 40201 ns
[1858.918s][info ][safepoint      ] Safepoint "Cleanup", Time since last: 1000104133 ns, Reaching safepoint: 6700 ns, Cleanup: 10400 ns, At safepoint: 2300 ns, Total: 19400 ns
[1862.532s][info ][safepoint      ] Safepoint "Cleanup", Time since last: 3614032501 ns, Reaching safepoint: 6800 ns, Cleanup: 8200 ns, At safepoint: 2300 ns, Total: 17300 ns
[1871.533s][info ][safepoint      ] Safepoint "Cleanup", Time since last: 9000583665 ns, Reaching safepoint: 5600 ns, Cleanup: 7100 ns, At safepoint: 1400 ns, Total: 14100 ns
[1874.533s][info ][safepoint      ] Safepoint "Cleanup", Time since last: 3000193359 ns, Reaching safepoint: 7100 ns, Cleanup: 10000 ns, At safepoint: 2100 ns, Total: 19200 ns
[1876.533s][info ][safepoint      ] Safepoint "Cleanup", Time since last: 2000191906 ns, Reaching safepoint: 7700 ns, Cleanup: 10000 ns, At safepoint: 7300 ns, Total: 25000 ns
[1879.533s][info ][safepoint      ] Safepoint "Cleanup", Time since last: 3000231221 ns, Reaching safepoint: 6101 ns, Cleanup: 8300 ns, At safepoint: 1400 ns, Total: 15801 ns
[1882.534s][info ][safepoint      ] Safepoint "Cleanup", Time since last: 3000229632 ns, Reaching safepoint: 8200 ns, Cleanup: 11000 ns, At safepoint: 2000 ns, Total: 21200 ns
[1885.409s][info ][gc,start       ] GC(47) Pause Young (Allocation Failure)
[1885.412s][debug][gc,phases      ] GC(47) Scavenge 3.533ms
[1885.412s][debug][gc,ref         ] GC(47) ReferenceProcessor::execute queues: 1, RefProcThreadModel::Single, marks_oops_alive: false
[1885.412s][debug][gc,ref         ] GC(47) Skipped KeepAliveFinalRefsPhase of Reference Processing: no references
[1885.412s][debug][gc,ref         ] GC(47) ReferenceProcessor::execute queues: 1, RefProcThreadModel::Single, marks_oops_alive: false
[1885.412s][debug][gc,phases      ] GC(47) Reference Processing 0.095ms
[1885.413s][debug][gc,phases      ] GC(47)   VM Weak                        Min:  0.0, Avg:  0.0, Max:  0.0, Diff:  0.0, Sum:  0.0, Workers: 4
[1885.413s][debug][gc,phases      ] GC(47)     Dead                           Min: 0, Avg:  0.0, Max: 0, Diff: 0, Sum: 0, Workers: 4
[1885.413s][debug][gc,phases      ] GC(47)     Total                          Min: 0, Avg: 232.8, Max: 803, Diff: 803, Sum: 931, Workers: 4
[1885.413s][debug][gc,phases      ] GC(47)   ObjectSynchronizer Weak        Min:  0.0, Avg:  0.0, Max:  0.0, Diff:  0.0, Sum:  0.0, Workers: 4
[1885.413s][debug][gc,phases      ] GC(47)     Dead                           Min: 0, Avg:  0.0, Max: 0, Diff: 0, Sum: 0, Workers: 4
[1885.413s][debug][gc,phases      ] GC(47)     Total                          Min: 0, Avg:  0.8, Max: 3, Diff: 3, Sum: 3, Workers: 4
[1885.413s][debug][gc,phases      ] GC(47)   JVMTI Tag Weak OopStorage      Min:  0.0, Avg:  0.0, Max:  0.0, Diff:  0.0, Sum:  0.0, Workers: 4
[1885.413s][debug][gc,phases      ] GC(47)     Dead                           Min: 0, Avg:  0.0, Max: 0, Diff: 0, Sum: 0, Workers: 4
[1885.413s][debug][gc,phases      ] GC(47)     Total                          Min: 0, Avg:  0.0, Max: 0, Diff: 0, Sum: 0, Workers: 4
[1885.413s][debug][gc,phases      ] GC(47)   StringTable Weak               Min:  0.0, Avg:  0.1, Max:  0.1, Diff:  0.1, Sum:  0.4, Workers: 4
[1885.413s][debug][gc,phases      ] GC(47)     Dead                           Min: 0, Avg:  0.0, Max: 0, Diff: 0, Sum: 0, Workers: 4
[1885.413s][debug][gc,phases      ] GC(47)     Total                          Min: 0, Avg: 11316.2, Max: 18752, Diff: 18752, Sum: 45265, Workers: 4
[1885.413s][debug][gc,phases      ] GC(47)   ResolvedMethodTable Weak       Min:  0.0, Avg:  0.0, Max:  0.0, Diff:  0.0, Sum:  0.1, Workers: 4
[1885.413s][debug][gc,phases      ] GC(47)     Dead                           Min: 0, Avg:  0.2, Max: 1, Diff: 1, Sum: 1, Workers: 4
[1885.413s][debug][gc,phases      ] GC(47)     Total                          Min: 0, Avg: 3064.8, Max: 5095, Diff: 5095, Sum: 12259, Workers: 4
[1885.413s][debug][gc,phases      ] GC(47)   JNI Weak                       Min:  0.0, Avg:  0.0, Max:  0.0, Diff:  0.0, Sum:  0.0, Workers: 4
[1885.413s][debug][gc,phases      ] GC(47)     Dead                           Min: 0, Avg:  0.0, Max: 0, Diff: 0, Sum: 0, Workers: 4
[1885.413s][debug][gc,phases      ] GC(47)     Total                          Min: 0, Avg: 12.0, Max: 48, Diff: 48, Sum: 48, Workers: 4
[1885.413s][debug][gc,phases      ] GC(47)   StringDedup Table Weak         Min:  0.0, Avg:  0.0, Max:  0.0, Diff:  0.0, Sum:  0.0, Workers: 4
[1885.413s][debug][gc,phases      ] GC(47)     Dead                           Min: 0, Avg:  0.0, Max: 0, Diff: 0, Sum: 0, Workers: 4
[1885.413s][debug][gc,phases      ] GC(47)     Total                          Min: 0, Avg:  0.0, Max: 0, Diff: 0, Sum: 0, Workers: 4
[1885.413s][debug][gc,phases      ] GC(47)   StringDedup Requests0 Weak     Min:  0.0, Avg:  0.0, Max:  0.0, Diff:  0.0, Sum:  0.0, Workers: 4
[1885.413s][debug][gc,phases      ] GC(47)     Dead                           Min: 0, Avg:  0.0, Max: 0, Diff: 0, Sum: 0, Workers: 4
[1885.413s][debug][gc,phases      ] GC(47)     Total                          Min: 0, Avg:  0.0, Max: 0, Diff: 0, Sum: 0, Workers: 4
[1885.413s][debug][gc,phases      ] GC(47)   StringDedup Requests1 Weak     Min:  0.0, Avg:  0.0, Max:  0.0, Diff:  0.0, Sum:  0.0, Workers: 4
[1885.413s][debug][gc,phases      ] GC(47)     Dead                           Min: 0, Avg:  0.0, Max: 0, Diff: 0, Sum: 0, Workers: 4
[1885.413s][debug][gc,phases      ] GC(47)     Total                          Min: 0, Avg:  0.0, Max: 0, Diff: 0, Sum: 0, Workers: 4
[1885.413s][debug][gc,phases      ] GC(47)   Weak JFR Old Object Samples    Min:  0.0, Avg:  0.0, Max:  0.0, Diff:  0.0, Sum:  0.0, Workers: 4
[1885.413s][debug][gc,phases      ] GC(47)     Dead                           Min: 0, Avg:  0.0, Max: 0, Diff: 0, Sum: 0, Workers: 4
[1885.413s][debug][gc,phases      ] GC(47)     Total                          Min: 0, Avg:  0.0, Max: 0, Diff: 0, Sum: 0, Workers: 4
[1885.413s][debug][gc,phases      ] GC(47) Weak Processing 0.321ms
[1885.413s][debug][gc,age         ] GC(47) Desired survivor size 192937984 bytes, new threshold 15 (max threshold 15)
[1885.413s][info ][gc,heap        ] GC(47) PSYoungGen: 1665936K(1872896K)->5616K(1908736K) Eden: 1660416K(1660416K)->0K(1708544K) From: 5520K(212480K)->5616K(200192K)
[1885.413s][info ][gc,heap        ] GC(47) ParOldGen: 334272K(449536K)->334272K(449536K)
[1885.413s][info ][gc,metaspace   ] GC(47) Metaspace: 89604K(90816K)->89604K(90816K) NonClass: 76848K(77568K)->76848K(77568K) Class: 12755K(13248K)->12755K(13248K)
[1885.413s][info ][gc             ] GC(47) Pause Young (Allocation Failure) 1953M->331M(2303M) 4.069ms
[1885.413s][info ][gc,cpu         ] GC(47) User=0.01s Sys=0.00s Real=0.01s
[1885.413s][info ][safepoint      ] Safepoint "ParallelGCFailedAllocation", Time since last: 2874921316 ns, Reaching safepoint: 74300 ns, Cleanup: 3800 ns, At safepoint: 4140931 ns, Total: 4219031 ns
[1886.413s][info ][safepoint      ] Safepoint "Cleanup", Time since last: 1000083610 ns, Reaching safepoint: 6000 ns, Cleanup: 7700 ns, At safepoint: 1700 ns, Total: 15400 ns
[1888.413s][info ][safepoint      ] Safepoint "Cleanup", Time since last: 2000160169 ns, Reaching safepoint: 8600 ns, Cleanup: 6700 ns, At safepoint: 6000 ns, Total: 21300 ns
[1897.414s][info ][safepoint      ] Safepoint "Cleanup", Time since last: 9000605478 ns, Reaching safepoint: 6200 ns, Cleanup: 7900 ns, At safepoint: 1500 ns, Total: 15600 ns
[1898.414s][info ][safepoint      ] Safepoint "Cleanup", Time since last: 1000089486 ns, Reaching safepoint: 7400 ns, Cleanup: 9000 ns, At safepoint: 2000 ns, Total: 18400 ns
[1907.414s][info ][safepoint      ] Safepoint "Cleanup", Time since last: 9000584802 ns, Reaching safepoint: 6200 ns, Cleanup: 8300 ns, At safepoint: 1400 ns, Total: 15900 ns
[1913.415s][info ][safepoint      ] Safepoint "Cleanup", Time since last: 6000436973 ns, Reaching safepoint: 6500 ns, Cleanup: 13601 ns, At safepoint: 6400 ns, Total: 26501 ns
[1922.416s][info ][safepoint      ] Safepoint "Cleanup", Time since last: 9000556907 ns, Reaching safepoint: 7400 ns, Cleanup: 10300 ns, At safepoint: 2000 ns, Total: 19700 ns
[1923.416s][info ][safepoint      ] Safepoint "Cleanup", Time since last: 1000073484 ns, Reaching safepoint: 7700 ns, Cleanup: 8600 ns, At safepoint: 2100 ns, Total: 18400 ns
[1937.416s][info ][safepoint      ] Safepoint "Cleanup", Time since last: 14000831928 ns, Reaching safepoint: 6100 ns, Cleanup: 8000 ns, At safepoint: 13800 ns, Total: 27900 ns
[1964.754s][info ][gc,start       ] GC(48) Pause Young (Allocation Failure)
[1964.757s][debug][gc,phases      ] GC(48) Scavenge 2.979ms
[1964.757s][debug][gc,ref         ] GC(48) ReferenceProcessor::execute queues: 1, RefProcThreadModel::Single, marks_oops_alive: false
[1964.757s][debug][gc,ref         ] GC(48) Skipped KeepAliveFinalRefsPhase of Reference Processing: no references
[1964.757s][debug][gc,ref         ] GC(48) ReferenceProcessor::execute queues: 1, RefProcThreadModel::Single, marks_oops_alive: false
[1964.757s][debug][gc,phases      ] GC(48) Reference Processing 0.085ms
[1964.758s][debug][gc,phases      ] GC(48)   VM Weak                        Min:  0.0, Avg:  0.0, Max:  0.0, Diff:  0.0, Sum:  0.0, Workers: 4
[1964.758s][debug][gc,phases      ] GC(48)     Dead                           Min: 0, Avg:  0.0, Max: 0, Diff: 0, Sum: 0, Workers: 4
[1964.758s][debug][gc,phases      ] GC(48)     Total                          Min: 0, Avg: 232.8, Max: 611, Diff: 611, Sum: 931, Workers: 4
[1964.758s][debug][gc,phases      ] GC(48)   ObjectSynchronizer Weak        Min:  0.0, Avg:  0.0, Max:  0.0, Diff:  0.0, Sum:  0.0, Workers: 4
[1964.758s][debug][gc,phases      ] GC(48)     Dead                           Min: 0, Avg:  0.0, Max: 0, Diff: 0, Sum: 0, Workers: 4
[1964.758s][debug][gc,phases      ] GC(48)     Total                          Min: 0, Avg:  0.8, Max: 3, Diff: 3, Sum: 3, Workers: 4
[1964.758s][debug][gc,phases      ] GC(48)   JVMTI Tag Weak OopStorage      Min:  0.0, Avg:  0.0, Max:  0.0, Diff:  0.0, Sum:  0.0, Workers: 4
[1964.758s][debug][gc,phases      ] GC(48)     Dead                           Min: 0, Avg:  0.0, Max: 0, Diff: 0, Sum: 0, Workers: 4
[1964.758s][debug][gc,phases      ] GC(48)     Total                          Min: 0, Avg:  0.0, Max: 0, Diff: 0, Sum: 0, Workers: 4
[1964.758s][debug][gc,phases      ] GC(48)   StringTable Weak               Min:  0.0, Avg:  0.1, Max:  0.1, Diff:  0.1, Sum:  0.4, Workers: 4
[1964.758s][debug][gc,phases      ] GC(48)     Dead                           Min: 0, Avg:  0.0, Max: 0, Diff: 0, Sum: 0, Workers: 4
[1964.758s][debug][gc,phases      ] GC(48)     Total                          Min: 0, Avg: 11316.2, Max: 19392, Diff: 19392, Sum: 45265, Workers: 4
[1964.758s][debug][gc,phases      ] GC(48)   ResolvedMethodTable Weak       Min:  0.0, Avg:  0.0, Max:  0.0, Diff:  0.0, Sum:  0.1, Workers: 4
[1964.758s][debug][gc,phases      ] GC(48)     Dead                           Min: 0, Avg:  0.0, Max: 0, Diff: 0, Sum: 0, Workers: 4
[1964.758s][debug][gc,phases      ] GC(48)     Total                          Min: 0, Avg: 3064.8, Max: 5222, Diff: 5222, Sum: 12259, Workers: 4
[1964.758s][debug][gc,phases      ] GC(48)   JNI Weak                       Min:  0.0, Avg:  0.0, Max:  0.0, Diff:  0.0, Sum:  0.0, Workers: 4
[1964.758s][debug][gc,phases      ] GC(48)     Dead                           Min: 0, Avg:  0.0, Max: 0, Diff: 0, Sum: 0, Workers: 4
[1964.758s][debug][gc,phases      ] GC(48)     Total                          Min: 0, Avg: 12.0, Max: 48, Diff: 48, Sum: 48, Workers: 4
[1964.758s][debug][gc,phases      ] GC(48)   StringDedup Table Weak         Min:  0.0, Avg:  0.0, Max:  0.0, Diff:  0.0, Sum:  0.0, Workers: 4
[1964.758s][debug][gc,phases      ] GC(48)     Dead                           Min: 0, Avg:  0.0, Max: 0, Diff: 0, Sum: 0, Workers: 4
[1964.758s][debug][gc,phases      ] GC(48)     Total                          Min: 0, Avg:  0.0, Max: 0, Diff: 0, Sum: 0, Workers: 4
[1964.758s][debug][gc,phases      ] GC(48)   StringDedup Requests0 Weak     Min:  0.0, Avg:  0.0, Max:  0.0, Diff:  0.0, Sum:  0.0, Workers: 4
[1964.758s][debug][gc,phases      ] GC(48)     Dead                           Min: 0, Avg:  0.0, Max: 0, Diff: 0, Sum: 0, Workers: 4
[1964.758s][debug][gc,phases      ] GC(48)     Total                          Min: 0, Avg:  0.0, Max: 0, Diff: 0, Sum: 0, Workers: 4
[1964.758s][debug][gc,phases      ] GC(48)   StringDedup Requests1 Weak     Min:  0.0, Avg:  0.0, Max:  0.0, Diff:  0.0, Sum:  0.0, Workers: 4
[1964.758s][debug][gc,phases      ] GC(48)     Dead                           Min: 0, Avg:  0.0, Max: 0, Diff: 0, Sum: 0, Workers: 4
[1964.758s][debug][gc,phases      ] GC(48)     Total                          Min: 0, Avg:  0.0, Max: 0, Diff: 0, Sum: 0, Workers: 4
[1964.758s][debug][gc,phases      ] GC(48)   Weak JFR Old Object Samples    Min:  0.0, Avg:  0.0, Max:  0.0, Diff:  0.0, Sum:  0.0, Workers: 4
[1964.758s][debug][gc,phases      ] GC(48)     Dead                           Min: 0, Avg:  0.0, Max: 0, Diff: 0, Sum: 0, Workers: 4
[1964.758s][debug][gc,phases      ] GC(48)     Total                          Min: 0, Avg:  0.0, Max: 0, Diff: 0, Sum: 0, Workers: 4
[1964.758s][debug][gc,phases      ] GC(48) Weak Processing 0.327ms
[1964.758s][debug][gc,age         ] GC(48) Desired survivor size 181403648 bytes, new threshold 15 (max threshold 15)
[1964.758s][info ][gc,heap        ] GC(48) PSYoungGen: 1714160K(1908736K)->5504K(1896960K) Eden: 1708544K(1708544K)->0K(1708544K) From: 5616K(200192K)->5504K(188416K)
[1964.758s][info ][gc,heap        ] GC(48) ParOldGen: 334272K(449536K)->334272K(449536K)
[1964.758s][info ][gc,metaspace   ] GC(48) Metaspace: 89608K(90816K)->89608K(90816K) NonClass: 76852K(77568K)->76852K(77568K) Class: 12755K(13248K)->12755K(13248K)
[1964.758s][info ][gc             ] GC(48) Pause Young (Allocation Failure) 2000M->331M(2291M) 3.471ms
[1964.758s][info ][gc,cpu         ] GC(48) User=0.01s Sys=0.00s Real=0.00s
[1964.758s][info ][safepoint      ] Safepoint "ParallelGCFailedAllocation", Time since last: 27337731212 ns, Reaching safepoint: 77401 ns, Cleanup: 3600 ns, At safepoint: 3528425 ns, Total: 3609426 ns
[1965.758s][info ][safepoint      ] Safepoint "Cleanup", Time since last: 1000083760 ns, Reaching safepoint: 8000 ns, Cleanup: 10300 ns, At safepoint: 3000 ns, Total: 21300 ns
[1967.758s][info ][safepoint      ] Safepoint "Cleanup", Time since last: 2000115870 ns, Reaching safepoint: 5700 ns, Cleanup: 8600 ns, At safepoint: 1800 ns, Total: 16100 ns
[1981.759s][info ][safepoint      ] Safepoint "Cleanup", Time since last: 14000841153 ns, Reaching safepoint: 6500 ns, Cleanup: 9001 ns, At safepoint: 2000 ns, Total: 17501 ns
[1992.760s][info ][safepoint      ] Safepoint "Cleanup", Time since last: 11000691431 ns, Reaching safepoint: 6200 ns, Cleanup: 9200 ns, At safepoint: 2200 ns, Total: 17600 ns
[2004.761s][info ][safepoint      ] Safepoint "Cleanup", Time since last: 12000766850 ns, Reaching safepoint: 89800 ns, Cleanup: 11000 ns, At safepoint: 6200 ns, Total: 107000 ns
[2023.762s][info ][safepoint      ] Safepoint "Cleanup", Time since last: 19001215707 ns, Reaching safepoint: 6300 ns, Cleanup: 7400 ns, At safepoint: 2000 ns, Total: 15700 ns
[2025.762s][info ][safepoint      ] Safepoint "Cleanup", Time since last: 2000136422 ns, Reaching safepoint: 5900 ns, Cleanup: 18401 ns, At safepoint: 1900 ns, Total: 26201 ns
[2026.762s][info ][safepoint      ] Safepoint "Cleanup", Time since last: 1000101011 ns, Reaching safepoint: 6200 ns, Cleanup: 138101 ns, At safepoint: 10800 ns, Total: 155101 ns
[2027.762s][info ][safepoint      ] Safepoint "Cleanup", Time since last: 1000108712 ns, Reaching safepoint: 80500 ns, Cleanup: 9400 ns, At safepoint: 8800 ns, Total: 98700 ns
[2028.762s][info ][safepoint      ] Safepoint "Cleanup", Time since last: 1000104312 ns, Reaching safepoint: 7200 ns, Cleanup: 13800 ns, At safepoint: 1900 ns, Total: 22900 ns
[2030.763s][info ][safepoint      ] Safepoint "Cleanup", Time since last: 2000164323 ns, Reaching safepoint: 6300 ns, Cleanup: 7200 ns, At safepoint: 1700 ns, Total: 15200 ns
[2031.763s][info ][safepoint      ] Safepoint "Cleanup", Time since last: 1000093439 ns, Reaching safepoint: 5900 ns, Cleanup: 7600 ns, At safepoint: 1500 ns, Total: 15000 ns
[2032.763s][info ][safepoint      ] Safepoint "Cleanup", Time since last: 1000104240 ns, Reaching safepoint: 6900 ns, Cleanup: 9500 ns, At safepoint: 2100 ns, Total: 18500 ns
[2035.763s][info ][safepoint      ] Safepoint "Cleanup", Time since last: 3000167919 ns, Reaching safepoint: 6700 ns, Cleanup: 8300 ns, At safepoint: 1600 ns, Total: 16600 ns
[2037.763s][info ][safepoint      ] Safepoint "Cleanup", Time since last: 2000157080 ns, Reaching safepoint: 7500 ns, Cleanup: 24200 ns, At safepoint: 5100 ns, Total: 36800 ns
[2038.007s][info ][gc,start       ] GC(49) Pause Young (Allocation Failure)
[2038.014s][debug][gc,phases      ] GC(49) Scavenge 6.476ms
[2038.014s][debug][gc,ref         ] GC(49) ReferenceProcessor::execute queues: 1, RefProcThreadModel::Single, marks_oops_alive: false
[2038.014s][debug][gc,ref         ] GC(49) Skipped KeepAliveFinalRefsPhase of Reference Processing: no references
[2038.014s][debug][gc,ref         ] GC(49) ReferenceProcessor::execute queues: 1, RefProcThreadModel::Single, marks_oops_alive: false
[2038.014s][debug][gc,phases      ] GC(49) Reference Processing 0.100ms
[2038.014s][debug][gc,phases      ] GC(49)   VM Weak                        Min:  0.0, Avg:  0.0, Max:  0.0, Diff:  0.0, Sum:  0.0, Workers: 4
[2038.014s][debug][gc,phases      ] GC(49)     Dead                           Min: 0, Avg:  0.0, Max: 0, Diff: 0, Sum: 0, Workers: 4
[2038.014s][debug][gc,phases      ] GC(49)     Total                          Min: 0, Avg: 232.8, Max: 675, Diff: 675, Sum: 931, Workers: 4
[2038.014s][debug][gc,phases      ] GC(49)   ObjectSynchronizer Weak        Min:  0.0, Avg:  0.0, Max:  0.0, Diff:  0.0, Sum:  0.0, Workers: 4
[2038.014s][debug][gc,phases      ] GC(49)     Dead                           Min: 0, Avg:  0.0, Max: 0, Diff: 0, Sum: 0, Workers: 4
[2038.014s][debug][gc,phases      ] GC(49)     Total                          Min: 0, Avg:  1.0, Max: 4, Diff: 4, Sum: 4, Workers: 4
[2038.014s][debug][gc,phases      ] GC(49)   JVMTI Tag Weak OopStorage      Min:  0.0, Avg:  0.0, Max:  0.0, Diff:  0.0, Sum:  0.0, Workers: 4
[2038.014s][debug][gc,phases      ] GC(49)     Dead                           Min: 0, Avg:  0.0, Max: 0, Diff: 0, Sum: 0, Workers: 4
[2038.014s][debug][gc,phases      ] GC(49)     Total                          Min: 0, Avg:  0.0, Max: 0, Diff: 0, Sum: 0, Workers: 4
[2038.014s][debug][gc,phases      ] GC(49)   StringTable Weak               Min:  0.0, Avg:  0.1, Max:  0.1, Diff:  0.1, Sum:  0.4, Workers: 4
[2038.014s][debug][gc,phases      ] GC(49)     Dead                           Min: 0, Avg:  0.0, Max: 0, Diff: 0, Sum: 0, Workers: 4
[2038.014s][debug][gc,phases      ] GC(49)     Total                          Min: 0, Avg: 11323.8, Max: 17391, Diff: 17391, Sum: 45295, Workers: 4
[2038.014s][debug][gc,phases      ] GC(49)   ResolvedMethodTable Weak       Min:  0.0, Avg:  0.0, Max:  0.0, Diff:  0.0, Sum:  0.1, Workers: 4
[2038.014s][debug][gc,phases      ] GC(49)     Dead                           Min: 0, Avg:  0.0, Max: 0, Diff: 0, Sum: 0, Workers: 4
[2038.014s][debug][gc,phases      ] GC(49)     Total                          Min: 0, Avg: 3064.8, Max: 4925, Diff: 4925, Sum: 12259, Workers: 4
[2038.014s][debug][gc,phases      ] GC(49)   JNI Weak                       Min:  0.0, Avg:  0.0, Max:  0.0, Diff:  0.0, Sum:  0.0, Workers: 4
[2038.014s][debug][gc,phases      ] GC(49)     Dead                           Min: 0, Avg:  0.0, Max: 0, Diff: 0, Sum: 0, Workers: 4
[2038.014s][debug][gc,phases      ] GC(49)     Total                          Min: 0, Avg: 12.0, Max: 48, Diff: 48, Sum: 48, Workers: 4
[2038.014s][debug][gc,phases      ] GC(49)   StringDedup Table Weak         Min:  0.0, Avg:  0.0, Max:  0.0, Diff:  0.0, Sum:  0.0, Workers: 4
[2038.014s][debug][gc,phases      ] GC(49)     Dead                           Min: 0, Avg:  0.0, Max: 0, Diff: 0, Sum: 0, Workers: 4
[2038.014s][debug][gc,phases      ] GC(49)     Total                          Min: 0, Avg:  0.0, Max: 0, Diff: 0, Sum: 0, Workers: 4
[2038.014s][debug][gc,phases      ] GC(49)   StringDedup Requests0 Weak     Min:  0.0, Avg:  0.0, Max:  0.0, Diff:  0.0, Sum:  0.0, Workers: 4
[2038.014s][debug][gc,phases      ] GC(49)     Dead                           Min: 0, Avg:  0.0, Max: 0, Diff: 0, Sum: 0, Workers: 4
[2038.014s][debug][gc,phases      ] GC(49)     Total                          Min: 0, Avg:  0.0, Max: 0, Diff: 0, Sum: 0, Workers: 4
[2038.014s][debug][gc,phases      ] GC(49)   StringDedup Requests1 Weak     Min:  0.0, Avg:  0.0, Max:  0.0, Diff:  0.0, Sum:  0.0, Workers: 4
[2038.014s][debug][gc,phases      ] GC(49)     Dead                           Min: 0, Avg:  0.0, Max: 0, Diff: 0, Sum: 0, Workers: 4
[2038.014s][debug][gc,phases      ] GC(49)     Total                          Min: 0, Avg:  0.0, Max: 0, Diff: 0, Sum: 0, Workers: 4
[2038.014s][debug][gc,phases      ] GC(49)   Weak JFR Old Object Samples    Min:  0.0, Avg:  0.0, Max:  0.0, Diff:  0.0, Sum:  0.0, Workers: 4
[2038.014s][debug][gc,phases      ] GC(49)     Dead                           Min: 0, Avg:  0.0, Max: 0, Diff: 0, Sum: 0, Workers: 4
[2038.014s][debug][gc,phases      ] GC(49)     Total                          Min: 0, Avg:  0.0, Max: 0, Diff: 0, Sum: 0, Workers: 4
[2038.014s][debug][gc,phases      ] GC(49) Weak Processing 0.336ms
[2038.014s][debug][gc,age         ] GC(49) Desired survivor size 169345024 bytes, new threshold 15 (max threshold 15)
[2038.014s][info ][gc,heap        ] GC(49) PSYoungGen: 1714048K(1896960K)->11234K(1931776K) Eden: 1708544K(1708544K)->0K(1754624K) From: 5504K(188416K)->11234K(177152K)
[2038.014s][info ][gc,heap        ] GC(49) ParOldGen: 334272K(449536K)->334280K(449536K)
[2038.014s][info ][gc,metaspace   ] GC(49) Metaspace: 89661K(90880K)->89661K(90880K) NonClass: 76906K(77632K)->76906K(77632K) Class: 12755K(13248K)->12755K(13248K)
[2038.014s][info ][gc             ] GC(49) Pause Young (Allocation Failure) 2000M->337M(2325M) 7.033ms
[2038.014s][info ][gc,cpu         ] GC(49) User=0.03s Sys=0.00s Real=0.01s
[2038.014s][info ][safepoint      ] Safepoint "ParallelGCFailedAllocation", Time since last: 243814690 ns, Reaching safepoint: 6200 ns, Cleanup: 3300 ns, At safepoint: 7100552 ns, Total: 7110052 ns
[2046.580s][info ][safepoint      ] Safepoint "Cleanup", Time since last: 8565785568 ns, Reaching safepoint: 6300 ns, Cleanup: 8500 ns, At safepoint: 2200 ns, Total: 17000 ns
[2047.580s][info ][safepoint      ] Safepoint "Cleanup", Time since last: 1000102174 ns, Reaching safepoint: 6000 ns, Cleanup: 8200 ns, At safepoint: 2200 ns, Total: 16400 ns
[2054.581s][info ][safepoint      ] Safepoint "Cleanup", Time since last: 7000408200 ns, Reaching safepoint: 6500 ns, Cleanup: 7000 ns, At safepoint: 1900 ns, Total: 15400 ns
[2059.581s][info ][safepoint      ] Safepoint "Cleanup", Time since last: 5000351971 ns, Reaching safepoint: 6100 ns, Cleanup: 8700 ns, At safepoint: 2100 ns, Total: 16900 ns
[2068.582s][info ][safepoint      ] Safepoint "Cleanup", Time since last: 9000561735 ns, Reaching safepoint: 7100 ns, Cleanup: 9300 ns, At safepoint: 2200 ns, Total: 18600 ns
[2076.582s][info ][safepoint      ] Safepoint "Cleanup", Time since last: 8000512711 ns, Reaching safepoint: 7000 ns, Cleanup: 8600 ns, At safepoint: 2000 ns, Total: 17600 ns
[2078.582s][info ][safepoint      ] Safepoint "Cleanup", Time since last: 2000182305 ns, Reaching safepoint: 7100 ns, Cleanup: 14900 ns, At safepoint: 2200 ns, Total: 24200 ns
[2088.583s][info ][safepoint      ] Safepoint "Cleanup", Time since last: 10000718324 ns, Reaching safepoint: 6600 ns, Cleanup: 7900 ns, At safepoint: 4600 ns, Total: 19100 ns
[2091.583s][info ][safepoint      ] Safepoint "Cleanup", Time since last: 3000231214 ns, Reaching safepoint: 6400 ns, Cleanup: 9400 ns, At safepoint: 4900 ns, Total: 20700 ns
[2096.584s][info ][safepoint      ] Safepoint "Cleanup", Time since last: 5000366147 ns, Reaching safepoint: 7900 ns, Cleanup: 9500 ns, At safepoint: 7500 ns, Total: 24900 ns
[2098.584s][info ][safepoint      ] Safepoint "Cleanup", Time since last: 2000179951 ns, Reaching safepoint: 7501 ns, Cleanup: 8700 ns, At safepoint: 2900 ns, Total: 19101 ns
[2100.584s][info ][safepoint      ] Safepoint "Cleanup", Time since last: 2000174151 ns, Reaching safepoint: 6100 ns, Cleanup: 8300 ns, At safepoint: 1700 ns, Total: 16100 ns
[2102.595s][info ][safepoint      ] Safepoint "Cleanup", Time since last: 2010859327 ns, Reaching safepoint: 6200 ns, Cleanup: 11700 ns, At safepoint: 2100 ns, Total: 20000 ns
[2103.346s][info ][gc,start       ] GC(50) Pause Young (Allocation Failure)
[2103.350s][debug][gc,phases      ] GC(50) Scavenge 4.386ms
[2103.350s][debug][gc,ref         ] GC(50) ReferenceProcessor::execute queues: 1, RefProcThreadModel::Single, marks_oops_alive: false
[2103.350s][debug][gc,ref         ] GC(50) Skipped KeepAliveFinalRefsPhase of Reference Processing: no references
[2103.350s][debug][gc,ref         ] GC(50) ReferenceProcessor::execute queues: 1, RefProcThreadModel::Single, marks_oops_alive: false
[2103.350s][debug][gc,phases      ] GC(50) Reference Processing 0.098ms
[2103.350s][debug][gc,phases      ] GC(50)   VM Weak                        Min:  0.0, Avg:  0.0, Max:  0.0, Diff:  0.0, Sum:  0.0, Workers: 4
[2103.350s][debug][gc,phases      ] GC(50)     Dead                           Min: 0, Avg:  0.0, Max: 0, Diff: 0, Sum: 0, Workers: 4
[2103.350s][debug][gc,phases      ] GC(50)     Total                          Min: 0, Avg: 232.8, Max: 931, Diff: 931, Sum: 931, Workers: 4
[2103.350s][debug][gc,phases      ] GC(50)   ObjectSynchronizer Weak        Min:  0.0, Avg:  0.0, Max:  0.0, Diff:  0.0, Sum:  0.0, Workers: 4
[2103.350s][debug][gc,phases      ] GC(50)     Dead                           Min: 0, Avg:  0.0, Max: 0, Diff: 0, Sum: 0, Workers: 4
[2103.350s][debug][gc,phases      ] GC(50)     Total                          Min: 0, Avg:  1.0, Max: 4, Diff: 4, Sum: 4, Workers: 4
[2103.350s][debug][gc,phases      ] GC(50)   JVMTI Tag Weak OopStorage      Min:  0.0, Avg:  0.0, Max:  0.0, Diff:  0.0, Sum:  0.0, Workers: 4
[2103.350s][debug][gc,phases      ] GC(50)     Dead                           Min: 0, Avg:  0.0, Max: 0, Diff: 0, Sum: 0, Workers: 4
[2103.350s][debug][gc,phases      ] GC(50)     Total                          Min: 0, Avg:  0.0, Max: 0, Diff: 0, Sum: 0, Workers: 4
[2103.350s][debug][gc,phases      ] GC(50)   StringTable Weak               Min:  0.0, Avg:  0.1, Max:  0.1, Diff:  0.1, Sum:  0.3, Workers: 4
[2103.350s][debug][gc,phases      ] GC(50)     Dead                           Min: 0, Avg:  0.0, Max: 0, Diff: 0, Sum: 0, Workers: 4
[2103.350s][debug][gc,phases      ] GC(50)     Total                          Min: 0, Avg: 11324.0, Max: 19712, Diff: 19712, Sum: 45296, Workers: 4
[2103.350s][debug][gc,phases      ] GC(50)   ResolvedMethodTable Weak       Min:  0.0, Avg:  0.0, Max:  0.0, Diff:  0.0, Sum:  0.1, Workers: 4
[2103.350s][debug][gc,phases      ] GC(50)     Dead                           Min: 0, Avg:  0.0, Max: 0, Diff: 0, Sum: 0, Workers: 4
[2103.350s][debug][gc,phases      ] GC(50)     Total                          Min: 0, Avg: 3064.8, Max: 5158, Diff: 5158, Sum: 12259, Workers: 4
[2103.350s][debug][gc,phases      ] GC(50)   JNI Weak                       Min:  0.0, Avg:  0.0, Max:  0.0, Diff:  0.0, Sum:  0.0, Workers: 4
[2103.350s][debug][gc,phases      ] GC(50)     Dead                           Min: 0, Avg:  0.0, Max: 0, Diff: 0, Sum: 0, Workers: 4
[2103.350s][debug][gc,phases      ] GC(50)     Total                          Min: 0, Avg: 12.0, Max: 48, Diff: 48, Sum: 48, Workers: 4
[2103.350s][debug][gc,phases      ] GC(50)   StringDedup Table Weak         Min:  0.0, Avg:  0.0, Max:  0.0, Diff:  0.0, Sum:  0.0, Workers: 4
[2103.350s][debug][gc,phases      ] GC(50)     Dead                           Min: 0, Avg:  0.0, Max: 0, Diff: 0, Sum: 0, Workers: 4
[2103.350s][debug][gc,phases      ] GC(50)     Total                          Min: 0, Avg:  0.0, Max: 0, Diff: 0, Sum: 0, Workers: 4
[2103.350s][debug][gc,phases      ] GC(50)   StringDedup Requests0 Weak     Min:  0.0, Avg:  0.0, Max:  0.0, Diff:  0.0, Sum:  0.0, Workers: 4
[2103.350s][debug][gc,phases      ] GC(50)     Dead                           Min: 0, Avg:  0.0, Max: 0, Diff: 0, Sum: 0, Workers: 4
[2103.350s][debug][gc,phases      ] GC(50)     Total                          Min: 0, Avg:  0.0, Max: 0, Diff: 0, Sum: 0, Workers: 4
[2103.350s][debug][gc,phases      ] GC(50)   StringDedup Requests1 Weak     Min:  0.0, Avg:  0.0, Max:  0.0, Diff:  0.0, Sum:  0.0, Workers: 4
[2103.350s][debug][gc,phases      ] GC(50)     Dead                           Min: 0, Avg:  0.0, Max: 0, Diff: 0, Sum: 0, Workers: 4
[2103.350s][debug][gc,phases      ] GC(50)     Total                          Min: 0, Avg:  0.0, Max: 0, Diff: 0, Sum: 0, Workers: 4
[2103.351s][debug][gc,phases      ] GC(50)   Weak JFR Old Object Samples    Min:  0.0, Avg:  0.0, Max:  0.0, Diff:  0.0, Sum:  0.0, Workers: 4
[2103.351s][debug][gc,phases      ] GC(50)     Dead                           Min: 0, Avg:  0.0, Max: 0, Diff: 0, Sum: 0, Workers: 4
[2103.351s][debug][gc,phases      ] GC(50)     Total                          Min: 0, Avg:  0.0, Max: 0, Diff: 0, Sum: 0, Workers: 4
[2103.351s][debug][gc,phases      ] GC(50) Weak Processing 0.314ms
[2103.351s][debug][gc,age         ] GC(50) Desired survivor size 158334976 bytes, new threshold 15 (max threshold 15)
[2103.351s][info ][gc,heap        ] GC(50) PSYoungGen: 1765858K(1931776K)->10466K(1920000K) Eden: 1754624K(1754624K)->0K(1754624K) From: 11234K(177152K)->10466K(165376K)
[2103.351s][info ][gc,heap        ] GC(50) ParOldGen: 334280K(449536K)->334280K(449536K)
[2103.351s][info ][gc,metaspace   ] GC(50) Metaspace: 89697K(90880K)->89697K(90880K) NonClass: 76941K(77632K)->76941K(77632K) Class: 12755K(13248K)->12755K(13248K)
[2103.351s][info ][gc             ] GC(50) Pause Young (Allocation Failure) 2050M->336M(2314M) 4.905ms
[2103.351s][info ][gc,cpu         ] GC(50) User=0.02s Sys=0.00s Real=0.00s
[2103.351s][info ][safepoint      ] Safepoint "ParallelGCFailedAllocation", Time since last: 750724676 ns, Reaching safepoint: 5800 ns, Cleanup: 3600 ns, At safepoint: 4966136 ns, Total: 4975536 ns
[2110.351s][info ][safepoint      ] Safepoint "Cleanup", Time since last: 7000456684 ns, Reaching safepoint: 7300 ns, Cleanup: 8800 ns, At safepoint: 2600 ns, Total: 18700 ns
[2112.351s][info ][safepoint      ] Safepoint "Cleanup", Time since last: 2000127762 ns, Reaching safepoint: 6500 ns, Cleanup: 8700 ns, At safepoint: 2200 ns, Total: 17400 ns
[2116.352s][info ][safepoint      ] Safepoint "Cleanup", Time since last: 4000283057 ns, Reaching safepoint: 6200 ns, Cleanup: 12300 ns, At safepoint: 2000 ns, Total: 20500 ns
[2117.352s][info ][safepoint      ] Safepoint "Cleanup", Time since last: 1000094390 ns, Reaching safepoint: 5700 ns, Cleanup: 18500 ns, At safepoint: 1800 ns, Total: 26000 ns
[2118.352s][info ][safepoint      ] Safepoint "Cleanup", Time since last: 1000050489 ns, Reaching safepoint: 5500 ns, Cleanup: 22800 ns, At safepoint: 17300 ns, Total: 45600 ns
[2119.352s][info ][safepoint      ] Safepoint "Cleanup", Time since last: 1000090810 ns, Reaching safepoint: 5600 ns, Cleanup: 7500 ns, At safepoint: 1700 ns, Total: 14800 ns
[2130.353s][info ][safepoint      ] Safepoint "Cleanup", Time since last: 11000663773 ns, Reaching safepoint: 5900 ns, Cleanup: 11300 ns, At safepoint: 2300 ns, Total: 19500 ns
[2131.353s][info ][safepoint      ] Safepoint "Cleanup", Time since last: 1000102866 ns, Reaching safepoint: 5500 ns, Cleanup: 8100 ns, At safepoint: 2300 ns, Total: 15900 ns
[2132.353s][info ][safepoint      ] Safepoint "Cleanup", Time since last: 1000093766 ns, Reaching safepoint: 5700 ns, Cleanup: 9700 ns, At safepoint: 6100 ns, Total: 21500 ns
[2140.353s][info ][safepoint      ] Safepoint "Cleanup", Time since last: 8000490119 ns, Reaching safepoint: 75800 ns, Cleanup: 12400 ns, At safepoint: 5701 ns, Total: 93901 ns
[2144.354s][info ][safepoint      ] Safepoint "Cleanup", Time since last: 4000264159 ns, Reaching safepoint: 74201 ns, Cleanup: 8100 ns, At safepoint: 5400 ns, Total: 87701 ns
[2172.007s][info ][gc,start       ] GC(51) Pause Young (Allocation Failure)
[2172.012s][debug][gc,phases      ] GC(51) Scavenge 5.413ms
[2172.012s][debug][gc,ref         ] GC(51) ReferenceProcessor::execute queues: 1, RefProcThreadModel::Single, marks_oops_alive: false
[2172.012s][debug][gc,ref         ] GC(51) Skipped KeepAliveFinalRefsPhase of Reference Processing: no references
[2172.012s][debug][gc,ref         ] GC(51) ReferenceProcessor::execute queues: 1, RefProcThreadModel::Single, marks_oops_alive: false
[2172.012s][debug][gc,phases      ] GC(51) Reference Processing 0.089ms
[2172.012s][debug][gc,phases      ] GC(51)   VM Weak                        Min:  0.0, Avg:  0.0, Max:  0.0, Diff:  0.0, Sum:  0.0, Workers: 4
[2172.012s][debug][gc,phases      ] GC(51)     Dead                           Min: 0, Avg:  0.0, Max: 0, Diff: 0, Sum: 0, Workers: 4
[2172.013s][debug][gc,phases      ] GC(51)     Total                          Min: 0, Avg: 232.8, Max: 931, Diff: 931, Sum: 931, Workers: 4
[2172.013s][debug][gc,phases      ] GC(51)   ObjectSynchronizer Weak        Min:  0.0, Avg:  0.0, Max:  0.0, Diff:  0.0, Sum:  0.0, Workers: 4
[2172.013s][debug][gc,phases      ] GC(51)     Dead                           Min: 0, Avg:  0.0, Max: 0, Diff: 0, Sum: 0, Workers: 4
[2172.013s][debug][gc,phases      ] GC(51)     Total                          Min: 0, Avg:  0.8, Max: 3, Diff: 3, Sum: 3, Workers: 4
[2172.013s][debug][gc,phases      ] GC(51)   JVMTI Tag Weak OopStorage      Min:  0.0, Avg:  0.0, Max:  0.0, Diff:  0.0, Sum:  0.0, Workers: 4
[2172.013s][debug][gc,phases      ] GC(51)     Dead                           Min: 0, Avg:  0.0, Max: 0, Diff: 0, Sum: 0, Workers: 4
[2172.013s][debug][gc,phases      ] GC(51)     Total                          Min: 0, Avg:  0.0, Max: 0, Diff: 0, Sum: 0, Workers: 4
[2172.013s][debug][gc,phases      ] GC(51)   StringTable Weak               Min:  0.1, Avg:  0.1, Max:  0.1, Diff:  0.0, Sum:  0.4, Workers: 4
[2172.013s][debug][gc,phases      ] GC(51)     Dead                           Min: 0, Avg:  0.0, Max: 0, Diff: 0, Sum: 0, Workers: 4
[2172.013s][debug][gc,phases      ] GC(51)     Total                          Min: 10560, Avg: 11324.8, Max: 12352, Diff: 1792, Sum: 45299, Workers: 4
[2172.013s][debug][gc,phases      ] GC(51)   ResolvedMethodTable Weak       Min:  0.0, Avg:  0.0, Max:  0.0, Diff:  0.0, Sum:  0.1, Workers: 4
[2172.013s][debug][gc,phases      ] GC(51)     Dead                           Min: 0, Avg:  0.0, Max: 0, Diff: 0, Sum: 0, Workers: 4
[2172.013s][debug][gc,phases      ] GC(51)     Total                          Min: 2943, Avg: 3064.8, Max: 3239, Diff: 296, Sum: 12259, Workers: 4
[2172.013s][debug][gc,phases      ] GC(51)   JNI Weak                       Min:  0.0, Avg:  0.0, Max:  0.0, Diff:  0.0, Sum:  0.0, Workers: 4
[2172.013s][debug][gc,phases      ] GC(51)     Dead                           Min: 0, Avg:  0.0, Max: 0, Diff: 0, Sum: 0, Workers: 4
[2172.013s][debug][gc,phases      ] GC(51)     Total                          Min: 0, Avg: 12.0, Max: 48, Diff: 48, Sum: 48, Workers: 4
[2172.013s][debug][gc,phases      ] GC(51)   StringDedup Table Weak         Min:  0.0, Avg:  0.0, Max:  0.0, Diff:  0.0, Sum:  0.0, Workers: 4
[2172.013s][debug][gc,phases      ] GC(51)     Dead                           Min: 0, Avg:  0.0, Max: 0, Diff: 0, Sum: 0, Workers: 4
[2172.013s][debug][gc,phases      ] GC(51)     Total                          Min: 0, Avg:  0.0, Max: 0, Diff: 0, Sum: 0, Workers: 4
[2172.013s][debug][gc,phases      ] GC(51)   StringDedup Requests0 Weak     Min:  0.0, Avg:  0.0, Max:  0.0, Diff:  0.0, Sum:  0.0, Workers: 4
[2172.013s][debug][gc,phases      ] GC(51)     Dead                           Min: 0, Avg:  0.0, Max: 0, Diff: 0, Sum: 0, Workers: 4
[2172.013s][debug][gc,phases      ] GC(51)     Total                          Min: 0, Avg:  0.0, Max: 0, Diff: 0, Sum: 0, Workers: 4
[2172.013s][debug][gc,phases      ] GC(51)   StringDedup Requests1 Weak     Min:  0.0, Avg:  0.0, Max:  0.0, Diff:  0.0, Sum:  0.0, Workers: 4
[2172.013s][debug][gc,phases      ] GC(51)     Dead                           Min: 0, Avg:  0.0, Max: 0, Diff: 0, Sum: 0, Workers: 4
[2172.013s][debug][gc,phases      ] GC(51)     Total                          Min: 0, Avg:  0.0, Max: 0, Diff: 0, Sum: 0, Workers: 4
[2172.013s][debug][gc,phases      ] GC(51)   Weak JFR Old Object Samples    Min:  0.0, Avg:  0.0, Max:  0.0, Diff:  0.0, Sum:  0.0, Workers: 4
[2172.013s][debug][gc,phases      ] GC(51)     Dead                           Min: 0, Avg:  0.0, Max: 0, Diff: 0, Sum: 0, Workers: 4
[2172.013s][debug][gc,phases      ] GC(51)     Total                          Min: 0, Avg:  0.0, Max: 0, Diff: 0, Sum: 0, Workers: 4
[2172.013s][debug][gc,phases      ] GC(51) Weak Processing 0.331ms
[2172.013s][debug][gc,age         ] GC(51) Desired survivor size 147849216 bytes, new threshold 15 (max threshold 15)
[2172.013s][info ][gc,heap        ] GC(51) PSYoungGen: 1765090K(1920000K)->10770K(1952768K) Eden: 1754624K(1754624K)->0K(1798144K) From: 10466K(165376K)->10770K(154624K)
[2172.013s][info ][gc,heap        ] GC(51) ParOldGen: 334280K(449536K)->334288K(449536K)
[2172.013s][info ][gc,metaspace   ] GC(51) Metaspace: 89711K(90880K)->89711K(90880K) NonClass: 76955K(77632K)->76955K(77632K) Class: 12755K(13248K)->12755K(13248K)
[2172.013s][info ][gc             ] GC(51) Pause Young (Allocation Failure) 2050M->336M(2346M) 5.937ms
[2172.013s][info ][gc,cpu         ] GC(51) User=0.01s Sys=0.00s Real=0.01s
[2172.013s][info ][safepoint      ] Safepoint "ParallelGCFailedAllocation", Time since last: 27652980840 ns, Reaching safepoint: 6000 ns, Cleanup: 3200 ns, At safepoint: 6007243 ns, Total: 6016443 ns
[2174.013s][info ][safepoint      ] Safepoint "Cleanup", Time since last: 2000148707 ns, Reaching safepoint: 5800 ns, Cleanup: 5800 ns, At safepoint: 1600 ns, Total: 13200 ns
[2188.014s][info ][safepoint      ] Safepoint "Cleanup", Time since last: 14000843537 ns, Reaching safepoint: 6200 ns, Cleanup: 8200 ns, At safepoint: 1500 ns, Total: 15900 ns
[2189.014s][info ][safepoint      ] Safepoint "Cleanup", Time since last: 1000119176 ns, Reaching safepoint: 7800 ns, Cleanup: 8000 ns, At safepoint: 1900 ns, Total: 17700 ns
[2201.015s][info ][safepoint      ] Safepoint "Cleanup", Time since last: 12000699898 ns, Reaching safepoint: 6000 ns, Cleanup: 6800 ns, At safepoint: 1400 ns, Total: 14200 ns
[2216.015s][info ][safepoint      ] Safepoint "Cleanup", Time since last: 15000914484 ns, Reaching safepoint: 6600 ns, Cleanup: 8800 ns, At safepoint: 1300 ns, Total: 16700 ns
[2219.016s][info ][safepoint      ] Safepoint "Cleanup", Time since last: 3000234533 ns, Reaching safepoint: 6900 ns, Cleanup: 9000 ns, At safepoint: 2200 ns, Total: 18100 ns
[2233.625s][info ][safepoint      ] Safepoint "Cleanup", Time since last: 14609493212 ns, Reaching safepoint: 6000 ns, Cleanup: 8701 ns, At safepoint: 1600 ns, Total: 16301 ns
[2234.625s][info ][safepoint      ] Safepoint "Cleanup", Time since last: 1000101146 ns, Reaching safepoint: 6000 ns, Cleanup: 16700 ns, At safepoint: 1400 ns, Total: 24100 ns
[2235.625s][info ][safepoint      ] Safepoint "Cleanup", Time since last: 1000099446 ns, Reaching safepoint: 6400 ns, Cleanup: 9200 ns, At safepoint: 2000 ns, Total: 17600 ns
[2238.509s][info ][gc,start       ] GC(52) Pause Young (Allocation Failure)
[2238.513s][debug][gc,phases      ] GC(52) Scavenge 4.001ms
[2238.513s][debug][gc,ref         ] GC(52) ReferenceProcessor::execute queues: 1, RefProcThreadModel::Single, marks_oops_alive: false
[2238.513s][debug][gc,ref         ] GC(52) Skipped KeepAliveFinalRefsPhase of Reference Processing: no references
[2238.513s][debug][gc,ref         ] GC(52) ReferenceProcessor::execute queues: 1, RefProcThreadModel::Single, marks_oops_alive: false
[2238.513s][debug][gc,phases      ] GC(52) Reference Processing 0.099ms
[2238.513s][debug][gc,phases      ] GC(52)   VM Weak                        Min:  0.0, Avg:  0.0, Max:  0.0, Diff:  0.0, Sum:  0.0, Workers: 4
[2238.513s][debug][gc,phases      ] GC(52)     Dead                           Min: 0, Avg:  0.0, Max: 0, Diff: 0, Sum: 0, Workers: 4
[2238.513s][debug][gc,phases      ] GC(52)     Total                          Min: 0, Avg: 232.8, Max: 576, Diff: 576, Sum: 931, Workers: 4
[2238.513s][debug][gc,phases      ] GC(52)   ObjectSynchronizer Weak        Min:  0.0, Avg:  0.0, Max:  0.0, Diff:  0.0, Sum:  0.0, Workers: 4
[2238.513s][debug][gc,phases      ] GC(52)     Dead                           Min: 0, Avg:  0.0, Max: 0, Diff: 0, Sum: 0, Workers: 4
[2238.513s][debug][gc,phases      ] GC(52)     Total                          Min: 0, Avg:  1.0, Max: 4, Diff: 4, Sum: 4, Workers: 4
[2238.513s][debug][gc,phases      ] GC(52)   JVMTI Tag Weak OopStorage      Min:  0.0, Avg:  0.0, Max:  0.0, Diff:  0.0, Sum:  0.0, Workers: 4
[2238.513s][debug][gc,phases      ] GC(52)     Dead                           Min: 0, Avg:  0.0, Max: 0, Diff: 0, Sum: 0, Workers: 4
[2238.513s][debug][gc,phases      ] GC(52)     Total                          Min: 0, Avg:  0.0, Max: 0, Diff: 0, Sum: 0, Workers: 4
[2238.513s][debug][gc,phases      ] GC(52)   StringTable Weak               Min:  0.1, Avg:  0.1, Max:  0.1, Diff:  0.0, Sum:  0.4, Workers: 4
[2238.513s][debug][gc,phases      ] GC(52)     Dead                           Min: 0, Avg:  0.0, Max: 0, Diff: 0, Sum: 0, Workers: 4
[2238.513s][debug][gc,phases      ] GC(52)     Total                          Min: 10551, Avg: 11325.8, Max: 11776, Diff: 1225, Sum: 45303, Workers: 4
[2238.513s][debug][gc,phases      ] GC(52)   ResolvedMethodTable Weak       Min:  0.0, Avg:  0.0, Max:  0.0, Diff:  0.0, Sum:  0.1, Workers: 4
[2238.513s][debug][gc,phases      ] GC(52)     Dead                           Min: 0, Avg:  0.0, Max: 0, Diff: 0, Sum: 0, Workers: 4
[2238.513s][debug][gc,phases      ] GC(52)     Total                          Min: 3004, Avg: 3064.8, Max: 3176, Diff: 172, Sum: 12259, Workers: 4
[2238.513s][debug][gc,phases      ] GC(52)   JNI Weak                       Min:  0.0, Avg:  0.0, Max:  0.0, Diff:  0.0, Sum:  0.0, Workers: 4
[2238.513s][debug][gc,phases      ] GC(52)     Dead                           Min: 0, Avg:  0.0, Max: 0, Diff: 0, Sum: 0, Workers: 4
[2238.513s][debug][gc,phases      ] GC(52)     Total                          Min: 0, Avg: 12.0, Max: 48, Diff: 48, Sum: 48, Workers: 4
[2238.514s][debug][gc,phases      ] GC(52)   StringDedup Table Weak         Min:  0.0, Avg:  0.0, Max:  0.0, Diff:  0.0, Sum:  0.0, Workers: 4
[2238.514s][debug][gc,phases      ] GC(52)     Dead                           Min: 0, Avg:  0.0, Max: 0, Diff: 0, Sum: 0, Workers: 4
[2238.514s][debug][gc,phases      ] GC(52)     Total                          Min: 0, Avg:  0.0, Max: 0, Diff: 0, Sum: 0, Workers: 4
[2238.514s][debug][gc,phases      ] GC(52)   StringDedup Requests0 Weak     Min:  0.0, Avg:  0.0, Max:  0.0, Diff:  0.0, Sum:  0.0, Workers: 4
[2238.514s][debug][gc,phases      ] GC(52)     Dead                           Min: 0, Avg:  0.0, Max: 0, Diff: 0, Sum: 0, Workers: 4
[2238.514s][debug][gc,phases      ] GC(52)     Total                          Min: 0, Avg:  0.0, Max: 0, Diff: 0, Sum: 0, Workers: 4
[2238.514s][debug][gc,phases      ] GC(52)   StringDedup Requests1 Weak     Min:  0.0, Avg:  0.0, Max:  0.0, Diff:  0.0, Sum:  0.0, Workers: 4
[2238.514s][debug][gc,phases      ] GC(52)     Dead                           Min: 0, Avg:  0.0, Max: 0, Diff: 0, Sum: 0, Workers: 4
[2238.514s][debug][gc,phases      ] GC(52)     Total                          Min: 0, Avg:  0.0, Max: 0, Diff: 0, Sum: 0, Workers: 4
[2238.514s][debug][gc,phases      ] GC(52)   Weak JFR Old Object Samples    Min:  0.0, Avg:  0.0, Max:  0.0, Diff:  0.0, Sum:  0.0, Workers: 4
[2238.514s][debug][gc,phases      ] GC(52)     Dead                           Min: 0, Avg:  0.0, Max: 0, Diff: 0, Sum: 0, Workers: 4
[2238.514s][debug][gc,phases      ] GC(52)     Total                          Min: 0, Avg:  0.0, Max: 0, Diff: 0, Sum: 0, Workers: 4
[2238.514s][debug][gc,phases      ] GC(52) Weak Processing 0.321ms
[2238.514s][debug][gc,age         ] GC(52) Desired survivor size 137887744 bytes, new threshold 15 (max threshold 15)
[2238.514s][info ][gc,heap        ] GC(52) PSYoungGen: 1808884K(1952768K)->10482K(1942528K) Eden: 1798114K(1798144K)->0K(1798144K) From: 10770K(154624K)->10482K(144384K)
[2238.514s][info ][gc,heap        ] GC(52) ParOldGen: 334288K(449536K)->334804K(449536K)
[2238.514s][info ][gc,metaspace   ] GC(52) Metaspace: 89712K(90880K)->89712K(90880K) NonClass: 76957K(77632K)->76957K(77632K) Class: 12755K(13248K)->12755K(13248K)
[2238.514s][info ][gc             ] GC(52) Pause Young (Allocation Failure) 2092M->337M(2336M) 4.515ms
[2238.514s][info ][gc,cpu         ] GC(52) User=0.02s Sys=0.00s Real=0.01s
[2238.514s][info ][safepoint      ] Safepoint "ParallelGCFailedAllocation", Time since last: 2883514658 ns, Reaching safepoint: 6000 ns, Cleanup: 9100 ns, At safepoint: 4598033 ns, Total: 4613133 ns
[2240.514s][info ][safepoint      ] Safepoint "Cleanup", Time since last: 2000137103 ns, Reaching safepoint: 6300 ns, Cleanup: 8100 ns, At safepoint: 1500 ns, Total: 15900 ns
[2253.515s][info ][safepoint      ] Safepoint "Cleanup", Time since last: 13000822459 ns, Reaching safepoint: 6700 ns, Cleanup: 6700 ns, At safepoint: 1900 ns, Total: 15300 ns
[2255.515s][info ][safepoint      ] Safepoint "Cleanup", Time since last: 2000148432 ns, Reaching safepoint: 5700 ns, Cleanup: 11500 ns, At safepoint: 1400 ns, Total: 18600 ns
[2261.515s][info ][safepoint      ] Safepoint "Cleanup", Time since last: 6000415641 ns, Reaching safepoint: 5901 ns, Cleanup: 7600 ns, At safepoint: 1800 ns, Total: 15301 ns
[2265.516s][info ][safepoint      ] Safepoint "Cleanup", Time since last: 4000285574 ns, Reaching safepoint: 6200 ns, Cleanup: 9101 ns, At safepoint: 1400 ns, Total: 16701 ns
[2266.516s][info ][safepoint      ] Safepoint "Cleanup", Time since last: 1000101899 ns, Reaching safepoint: 6900 ns, Cleanup: 11800 ns, At safepoint: 11300 ns, Total: 30000 ns
[2272.516s][info ][safepoint      ] Safepoint "Cleanup", Time since last: 6000366576 ns, Reaching safepoint: 6000 ns, Cleanup: 7500 ns, At safepoint: 1600 ns, Total: 15100 ns
[2274.516s][info ][safepoint      ] Safepoint "Cleanup", Time since last: 2000173530 ns, Reaching safepoint: 9201 ns, Cleanup: 16000 ns, At safepoint: 2000 ns, Total: 27201 ns
[2275.516s][info ][safepoint      ] Safepoint "Cleanup", Time since last: 1000109829 ns, Reaching safepoint: 6100 ns, Cleanup: 9900 ns, At safepoint: 1600 ns, Total: 17600 ns
[2286.640s][info ][safepoint      ] Safepoint "Cleanup", Time since last: 11123333489 ns, Reaching safepoint: 6000 ns, Cleanup: 8200 ns, At safepoint: 1500 ns, Total: 15700 ns
[2295.640s][info ][safepoint      ] Safepoint "Cleanup", Time since last: 9000520904 ns, Reaching safepoint: 6200 ns, Cleanup: 8000 ns, At safepoint: 6200 ns, Total: 20400 ns
[2296.640s][info ][safepoint      ] Safepoint "Cleanup", Time since last: 1000071770 ns, Reaching safepoint: 6700 ns, Cleanup: 16301 ns, At safepoint: 1800 ns, Total: 24801 ns
[2297.640s][info ][safepoint      ] Safepoint "Cleanup", Time since last: 1000098370 ns, Reaching safepoint: 6300 ns, Cleanup: 9500 ns, At safepoint: 15301 ns, Total: 31101 ns
[2300.641s][info ][safepoint      ] Safepoint "Cleanup", Time since last: 3000194811 ns, Reaching safepoint: 5800 ns, Cleanup: 8700 ns, At safepoint: 1500 ns, Total: 16000 ns
[2302.641s][info ][safepoint      ] Safepoint "Cleanup", Time since last: 2000180341 ns, Reaching safepoint: 6500 ns, Cleanup: 11000 ns, At safepoint: 1900 ns, Total: 19400 ns
[2305.104s][info ][gc,start       ] GC(53) Pause Young (Allocation Failure)
[2305.109s][debug][gc,phases      ] GC(53) Scavenge 4.858ms
[2305.109s][debug][gc,ref         ] GC(53) ReferenceProcessor::execute queues: 1, RefProcThreadModel::Single, marks_oops_alive: false
[2305.109s][debug][gc,ref         ] GC(53) Skipped KeepAliveFinalRefsPhase of Reference Processing: no references
[2305.109s][debug][gc,ref         ] GC(53) ReferenceProcessor::execute queues: 1, RefProcThreadModel::Single, marks_oops_alive: false
[2305.109s][debug][gc,phases      ] GC(53) Reference Processing 0.096ms
[2305.110s][debug][gc,phases      ] GC(53)   VM Weak                        Min:  0.0, Avg:  0.0, Max:  0.0, Diff:  0.0, Sum:  0.0, Workers: 4
[2305.110s][debug][gc,phases      ] GC(53)     Dead                           Min: 0, Avg:  0.0, Max: 0, Diff: 0, Sum: 0, Workers: 4
[2305.110s][debug][gc,phases      ] GC(53)     Total                          Min: 0, Avg: 232.8, Max: 547, Diff: 547, Sum: 931, Workers: 4
[2305.110s][debug][gc,phases      ] GC(53)   ObjectSynchronizer Weak        Min:  0.0, Avg:  0.0, Max:  0.0, Diff:  0.0, Sum:  0.0, Workers: 4
[2305.110s][debug][gc,phases      ] GC(53)     Dead                           Min: 0, Avg:  0.0, Max: 0, Diff: 0, Sum: 0, Workers: 4
[2305.110s][debug][gc,phases      ] GC(53)     Total                          Min: 0, Avg:  0.8, Max: 3, Diff: 3, Sum: 3, Workers: 4
[2305.110s][debug][gc,phases      ] GC(53)   JVMTI Tag Weak OopStorage      Min:  0.0, Avg:  0.0, Max:  0.0, Diff:  0.0, Sum:  0.0, Workers: 4
[2305.110s][debug][gc,phases      ] GC(53)     Dead                           Min: 0, Avg:  0.0, Max: 0, Diff: 0, Sum: 0, Workers: 4
[2305.110s][debug][gc,phases      ] GC(53)     Total                          Min: 0, Avg:  0.0, Max: 0, Diff: 0, Sum: 0, Workers: 4
[2305.110s][debug][gc,phases      ] GC(53)   StringTable Weak               Min:  0.0, Avg:  0.1, Max:  0.1, Diff:  0.1, Sum:  0.4, Workers: 4
[2305.110s][debug][gc,phases      ] GC(53)     Dead                           Min: 0, Avg:  0.0, Max: 0, Diff: 0, Sum: 0, Workers: 4
[2305.110s][debug][gc,phases      ] GC(53)     Total                          Min: 0, Avg: 11325.8, Max: 18880, Diff: 18880, Sum: 45303, Workers: 4
[2305.110s][debug][gc,phases      ] GC(53)   ResolvedMethodTable Weak       Min:  0.0, Avg:  0.0, Max:  0.0, Diff:  0.0, Sum:  0.1, Workers: 4
[2305.110s][debug][gc,phases      ] GC(53)     Dead                           Min: 0, Avg:  0.0, Max: 0, Diff: 0, Sum: 0, Workers: 4
[2305.110s][debug][gc,phases      ] GC(53)     Total                          Min: 0, Avg: 3064.8, Max: 5117, Diff: 5117, Sum: 12259, Workers: 4
[2305.110s][debug][gc,phases      ] GC(53)   JNI Weak                       Min:  0.0, Avg:  0.0, Max:  0.0, Diff:  0.0, Sum:  0.0, Workers: 4
[2305.110s][debug][gc,phases      ] GC(53)     Dead                           Min: 0, Avg:  0.0, Max: 0, Diff: 0, Sum: 0, Workers: 4
[2305.110s][debug][gc,phases      ] GC(53)     Total                          Min: 0, Avg: 12.0, Max: 48, Diff: 48, Sum: 48, Workers: 4
[2305.110s][debug][gc,phases      ] GC(53)   StringDedup Table Weak         Min:  0.0, Avg:  0.0, Max:  0.0, Diff:  0.0, Sum:  0.0, Workers: 4
[2305.110s][debug][gc,phases      ] GC(53)     Dead                           Min: 0, Avg:  0.0, Max: 0, Diff: 0, Sum: 0, Workers: 4
[2305.110s][debug][gc,phases      ] GC(53)     Total                          Min: 0, Avg:  0.0, Max: 0, Diff: 0, Sum: 0, Workers: 4
[2305.110s][debug][gc,phases      ] GC(53)   StringDedup Requests0 Weak     Min:  0.0, Avg:  0.0, Max:  0.0, Diff:  0.0, Sum:  0.0, Workers: 4
[2305.110s][debug][gc,phases      ] GC(53)     Dead                           Min: 0, Avg:  0.0, Max: 0, Diff: 0, Sum: 0, Workers: 4
[2305.110s][debug][gc,phases      ] GC(53)     Total                          Min: 0, Avg:  0.0, Max: 0, Diff: 0, Sum: 0, Workers: 4
[2305.110s][debug][gc,phases      ] GC(53)   StringDedup Requests1 Weak     Min:  0.0, Avg:  0.0, Max:  0.0, Diff:  0.0, Sum:  0.0, Workers: 4
[2305.110s][debug][gc,phases      ] GC(53)     Dead                           Min: 0, Avg:  0.0, Max: 0, Diff: 0, Sum: 0, Workers: 4
[2305.110s][debug][gc,phases      ] GC(53)     Total                          Min: 0, Avg:  0.0, Max: 0, Diff: 0, Sum: 0, Workers: 4
[2305.110s][debug][gc,phases      ] GC(53)   Weak JFR Old Object Samples    Min:  0.0, Avg:  0.0, Max:  0.0, Diff:  0.0, Sum:  0.0, Workers: 4
[2305.110s][debug][gc,phases      ] GC(53)     Dead                           Min: 0, Avg:  0.0, Max: 0, Diff: 0, Sum: 0, Workers: 4
[2305.110s][debug][gc,phases      ] GC(53)     Total                          Min: 0, Avg:  0.0, Max: 0, Diff: 0, Sum: 0, Workers: 4
[2305.110s][debug][gc,phases      ] GC(53) Weak Processing 0.325ms
[2305.110s][debug][gc,age         ] GC(53) Desired survivor size 128450560 bytes, new threshold 15 (max threshold 15)
[2305.110s][info ][gc,heap        ] GC(53) PSYoungGen: 1808626K(1942528K)->10434K(1971712K) Eden: 1798144K(1798144K)->0K(1837056K) From: 10482K(144384K)->10434K(134656K)
[2305.110s][info ][gc,heap        ] GC(53) ParOldGen: 334804K(449536K)->334900K(449536K)
[2305.110s][info ][gc,metaspace   ] GC(53) Metaspace: 89724K(90944K)->89724K(90944K) NonClass: 76969K(77696K)->76969K(77696K) Class: 12755K(13248K)->12755K(13248K)
[2305.110s][info ][gc             ] GC(53) Pause Young (Allocation Failure) 2093M->337M(2364M) 5.401ms
[2305.110s][info ][gc,cpu         ] GC(53) User=0.02s Sys=0.00s Real=0.00s
[2305.110s][info ][safepoint      ] Safepoint "ParallelGCFailedAllocation", Time since last: 2463457596 ns, Reaching safepoint: 80901 ns, Cleanup: 3800 ns, At safepoint: 5472051 ns, Total: 5556752 ns
[2306.110s][info ][safepoint      ] Safepoint "Cleanup", Time since last: 1000084608 ns, Reaching safepoint: 6500 ns, Cleanup: 10400 ns, At safepoint: 1500 ns, Total: 18400 ns
[2307.110s][info ][safepoint      ] Safepoint "Cleanup", Time since last: 1000104008 ns, Reaching safepoint: 6900 ns, Cleanup: 11500 ns, At safepoint: 2100 ns, Total: 20500 ns
[2314.111s][info ][safepoint      ] Safepoint "Cleanup", Time since last: 7000442836 ns, Reaching safepoint: 7000 ns, Cleanup: 9100 ns, At safepoint: 2600 ns, Total: 18700 ns
[2315.111s][info ][safepoint      ] Safepoint "Cleanup", Time since last: 1000104203 ns, Reaching safepoint: 6300 ns, Cleanup: 7600 ns, At safepoint: 1500 ns, Total: 15400 ns
[2316.111s][info ][safepoint      ] Safepoint "Cleanup", Time since last: 1000097403 ns, Reaching safepoint: 8100 ns, Cleanup: 9400 ns, At safepoint: 5100 ns, Total: 22600 ns
[2320.111s][info ][safepoint      ] Safepoint "Cleanup", Time since last: 4000250518 ns, Reaching safepoint: 5900 ns, Cleanup: 8100 ns, At safepoint: 1900 ns, Total: 15900 ns
[2324.111s][info ][safepoint      ] Safepoint "Cleanup", Time since last: 4000284579 ns, Reaching safepoint: 6401 ns, Cleanup: 12300 ns, At safepoint: 1600 ns, Total: 20301 ns
[2328.112s][info ][safepoint      ] Safepoint "Cleanup", Time since last: 4000285556 ns, Reaching safepoint: 6200 ns, Cleanup: 7200 ns, At safepoint: 17900 ns, Total: 31300 ns
[2331.112s][info ][safepoint      ] Safepoint "Cleanup", Time since last: 3000207246 ns, Reaching safepoint: 6401 ns, Cleanup: 9600 ns, At safepoint: 1500 ns, Total: 17501 ns
[2335.112s][info ][safepoint      ] Safepoint "Cleanup", Time since last: 4000295248 ns, Reaching safepoint: 6800 ns, Cleanup: 9900 ns, At safepoint: 2100 ns, Total: 18800 ns
[2337.112s][info ][safepoint      ] Safepoint "Cleanup", Time since last: 2000167009 ns, Reaching safepoint: 5700 ns, Cleanup: 7200 ns, At safepoint: 1600 ns, Total: 14500 ns
[2339.113s][info ][safepoint      ] Safepoint "Cleanup", Time since last: 2000167909 ns, Reaching safepoint: 7500 ns, Cleanup: 7900 ns, At safepoint: 5400 ns, Total: 20800 ns
[2349.654s][info ][safepoint      ] Safepoint "Cleanup", Time since last: 10541736113 ns, Reaching safepoint: 75301 ns, Cleanup: 10400 ns, At safepoint: 5400 ns, Total: 91101 ns
[2350.655s][info ][safepoint      ] Safepoint "Cleanup", Time since last: 1000136121 ns, Reaching safepoint: 75500 ns, Cleanup: 8701 ns, At safepoint: 5800 ns, Total: 90001 ns
[2351.655s][info ][safepoint      ] Safepoint "Cleanup", Time since last: 1000105231 ns, Reaching safepoint: 76001 ns, Cleanup: 9100 ns, At safepoint: 3900 ns, Total: 89001 ns
[2358.655s][info ][safepoint      ] Safepoint "Cleanup", Time since last: 7000519135 ns, Reaching safepoint: 80101 ns, Cleanup: 9100 ns, At safepoint: 14700 ns, Total: 103901 ns
[2360.656s][info ][safepoint      ] Safepoint "Cleanup", Time since last: 2000178154 ns, Reaching safepoint: 73200 ns, Cleanup: 8100 ns, At safepoint: 4900 ns, Total: 86200 ns
[2368.656s][info ][safepoint      ] Safepoint "Cleanup", Time since last: 8000588114 ns, Reaching safepoint: 76400 ns, Cleanup: 16901 ns, At safepoint: 5900 ns, Total: 99201 ns
[2374.657s][info ][safepoint      ] Safepoint "Cleanup", Time since last: 6000411685 ns, Reaching safepoint: 78200 ns, Cleanup: 14300 ns, At safepoint: 5800 ns, Total: 98300 ns
[2376.657s][info ][safepoint      ] Safepoint "Cleanup", Time since last: 2000200829 ns, Reaching safepoint: 78500 ns, Cleanup: 8400 ns, At safepoint: 5800 ns, Total: 92700 ns
[2376.808s][info ][gc,start       ] GC(54) Pause Young (Allocation Failure)
[2376.812s][debug][gc,phases      ] GC(54) Scavenge 4.485ms
[2376.812s][debug][gc,ref         ] GC(54) ReferenceProcessor::execute queues: 1, RefProcThreadModel::Single, marks_oops_alive: false
[2376.812s][debug][gc,ref         ] GC(54) Skipped KeepAliveFinalRefsPhase of Reference Processing: no references
[2376.812s][debug][gc,ref         ] GC(54) ReferenceProcessor::execute queues: 1, RefProcThreadModel::Single, marks_oops_alive: false
[2376.812s][debug][gc,phases      ] GC(54) Reference Processing 0.091ms
[2376.813s][debug][gc,phases      ] GC(54)   VM Weak                        Min:  0.0, Avg:  0.0, Max:  0.0, Diff:  0.0, Sum:  0.0, Workers: 4
[2376.813s][debug][gc,phases      ] GC(54)     Dead                           Min: 0, Avg:  0.0, Max: 0, Diff: 0, Sum: 0, Workers: 4
[2376.813s][debug][gc,phases      ] GC(54)     Total                          Min: 64, Avg: 232.8, Max: 384, Diff: 320, Sum: 931, Workers: 4
[2376.813s][debug][gc,phases      ] GC(54)   ObjectSynchronizer Weak        Min:  0.0, Avg:  0.0, Max:  0.0, Diff:  0.0, Sum:  0.0, Workers: 4
[2376.813s][debug][gc,phases      ] GC(54)     Dead                           Min: 0, Avg:  0.0, Max: 0, Diff: 0, Sum: 0, Workers: 4
[2376.813s][debug][gc,phases      ] GC(54)     Total                          Min: 0, Avg:  1.0, Max: 4, Diff: 4, Sum: 4, Workers: 4
[2376.813s][debug][gc,phases      ] GC(54)   JVMTI Tag Weak OopStorage      Min:  0.0, Avg:  0.0, Max:  0.0, Diff:  0.0, Sum:  0.0, Workers: 4
[2376.813s][debug][gc,phases      ] GC(54)     Dead                           Min: 0, Avg:  0.0, Max: 0, Diff: 0, Sum: 0, Workers: 4
[2376.813s][debug][gc,phases      ] GC(54)     Total                          Min: 0, Avg:  0.0, Max: 0, Diff: 0, Sum: 0, Workers: 4
[2376.813s][debug][gc,phases      ] GC(54)   StringTable Weak               Min:  0.1, Avg:  0.1, Max:  0.1, Diff:  0.0, Sum:  0.5, Workers: 4
[2376.813s][debug][gc,phases      ] GC(54)     Dead                           Min: 0, Avg:  0.2, Max: 1, Diff: 1, Sum: 1, Workers: 4
[2376.813s][debug][gc,phases      ] GC(54)     Total                          Min: 10384, Avg: 11332.0, Max: 11968, Diff: 1584, Sum: 45328, Workers: 4
[2376.813s][debug][gc,phases      ] GC(54)   ResolvedMethodTable Weak       Min:  0.0, Avg:  0.0, Max:  0.0, Diff:  0.0, Sum:  0.1, Workers: 4
[2376.813s][debug][gc,phases      ] GC(54)     Dead                           Min: 0, Avg:  2.2, Max: 6, Diff: 6, Sum: 9, Workers: 4
[2376.813s][debug][gc,phases      ] GC(54)     Total                          Min: 3006, Avg: 3069.5, Max: 3192, Diff: 186, Sum: 12278, Workers: 4
[2376.813s][debug][gc,phases      ] GC(54)   JNI Weak                       Min:  0.0, Avg:  0.0, Max:  0.0, Diff:  0.0, Sum:  0.0, Workers: 4
[2376.813s][debug][gc,phases      ] GC(54)     Dead                           Min: 0, Avg:  0.0, Max: 0, Diff: 0, Sum: 0, Workers: 4
[2376.813s][debug][gc,phases      ] GC(54)     Total                          Min: 0, Avg: 12.0, Max: 48, Diff: 48, Sum: 48, Workers: 4
[2376.813s][debug][gc,phases      ] GC(54)   StringDedup Table Weak         Min:  0.0, Avg:  0.0, Max:  0.0, Diff:  0.0, Sum:  0.0, Workers: 4
[2376.813s][debug][gc,phases      ] GC(54)     Dead                           Min: 0, Avg:  0.0, Max: 0, Diff: 0, Sum: 0, Workers: 4
[2376.813s][debug][gc,phases      ] GC(54)     Total                          Min: 0, Avg:  0.0, Max: 0, Diff: 0, Sum: 0, Workers: 4
[2376.813s][debug][gc,phases      ] GC(54)   StringDedup Requests0 Weak     Min:  0.0, Avg:  0.0, Max:  0.0, Diff:  0.0, Sum:  0.0, Workers: 4
[2376.813s][debug][gc,phases      ] GC(54)     Dead                           Min: 0, Avg:  0.0, Max: 0, Diff: 0, Sum: 0, Workers: 4
[2376.813s][debug][gc,phases      ] GC(54)     Total                          Min: 0, Avg:  0.0, Max: 0, Diff: 0, Sum: 0, Workers: 4
[2376.813s][debug][gc,phases      ] GC(54)   StringDedup Requests1 Weak     Min:  0.0, Avg:  0.0, Max:  0.0, Diff:  0.0, Sum:  0.0, Workers: 4
[2376.813s][debug][gc,phases      ] GC(54)     Dead                           Min: 0, Avg:  0.0, Max: 0, Diff: 0, Sum: 0, Workers: 4
[2376.813s][debug][gc,phases      ] GC(54)     Total                          Min: 0, Avg:  0.0, Max: 0, Diff: 0, Sum: 0, Workers: 4
[2376.813s][debug][gc,phases      ] GC(54)   Weak JFR Old Object Samples    Min:  0.0, Avg:  0.0, Max:  0.0, Diff:  0.0, Sum:  0.0, Workers: 4
[2376.813s][debug][gc,phases      ] GC(54)     Dead                           Min: 0, Avg:  0.0, Max: 0, Diff: 0, Sum: 0, Workers: 4
[2376.813s][debug][gc,phases      ] GC(54)     Total                          Min: 0, Avg:  0.0, Max: 0, Diff: 0, Sum: 0, Workers: 4
[2376.813s][debug][gc,phases      ] GC(54) Weak Processing 0.319ms
[2376.813s][debug][gc,age         ] GC(54) Desired survivor size 119537664 bytes, new threshold 15 (max threshold 15)
[2376.813s][info ][gc,heap        ] GC(54) PSYoungGen: 1847490K(1971712K)->10130K(1962496K) Eden: 1837056K(1837056K)->0K(1837056K) From: 10434K(134656K)->10130K(125440K)
[2376.813s][info ][gc,heap        ] GC(54) ParOldGen: 334900K(449536K)->334932K(449536K)
[2376.813s][info ][gc,metaspace   ] GC(54) Metaspace: 89800K(91072K)->89800K(91072K) NonClass: 77033K(77760K)->77033K(77760K) Class: 12766K(13312K)->12766K(13312K)
[2376.813s][info ][gc             ] GC(54) Pause Young (Allocation Failure) 2131M->336M(2355M) 4.994ms
[2376.813s][info ][gc,cpu         ] GC(54) User=0.02s Sys=0.00s Real=0.01s
[2376.813s][info ][safepoint      ] Safepoint "ParallelGCFailedAllocation", Time since last: 150430712 ns, Reaching safepoint: 5500 ns, Cleanup: 3200 ns, At safepoint: 5060744 ns, Total: 5069444 ns
[2391.814s][info ][safepoint      ] Safepoint "Cleanup", Time since last: 15000884524 ns, Reaching safepoint: 7000 ns, Cleanup: 12800 ns, At safepoint: 15100 ns, Total: 34900 ns
[2395.814s][info ][safepoint      ] Safepoint "Cleanup", Time since last: 4000275766 ns, Reaching safepoint: 5200 ns, Cleanup: 6700 ns, At safepoint: 1400 ns, Total: 13300 ns
[2396.814s][info ][safepoint      ] Safepoint "Cleanup", Time since last: 1000108617 ns, Reaching safepoint: 5900 ns, Cleanup: 9500 ns, At safepoint: 1300 ns, Total: 16700 ns
[2401.668s][info ][safepoint      ] Safepoint "Cleanup", Time since last: 4854245923 ns, Reaching safepoint: 8000 ns, Cleanup: 8901 ns, At safepoint: 1800 ns, Total: 18701 ns
[2414.669s][info ][safepoint      ] Safepoint "Cleanup", Time since last: 13000817617 ns, Reaching safepoint: 6300 ns, Cleanup: 6200 ns, At safepoint: 1300 ns, Total: 13800 ns
[2417.669s][info ][safepoint      ] Safepoint "Cleanup", Time since last: 3000181614 ns, Reaching safepoint: 6600 ns, Cleanup: 11500 ns, At safepoint: 1700 ns, Total: 19800 ns
[2423.670s][info ][safepoint      ] Safepoint "Cleanup", Time since last: 6000346488 ns, Reaching safepoint: 6000 ns, Cleanup: 8400 ns, At safepoint: 1700 ns, Total: 16100 ns
[2436.671s][info ][safepoint      ] Safepoint "Cleanup", Time since last: 13000772572 ns, Reaching safepoint: 5900 ns, Cleanup: 10900 ns, At safepoint: 1600 ns, Total: 18400 ns
[2440.671s][info ][safepoint      ] Safepoint "Cleanup", Time since last: 4000289586 ns, Reaching safepoint: 6300 ns, Cleanup: 8200 ns, At safepoint: 1700 ns, Total: 16200 ns
[2446.671s][info ][safepoint      ] Safepoint "Cleanup", Time since last: 6000408165 ns, Reaching safepoint: 6600 ns, Cleanup: 10300 ns, At safepoint: 1500 ns, Total: 18400 ns
[2449.405s][info ][gc,start       ] GC(55) Pause Young (Allocation Failure)
[2449.409s][debug][gc,phases      ] GC(55) Scavenge 4.821ms
[2449.409s][debug][gc,ref         ] GC(55) ReferenceProcessor::execute queues: 1, RefProcThreadModel::Single, marks_oops_alive: false
[2449.410s][debug][gc,ref         ] GC(55) Skipped KeepAliveFinalRefsPhase of Reference Processing: no references
[2449.410s][debug][gc,ref         ] GC(55) ReferenceProcessor::execute queues: 1, RefProcThreadModel::Single, marks_oops_alive: false
[2449.410s][debug][gc,phases      ] GC(55) Reference Processing 0.085ms
[2449.410s][debug][gc,phases      ] GC(55)   VM Weak                        Min:  0.0, Avg:  0.0, Max:  0.0, Diff:  0.0, Sum:  0.0, Workers: 4
[2449.410s][debug][gc,phases      ] GC(55)     Dead                           Min: 0, Avg:  0.0, Max: 0, Diff: 0, Sum: 0, Workers: 4
[2449.410s][debug][gc,phases      ] GC(55)     Total                          Min: 0, Avg: 232.8, Max: 931, Diff: 931, Sum: 931, Workers: 4
[2449.410s][debug][gc,phases      ] GC(55)   ObjectSynchronizer Weak        Min:  0.0, Avg:  0.0, Max:  0.0, Diff:  0.0, Sum:  0.0, Workers: 4
[2449.410s][debug][gc,phases      ] GC(55)     Dead                           Min: 0, Avg:  0.0, Max: 0, Diff: 0, Sum: 0, Workers: 4
[2449.410s][debug][gc,phases      ] GC(55)     Total                          Min: 0, Avg:  1.0, Max: 4, Diff: 4, Sum: 4, Workers: 4
[2449.410s][debug][gc,phases      ] GC(55)   JVMTI Tag Weak OopStorage      Min:  0.0, Avg:  0.0, Max:  0.0, Diff:  0.0, Sum:  0.0, Workers: 4
[2449.410s][debug][gc,phases      ] GC(55)     Dead                           Min: 0, Avg:  0.0, Max: 0, Diff: 0, Sum: 0, Workers: 4
[2449.410s][debug][gc,phases      ] GC(55)     Total                          Min: 0, Avg:  0.0, Max: 0, Diff: 0, Sum: 0, Workers: 4
[2449.410s][debug][gc,phases      ] GC(55)   StringTable Weak               Min:  0.0, Avg:  0.1, Max:  0.1, Diff:  0.1, Sum:  0.4, Workers: 4
[2449.410s][debug][gc,phases      ] GC(55)     Dead                           Min: 0, Avg:  0.0, Max: 0, Diff: 0, Sum: 0, Workers: 4
[2449.410s][debug][gc,phases      ] GC(55)     Total                          Min: 0, Avg: 11334.2, Max: 18816, Diff: 18816, Sum: 45337, Workers: 4
[2449.410s][debug][gc,phases      ] GC(55)   ResolvedMethodTable Weak       Min:  0.0, Avg:  0.0, Max:  0.0, Diff:  0.0, Sum:  0.1, Workers: 4
[2449.410s][debug][gc,phases      ] GC(55)     Dead                           Min: 0, Avg:  0.2, Max: 1, Diff: 1, Sum: 1, Workers: 4
[2449.410s][debug][gc,phases      ] GC(55)     Total                          Min: 0, Avg: 3070.0, Max: 4920, Diff: 4920, Sum: 12280, Workers: 4
[2449.410s][debug][gc,phases      ] GC(55)   JNI Weak                       Min:  0.0, Avg:  0.0, Max:  0.0, Diff:  0.0, Sum:  0.0, Workers: 4
[2449.410s][debug][gc,phases      ] GC(55)     Dead                           Min: 0, Avg:  0.0, Max: 0, Diff: 0, Sum: 0, Workers: 4
[2449.410s][debug][gc,phases      ] GC(55)     Total                          Min: 0, Avg: 12.0, Max: 48, Diff: 48, Sum: 48, Workers: 4
[2449.410s][debug][gc,phases      ] GC(55)   StringDedup Table Weak         Min:  0.0, Avg:  0.0, Max:  0.0, Diff:  0.0, Sum:  0.0, Workers: 4
[2449.410s][debug][gc,phases      ] GC(55)     Dead                           Min: 0, Avg:  0.0, Max: 0, Diff: 0, Sum: 0, Workers: 4
[2449.410s][debug][gc,phases      ] GC(55)     Total                          Min: 0, Avg:  0.0, Max: 0, Diff: 0, Sum: 0, Workers: 4
[2449.410s][debug][gc,phases      ] GC(55)   StringDedup Requests0 Weak     Min:  0.0, Avg:  0.0, Max:  0.0, Diff:  0.0, Sum:  0.0, Workers: 4
[2449.410s][debug][gc,phases      ] GC(55)     Dead                           Min: 0, Avg:  0.0, Max: 0, Diff: 0, Sum: 0, Workers: 4
[2449.410s][debug][gc,phases      ] GC(55)     Total                          Min: 0, Avg:  0.0, Max: 0, Diff: 0, Sum: 0, Workers: 4
[2449.410s][debug][gc,phases      ] GC(55)   StringDedup Requests1 Weak     Min:  0.0, Avg:  0.0, Max:  0.0, Diff:  0.0, Sum:  0.0, Workers: 4
[2449.410s][debug][gc,phases      ] GC(55)     Dead                           Min: 0, Avg:  0.0, Max: 0, Diff: 0, Sum: 0, Workers: 4
[2449.410s][debug][gc,phases      ] GC(55)     Total                          Min: 0, Avg:  0.0, Max: 0, Diff: 0, Sum: 0, Workers: 4
[2449.410s][debug][gc,phases      ] GC(55)   Weak JFR Old Object Samples    Min:  0.0, Avg:  0.0, Max:  0.0, Diff:  0.0, Sum:  0.0, Workers: 4
[2449.410s][debug][gc,phases      ] GC(55)     Dead                           Min: 0, Avg:  0.0, Max: 0, Diff: 0, Sum: 0, Workers: 4
[2449.410s][debug][gc,phases      ] GC(55)     Total                          Min: 0, Avg:  0.0, Max: 0, Diff: 0, Sum: 0, Workers: 4
[2449.410s][debug][gc,phases      ] GC(55) Weak Processing 0.336ms
[2449.410s][debug][gc,age         ] GC(55) Desired survivor size 111673344 bytes, new threshold 15 (max threshold 15)
[2449.410s][info ][gc,heap        ] GC(55) PSYoungGen: 1847186K(1962496K)->10898K(1988096K) Eden: 1837056K(1837056K)->0K(1871360K) From: 10130K(125440K)->10898K(116736K)
[2449.410s][info ][gc,heap        ] GC(55) ParOldGen: 334932K(449536K)->334972K(449536K)
[2449.410s][info ][gc,metaspace   ] GC(55) Metaspace: 89815K(91072K)->89815K(91072K) NonClass: 77048K(77760K)->77048K(77760K) Class: 12767K(13312K)->12767K(13312K)
[2449.410s][info ][gc             ] GC(55) Pause Young (Allocation Failure) 2130M->337M(2380M) 5.354ms
[2449.410s][info ][gc,cpu         ] GC(55) User=0.02s Sys=0.00s Real=0.00s
[2449.410s][info ][safepoint      ] Safepoint "ParallelGCFailedAllocation", Time since last: 2733171637 ns, Reaching safepoint: 61200 ns, Cleanup: 10600 ns, At safepoint: 5423846 ns, Total: 5495646 ns
[2456.410s][info ][safepoint      ] Safepoint "Cleanup", Time since last: 7000432691 ns, Reaching safepoint: 6400 ns, Cleanup: 8200 ns, At safepoint: 1600 ns, Total: 16200 ns
[2457.410s][info ][safepoint      ] Safepoint "Cleanup", Time since last: 1000099321 ns, Reaching safepoint: 6500 ns, Cleanup: 8800 ns, At safepoint: 1900 ns, Total: 17200 ns
[2458.411s][info ][safepoint      ] Safepoint "Cleanup", Time since last: 1000093622 ns, Reaching safepoint: 5900 ns, Cleanup: 8700 ns, At safepoint: 1600 ns, Total: 16200 ns
[2459.411s][info ][safepoint      ] Safepoint "Cleanup", Time since last: 1000105975 ns, Reaching safepoint: 6400 ns, Cleanup: 16100 ns, At safepoint: 1600 ns, Total: 24100 ns
[2472.684s][info ][safepoint      ] Safepoint "Cleanup", Time since last: 13272796760 ns, Reaching safepoint: 8100 ns, Cleanup: 10700 ns, At safepoint: 2500 ns, Total: 21300 ns
[2474.684s][info ][safepoint      ] Safepoint "Cleanup", Time since last: 2000198257 ns, Reaching safepoint: 7200 ns, Cleanup: 10200 ns, At safepoint: 2300 ns, Total: 19700 ns
[2475.684s][info ][safepoint      ] Safepoint "Cleanup", Time since last: 1000124629 ns, Reaching safepoint: 8200 ns, Cleanup: 49800 ns, At safepoint: 2400 ns, Total: 60400 ns
[2476.684s][info ][safepoint      ] Safepoint "Cleanup", Time since last: 1000101829 ns, Reaching safepoint: 6700 ns, Cleanup: 10900 ns, At safepoint: 1600 ns, Total: 19200 ns
[2484.685s][info ][safepoint      ] Safepoint "Cleanup", Time since last: 8000520784 ns, Reaching safepoint: 6900 ns, Cleanup: 8300 ns, At safepoint: 1600 ns, Total: 16800 ns
[2485.685s][info ][safepoint      ] Safepoint "Cleanup", Time since last: 1000113162 ns, Reaching safepoint: 7900 ns, Cleanup: 13100 ns, At safepoint: 2100 ns, Total: 23100 ns
[2492.685s][info ][safepoint      ] Safepoint "Cleanup", Time since last: 7000522833 ns, Reaching safepoint: 7500 ns, Cleanup: 8900 ns, At safepoint: 1900 ns, Total: 18300 ns
[2493.685s][info ][safepoint      ] Safepoint "Cleanup", Time since last: 1000095862 ns, Reaching safepoint: 7000 ns, Cleanup: 12701 ns, At safepoint: 2100 ns, Total: 21801 ns
[2496.686s][info ][safepoint      ] Safepoint "Cleanup", Time since last: 3000232182 ns, Reaching safepoint: 6300 ns, Cleanup: 8600 ns, At safepoint: 1800 ns, Total: 16700 ns
[2502.686s][info ][safepoint      ] Safepoint "Cleanup", Time since last: 6000411359 ns, Reaching safepoint: 7900 ns, Cleanup: 8700 ns, At safepoint: 1800 ns, Total: 18400 ns
[2504.686s][info ][safepoint      ] Safepoint "Cleanup", Time since last: 2000168185 ns, Reaching safepoint: 6600 ns, Cleanup: 7400 ns, At safepoint: 1800 ns, Total: 15800 ns
[2508.687s][info ][safepoint      ] Safepoint "Cleanup", Time since last: 4000298228 ns, Reaching safepoint: 6500 ns, Cleanup: 8200 ns, At safepoint: 1700 ns, Total: 16400 ns
[2511.687s][info ][safepoint      ] Safepoint "Cleanup", Time since last: 3000183777 ns, Reaching safepoint: 6300 ns, Cleanup: 8400 ns, At safepoint: 1700 ns, Total: 16400 ns
[2512.687s][info ][safepoint      ] Safepoint "Cleanup", Time since last: 1000102215 ns, Reaching safepoint: 7100 ns, Cleanup: 8700 ns, At safepoint: 1800 ns, Total: 17600 ns
[2517.687s][info ][safepoint      ] Safepoint "Cleanup", Time since last: 5000317270 ns, Reaching safepoint: 7000 ns, Cleanup: 13400 ns, At safepoint: 2000 ns, Total: 22400 ns
[2520.687s][info ][safepoint      ] Safepoint "Cleanup", Time since last: 3000226559 ns, Reaching safepoint: 8201 ns, Cleanup: 10600 ns, At safepoint: 2800 ns, Total: 21601 ns
[2521.417s][info ][gc,start       ] GC(56) Pause Young (Allocation Failure)
[2521.423s][debug][gc,phases      ] GC(56) Scavenge 5.887ms
[2521.423s][debug][gc,ref         ] GC(56) ReferenceProcessor::execute queues: 1, RefProcThreadModel::Single, marks_oops_alive: false
[2521.423s][debug][gc,ref         ] GC(56) Skipped KeepAliveFinalRefsPhase of Reference Processing: no references
[2521.423s][debug][gc,ref         ] GC(56) ReferenceProcessor::execute queues: 1, RefProcThreadModel::Single, marks_oops_alive: false
[2521.423s][debug][gc,phases      ] GC(56) Reference Processing 0.091ms
[2521.423s][debug][gc,phases      ] GC(56)   VM Weak                        Min:  0.0, Avg:  0.0, Max:  0.0, Diff:  0.0, Sum:  0.0, Workers: 4
[2521.423s][debug][gc,phases      ] GC(56)     Dead                           Min: 0, Avg:  0.0, Max: 0, Diff: 0, Sum: 0, Workers: 4
[2521.423s][debug][gc,phases      ] GC(56)     Total                          Min: 0, Avg: 233.0, Max: 612, Diff: 612, Sum: 932, Workers: 4
[2521.423s][debug][gc,phases      ] GC(56)   ObjectSynchronizer Weak        Min:  0.0, Avg:  0.0, Max:  0.0, Diff:  0.0, Sum:  0.0, Workers: 4
[2521.423s][debug][gc,phases      ] GC(56)     Dead                           Min: 0, Avg:  0.0, Max: 0, Diff: 0, Sum: 0, Workers: 4
[2521.423s][debug][gc,phases      ] GC(56)     Total                          Min: 0, Avg:  0.8, Max: 3, Diff: 3, Sum: 3, Workers: 4
[2521.423s][debug][gc,phases      ] GC(56)   JVMTI Tag Weak OopStorage      Min:  0.0, Avg:  0.0, Max:  0.0, Diff:  0.0, Sum:  0.0, Workers: 4
[2521.423s][debug][gc,phases      ] GC(56)     Dead                           Min: 0, Avg:  0.0, Max: 0, Diff: 0, Sum: 0, Workers: 4
[2521.423s][debug][gc,phases      ] GC(56)     Total                          Min: 0, Avg:  0.0, Max: 0, Diff: 0, Sum: 0, Workers: 4
[2521.423s][debug][gc,phases      ] GC(56)   StringTable Weak               Min:  0.0, Avg:  0.1, Max:  0.1, Diff:  0.1, Sum:  0.4, Workers: 4
[2521.423s][debug][gc,phases      ] GC(56)     Dead                           Min: 0, Avg:  0.0, Max: 0, Diff: 0, Sum: 0, Workers: 4
[2521.423s][debug][gc,phases      ] GC(56)     Total                          Min: 0, Avg: 11345.0, Max: 18436, Diff: 18436, Sum: 45380, Workers: 4
[2521.423s][debug][gc,phases      ] GC(56)   ResolvedMethodTable Weak       Min:  0.0, Avg:  0.0, Max:  0.0, Diff:  0.0, Sum:  0.1, Workers: 4
[2521.423s][debug][gc,phases      ] GC(56)     Dead                           Min: 0, Avg:  0.0, Max: 0, Diff: 0, Sum: 0, Workers: 4
[2521.423s][debug][gc,phases      ] GC(56)     Total                          Min: 0, Avg: 3070.8, Max: 5309, Diff: 5309, Sum: 12283, Workers: 4
[2521.423s][debug][gc,phases      ] GC(56)   JNI Weak                       Min:  0.0, Avg:  0.0, Max:  0.0, Diff:  0.0, Sum:  0.0, Workers: 4
[2521.423s][debug][gc,phases      ] GC(56)     Dead                           Min: 0, Avg:  0.0, Max: 0, Diff: 0, Sum: 0, Workers: 4
[2521.423s][debug][gc,phases      ] GC(56)     Total                          Min: 0, Avg: 12.0, Max: 48, Diff: 48, Sum: 48, Workers: 4
[2521.423s][debug][gc,phases      ] GC(56)   StringDedup Table Weak         Min:  0.0, Avg:  0.0, Max:  0.0, Diff:  0.0, Sum:  0.0, Workers: 4
[2521.423s][debug][gc,phases      ] GC(56)     Dead                           Min: 0, Avg:  0.0, Max: 0, Diff: 0, Sum: 0, Workers: 4
[2521.423s][debug][gc,phases      ] GC(56)     Total                          Min: 0, Avg:  0.0, Max: 0, Diff: 0, Sum: 0, Workers: 4
[2521.423s][debug][gc,phases      ] GC(56)   StringDedup Requests0 Weak     Min:  0.0, Avg:  0.0, Max:  0.0, Diff:  0.0, Sum:  0.0, Workers: 4
[2521.423s][debug][gc,phases      ] GC(56)     Dead                           Min: 0, Avg:  0.0, Max: 0, Diff: 0, Sum: 0, Workers: 4
[2521.423s][debug][gc,phases      ] GC(56)     Total                          Min: 0, Avg:  0.0, Max: 0, Diff: 0, Sum: 0, Workers: 4
[2521.423s][debug][gc,phases      ] GC(56)   StringDedup Requests1 Weak     Min:  0.0, Avg:  0.0, Max:  0.0, Diff:  0.0, Sum:  0.0, Workers: 4
[2521.423s][debug][gc,phases      ] GC(56)     Dead                           Min: 0, Avg:  0.0, Max: 0, Diff: 0, Sum: 0, Workers: 4
[2521.423s][debug][gc,phases      ] GC(56)     Total                          Min: 0, Avg:  0.0, Max: 0, Diff: 0, Sum: 0, Workers: 4
[2521.423s][debug][gc,phases      ] GC(56)   Weak JFR Old Object Samples    Min:  0.0, Avg:  0.0, Max:  0.0, Diff:  0.0, Sum:  0.0, Workers: 4
[2521.423s][debug][gc,phases      ] GC(56)     Dead                           Min: 0, Avg:  0.0, Max: 0, Diff: 0, Sum: 0, Workers: 4
[2521.423s][debug][gc,phases      ] GC(56)     Total                          Min: 0, Avg:  0.0, Max: 0, Diff: 0, Sum: 0, Workers: 4
[2521.423s][debug][gc,phases      ] GC(56) Weak Processing 0.332ms
[2521.424s][debug][gc,age         ] GC(56) Desired survivor size 103284736 bytes, new threshold 15 (max threshold 15)
[2521.424s][info ][gc,heap        ] GC(56) PSYoungGen: 1882258K(1988096K)->15570K(1980416K) Eden: 1871360K(1871360K)->0K(1871360K) From: 10898K(116736K)->15570K(109056K)
[2521.424s][info ][gc,heap        ] GC(56) ParOldGen: 334972K(449536K)->335060K(449536K)
[2521.424s][info ][gc,metaspace   ] GC(56) Metaspace: 89887K(91072K)->89887K(91072K) NonClass: 77119K(77760K)->77119K(77760K) Class: 12768K(13312K)->12768K(13312K)
[2521.424s][info ][gc             ] GC(56) Pause Young (Allocation Failure) 2165M->342M(2373M) 6.408ms
[2521.424s][info ][gc,cpu         ] GC(56) User=0.02s Sys=0.00s Real=0.01s
[2521.424s][info ][safepoint      ] Safepoint "ParallelGCFailedAllocation", Time since last: 729581161 ns, Reaching safepoint: 6400 ns, Cleanup: 8500 ns, At safepoint: 6476850 ns, Total: 6491750 ns
[2526.424s][info ][safepoint      ] Safepoint "Cleanup", Time since last: 5000334102 ns, Reaching safepoint: 6100 ns, Cleanup: 6800 ns, At safepoint: 1900 ns, Total: 14800 ns
[2529.424s][info ][safepoint      ] Safepoint "Cleanup", Time since last: 3000206250 ns, Reaching safepoint: 5900 ns, Cleanup: 6201 ns, At safepoint: 4000 ns, Total: 16101 ns
[2531.424s][info ][safepoint      ] Safepoint "Cleanup", Time since last: 2000140369 ns, Reaching safepoint: 6300 ns, Cleanup: 6200 ns, At safepoint: 2200 ns, Total: 14700 ns
[2533.424s][info ][safepoint      ] Safepoint "Cleanup", Time since last: 2000155770 ns, Reaching safepoint: 6100 ns, Cleanup: 8500 ns, At safepoint: 1700 ns, Total: 16300 ns
[2534.425s][info ][safepoint      ] Safepoint "Cleanup", Time since last: 1000101636 ns, Reaching safepoint: 6100 ns, Cleanup: 6300 ns, At safepoint: 2000 ns, Total: 14400 ns
[2541.425s][info ][safepoint      ] Safepoint "Cleanup", Time since last: 7000471317 ns, Reaching safepoint: 6500 ns, Cleanup: 8300 ns, At safepoint: 1800 ns, Total: 16600 ns
[2553.426s][info ][safepoint      ] Safepoint "Cleanup", Time since last: 12000745797 ns, Reaching safepoint: 6000 ns, Cleanup: 7500 ns, At safepoint: 2000 ns, Total: 15500 ns
[2557.426s][info ][safepoint      ] Safepoint "Cleanup", Time since last: 4000305382 ns, Reaching safepoint: 76300 ns, Cleanup: 8200 ns, At safepoint: 8001 ns, Total: 92501 ns
[2558.426s][info ][safepoint      ] Safepoint "Cleanup", Time since last: 1000106495 ns, Reaching safepoint: 6600 ns, Cleanup: 11000 ns, At safepoint: 14000 ns, Total: 31600 ns
[2559.426s][info ][safepoint      ] Safepoint "Cleanup", Time since last: 1000093190 ns, Reaching safepoint: 5900 ns, Cleanup: 7300 ns, At safepoint: 1900 ns, Total: 15100 ns
[2560.427s][info ][safepoint      ] Safepoint "Cleanup", Time since last: 1000060865 ns, Reaching safepoint: 5900 ns, Cleanup: 7100 ns, At safepoint: 2100 ns, Total: 15100 ns
[2570.427s][info ][safepoint      ] Safepoint "Cleanup", Time since last: 10000654519 ns, Reaching safepoint: 6400 ns, Cleanup: 8100 ns, At safepoint: 1700 ns, Total: 16200 ns
[2572.427s][info ][safepoint      ] Safepoint "Cleanup", Time since last: 2000152911 ns, Reaching safepoint: 6800 ns, Cleanup: 8300 ns, At safepoint: 2000 ns, Total: 17100 ns
[2574.428s][info ][safepoint      ] Safepoint "Cleanup", Time since last: 2000154410 ns, Reaching safepoint: 5800 ns, Cleanup: 8300 ns, At safepoint: 13500 ns, Total: 27600 ns
[2580.054s][info ][gc,start       ] GC(57) Pause Young (Allocation Failure)
[2580.061s][debug][gc,phases      ] GC(57) Scavenge 7.121ms
[2580.061s][debug][gc,ref         ] GC(57) ReferenceProcessor::execute queues: 1, RefProcThreadModel::Single, marks_oops_alive: false
[2580.061s][debug][gc,ref         ] GC(57) Skipped KeepAliveFinalRefsPhase of Reference Processing: no references
[2580.061s][debug][gc,ref         ] GC(57) ReferenceProcessor::execute queues: 1, RefProcThreadModel::Single, marks_oops_alive: false
[2580.061s][debug][gc,phases      ] GC(57) Reference Processing 0.115ms
[2580.062s][debug][gc,phases      ] GC(57)   VM Weak                        Min:  0.0, Avg:  0.0, Max:  0.0, Diff:  0.0, Sum:  0.0, Workers: 4
[2580.062s][debug][gc,phases      ] GC(57)     Dead                           Min: 0, Avg:  0.0, Max: 0, Diff: 0, Sum: 0, Workers: 4
[2580.062s][debug][gc,phases      ] GC(57)     Total                          Min: 0, Avg: 233.0, Max: 548, Diff: 548, Sum: 932, Workers: 4
[2580.062s][debug][gc,phases      ] GC(57)   ObjectSynchronizer Weak        Min:  0.0, Avg:  0.0, Max:  0.0, Diff:  0.0, Sum:  0.0, Workers: 4
[2580.062s][debug][gc,phases      ] GC(57)     Dead                           Min: 0, Avg:  0.0, Max: 0, Diff: 0, Sum: 0, Workers: 4
[2580.062s][debug][gc,phases      ] GC(57)     Total                          Min: 0, Avg:  1.0, Max: 4, Diff: 4, Sum: 4, Workers: 4
[2580.062s][debug][gc,phases      ] GC(57)   JVMTI Tag Weak OopStorage      Min:  0.0, Avg:  0.0, Max:  0.0, Diff:  0.0, Sum:  0.0, Workers: 4
[2580.062s][debug][gc,phases      ] GC(57)     Dead                           Min: 0, Avg:  0.0, Max: 0, Diff: 0, Sum: 0, Workers: 4
[2580.062s][debug][gc,phases      ] GC(57)     Total                          Min: 0, Avg:  0.0, Max: 0, Diff: 0, Sum: 0, Workers: 4
[2580.062s][debug][gc,phases      ] GC(57)   StringTable Weak               Min:  0.0, Avg:  0.1, Max:  0.1, Diff:  0.1, Sum:  0.4, Workers: 4
[2580.062s][debug][gc,phases      ] GC(57)     Dead                           Min: 0, Avg:  0.0, Max: 0, Diff: 0, Sum: 0, Workers: 4
[2580.062s][debug][gc,phases      ] GC(57)     Total                          Min: 0, Avg: 11345.2, Max: 19072, Diff: 19072, Sum: 45381, Workers: 4
[2580.062s][debug][gc,phases      ] GC(57)   ResolvedMethodTable Weak       Min:  0.0, Avg:  0.0, Max:  0.0, Diff:  0.0, Sum:  0.1, Workers: 4
[2580.062s][debug][gc,phases      ] GC(57)     Dead                           Min: 0, Avg:  0.0, Max: 0, Diff: 0, Sum: 0, Workers: 4
[2580.062s][debug][gc,phases      ] GC(57)     Total                          Min: 0, Avg: 3070.8, Max: 5181, Diff: 5181, Sum: 12283, Workers: 4
[2580.062s][debug][gc,phases      ] GC(57)   JNI Weak                       Min:  0.0, Avg:  0.0, Max:  0.0, Diff:  0.0, Sum:  0.0, Workers: 4
[2580.062s][debug][gc,phases      ] GC(57)     Dead                           Min: 0, Avg:  0.0, Max: 0, Diff: 0, Sum: 0, Workers: 4
[2580.062s][debug][gc,phases      ] GC(57)     Total                          Min: 0, Avg: 12.0, Max: 48, Diff: 48, Sum: 48, Workers: 4
[2580.062s][debug][gc,phases      ] GC(57)   StringDedup Table Weak         Min:  0.0, Avg:  0.0, Max:  0.0, Diff:  0.0, Sum:  0.0, Workers: 4
[2580.062s][debug][gc,phases      ] GC(57)     Dead                           Min: 0, Avg:  0.0, Max: 0, Diff: 0, Sum: 0, Workers: 4
[2580.062s][debug][gc,phases      ] GC(57)     Total                          Min: 0, Avg:  0.0, Max: 0, Diff: 0, Sum: 0, Workers: 4
[2580.062s][debug][gc,phases      ] GC(57)   StringDedup Requests0 Weak     Min:  0.0, Avg:  0.0, Max:  0.0, Diff:  0.0, Sum:  0.0, Workers: 4
[2580.062s][debug][gc,phases      ] GC(57)     Dead                           Min: 0, Avg:  0.0, Max: 0, Diff: 0, Sum: 0, Workers: 4
[2580.062s][debug][gc,phases      ] GC(57)     Total                          Min: 0, Avg:  0.0, Max: 0, Diff: 0, Sum: 0, Workers: 4
[2580.062s][debug][gc,phases      ] GC(57)   StringDedup Requests1 Weak     Min:  0.0, Avg:  0.0, Max:  0.0, Diff:  0.0, Sum:  0.0, Workers: 4
[2580.062s][debug][gc,phases      ] GC(57)     Dead                           Min: 0, Avg:  0.0, Max: 0, Diff: 0, Sum: 0, Workers: 4
[2580.062s][debug][gc,phases      ] GC(57)     Total                          Min: 0, Avg:  0.0, Max: 0, Diff: 0, Sum: 0, Workers: 4
[2580.062s][debug][gc,phases      ] GC(57)   Weak JFR Old Object Samples    Min:  0.0, Avg:  0.0, Max:  0.0, Diff:  0.0, Sum:  0.0, Workers: 4
[2580.062s][debug][gc,phases      ] GC(57)     Dead                           Min: 0, Avg:  0.0, Max: 0, Diff: 0, Sum: 0, Workers: 4
[2580.062s][debug][gc,phases      ] GC(57)     Total                          Min: 0, Avg:  0.0, Max: 0, Diff: 0, Sum: 0, Workers: 4
[2580.062s][debug][gc,phases      ] GC(57) Weak Processing 0.338ms
[2580.062s][debug][gc,age         ] GC(57) Desired survivor size 94896128 bytes, new threshold 15 (max threshold 15)
[2580.062s][info ][gc,heap        ] GC(57) PSYoungGen: 1886930K(1980416K)->16578K(2004480K) Eden: 1871360K(1871360K)->0K(1903616K) From: 15570K(109056K)->16578K(100864K)
[2580.062s][info ][gc,heap        ] GC(57) ParOldGen: 335060K(449536K)->335092K(449536K)
[2580.062s][info ][gc,metaspace   ] GC(57) Metaspace: 89905K(91136K)->89905K(91136K) NonClass: 77137K(77824K)->77137K(77824K) Class: 12768K(13312K)->12768K(13312K)
[2580.062s][info ][gc             ] GC(57) Pause Young (Allocation Failure) 2169M->343M(2396M) 7.714ms
[2580.062s][info ][gc,cpu         ] GC(57) User=0.01s Sys=0.02s Real=0.01s
[2580.062s][info ][safepoint      ] Safepoint "ParallelGCFailedAllocation", Time since last: 5626361476 ns, Reaching safepoint: 7200 ns, Cleanup: 3700 ns, At safepoint: 7786862 ns, Total: 7797762 ns
[2586.713s][info ][safepoint      ] Safepoint "Cleanup", Time since last: 6650969336 ns, Reaching safepoint: 6300 ns, Cleanup: 7900 ns, At safepoint: 1900 ns, Total: 16100 ns
[2587.713s][info ][safepoint      ] Safepoint "Cleanup", Time since last: 1000108416 ns, Reaching safepoint: 7000 ns, Cleanup: 7200 ns, At safepoint: 1700 ns, Total: 15900 ns
[2588.713s][info ][safepoint      ] Safepoint "Cleanup", Time since last: 1000086324 ns, Reaching safepoint: 7300 ns, Cleanup: 11100 ns, At safepoint: 2300 ns, Total: 20700 ns
[2593.713s][info ][safepoint      ] Safepoint "Cleanup", Time since last: 5000343650 ns, Reaching safepoint: 6700 ns, Cleanup: 8200 ns, At safepoint: 1800 ns, Total: 16700 ns
[2594.713s][info ][safepoint      ] Safepoint "Cleanup", Time since last: 1000097085 ns, Reaching safepoint: 6400 ns, Cleanup: 11000 ns, At safepoint: 1900 ns, Total: 19300 ns
[2605.714s][info ][safepoint      ] Safepoint "Cleanup", Time since last: 11000617183 ns, Reaching safepoint: 5900 ns, Cleanup: 9200 ns, At safepoint: 1600 ns, Total: 16700 ns
[2610.714s][info ][safepoint      ] Safepoint "Cleanup", Time since last: 5000259859 ns, Reaching safepoint: 6900 ns, Cleanup: 10000 ns, At safepoint: 1900 ns, Total: 18800 ns
[2614.715s][info ][safepoint      ] Safepoint "Cleanup", Time since last: 4000302653 ns, Reaching safepoint: 7600 ns, Cleanup: 11000 ns, At safepoint: 16701 ns, Total: 35301 ns
[2616.715s][info ][safepoint      ] Safepoint "Cleanup", Time since last: 2000153723 ns, Reaching safepoint: 6600 ns, Cleanup: 12900 ns, At safepoint: 1700 ns, Total: 21200 ns
[2622.715s][info ][safepoint      ] Safepoint "Cleanup", Time since last: 6000371080 ns, Reaching safepoint: 7100 ns, Cleanup: 9800 ns, At safepoint: 2000 ns, Total: 18900 ns
[2623.715s][info ][safepoint      ] Safepoint "Cleanup", Time since last: 1000101456 ns, Reaching safepoint: 7500 ns, Cleanup: 8400 ns, At safepoint: 1800 ns, Total: 17700 ns
[2624.715s][info ][safepoint      ] Safepoint "Cleanup", Time since last: 1000092666 ns, Reaching safepoint: 6300 ns, Cleanup: 8600 ns, At safepoint: 1600 ns, Total: 16500 ns
[2631.716s][info ][safepoint      ] Safepoint "Cleanup", Time since last: 7000476427 ns, Reaching safepoint: 6500 ns, Cleanup: 11500 ns, At safepoint: 16700 ns, Total: 34700 ns
[2638.716s][info ][safepoint      ] Safepoint "Cleanup", Time since last: 7000454054 ns, Reaching safepoint: 6500 ns, Cleanup: 8700 ns, At safepoint: 1500 ns, Total: 16700 ns
[2639.717s][info ][safepoint      ] Safepoint "Cleanup", Time since last: 1000127250 ns, Reaching safepoint: 7200 ns, Cleanup: 8300 ns, At safepoint: 2000 ns, Total: 17500 ns
[2646.727s][info ][safepoint      ] Safepoint "Cleanup", Time since last: 7010573563 ns, Reaching safepoint: 6700 ns, Cleanup: 7501 ns, At safepoint: 1400 ns, Total: 15601 ns
[2649.255s][info ][gc,start       ] GC(58) Pause Young (Allocation Failure)
[2649.260s][debug][gc,phases      ] GC(58) Scavenge 4.989ms
[2649.260s][debug][gc,ref         ] GC(58) ReferenceProcessor::execute queues: 1, RefProcThreadModel::Single, marks_oops_alive: false
[2649.260s][debug][gc,ref         ] GC(58) Skipped KeepAliveFinalRefsPhase of Reference Processing: no references
[2649.260s][debug][gc,ref         ] GC(58) ReferenceProcessor::execute queues: 1, RefProcThreadModel::Single, marks_oops_alive: false
[2649.260s][debug][gc,phases      ] GC(58) Reference Processing 0.104ms
[2649.260s][debug][gc,phases      ] GC(58)   VM Weak                        Min:  0.0, Avg:  0.0, Max:  0.0, Diff:  0.0, Sum:  0.0, Workers: 4
[2649.260s][debug][gc,phases      ] GC(58)     Dead                           Min: 0, Avg:  0.0, Max: 0, Diff: 0, Sum: 0, Workers: 4
[2649.260s][debug][gc,phases      ] GC(58)     Total                          Min: 0, Avg: 233.0, Max: 676, Diff: 676, Sum: 932, Workers: 4
[2649.260s][debug][gc,phases      ] GC(58)   ObjectSynchronizer Weak        Min:  0.0, Avg:  0.0, Max:  0.0, Diff:  0.0, Sum:  0.0, Workers: 4
[2649.260s][debug][gc,phases      ] GC(58)     Dead                           Min: 0, Avg:  0.0, Max: 0, Diff: 0, Sum: 0, Workers: 4
[2649.260s][debug][gc,phases      ] GC(58)     Total                          Min: 0, Avg:  1.0, Max: 4, Diff: 4, Sum: 4, Workers: 4
[2649.260s][debug][gc,phases      ] GC(58)   JVMTI Tag Weak OopStorage      Min:  0.0, Avg:  0.0, Max:  0.0, Diff:  0.0, Sum:  0.0, Workers: 4
[2649.260s][debug][gc,phases      ] GC(58)     Dead                           Min: 0, Avg:  0.0, Max: 0, Diff: 0, Sum: 0, Workers: 4
[2649.260s][debug][gc,phases      ] GC(58)     Total                          Min: 0, Avg:  0.0, Max: 0, Diff: 0, Sum: 0, Workers: 4
[2649.260s][debug][gc,phases      ] GC(58)   StringTable Weak               Min:  0.0, Avg:  0.1, Max:  0.1, Diff:  0.1, Sum:  0.4, Workers: 4
[2649.260s][debug][gc,phases      ] GC(58)     Dead                           Min: 0, Avg:  0.0, Max: 0, Diff: 0, Sum: 0, Workers: 4
[2649.260s][debug][gc,phases      ] GC(58)     Total                          Min: 0, Avg: 11346.8, Max: 18763, Diff: 18763, Sum: 45387, Workers: 4
[2649.260s][debug][gc,phases      ] GC(58)   ResolvedMethodTable Weak       Min:  0.0, Avg:  0.0, Max:  0.0, Diff:  0.0, Sum:  0.1, Workers: 4
[2649.260s][debug][gc,phases      ] GC(58)     Dead                           Min: 0, Avg:  0.0, Max: 0, Diff: 0, Sum: 0, Workers: 4
[2649.260s][debug][gc,phases      ] GC(58)     Total                          Min: 0, Avg: 3070.8, Max: 5182, Diff: 5182, Sum: 12283, Workers: 4
[2649.260s][debug][gc,phases      ] GC(58)   JNI Weak                       Min:  0.0, Avg:  0.0, Max:  0.0, Diff:  0.0, Sum:  0.0, Workers: 4
[2649.260s][debug][gc,phases      ] GC(58)     Dead                           Min: 0, Avg:  0.0, Max: 0, Diff: 0, Sum: 0, Workers: 4
[2649.260s][debug][gc,phases      ] GC(58)     Total                          Min: 0, Avg: 12.0, Max: 48, Diff: 48, Sum: 48, Workers: 4
[2649.260s][debug][gc,phases      ] GC(58)   StringDedup Table Weak         Min:  0.0, Avg:  0.0, Max:  0.0, Diff:  0.0, Sum:  0.0, Workers: 4
[2649.260s][debug][gc,phases      ] GC(58)     Dead                           Min: 0, Avg:  0.0, Max: 0, Diff: 0, Sum: 0, Workers: 4
[2649.260s][debug][gc,phases      ] GC(58)     Total                          Min: 0, Avg:  0.0, Max: 0, Diff: 0, Sum: 0, Workers: 4
[2649.260s][debug][gc,phases      ] GC(58)   StringDedup Requests0 Weak     Min:  0.0, Avg:  0.0, Max:  0.0, Diff:  0.0, Sum:  0.0, Workers: 4
[2649.260s][debug][gc,phases      ] GC(58)     Dead                           Min: 0, Avg:  0.0, Max: 0, Diff: 0, Sum: 0, Workers: 4
[2649.260s][debug][gc,phases      ] GC(58)     Total                          Min: 0, Avg:  0.0, Max: 0, Diff: 0, Sum: 0, Workers: 4
[2649.260s][debug][gc,phases      ] GC(58)   StringDedup Requests1 Weak     Min:  0.0, Avg:  0.0, Max:  0.0, Diff:  0.0, Sum:  0.0, Workers: 4
[2649.260s][debug][gc,phases      ] GC(58)     Dead                           Min: 0, Avg:  0.0, Max: 0, Diff: 0, Sum: 0, Workers: 4
[2649.260s][debug][gc,phases      ] GC(58)     Total                          Min: 0, Avg:  0.0, Max: 0, Diff: 0, Sum: 0, Workers: 4
[2649.260s][debug][gc,phases      ] GC(58)   Weak JFR Old Object Samples    Min:  0.0, Avg:  0.0, Max:  0.0, Diff:  0.0, Sum:  0.0, Workers: 4
[2649.260s][debug][gc,phases      ] GC(58)     Dead                           Min: 0, Avg:  0.0, Max: 0, Diff: 0, Sum: 0, Workers: 4
[2649.260s][debug][gc,phases      ] GC(58)     Total                          Min: 0, Avg:  0.0, Max: 0, Diff: 0, Sum: 0, Workers: 4
[2649.260s][debug][gc,phases      ] GC(58) Weak Processing 0.336ms
[2649.260s][debug][gc,age         ] GC(58) Desired survivor size 88080384 bytes, new threshold 15 (max threshold 15)
[2649.260s][info ][gc,heap        ] GC(58) PSYoungGen: 1920194K(2004480K)->15970K(1996288K) Eden: 1903616K(1903616K)->0K(1903616K) From: 16578K(100864K)->15970K(92672K)
[2649.260s][info ][gc,heap        ] GC(58) ParOldGen: 335092K(449536K)->335124K(449536K)
[2649.260s][info ][gc,metaspace   ] GC(58) Metaspace: 89926K(91136K)->89926K(91136K) NonClass: 77157K(77824K)->77157K(77824K) Class: 12768K(13312K)->12768K(13312K)
[2649.260s][info ][gc             ] GC(58) Pause Young (Allocation Failure) 2202M->342M(2388M) 5.553ms
[2649.260s][info ][gc,cpu         ] GC(58) User=0.02s Sys=0.00s Real=0.00s
[2649.260s][info ][safepoint      ] Safepoint "ParallelGCFailedAllocation", Time since last: 2527348523 ns, Reaching safepoint: 80900 ns, Cleanup: 3700 ns, At safepoint: 5627641 ns, Total: 5712241 ns
[2653.261s][info ][safepoint      ] Safepoint "Cleanup", Time since last: 4000273648 ns, Reaching safepoint: 6800 ns, Cleanup: 7300 ns, At safepoint: 1400 ns, Total: 15500 ns
[2657.261s][info ][safepoint      ] Safepoint "Cleanup", Time since last: 4000263349 ns, Reaching safepoint: 7200 ns, Cleanup: 9600 ns, At safepoint: 1700 ns, Total: 18500 ns
[2661.261s][info ][safepoint      ] Safepoint "Cleanup", Time since last: 4000278270 ns, Reaching safepoint: 6400 ns, Cleanup: 6100 ns, At safepoint: 21100 ns, Total: 33600 ns
[2673.262s][info ][safepoint      ] Safepoint "Cleanup", Time since last: 12000733924 ns, Reaching safepoint: 6400 ns, Cleanup: 8100 ns, At safepoint: 1500 ns, Total: 16000 ns
[2675.262s][info ][safepoint      ] Safepoint "Cleanup", Time since last: 2000193865 ns, Reaching safepoint: 7000 ns, Cleanup: 11600 ns, At safepoint: 2700 ns, Total: 21300 ns
[2678.262s][info ][safepoint      ] Safepoint "Cleanup", Time since last: 3000189682 ns, Reaching safepoint: 7000 ns, Cleanup: 7200 ns, At safepoint: 1600 ns, Total: 15800 ns
[2682.263s][info ][safepoint      ] Safepoint "Cleanup", Time since last: 4000251391 ns, Reaching safepoint: 6700 ns, Cleanup: 11001 ns, At safepoint: 12800 ns, Total: 30501 ns
[2694.263s][info ][safepoint      ] Safepoint "Cleanup", Time since last: 12000777973 ns, Reaching safepoint: 6900 ns, Cleanup: 9100 ns, At safepoint: 1800 ns, Total: 17800 ns
[2706.742s][info ][safepoint      ] Safepoint "Cleanup", Time since last: 12478637833 ns, Reaching safepoint: 6401 ns, Cleanup: 8300 ns, At safepoint: 1700 ns, Total: 16401 ns
[2708.742s][info ][safepoint      ] Safepoint "Cleanup", Time since last: 2000168122 ns, Reaching safepoint: 7100 ns, Cleanup: 8600 ns, At safepoint: 1700 ns, Total: 17400 ns
[2716.743s][info ][safepoint      ] Safepoint "Cleanup", Time since last: 8000531491 ns, Reaching safepoint: 7800 ns, Cleanup: 10800 ns, At safepoint: 1700 ns, Total: 20300 ns
[2718.449s][info ][gc,start       ] GC(59) Pause Young (Allocation Failure)
[2718.455s][debug][gc,phases      ] GC(59) Scavenge 5.857ms
[2718.455s][debug][gc,ref         ] GC(59) ReferenceProcessor::execute queues: 1, RefProcThreadModel::Single, marks_oops_alive: false
[2718.455s][debug][gc,ref         ] GC(59) Skipped KeepAliveFinalRefsPhase of Reference Processing: no references
[2718.455s][debug][gc,ref         ] GC(59) ReferenceProcessor::execute queues: 1, RefProcThreadModel::Single, marks_oops_alive: false
[2718.455s][debug][gc,phases      ] GC(59) Reference Processing 0.091ms
[2718.455s][debug][gc,phases      ] GC(59)   VM Weak                        Min:  0.0, Avg:  0.0, Max:  0.0, Diff:  0.0, Sum:  0.0, Workers: 4
[2718.455s][debug][gc,phases      ] GC(59)     Dead                           Min: 0, Avg:  0.0, Max: 0, Diff: 0, Sum: 0, Workers: 4
[2718.455s][debug][gc,phases      ] GC(59)     Total                          Min: 0, Avg: 233.0, Max: 704, Diff: 704, Sum: 932, Workers: 4
[2718.455s][debug][gc,phases      ] GC(59)   ObjectSynchronizer Weak        Min:  0.0, Avg:  0.0, Max:  0.0, Diff:  0.0, Sum:  0.0, Workers: 4
[2718.455s][debug][gc,phases      ] GC(59)     Dead                           Min: 0, Avg:  0.0, Max: 0, Diff: 0, Sum: 0, Workers: 4
[2718.455s][debug][gc,phases      ] GC(59)     Total                          Min: 0, Avg:  0.8, Max: 3, Diff: 3, Sum: 3, Workers: 4
[2718.455s][debug][gc,phases      ] GC(59)   JVMTI Tag Weak OopStorage      Min:  0.0, Avg:  0.0, Max:  0.0, Diff:  0.0, Sum:  0.0, Workers: 4
[2718.455s][debug][gc,phases      ] GC(59)     Dead                           Min: 0, Avg:  0.0, Max: 0, Diff: 0, Sum: 0, Workers: 4
[2718.455s][debug][gc,phases      ] GC(59)     Total                          Min: 0, Avg:  0.0, Max: 0, Diff: 0, Sum: 0, Workers: 4
[2718.456s][debug][gc,phases      ] GC(59)   StringTable Weak               Min:  0.0, Avg:  0.1, Max:  0.1, Diff:  0.1, Sum:  0.4, Workers: 4
[2718.456s][debug][gc,phases      ] GC(59)     Dead                           Min: 0, Avg:  0.0, Max: 0, Diff: 0, Sum: 0, Workers: 4
[2718.456s][debug][gc,phases      ] GC(59)     Total                          Min: 0, Avg: 11347.8, Max: 19727, Diff: 19727, Sum: 45391, Workers: 4
[2718.456s][debug][gc,phases      ] GC(59)   ResolvedMethodTable Weak       Min:  0.0, Avg:  0.0, Max:  0.0, Diff:  0.0, Sum:  0.1, Workers: 4
[2718.456s][debug][gc,phases      ] GC(59)     Dead                           Min: 0, Avg:  0.2, Max: 1, Diff: 1, Sum: 1, Workers: 4
[2718.456s][debug][gc,phases      ] GC(59)     Total                          Min: 0, Avg: 3072.0, Max: 4992, Diff: 4992, Sum: 12288, Workers: 4
[2718.456s][debug][gc,phases      ] GC(59)   JNI Weak                       Min:  0.0, Avg:  0.0, Max:  0.0, Diff:  0.0, Sum:  0.0, Workers: 4
[2718.456s][debug][gc,phases      ] GC(59)     Dead                           Min: 0, Avg:  0.0, Max: 0, Diff: 0, Sum: 0, Workers: 4
[2718.456s][debug][gc,phases      ] GC(59)     Total                          Min: 0, Avg: 12.0, Max: 48, Diff: 48, Sum: 48, Workers: 4
[2718.456s][debug][gc,phases      ] GC(59)   StringDedup Table Weak         Min:  0.0, Avg:  0.0, Max:  0.0, Diff:  0.0, Sum:  0.0, Workers: 4
[2718.456s][debug][gc,phases      ] GC(59)     Dead                           Min: 0, Avg:  0.0, Max: 0, Diff: 0, Sum: 0, Workers: 4
[2718.456s][debug][gc,phases      ] GC(59)     Total                          Min: 0, Avg:  0.0, Max: 0, Diff: 0, Sum: 0, Workers: 4
[2718.456s][debug][gc,phases      ] GC(59)   StringDedup Requests0 Weak     Min:  0.0, Avg:  0.0, Max:  0.0, Diff:  0.0, Sum:  0.0, Workers: 4
[2718.456s][debug][gc,phases      ] GC(59)     Dead                           Min: 0, Avg:  0.0, Max: 0, Diff: 0, Sum: 0, Workers: 4
[2718.456s][debug][gc,phases      ] GC(59)     Total                          Min: 0, Avg:  0.0, Max: 0, Diff: 0, Sum: 0, Workers: 4
[2718.456s][debug][gc,phases      ] GC(59)   StringDedup Requests1 Weak     Min:  0.0, Avg:  0.0, Max:  0.0, Diff:  0.0, Sum:  0.0, Workers: 4
[2718.456s][debug][gc,phases      ] GC(59)     Dead                           Min: 0, Avg:  0.0, Max: 0, Diff: 0, Sum: 0, Workers: 4
[2718.456s][debug][gc,phases      ] GC(59)     Total                          Min: 0, Avg:  0.0, Max: 0, Diff: 0, Sum: 0, Workers: 4
[2718.456s][debug][gc,phases      ] GC(59)   Weak JFR Old Object Samples    Min:  0.0, Avg:  0.0, Max:  0.0, Diff:  0.0, Sum:  0.0, Workers: 4
[2718.456s][debug][gc,phases      ] GC(59)     Dead                           Min: 0, Avg:  0.0, Max: 0, Diff: 0, Sum: 0, Workers: 4
[2718.456s][debug][gc,phases      ] GC(59)     Total                          Min: 0, Avg:  0.0, Max: 0, Diff: 0, Sum: 0, Workers: 4
[2718.456s][debug][gc,phases      ] GC(59) Weak Processing 0.335ms
[2718.456s][debug][gc,age         ] GC(59) Desired survivor size 81788928 bytes, new threshold 15 (max threshold 15)
[2718.456s][info ][gc,heap        ] GC(59) PSYoungGen: 1919586K(1996288K)->16050K(2017280K) Eden: 1903616K(1903616K)->0K(1931264K) From: 15970K(92672K)->16050K(86016K)
[2718.456s][info ][gc,heap        ] GC(59) ParOldGen: 335124K(449536K)->335420K(449536K)
[2718.456s][info ][gc,metaspace   ] GC(59) Metaspace: 89961K(91136K)->89961K(91136K) NonClass: 77190K(77824K)->77190K(77824K) Class: 12770K(13312K)->12770K(13312K)
[2718.456s][info ][gc             ] GC(59) Pause Young (Allocation Failure) 2201M->343M(2409M) 6.390ms
[2718.456s][info ][gc,cpu         ] GC(59) User=0.02s Sys=0.00s Real=0.01s
[2718.456s][info ][safepoint      ] Safepoint "ParallelGCFailedAllocation", Time since last: 1706418088 ns, Reaching safepoint: 6300 ns, Cleanup: 2800 ns, At safepoint: 6458849 ns, Total: 6467949 ns
[2726.456s][info ][safepoint      ] Safepoint "Cleanup", Time since last: 8000514603 ns, Reaching safepoint: 79300 ns, Cleanup: 8500 ns, At safepoint: 5100 ns, Total: 92900 ns
[2739.457s][info ][safepoint      ] Safepoint "Cleanup", Time since last: 13000806092 ns, Reaching safepoint: 7000 ns, Cleanup: 9000 ns, At safepoint: 2600 ns, Total: 18600 ns
[2740.457s][info ][safepoint      ] Safepoint "Cleanup", Time since last: 1000100704 ns, Reaching safepoint: 5900 ns, Cleanup: 13200 ns, At safepoint: 5000 ns, Total: 24100 ns
[2755.458s][info ][safepoint      ] Safepoint "Cleanup", Time since last: 15000982194 ns, Reaching safepoint: 7001 ns, Cleanup: 10300 ns, At safepoint: 2400 ns, Total: 19701 ns
[2760.459s][info ][safepoint      ] Safepoint "Cleanup", Time since last: 5000364347 ns, Reaching safepoint: 6400 ns, Cleanup: 8300 ns, At safepoint: 1900 ns, Total: 16600 ns
[2766.757s][info ][safepoint      ] Safepoint "Cleanup", Time since last: 6298485591 ns, Reaching safepoint: 75201 ns, Cleanup: 8500 ns, At safepoint: 5300 ns, Total: 89001 ns
[2769.757s][info ][safepoint      ] Safepoint "Cleanup", Time since last: 3000223882 ns, Reaching safepoint: 6801 ns, Cleanup: 9800 ns, At safepoint: 5200 ns, Total: 21801 ns
[2774.758s][info ][safepoint      ] Safepoint "Cleanup", Time since last: 5000350964 ns, Reaching safepoint: 74801 ns, Cleanup: 7800 ns, At safepoint: 5100 ns, Total: 87701 ns
[2781.758s][info ][safepoint      ] Safepoint "Cleanup", Time since last: 7000485157 ns, Reaching safepoint: 6500 ns, Cleanup: 8500 ns, At safepoint: 2000 ns, Total: 17000 ns
[2794.363s][info ][gc,start       ] GC(60) Pause Young (Allocation Failure)
[2794.368s][debug][gc,phases      ] GC(60) Scavenge 4.901ms
[2794.369s][debug][gc,ref         ] GC(60) ReferenceProcessor::execute queues: 1, RefProcThreadModel::Single, marks_oops_alive: false
[2794.369s][debug][gc,ref         ] GC(60) Skipped KeepAliveFinalRefsPhase of Reference Processing: no references
[2794.369s][debug][gc,ref         ] GC(60) ReferenceProcessor::execute queues: 1, RefProcThreadModel::Single, marks_oops_alive: false
[2794.369s][debug][gc,phases      ] GC(60) Reference Processing 0.108ms
[2794.369s][debug][gc,phases      ] GC(60)   VM Weak                        Min:  0.0, Avg:  0.0, Max:  0.0, Diff:  0.0, Sum:  0.0, Workers: 4
[2794.369s][debug][gc,phases      ] GC(60)     Dead                           Min: 0, Avg:  0.0, Max: 0, Diff: 0, Sum: 0, Workers: 4
[2794.369s][debug][gc,phases      ] GC(60)     Total                          Min: 0, Avg: 233.0, Max: 932, Diff: 932, Sum: 932, Workers: 4
[2794.369s][debug][gc,phases      ] GC(60)   ObjectSynchronizer Weak        Min:  0.0, Avg:  0.0, Max:  0.0, Diff:  0.0, Sum:  0.0, Workers: 4
[2794.369s][debug][gc,phases      ] GC(60)     Dead                           Min: 0, Avg:  0.0, Max: 0, Diff: 0, Sum: 0, Workers: 4
[2794.369s][debug][gc,phases      ] GC(60)     Total                          Min: 0, Avg:  1.0, Max: 4, Diff: 4, Sum: 4, Workers: 4
[2794.369s][debug][gc,phases      ] GC(60)   JVMTI Tag Weak OopStorage      Min:  0.0, Avg:  0.0, Max:  0.0, Diff:  0.0, Sum:  0.0, Workers: 4
[2794.369s][debug][gc,phases      ] GC(60)     Dead                           Min: 0, Avg:  0.0, Max: 0, Diff: 0, Sum: 0, Workers: 4
[2794.369s][debug][gc,phases      ] GC(60)     Total                          Min: 0, Avg:  0.0, Max: 0, Diff: 0, Sum: 0, Workers: 4
[2794.369s][debug][gc,phases      ] GC(60)   StringTable Weak               Min:  0.0, Avg:  0.1, Max:  0.1, Diff:  0.1, Sum:  0.3, Workers: 4
[2794.369s][debug][gc,phases      ] GC(60)     Dead                           Min: 0, Avg:  0.5, Max: 2, Diff: 2, Sum: 2, Workers: 4
[2794.369s][debug][gc,phases      ] GC(60)     Total                          Min: 0, Avg: 11348.8, Max: 20159, Diff: 20159, Sum: 45395, Workers: 4
[2794.369s][debug][gc,phases      ] GC(60)   ResolvedMethodTable Weak       Min:  0.0, Avg:  0.0, Max:  0.0, Diff:  0.0, Sum:  0.1, Workers: 4
[2794.369s][debug][gc,phases      ] GC(60)     Dead                           Min: 0, Avg:  0.5, Max: 2, Diff: 2, Sum: 2, Workers: 4
[2794.369s][debug][gc,phases      ] GC(60)     Total                          Min: 0, Avg: 3073.2, Max: 5120, Diff: 5120, Sum: 12293, Workers: 4
[2794.369s][debug][gc,phases      ] GC(60)   JNI Weak                       Min:  0.0, Avg:  0.0, Max:  0.0, Diff:  0.0, Sum:  0.0, Workers: 4
[2794.369s][debug][gc,phases      ] GC(60)     Dead                           Min: 0, Avg:  0.0, Max: 0, Diff: 0, Sum: 0, Workers: 4
[2794.369s][debug][gc,phases      ] GC(60)     Total                          Min: 0, Avg: 12.0, Max: 48, Diff: 48, Sum: 48, Workers: 4
[2794.369s][debug][gc,phases      ] GC(60)   StringDedup Table Weak         Min:  0.0, Avg:  0.0, Max:  0.0, Diff:  0.0, Sum:  0.0, Workers: 4
[2794.369s][debug][gc,phases      ] GC(60)     Dead                           Min: 0, Avg:  0.0, Max: 0, Diff: 0, Sum: 0, Workers: 4
[2794.369s][debug][gc,phases      ] GC(60)     Total                          Min: 0, Avg:  0.0, Max: 0, Diff: 0, Sum: 0, Workers: 4
[2794.369s][debug][gc,phases      ] GC(60)   StringDedup Requests0 Weak     Min:  0.0, Avg:  0.0, Max:  0.0, Diff:  0.0, Sum:  0.0, Workers: 4
[2794.369s][debug][gc,phases      ] GC(60)     Dead                           Min: 0, Avg:  0.0, Max: 0, Diff: 0, Sum: 0, Workers: 4
[2794.369s][debug][gc,phases      ] GC(60)     Total                          Min: 0, Avg:  0.0, Max: 0, Diff: 0, Sum: 0, Workers: 4
[2794.369s][debug][gc,phases      ] GC(60)   StringDedup Requests1 Weak     Min:  0.0, Avg:  0.0, Max:  0.0, Diff:  0.0, Sum:  0.0, Workers: 4
[2794.369s][debug][gc,phases      ] GC(60)     Dead                           Min: 0, Avg:  0.0, Max: 0, Diff: 0, Sum: 0, Workers: 4
[2794.369s][debug][gc,phases      ] GC(60)     Total                          Min: 0, Avg:  0.0, Max: 0, Diff: 0, Sum: 0, Workers: 4
[2794.369s][debug][gc,phases      ] GC(60)   Weak JFR Old Object Samples    Min:  0.0, Avg:  0.0, Max:  0.0, Diff:  0.0, Sum:  0.0, Workers: 4
[2794.369s][debug][gc,phases      ] GC(60)     Dead                           Min: 0, Avg:  0.0, Max: 0, Diff: 0, Sum: 0, Workers: 4
[2794.369s][debug][gc,phases      ] GC(60)     Total                          Min: 0, Avg:  0.0, Max: 0, Diff: 0, Sum: 0, Workers: 4
[2794.369s][debug][gc,phases      ] GC(60) Weak Processing 0.320ms
[2794.369s][debug][gc,age         ] GC(60) Desired survivor size 76021760 bytes, new threshold 15 (max threshold 15)
[2794.369s][info ][gc,heap        ] GC(60) PSYoungGen: 1947314K(2017280K)->15506K(2011136K) Eden: 1931264K(1931264K)->0K(1931264K) From: 16050K(86016K)->15506K(79872K)
[2794.369s][info ][gc,heap        ] GC(60) ParOldGen: 335420K(449536K)->335540K(449536K)
[2794.369s][info ][gc,metaspace   ] GC(60) Metaspace: 89986K(91200K)->89986K(91200K) NonClass: 77214K(77888K)->77214K(77888K) Class: 12772K(13312K)->12772K(13312K)
[2794.369s][info ][gc             ] GC(60) Pause Young (Allocation Failure) 2229M->342M(2403M) 5.449ms
[2794.369s][info ][gc,cpu         ] GC(60) User=0.01s Sys=0.01s Real=0.00s
[2794.369s][info ][safepoint      ] Safepoint "ParallelGCFailedAllocation", Time since last: 12605040185 ns, Reaching safepoint: 7100 ns, Cleanup: 3300 ns, At safepoint: 5543741 ns, Total: 5554141 ns
[2799.369s][info ][safepoint      ] Safepoint "Cleanup", Time since last: 5000306678 ns, Reaching safepoint: 6400 ns, Cleanup: 11100 ns, At safepoint: 2100 ns, Total: 19600 ns
[2800.369s][info ][safepoint      ] Safepoint "Cleanup", Time since last: 1000108035 ns, Reaching safepoint: 6200 ns, Cleanup: 18400 ns, At safepoint: 2900 ns, Total: 27500 ns
[2802.370s][info ][safepoint      ] Safepoint "Cleanup", Time since last: 2000169141 ns, Reaching safepoint: 7300 ns, Cleanup: 15000 ns, At safepoint: 1800 ns, Total: 24100 ns
[2814.370s][info ][safepoint      ] Safepoint "Cleanup", Time since last: 12000756844 ns, Reaching safepoint: 6500 ns, Cleanup: 11100 ns, At safepoint: 1900 ns, Total: 19500 ns
[2815.371s][info ][safepoint      ] Safepoint "Cleanup", Time since last: 1000097938 ns, Reaching safepoint: 7000 ns, Cleanup: 9400 ns, At safepoint: 1700 ns, Total: 18100 ns
[2816.371s][info ][safepoint      ] Safepoint "Cleanup", Time since last: 1000052746 ns, Reaching safepoint: 6600 ns, Cleanup: 6200 ns, At safepoint: 2200 ns, Total: 15000 ns
[2818.371s][info ][safepoint      ] Safepoint "Cleanup", Time since last: 2000142382 ns, Reaching safepoint: 6600 ns, Cleanup: 13400 ns, At safepoint: 1700 ns, Total: 21700 ns
[2820.371s][info ][safepoint      ] Safepoint "Cleanup", Time since last: 2000147283 ns, Reaching safepoint: 8500 ns, Cleanup: 29700 ns, At safepoint: 5500 ns, Total: 43700 ns
[2824.772s][info ][safepoint      ] Safepoint "Cleanup", Time since last: 4400780070 ns, Reaching safepoint: 6701 ns, Cleanup: 7200 ns, At safepoint: 23100 ns, Total: 37001 ns
[2828.772s][info ][safepoint      ] Safepoint "Cleanup", Time since last: 4000245644 ns, Reaching safepoint: 6200 ns, Cleanup: 7100 ns, At safepoint: 1900 ns, Total: 15200 ns
[2833.772s][info ][safepoint      ] Safepoint "Cleanup", Time since last: 5000364837 ns, Reaching safepoint: 6300 ns, Cleanup: 6900 ns, At safepoint: 2301 ns, Total: 15501 ns
[2836.773s][info ][safepoint      ] Safepoint "Cleanup", Time since last: 3000217409 ns, Reaching safepoint: 6000 ns, Cleanup: 8000 ns, At safepoint: 1900 ns, Total: 15900 ns
[2840.773s][info ][safepoint      ] Safepoint "Cleanup", Time since last: 4000287863 ns, Reaching safepoint: 6700 ns, Cleanup: 7200 ns, At safepoint: 2200 ns, Total: 16100 ns
[2841.773s][info ][safepoint      ] Safepoint "Cleanup", Time since last: 1000096741 ns, Reaching safepoint: 6400 ns, Cleanup: 7700 ns, At safepoint: 1701 ns, Total: 15801 ns
[2842.773s][info ][safepoint      ] Safepoint "Cleanup", Time since last: 1000088641 ns, Reaching safepoint: 6900 ns, Cleanup: 9900 ns, At safepoint: 2000 ns, Total: 18800 ns
[2843.773s][info ][safepoint      ] Safepoint "Cleanup", Time since last: 1000093741 ns, Reaching safepoint: 6000 ns, Cleanup: 9400 ns, At safepoint: 1700 ns, Total: 17100 ns
[2845.773s][info ][safepoint      ] Safepoint "Cleanup", Time since last: 2000156883 ns, Reaching safepoint: 6900 ns, Cleanup: 7400 ns, At safepoint: 1700 ns, Total: 16000 ns
[2846.774s][info ][safepoint      ] Safepoint "Cleanup", Time since last: 1000093141 ns, Reaching safepoint: 7000 ns, Cleanup: 10000 ns, At safepoint: 1700 ns, Total: 18700 ns
[2847.774s][info ][safepoint      ] Safepoint "Cleanup", Time since last: 1000057151 ns, Reaching safepoint: 16601 ns, Cleanup: 8400 ns, At safepoint: 2400 ns, Total: 27401 ns
[2850.774s][info ][safepoint      ] Safepoint "Cleanup", Time since last: 3000187917 ns, Reaching safepoint: 6600 ns, Cleanup: 8200 ns, At safepoint: 1800 ns, Total: 16600 ns
[2851.774s][info ][safepoint      ] Safepoint "Cleanup", Time since last: 1000100273 ns, Reaching safepoint: 5600 ns, Cleanup: 7900 ns, At safepoint: 2000 ns, Total: 15500 ns
[2852.774s][info ][safepoint      ] Safepoint "Cleanup", Time since last: 1000092273 ns, Reaching safepoint: 6600 ns, Cleanup: 9500 ns, At safepoint: 2300 ns, Total: 18400 ns
[2853.774s][info ][safepoint      ] Safepoint "Cleanup", Time since last: 1000099873 ns, Reaching safepoint: 6800 ns, Cleanup: 8700 ns, At safepoint: 1800 ns, Total: 17300 ns
[2854.774s][info ][safepoint      ] Safepoint "Cleanup", Time since last: 1000101873 ns, Reaching safepoint: 6200 ns, Cleanup: 8200 ns, At safepoint: 1900 ns, Total: 16300 ns
[2856.774s][info ][safepoint      ] Safepoint "Cleanup", Time since last: 2000119447 ns, Reaching safepoint: 7200 ns, Cleanup: 8200 ns, At safepoint: 1900 ns, Total: 17300 ns
[2858.775s][info ][safepoint      ] Safepoint "Cleanup", Time since last: 2000157348 ns, Reaching safepoint: 6600 ns, Cleanup: 11300 ns, At safepoint: 1800 ns, Total: 19700 ns
[2859.775s][info ][safepoint      ] Safepoint "Cleanup", Time since last: 1000101775 ns, Reaching safepoint: 6400 ns, Cleanup: 10500 ns, At safepoint: 2100 ns, Total: 19000 ns
[2863.964s][info ][gc,start       ] GC(61) Pause Young (Allocation Failure)
[2863.971s][debug][gc,phases      ] GC(61) Scavenge 6.622ms
[2863.971s][debug][gc,ref         ] GC(61) ReferenceProcessor::execute queues: 1, RefProcThreadModel::Single, marks_oops_alive: false
[2863.971s][debug][gc,ref         ] GC(61) Skipped KeepAliveFinalRefsPhase of Reference Processing: no references
[2863.971s][debug][gc,ref         ] GC(61) ReferenceProcessor::execute queues: 1, RefProcThreadModel::Single, marks_oops_alive: false
[2863.971s][debug][gc,phases      ] GC(61) Reference Processing 0.125ms
[2863.971s][debug][gc,phases      ] GC(61)   VM Weak                        Min:  0.0, Avg:  0.0, Max:  0.0, Diff:  0.0, Sum:  0.0, Workers: 4
[2863.971s][debug][gc,phases      ] GC(61)     Dead                           Min: 0, Avg:  0.0, Max: 0, Diff: 0, Sum: 0, Workers: 4
[2863.971s][debug][gc,phases      ] GC(61)     Total                          Min: 0, Avg: 233.0, Max: 868, Diff: 868, Sum: 932, Workers: 4
[2863.971s][debug][gc,phases      ] GC(61)   ObjectSynchronizer Weak        Min:  0.0, Avg:  0.0, Max:  0.0, Diff:  0.0, Sum:  0.0, Workers: 4
[2863.971s][debug][gc,phases      ] GC(61)     Dead                           Min: 0, Avg:  0.0, Max: 0, Diff: 0, Sum: 0, Workers: 4
[2863.971s][debug][gc,phases      ] GC(61)     Total                          Min: 0, Avg:  1.0, Max: 4, Diff: 4, Sum: 4, Workers: 4
[2863.971s][debug][gc,phases      ] GC(61)   JVMTI Tag Weak OopStorage      Min:  0.0, Avg:  0.0, Max:  0.0, Diff:  0.0, Sum:  0.0, Workers: 4
[2863.971s][debug][gc,phases      ] GC(61)     Dead                           Min: 0, Avg:  0.0, Max: 0, Diff: 0, Sum: 0, Workers: 4
[2863.971s][debug][gc,phases      ] GC(61)     Total                          Min: 0, Avg:  0.0, Max: 0, Diff: 0, Sum: 0, Workers: 4
[2863.971s][debug][gc,phases      ] GC(61)   StringTable Weak               Min:  0.0, Avg:  0.1, Max:  0.1, Diff:  0.1, Sum:  0.3, Workers: 4
[2863.971s][debug][gc,phases      ] GC(61)     Dead                           Min: 0, Avg:  0.0, Max: 0, Diff: 0, Sum: 0, Workers: 4
[2863.971s][debug][gc,phases      ] GC(61)     Total                          Min: 0, Avg: 11351.5, Max: 18943, Diff: 18943, Sum: 45406, Workers: 4
[2863.971s][debug][gc,phases      ] GC(61)   ResolvedMethodTable Weak       Min:  0.0, Avg:  0.0, Max:  0.0, Diff:  0.0, Sum:  0.1, Workers: 4
[2863.971s][debug][gc,phases      ] GC(61)     Dead                           Min: 0, Avg:  1.0, Max: 4, Diff: 4, Sum: 4, Workers: 4
[2863.971s][debug][gc,phases      ] GC(61)     Total                          Min: 0, Avg: 3076.2, Max: 4544, Diff: 4544, Sum: 12305, Workers: 4
[2863.971s][debug][gc,phases      ] GC(61)   JNI Weak                       Min:  0.0, Avg:  0.0, Max:  0.0, Diff:  0.0, Sum:  0.0, Workers: 4
[2863.971s][debug][gc,phases      ] GC(61)     Dead                           Min: 0, Avg:  0.0, Max: 0, Diff: 0, Sum: 0, Workers: 4
[2863.971s][debug][gc,phases      ] GC(61)     Total                          Min: 0, Avg: 12.0, Max: 48, Diff: 48, Sum: 48, Workers: 4
[2863.971s][debug][gc,phases      ] GC(61)   StringDedup Table Weak         Min:  0.0, Avg:  0.0, Max:  0.0, Diff:  0.0, Sum:  0.0, Workers: 4
[2863.971s][debug][gc,phases      ] GC(61)     Dead                           Min: 0, Avg:  0.0, Max: 0, Diff: 0, Sum: 0, Workers: 4
[2863.971s][debug][gc,phases      ] GC(61)     Total                          Min: 0, Avg:  0.0, Max: 0, Diff: 0, Sum: 0, Workers: 4
[2863.971s][debug][gc,phases      ] GC(61)   StringDedup Requests0 Weak     Min:  0.0, Avg:  0.0, Max:  0.0, Diff:  0.0, Sum:  0.0, Workers: 4
[2863.971s][debug][gc,phases      ] GC(61)     Dead                           Min: 0, Avg:  0.0, Max: 0, Diff: 0, Sum: 0, Workers: 4
[2863.971s][debug][gc,phases      ] GC(61)     Total                          Min: 0, Avg:  0.0, Max: 0, Diff: 0, Sum: 0, Workers: 4
[2863.971s][debug][gc,phases      ] GC(61)   StringDedup Requests1 Weak     Min:  0.0, Avg:  0.0, Max:  0.0, Diff:  0.0, Sum:  0.0, Workers: 4
[2863.971s][debug][gc,phases      ] GC(61)     Dead                           Min: 0, Avg:  0.0, Max: 0, Diff: 0, Sum: 0, Workers: 4
[2863.971s][debug][gc,phases      ] GC(61)     Total                          Min: 0, Avg:  0.0, Max: 0, Diff: 0, Sum: 0, Workers: 4
[2863.971s][debug][gc,phases      ] GC(61)   Weak JFR Old Object Samples    Min:  0.0, Avg:  0.0, Max:  0.0, Diff:  0.0, Sum:  0.0, Workers: 4
[2863.971s][debug][gc,phases      ] GC(61)     Dead                           Min: 0, Avg:  0.0, Max: 0, Diff: 0, Sum: 0, Workers: 4
[2863.971s][debug][gc,phases      ] GC(61)     Total                          Min: 0, Avg:  0.0, Max: 0, Diff: 0, Sum: 0, Workers: 4
[2863.971s][debug][gc,phases      ] GC(61) Weak Processing 0.319ms
[2863.971s][debug][gc,age         ] GC(61) Desired survivor size 70254592 bytes, new threshold 15 (max threshold 15)
[2863.971s][info ][gc,heap        ] GC(61) PSYoungGen: 1946770K(2011136K)->15770K(2028544K) Eden: 1931264K(1931264K)->0K(1954304K) From: 15506K(79872K)->15770K(74240K)
[2863.971s][info ][gc,heap        ] GC(61) ParOldGen: 335540K(449536K)->335588K(449536K)
[2863.971s][info ][gc,metaspace   ] GC(61) Metaspace: 90030K(91200K)->90030K(91200K) NonClass: 77253K(77888K)->77253K(77888K) Class: 12777K(13312K)->12777K(13312K)
[2863.971s][info ][gc             ] GC(61) Pause Young (Allocation Failure) 2228M->343M(2420M) 7.180ms
[2863.971s][info ][gc,cpu         ] GC(61) User=0.02s Sys=0.00s Real=0.00s
[2863.971s][info ][safepoint      ] Safepoint "ParallelGCFailedAllocation", Time since last: 4189341284 ns, Reaching safepoint: 6001 ns, Cleanup: 2900 ns, At safepoint: 7247353 ns, Total: 7256254 ns
[2866.972s][info ][safepoint      ] Safepoint "Cleanup", Time since last: 3000211989 ns, Reaching safepoint: 7000 ns, Cleanup: 16500 ns, At safepoint: 1800 ns, Total: 25300 ns
[2868.972s][info ][safepoint      ] Safepoint "Cleanup", Time since last: 2000178927 ns, Reaching safepoint: 6100 ns, Cleanup: 9800 ns, At safepoint: 1800 ns, Total: 17700 ns
[2869.972s][info ][safepoint      ] Safepoint "Cleanup", Time since last: 1000087163 ns, Reaching safepoint: 76800 ns, Cleanup: 9600 ns, At safepoint: 8400 ns, Total: 94800 ns
[2870.972s][info ][safepoint      ] Safepoint "Cleanup", Time since last: 1000098564 ns, Reaching safepoint: 6400 ns, Cleanup: 46200 ns, At safepoint: 5300 ns, Total: 57900 ns
[2871.972s][info ][safepoint      ] Safepoint "Cleanup", Time since last: 1000092057 ns, Reaching safepoint: 6901 ns, Cleanup: 43500 ns, At safepoint: 12200 ns, Total: 62601 ns
[2872.972s][info ][safepoint      ] Safepoint "Cleanup", Time since last: 1000109452 ns, Reaching safepoint: 6600 ns, Cleanup: 8100 ns, At safepoint: 1900 ns, Total: 16600 ns
[2874.973s][info ][safepoint      ] Safepoint "Cleanup", Time since last: 2000164703 ns, Reaching safepoint: 6200 ns, Cleanup: 10000 ns, At safepoint: 1700 ns, Total: 17900 ns
[2875.973s][info ][safepoint      ] Safepoint "Cleanup", Time since last: 1000095551 ns, Reaching safepoint: 7200 ns, Cleanup: 11801 ns, At safepoint: 1700 ns, Total: 20701 ns
[2876.973s][info ][safepoint      ] Safepoint "Cleanup", Time since last: 1000096251 ns, Reaching safepoint: 7000 ns, Cleanup: 7800 ns, At safepoint: 1800 ns, Total: 16600 ns
[2879.973s][info ][safepoint      ] Safepoint "Cleanup", Time since last: 3000210826 ns, Reaching safepoint: 7000 ns, Cleanup: 8300 ns, At safepoint: 2100 ns, Total: 17400 ns
[2882.786s][info ][safepoint      ] Safepoint "Cleanup", Time since last: 2813369417 ns, Reaching safepoint: 7600 ns, Cleanup: 8900 ns, At safepoint: 2000 ns, Total: 18500 ns
[2890.787s][info ][safepoint      ] Safepoint "Cleanup", Time since last: 8000481214 ns, Reaching safepoint: 6500 ns, Cleanup: 8400 ns, At safepoint: 2100 ns, Total: 17000 ns
[2902.788s][info ][safepoint      ] Safepoint "Cleanup", Time since last: 12000767738 ns, Reaching safepoint: 7000 ns, Cleanup: 13500 ns, At safepoint: 2100 ns, Total: 22600 ns
[2909.788s][info ][safepoint      ] Safepoint "Cleanup", Time since last: 7000484898 ns, Reaching safepoint: 6500 ns, Cleanup: 8800 ns, At safepoint: 1900 ns, Total: 17200 ns
[2914.789s][info ][safepoint      ] Safepoint "Cleanup", Time since last: 5000374321 ns, Reaching safepoint: 6400 ns, Cleanup: 9500 ns, At safepoint: 1800 ns, Total: 17700 ns
[2918.789s][info ][safepoint      ] Safepoint "Cleanup", Time since last: 4000273061 ns, Reaching safepoint: 6400 ns, Cleanup: 8400 ns, At safepoint: 1900 ns, Total: 16700 ns
[2925.789s][info ][safepoint      ] Safepoint "Cleanup", Time since last: 7000486180 ns, Reaching safepoint: 7100 ns, Cleanup: 18100 ns, At safepoint: 1900 ns, Total: 27100 ns
[2926.790s][info ][safepoint      ] Safepoint "Cleanup", Time since last: 1000110726 ns, Reaching safepoint: 6200 ns, Cleanup: 27000 ns, At safepoint: 5900 ns, Total: 39100 ns
[2927.790s][info ][safepoint      ] Safepoint "Cleanup", Time since last: 1000104403 ns, Reaching safepoint: 6100 ns, Cleanup: 17900 ns, At safepoint: 1700 ns, Total: 25700 ns
[2928.790s][info ][safepoint      ] Safepoint "Cleanup", Time since last: 1000091343 ns, Reaching safepoint: 6200 ns, Cleanup: 9500 ns, At safepoint: 2100 ns, Total: 17800 ns
[2929.790s][info ][safepoint      ] Safepoint "Cleanup", Time since last: 1000106643 ns, Reaching safepoint: 6700 ns, Cleanup: 9300 ns, At safepoint: 1800 ns, Total: 17800 ns
[2934.790s][info ][safepoint      ] Safepoint "Cleanup", Time since last: 5000295812 ns, Reaching safepoint: 7100 ns, Cleanup: 10900 ns, At safepoint: 2000 ns, Total: 20000 ns
[2935.790s][info ][safepoint      ] Safepoint "Cleanup", Time since last: 1000098501 ns, Reaching safepoint: 6700 ns, Cleanup: 8700 ns, At safepoint: 1800 ns, Total: 17200 ns
[2936.790s][info ][safepoint      ] Safepoint "Cleanup", Time since last: 1000088184 ns, Reaching safepoint: 6700 ns, Cleanup: 7900 ns, At safepoint: 1700 ns, Total: 16300 ns
[2937.048s][info ][gc,start       ] GC(62) Pause Young (Allocation Failure)
[2937.054s][debug][gc,phases      ] GC(62) Scavenge 5.767ms
[2937.054s][debug][gc,ref         ] GC(62) ReferenceProcessor::execute queues: 1, RefProcThreadModel::Single, marks_oops_alive: false
[2937.054s][debug][gc,ref         ] GC(62) Skipped KeepAliveFinalRefsPhase of Reference Processing: no references
[2937.054s][debug][gc,ref         ] GC(62) ReferenceProcessor::execute queues: 1, RefProcThreadModel::Single, marks_oops_alive: false
[2937.054s][debug][gc,phases      ] GC(62) Reference Processing 0.091ms
[2937.054s][debug][gc,phases      ] GC(62)   VM Weak                        Min:  0.0, Avg:  0.0, Max:  0.0, Diff:  0.0, Sum:  0.0, Workers: 4
[2937.054s][debug][gc,phases      ] GC(62)     Dead                           Min: 0, Avg:  0.0, Max: 0, Diff: 0, Sum: 0, Workers: 4
[2937.054s][debug][gc,phases      ] GC(62)     Total                          Min: 0, Avg: 233.0, Max: 512, Diff: 512, Sum: 932, Workers: 4
[2937.054s][debug][gc,phases      ] GC(62)   ObjectSynchronizer Weak        Min:  0.0, Avg:  0.0, Max:  0.0, Diff:  0.0, Sum:  0.0, Workers: 4
[2937.054s][debug][gc,phases      ] GC(62)     Dead                           Min: 0, Avg:  0.0, Max: 0, Diff: 0, Sum: 0, Workers: 4
[2937.054s][debug][gc,phases      ] GC(62)     Total                          Min: 0, Avg:  1.0, Max: 4, Diff: 4, Sum: 4, Workers: 4
[2937.054s][debug][gc,phases      ] GC(62)   JVMTI Tag Weak OopStorage      Min:  0.0, Avg:  0.0, Max:  0.0, Diff:  0.0, Sum:  0.0, Workers: 4
[2937.054s][debug][gc,phases      ] GC(62)     Dead                           Min: 0, Avg:  0.0, Max: 0, Diff: 0, Sum: 0, Workers: 4
[2937.054s][debug][gc,phases      ] GC(62)     Total                          Min: 0, Avg:  0.0, Max: 0, Diff: 0, Sum: 0, Workers: 4
[2937.054s][debug][gc,phases      ] GC(62)   StringTable Weak               Min:  0.0, Avg:  0.1, Max:  0.1, Diff:  0.1, Sum:  0.4, Workers: 4
[2937.054s][debug][gc,phases      ] GC(62)     Dead                           Min: 0, Avg:  0.5, Max: 2, Diff: 2, Sum: 2, Workers: 4
[2937.054s][debug][gc,phases      ] GC(62)     Total                          Min: 0, Avg: 11358.8, Max: 19455, Diff: 19455, Sum: 45435, Workers: 4
[2937.054s][debug][gc,phases      ] GC(62)   ResolvedMethodTable Weak       Min:  0.0, Avg:  0.0, Max:  0.0, Diff:  0.0, Sum:  0.1, Workers: 4
[2937.054s][debug][gc,phases      ] GC(62)     Dead                           Min: 0, Avg:  0.2, Max: 1, Diff: 1, Sum: 1, Workers: 4
[2937.054s][debug][gc,phases      ] GC(62)     Total                          Min: 0, Avg: 3077.2, Max: 5144, Diff: 5144, Sum: 12309, Workers: 4
[2937.054s][debug][gc,phases      ] GC(62)   JNI Weak                       Min:  0.0, Avg:  0.0, Max:  0.0, Diff:  0.0, Sum:  0.0, Workers: 4
[2937.054s][debug][gc,phases      ] GC(62)     Dead                           Min: 0, Avg:  0.0, Max: 0, Diff: 0, Sum: 0, Workers: 4
[2937.054s][debug][gc,phases      ] GC(62)     Total                          Min: 0, Avg: 12.0, Max: 48, Diff: 48, Sum: 48, Workers: 4
[2937.054s][debug][gc,phases      ] GC(62)   StringDedup Table Weak         Min:  0.0, Avg:  0.0, Max:  0.0, Diff:  0.0, Sum:  0.0, Workers: 4
[2937.054s][debug][gc,phases      ] GC(62)     Dead                           Min: 0, Avg:  0.0, Max: 0, Diff: 0, Sum: 0, Workers: 4
[2937.054s][debug][gc,phases      ] GC(62)     Total                          Min: 0, Avg:  0.0, Max: 0, Diff: 0, Sum: 0, Workers: 4
[2937.054s][debug][gc,phases      ] GC(62)   StringDedup Requests0 Weak     Min:  0.0, Avg:  0.0, Max:  0.0, Diff:  0.0, Sum:  0.0, Workers: 4
[2937.054s][debug][gc,phases      ] GC(62)     Dead                           Min: 0, Avg:  0.0, Max: 0, Diff: 0, Sum: 0, Workers: 4
[2937.054s][debug][gc,phases      ] GC(62)     Total                          Min: 0, Avg:  0.0, Max: 0, Diff: 0, Sum: 0, Workers: 4
[2937.054s][debug][gc,phases      ] GC(62)   StringDedup Requests1 Weak     Min:  0.0, Avg:  0.0, Max:  0.0, Diff:  0.0, Sum:  0.0, Workers: 4
[2937.054s][debug][gc,phases      ] GC(62)     Dead                           Min: 0, Avg:  0.0, Max: 0, Diff: 0, Sum: 0, Workers: 4
[2937.054s][debug][gc,phases      ] GC(62)     Total                          Min: 0, Avg:  0.0, Max: 0, Diff: 0, Sum: 0, Workers: 4
[2937.054s][debug][gc,phases      ] GC(62)   Weak JFR Old Object Samples    Min:  0.0, Avg:  0.0, Max:  0.0, Diff:  0.0, Sum:  0.0, Workers: 4
[2937.054s][debug][gc,phases      ] GC(62)     Dead                           Min: 0, Avg:  0.0, Max: 0, Diff: 0, Sum: 0, Workers: 4
[2937.054s][debug][gc,phases      ] GC(62)     Total                          Min: 0, Avg:  0.0, Max: 0, Diff: 0, Sum: 0, Workers: 4
[2937.054s][debug][gc,phases      ] GC(62) Weak Processing 0.335ms
[2937.054s][debug][gc,age         ] GC(62) Desired survivor size 65536000 bytes, new threshold 15 (max threshold 15)
[2937.054s][info ][gc,heap        ] GC(62) PSYoungGen: 1970074K(2028544K)->15218K(2022912K) Eden: 1954304K(1954304K)->0K(1954304K) From: 15770K(74240K)->15218K(68608K)
[2937.054s][info ][gc,heap        ] GC(62) ParOldGen: 335588K(449536K)->335620K(449536K)
[2937.054s][info ][gc,metaspace   ] GC(62) Metaspace: 90050K(91264K)->90050K(91264K) NonClass: 77271K(77952K)->77271K(77952K) Class: 12779K(13312K)->12779K(13312K)
[2937.054s][info ][gc             ] GC(62) Pause Young (Allocation Failure) 2251M->342M(2414M) 6.305ms
[2937.054s][info ][gc,cpu         ] GC(62) User=0.02s Sys=0.00s Real=0.01s
[2937.054s][info ][safepoint      ] Safepoint "ParallelGCFailedAllocation", Time since last: 257658825 ns, Reaching safepoint: 6900 ns, Cleanup: 2900 ns, At safepoint: 6367945 ns, Total: 6377745 ns
[2939.055s][info ][safepoint      ] Safepoint "Cleanup", Time since last: 2000149668 ns, Reaching safepoint: 75301 ns, Cleanup: 12900 ns, At safepoint: 5200 ns, Total: 93401 ns
[2945.805s][info ][safepoint      ] Safepoint "Cleanup", Time since last: 6750064927 ns, Reaching safepoint: 77101 ns, Cleanup: 9400 ns, At safepoint: 5500 ns, Total: 92001 ns
[2956.806s][info ][safepoint      ] Safepoint "Cleanup", Time since last: 11000736830 ns, Reaching safepoint: 75300 ns, Cleanup: 12100 ns, At safepoint: 5400 ns, Total: 92800 ns
[2967.807s][info ][safepoint      ] Safepoint "Cleanup", Time since last: 11000759634 ns, Reaching safepoint: 77801 ns, Cleanup: 9500 ns, At safepoint: 5100 ns, Total: 92401 ns
[2969.807s][info ][safepoint      ] Safepoint "Cleanup", Time since last: 2000170477 ns, Reaching safepoint: 43400 ns, Cleanup: 11400 ns, At safepoint: 6900 ns, Total: 61700 ns
[2972.807s][info ][safepoint      ] Safepoint "Cleanup", Time since last: 3000207316 ns, Reaching safepoint: 74100 ns, Cleanup: 7000 ns, At safepoint: 4600 ns, Total: 85700 ns
[2973.807s][info ][safepoint      ] Safepoint "Cleanup", Time since last: 1000094539 ns, Reaching safepoint: 6500 ns, Cleanup: 11100 ns, At safepoint: 2000 ns, Total: 19600 ns
[2974.807s][info ][safepoint      ] Safepoint "Cleanup", Time since last: 1000127639 ns, Reaching safepoint: 6200 ns, Cleanup: 7500 ns, At safepoint: 2100 ns, Total: 15800 ns
[2977.808s][info ][safepoint      ] Safepoint "Cleanup", Time since last: 3000230420 ns, Reaching safepoint: 6200 ns, Cleanup: 8000 ns, At safepoint: 1800 ns, Total: 16000 ns
[2983.808s][info ][safepoint      ] Safepoint "Cleanup", Time since last: 6000437730 ns, Reaching safepoint: 84001 ns, Cleanup: 47500 ns, At safepoint: 6000 ns, Total: 137501 ns
[2985.808s][info ][safepoint      ] Safepoint "Cleanup", Time since last: 2000151618 ns, Reaching safepoint: 74601 ns, Cleanup: 33800 ns, At safepoint: 5000 ns, Total: 113401 ns
[2986.809s][info ][safepoint      ] Safepoint "Cleanup", Time since last: 1000108910 ns, Reaching safepoint: 6800 ns, Cleanup: 7900 ns, At safepoint: 1800 ns, Total: 16500 ns
[2988.809s][info ][safepoint      ] Safepoint "Cleanup", Time since last: 2000165618 ns, Reaching safepoint: 35800 ns, Cleanup: 16800 ns, At safepoint: 7900 ns, Total: 60500 ns
[2991.809s][info ][safepoint      ] Safepoint "Cleanup", Time since last: 3000199694 ns, Reaching safepoint: 6400 ns, Cleanup: 8100 ns, At safepoint: 1900 ns, Total: 16400 ns
[2992.809s][info ][safepoint      ] Safepoint "Cleanup", Time since last: 1000103389 ns, Reaching safepoint: 6900 ns, Cleanup: 11700 ns, At safepoint: 1800 ns, Total: 20400 ns
[2993.809s][info ][safepoint      ] Safepoint "Cleanup", Time since last: 1000100489 ns, Reaching safepoint: 6500 ns, Cleanup: 9200 ns, At safepoint: 5000 ns, Total: 20700 ns
[2994.809s][info ][safepoint      ] Safepoint "Cleanup", Time since last: 1000116289 ns, Reaching safepoint: 6200 ns, Cleanup: 12900 ns, At safepoint: 1900 ns, Total: 21000 ns
[2997.804s][info ][gc,start       ] GC(63) Pause Young (Allocation Failure)
[2997.811s][debug][gc,phases      ] GC(63) Scavenge 6.976ms
[2997.812s][debug][gc,ref         ] GC(63) ReferenceProcessor::execute queues: 1, RefProcThreadModel::Single, marks_oops_alive: false
[2997.812s][debug][gc,ref         ] GC(63) Skipped KeepAliveFinalRefsPhase of Reference Processing: no references
[2997.812s][debug][gc,ref         ] GC(63) ReferenceProcessor::execute queues: 1, RefProcThreadModel::Single, marks_oops_alive: false
[2997.812s][debug][gc,phases      ] GC(63) Reference Processing 0.109ms
[2997.812s][debug][gc,phases      ] GC(63)   VM Weak                        Min:  0.0, Avg:  0.0, Max:  0.0, Diff:  0.0, Sum:  0.0, Workers: 4
[2997.812s][debug][gc,phases      ] GC(63)     Dead                           Min: 0, Avg:  0.0, Max: 0, Diff: 0, Sum: 0, Workers: 4
[2997.812s][debug][gc,phases      ] GC(63)     Total                          Min: 0, Avg: 233.0, Max: 512, Diff: 512, Sum: 932, Workers: 4
[2997.812s][debug][gc,phases      ] GC(63)   ObjectSynchronizer Weak        Min:  0.0, Avg:  0.0, Max:  0.0, Diff:  0.0, Sum:  0.0, Workers: 4
[2997.812s][debug][gc,phases      ] GC(63)     Dead                           Min: 0, Avg:  0.0, Max: 0, Diff: 0, Sum: 0, Workers: 4
[2997.812s][debug][gc,phases      ] GC(63)     Total                          Min: 0, Avg:  1.0, Max: 4, Diff: 4, Sum: 4, Workers: 4
[2997.812s][debug][gc,phases      ] GC(63)   JVMTI Tag Weak OopStorage      Min:  0.0, Avg:  0.0, Max:  0.0, Diff:  0.0, Sum:  0.0, Workers: 4
[2997.812s][debug][gc,phases      ] GC(63)     Dead                           Min: 0, Avg:  0.0, Max: 0, Diff: 0, Sum: 0, Workers: 4
[2997.812s][debug][gc,phases      ] GC(63)     Total                          Min: 0, Avg:  0.0, Max: 0, Diff: 0, Sum: 0, Workers: 4
[2997.812s][debug][gc,phases      ] GC(63)   StringTable Weak               Min:  0.0, Avg:  0.1, Max:  0.1, Diff:  0.1, Sum:  0.4, Workers: 4
[2997.812s][debug][gc,phases      ] GC(63)     Dead                           Min: 0, Avg:  0.2, Max: 1, Diff: 1, Sum: 1, Workers: 4
[2997.812s][debug][gc,phases      ] GC(63)     Total                          Min: 0, Avg: 11365.0, Max: 17813, Diff: 17813, Sum: 45460, Workers: 4
[2997.812s][debug][gc,phases      ] GC(63)   ResolvedMethodTable Weak       Min:  0.0, Avg:  0.0, Max:  0.0, Diff:  0.0, Sum:  0.1, Workers: 4
[2997.812s][debug][gc,phases      ] GC(63)     Dead                           Min: 0, Avg:  0.2, Max: 1, Diff: 1, Sum: 1, Workers: 4
[2997.812s][debug][gc,phases      ] GC(63)     Total                          Min: 0, Avg: 3079.0, Max: 5310, Diff: 5310, Sum: 12316, Workers: 4
[2997.812s][debug][gc,phases      ] GC(63)   JNI Weak                       Min:  0.0, Avg:  0.0, Max:  0.0, Diff:  0.0, Sum:  0.0, Workers: 4
[2997.812s][debug][gc,phases      ] GC(63)     Dead                           Min: 0, Avg:  0.0, Max: 0, Diff: 0, Sum: 0, Workers: 4
[2997.812s][debug][gc,phases      ] GC(63)     Total                          Min: 0, Avg: 12.0, Max: 48, Diff: 48, Sum: 48, Workers: 4
[2997.812s][debug][gc,phases      ] GC(63)   StringDedup Table Weak         Min:  0.0, Avg:  0.0, Max:  0.0, Diff:  0.0, Sum:  0.0, Workers: 4
[2997.812s][debug][gc,phases      ] GC(63)     Dead                           Min: 0, Avg:  0.0, Max: 0, Diff: 0, Sum: 0, Workers: 4
[2997.812s][debug][gc,phases      ] GC(63)     Total                          Min: 0, Avg:  0.0, Max: 0, Diff: 0, Sum: 0, Workers: 4
[2997.812s][debug][gc,phases      ] GC(63)   StringDedup Requests0 Weak     Min:  0.0, Avg:  0.0, Max:  0.0, Diff:  0.0, Sum:  0.0, Workers: 4
[2997.812s][debug][gc,phases      ] GC(63)     Dead                           Min: 0, Avg:  0.0, Max: 0, Diff: 0, Sum: 0, Workers: 4
[2997.812s][debug][gc,phases      ] GC(63)     Total                          Min: 0, Avg:  0.0, Max: 0, Diff: 0, Sum: 0, Workers: 4
[2997.812s][debug][gc,phases      ] GC(63)   StringDedup Requests1 Weak     Min:  0.0, Avg:  0.0, Max:  0.0, Diff:  0.0, Sum:  0.0, Workers: 4
[2997.812s][debug][gc,phases      ] GC(63)     Dead                           Min: 0, Avg:  0.0, Max: 0, Diff: 0, Sum: 0, Workers: 4
[2997.812s][debug][gc,phases      ] GC(63)     Total                          Min: 0, Avg:  0.0, Max: 0, Diff: 0, Sum: 0, Workers: 4
[2997.812s][debug][gc,phases      ] GC(63)   Weak JFR Old Object Samples    Min:  0.0, Avg:  0.0, Max:  0.0, Diff:  0.0, Sum:  0.0, Workers: 4
[2997.812s][debug][gc,phases      ] GC(63)     Dead                           Min: 0, Avg:  0.0, Max: 0, Diff: 0, Sum: 0, Workers: 4
[2997.812s][debug][gc,phases      ] GC(63)     Total                          Min: 0, Avg:  0.0, Max: 0, Diff: 0, Sum: 0, Workers: 4
[2997.812s][debug][gc,phases      ] GC(63) Weak Processing 0.342ms
[2997.812s][debug][gc,age         ] GC(63) Desired survivor size 61341696 bytes, new threshold 15 (max threshold 15)
[2997.812s][info ][gc,heap        ] GC(63) PSYoungGen: 1969522K(2022912K)->16274K(2037248K) Eden: 1954304K(1954304K)->0K(1973248K) From: 15218K(68608K)->16274K(64000K)
[2997.812s][info ][gc,heap        ] GC(63) ParOldGen: 335620K(449536K)->335644K(449536K)
[2997.812s][info ][gc,metaspace   ] GC(63) Metaspace: 90077K(91264K)->90077K(91264K) NonClass: 77295K(77952K)->77295K(77952K) Class: 12781K(13312K)->12781K(13312K)
[2997.812s][info ][gc             ] GC(63) Pause Young (Allocation Failure) 2251M->343M(2428M) 7.543ms
[2997.812s][info ][gc,cpu         ] GC(63) User=0.03s Sys=0.00s Real=0.00s
[2997.812s][info ][safepoint      ] Safepoint "ParallelGCFailedAllocation", Time since last: 2994947227 ns, Reaching safepoint: 77801 ns, Cleanup: 3400 ns, At safepoint: 7627156 ns, Total: 7708357 ns
[3012.820s][info ][safepoint      ] Safepoint "Cleanup", Time since last: 15007617616 ns, Reaching safepoint: 6400 ns, Cleanup: 7600 ns, At safepoint: 1700 ns, Total: 15700 ns
[3016.820s][info ][safepoint      ] Safepoint "Cleanup", Time since last: 4000255223 ns, Reaching safepoint: 6000 ns, Cleanup: 16800 ns, At safepoint: 1800 ns, Total: 24600 ns
[3022.820s][info ][safepoint      ] Safepoint "Cleanup", Time since last: 6000401105 ns, Reaching safepoint: 8000 ns, Cleanup: 14701 ns, At safepoint: 6000 ns, Total: 28701 ns
[3028.821s][info ][safepoint      ] Safepoint "Cleanup", Time since last: 6000424526 ns, Reaching safepoint: 6200 ns, Cleanup: 8400 ns, At safepoint: 2000 ns, Total: 16600 ns
[3029.821s][info ][safepoint      ] Safepoint "Cleanup", Time since last: 1000102686 ns, Reaching safepoint: 6100 ns, Cleanup: 10000 ns, At safepoint: 5000 ns, Total: 21100 ns
[3034.821s][info ][safepoint      ] Safepoint "Cleanup", Time since last: 5000360350 ns, Reaching safepoint: 5900 ns, Cleanup: 6200 ns, At safepoint: 1800 ns, Total: 13900 ns
[3035.821s][info ][safepoint      ] Safepoint "Cleanup", Time since last: 1000096593 ns, Reaching safepoint: 6200 ns, Cleanup: 13500 ns, At safepoint: 1800 ns, Total: 21500 ns
[3036.822s][info ][safepoint      ] Safepoint "Cleanup", Time since last: 1000104993 ns, Reaching safepoint: 6500 ns, Cleanup: 9600 ns, At safepoint: 2300 ns, Total: 18400 ns
[3037.822s][info ][safepoint      ] Safepoint "Cleanup", Time since last: 1000097292 ns, Reaching safepoint: 6600 ns, Cleanup: 7501 ns, At safepoint: 1700 ns, Total: 15801 ns
[3040.822s][info ][safepoint      ] Safepoint "Cleanup", Time since last: 3000191562 ns, Reaching safepoint: 6700 ns, Cleanup: 11700 ns, At safepoint: 1700 ns, Total: 20100 ns
[3045.822s][info ][safepoint      ] Safepoint "Cleanup", Time since last: 5000329003 ns, Reaching safepoint: 6900 ns, Cleanup: 8700 ns, At safepoint: 22200 ns, Total: 37800 ns
[3050.823s][info ][safepoint      ] Safepoint "Cleanup", Time since last: 5000351944 ns, Reaching safepoint: 9300 ns, Cleanup: 13600 ns, At safepoint: 2300 ns, Total: 25200 ns
[3051.823s][info ][safepoint      ] Safepoint "Cleanup", Time since last: 1000106825 ns, Reaching safepoint: 6901 ns, Cleanup: 8100 ns, At safepoint: 2000 ns, Total: 17001 ns
[3056.823s][info ][safepoint      ] Safepoint "Cleanup", Time since last: 5000303589 ns, Reaching safepoint: 6800 ns, Cleanup: 9300 ns, At safepoint: 2700 ns, Total: 18800 ns
[3058.823s][info ][safepoint      ] Safepoint "Cleanup", Time since last: 2000138273 ns, Reaching safepoint: 6600 ns, Cleanup: 8900 ns, At safepoint: 1800 ns, Total: 17300 ns
[3061.833s][info ][safepoint      ] Safepoint "Cleanup", Time since last: 3010157782 ns, Reaching safepoint: 7100 ns, Cleanup: 7700 ns, At safepoint: 2200 ns, Total: 17000 ns
[3063.834s][info ][safepoint      ] Safepoint "Cleanup", Time since last: 2000166180 ns, Reaching safepoint: 6300 ns, Cleanup: 7900 ns, At safepoint: 2000 ns, Total: 16200 ns
[3065.109s][info ][gc,start       ] GC(64) Pause Young (Allocation Failure)
[3065.114s][debug][gc,phases      ] GC(64) Scavenge 5.246ms
[3065.114s][debug][gc,ref         ] GC(64) ReferenceProcessor::execute queues: 1, RefProcThreadModel::Single, marks_oops_alive: false
[3065.114s][debug][gc,ref         ] GC(64) Skipped KeepAliveFinalRefsPhase of Reference Processing: no references
[3065.114s][debug][gc,ref         ] GC(64) ReferenceProcessor::execute queues: 1, RefProcThreadModel::Single, marks_oops_alive: false
[3065.114s][debug][gc,phases      ] GC(64) Reference Processing 0.095ms
[3065.114s][debug][gc,phases      ] GC(64)   VM Weak                        Min:  0.0, Avg:  0.0, Max:  0.0, Diff:  0.0, Sum:  0.0, Workers: 4
[3065.114s][debug][gc,phases      ] GC(64)     Dead                           Min: 0, Avg:  0.0, Max: 0, Diff: 0, Sum: 0, Workers: 4
[3065.114s][debug][gc,phases      ] GC(64)     Total                          Min: 0, Avg: 233.0, Max: 484, Diff: 484, Sum: 932, Workers: 4
[3065.114s][debug][gc,phases      ] GC(64)   ObjectSynchronizer Weak        Min:  0.0, Avg:  0.0, Max:  0.0, Diff:  0.0, Sum:  0.0, Workers: 4
[3065.114s][debug][gc,phases      ] GC(64)     Dead                           Min: 0, Avg:  0.0, Max: 0, Diff: 0, Sum: 0, Workers: 4
[3065.114s][debug][gc,phases      ] GC(64)     Total                          Min: 0, Avg:  1.0, Max: 4, Diff: 4, Sum: 4, Workers: 4
[3065.114s][debug][gc,phases      ] GC(64)   JVMTI Tag Weak OopStorage      Min:  0.0, Avg:  0.0, Max:  0.0, Diff:  0.0, Sum:  0.0, Workers: 4
[3065.114s][debug][gc,phases      ] GC(64)     Dead                           Min: 0, Avg:  0.0, Max: 0, Diff: 0, Sum: 0, Workers: 4
[3065.114s][debug][gc,phases      ] GC(64)     Total                          Min: 0, Avg:  0.0, Max: 0, Diff: 0, Sum: 0, Workers: 4
[3065.114s][debug][gc,phases      ] GC(64)   StringTable Weak               Min:  0.0, Avg:  0.1, Max:  0.1, Diff:  0.1, Sum:  0.4, Workers: 4
[3065.114s][debug][gc,phases      ] GC(64)     Dead                           Min: 0, Avg:  0.0, Max: 0, Diff: 0, Sum: 0, Workers: 4
[3065.114s][debug][gc,phases      ] GC(64)     Total                          Min: 0, Avg: 11366.2, Max: 18586, Diff: 18586, Sum: 45465, Workers: 4
[3065.114s][debug][gc,phases      ] GC(64)   ResolvedMethodTable Weak       Min:  0.0, Avg:  0.0, Max:  0.0, Diff:  0.0, Sum:  0.1, Workers: 4
[3065.114s][debug][gc,phases      ] GC(64)     Dead                           Min: 0, Avg:  0.2, Max: 1, Diff: 1, Sum: 1, Workers: 4
[3065.114s][debug][gc,phases      ] GC(64)     Total                          Min: 0, Avg: 3080.0, Max: 5310, Diff: 5310, Sum: 12320, Workers: 4
[3065.114s][debug][gc,phases      ] GC(64)   JNI Weak                       Min:  0.0, Avg:  0.0, Max:  0.0, Diff:  0.0, Sum:  0.0, Workers: 4
[3065.114s][debug][gc,phases      ] GC(64)     Dead                           Min: 0, Avg:  0.0, Max: 0, Diff: 0, Sum: 0, Workers: 4
[3065.114s][debug][gc,phases      ] GC(64)     Total                          Min: 0, Avg: 12.0, Max: 48, Diff: 48, Sum: 48, Workers: 4
[3065.114s][debug][gc,phases      ] GC(64)   StringDedup Table Weak         Min:  0.0, Avg:  0.0, Max:  0.0, Diff:  0.0, Sum:  0.0, Workers: 4
[3065.114s][debug][gc,phases      ] GC(64)     Dead                           Min: 0, Avg:  0.0, Max: 0, Diff: 0, Sum: 0, Workers: 4
[3065.114s][debug][gc,phases      ] GC(64)     Total                          Min: 0, Avg:  0.0, Max: 0, Diff: 0, Sum: 0, Workers: 4
[3065.114s][debug][gc,phases      ] GC(64)   StringDedup Requests0 Weak     Min:  0.0, Avg:  0.0, Max:  0.0, Diff:  0.0, Sum:  0.0, Workers: 4
[3065.114s][debug][gc,phases      ] GC(64)     Dead                           Min: 0, Avg:  0.0, Max: 0, Diff: 0, Sum: 0, Workers: 4
[3065.114s][debug][gc,phases      ] GC(64)     Total                          Min: 0, Avg:  0.0, Max: 0, Diff: 0, Sum: 0, Workers: 4
[3065.114s][debug][gc,phases      ] GC(64)   StringDedup Requests1 Weak     Min:  0.0, Avg:  0.0, Max:  0.0, Diff:  0.0, Sum:  0.0, Workers: 4
[3065.114s][debug][gc,phases      ] GC(64)     Dead                           Min: 0, Avg:  0.0, Max: 0, Diff: 0, Sum: 0, Workers: 4
[3065.114s][debug][gc,phases      ] GC(64)     Total                          Min: 0, Avg:  0.0, Max: 0, Diff: 0, Sum: 0, Workers: 4
[3065.114s][debug][gc,phases      ] GC(64)   Weak JFR Old Object Samples    Min:  0.0, Avg:  0.0, Max:  0.0, Diff:  0.0, Sum:  0.0, Workers: 4
[3065.114s][debug][gc,phases      ] GC(64)     Dead                           Min: 0, Avg:  0.0, Max: 0, Diff: 0, Sum: 0, Workers: 4
[3065.114s][debug][gc,phases      ] GC(64)     Total                          Min: 0, Avg:  0.0, Max: 0, Diff: 0, Sum: 0, Workers: 4
[3065.114s][debug][gc,phases      ] GC(64) Weak Processing 0.333ms
[3065.114s][debug][gc,age         ] GC(64) Desired survivor size 57671680 bytes, new threshold 15 (max threshold 15)
[3065.114s][info ][gc,heap        ] GC(64) PSYoungGen: 1989522K(2037248K)->11186K(2033152K) Eden: 1973248K(1973248K)->0K(1973248K) From: 16274K(64000K)->11186K(59904K)
[3065.114s][info ][gc,heap        ] GC(64) ParOldGen: 335644K(449536K)->340540K(449536K)
[3065.114s][info ][gc,metaspace   ] GC(64) Metaspace: 90126K(91392K)->90126K(91392K) NonClass: 77343K(78080K)->77343K(78080K) Class: 12783K(13312K)->12783K(13312K)
[3065.114s][info ][gc             ] GC(64) Pause Young (Allocation Failure) 2270M->343M(2424M) 5.813ms
[3065.114s][info ][gc,cpu         ] GC(64) User=0.02s Sys=0.00s Real=0.01s
[3065.114s][info ][safepoint      ] Safepoint "ParallelGCFailedAllocation", Time since last: 1274894939 ns, Reaching safepoint: 14300 ns, Cleanup: 3400 ns, At safepoint: 5883342 ns, Total: 5901042 ns
[3066.115s][info ][safepoint      ] Safepoint "Cleanup", Time since last: 1000084068 ns, Reaching safepoint: 75501 ns, Cleanup: 9800 ns, At safepoint: 6200 ns, Total: 91501 ns
[3072.115s][info ][safepoint      ] Safepoint "Cleanup", Time since last: 6000432727 ns, Reaching safepoint: 7400 ns, Cleanup: 10600 ns, At safepoint: 23100 ns, Total: 41100 ns
[3075.115s][info ][safepoint      ] Safepoint "Cleanup", Time since last: 3000229431 ns, Reaching safepoint: 7000 ns, Cleanup: 8500 ns, At safepoint: 2100 ns, Total: 17600 ns
[3083.116s][info ][safepoint      ] Safepoint "Cleanup", Time since last: 8000535250 ns, Reaching safepoint: 6400 ns, Cleanup: 14800 ns, At safepoint: 2300 ns, Total: 23500 ns
[3085.116s][info ][safepoint      ] Safepoint "Cleanup", Time since last: 2000167541 ns, Reaching safepoint: 6500 ns, Cleanup: 7600 ns, At safepoint: 1700 ns, Total: 15800 ns
[3087.116s][info ][safepoint      ] Safepoint "Cleanup", Time since last: 2000158242 ns, Reaching safepoint: 5900 ns, Cleanup: 8200 ns, At safepoint: 1800 ns, Total: 15900 ns
[3088.116s][info ][safepoint      ] Safepoint "Cleanup", Time since last: 1000097166 ns, Reaching safepoint: 6500 ns, Cleanup: 8800 ns, At safepoint: 1800 ns, Total: 17100 ns
[3090.116s][info ][safepoint      ] Safepoint "Cleanup", Time since last: 2000139178 ns, Reaching safepoint: 6300 ns, Cleanup: 9101 ns, At safepoint: 1900 ns, Total: 17301 ns
[3091.117s][info ][safepoint      ] Safepoint "Cleanup", Time since last: 1000074089 ns, Reaching safepoint: 6400 ns, Cleanup: 7500 ns, At safepoint: 1700 ns, Total: 15600 ns
[3105.117s][info ][safepoint      ] Safepoint "Cleanup", Time since last: 14000840807 ns, Reaching safepoint: 7100 ns, Cleanup: 11501 ns, At safepoint: 5000 ns, Total: 23601 ns
[3111.118s][info ][safepoint      ] Safepoint "Cleanup", Time since last: 6000322175 ns, Reaching safepoint: 5700 ns, Cleanup: 6000 ns, At safepoint: 1500 ns, Total: 13200 ns
[3112.118s][info ][safepoint      ] Safepoint "Cleanup", Time since last: 1000086053 ns, Reaching safepoint: 6500 ns, Cleanup: 8501 ns, At safepoint: 1400 ns, Total: 16401 ns
[3118.118s][info ][safepoint      ] Safepoint "Cleanup", Time since last: 6000381770 ns, Reaching safepoint: 7500 ns, Cleanup: 10801 ns, At safepoint: 1800 ns, Total: 20101 ns
[3119.118s][info ][safepoint      ] Safepoint "Cleanup", Time since last: 1000103929 ns, Reaching safepoint: 6801 ns, Cleanup: 9200 ns, At safepoint: 1600 ns, Total: 17601 ns
[3124.848s][info ][safepoint      ] Safepoint "Cleanup", Time since last: 5729812751 ns, Reaching safepoint: 6600 ns, Cleanup: 13400 ns, At safepoint: 1500 ns, Total: 21500 ns
[3125.848s][info ][safepoint      ] Safepoint "Cleanup", Time since last: 1000098336 ns, Reaching safepoint: 6700 ns, Cleanup: 11600 ns, At safepoint: 1500 ns, Total: 19800 ns
[3127.848s][info ][safepoint      ] Safepoint "Cleanup", Time since last: 2000130119 ns, Reaching safepoint: 6000 ns, Cleanup: 6800 ns, At safepoint: 1700 ns, Total: 14500 ns
[3132.810s][info ][gc,start       ] GC(65) Pause Young (Allocation Failure)
[3132.815s][debug][gc,phases      ] GC(65) Scavenge 5.031ms
[3132.815s][debug][gc,ref         ] GC(65) ReferenceProcessor::execute queues: 1, RefProcThreadModel::Single, marks_oops_alive: false
[3132.815s][debug][gc,ref         ] GC(65) Skipped KeepAliveFinalRefsPhase of Reference Processing: no references
[3132.815s][debug][gc,ref         ] GC(65) ReferenceProcessor::execute queues: 1, RefProcThreadModel::Single, marks_oops_alive: false
[3132.815s][debug][gc,phases      ] GC(65) Reference Processing 0.091ms
[3132.815s][debug][gc,phases      ] GC(65)   VM Weak                        Min:  0.0, Avg:  0.0, Max:  0.0, Diff:  0.0, Sum:  0.0, Workers: 4
[3132.815s][debug][gc,phases      ] GC(65)     Dead                           Min: 0, Avg:  0.0, Max: 0, Diff: 0, Sum: 0, Workers: 4
[3132.815s][debug][gc,phases      ] GC(65)     Total                          Min: 0, Avg: 233.0, Max: 804, Diff: 804, Sum: 932, Workers: 4
[3132.815s][debug][gc,phases      ] GC(65)   ObjectSynchronizer Weak        Min:  0.0, Avg:  0.0, Max:  0.0, Diff:  0.0, Sum:  0.0, Workers: 4
[3132.815s][debug][gc,phases      ] GC(65)     Dead                           Min: 0, Avg:  0.0, Max: 0, Diff: 0, Sum: 0, Workers: 4
[3132.815s][debug][gc,phases      ] GC(65)     Total                          Min: 0, Avg:  1.0, Max: 4, Diff: 4, Sum: 4, Workers: 4
[3132.815s][debug][gc,phases      ] GC(65)   JVMTI Tag Weak OopStorage      Min:  0.0, Avg:  0.0, Max:  0.0, Diff:  0.0, Sum:  0.0, Workers: 4
[3132.815s][debug][gc,phases      ] GC(65)     Dead                           Min: 0, Avg:  0.0, Max: 0, Diff: 0, Sum: 0, Workers: 4
[3132.815s][debug][gc,phases      ] GC(65)     Total                          Min: 0, Avg:  0.0, Max: 0, Diff: 0, Sum: 0, Workers: 4
[3132.815s][debug][gc,phases      ] GC(65)   StringTable Weak               Min:  0.0, Avg:  0.1, Max:  0.1, Diff:  0.1, Sum:  0.3, Workers: 4
[3132.815s][debug][gc,phases      ] GC(65)     Dead                           Min: 0, Avg:  0.0, Max: 0, Diff: 0, Sum: 0, Workers: 4
[3132.815s][debug][gc,phases      ] GC(65)     Total                          Min: 0, Avg: 11366.5, Max: 19099, Diff: 19099, Sum: 45466, Workers: 4
[3132.815s][debug][gc,phases      ] GC(65)   ResolvedMethodTable Weak       Min:  0.0, Avg:  0.0, Max:  0.0, Diff:  0.0, Sum:  0.1, Workers: 4
[3132.815s][debug][gc,phases      ] GC(65)     Dead                           Min: 0, Avg:  0.0, Max: 0, Diff: 0, Sum: 0, Workers: 4
[3132.815s][debug][gc,phases      ] GC(65)     Total                          Min: 0, Avg: 3080.0, Max: 5119, Diff: 5119, Sum: 12320, Workers: 4
[3132.815s][debug][gc,phases      ] GC(65)   JNI Weak                       Min:  0.0, Avg:  0.0, Max:  0.0, Diff:  0.0, Sum:  0.0, Workers: 4
[3132.815s][debug][gc,phases      ] GC(65)     Dead                           Min: 0, Avg:  0.0, Max: 0, Diff: 0, Sum: 0, Workers: 4
[3132.815s][debug][gc,phases      ] GC(65)     Total                          Min: 0, Avg: 12.0, Max: 48, Diff: 48, Sum: 48, Workers: 4
[3132.815s][debug][gc,phases      ] GC(65)   StringDedup Table Weak         Min:  0.0, Avg:  0.0, Max:  0.0, Diff:  0.0, Sum:  0.0, Workers: 4
[3132.815s][debug][gc,phases      ] GC(65)     Dead                           Min: 0, Avg:  0.0, Max: 0, Diff: 0, Sum: 0, Workers: 4
[3132.815s][debug][gc,phases      ] GC(65)     Total                          Min: 0, Avg:  0.0, Max: 0, Diff: 0, Sum: 0, Workers: 4
[3132.815s][debug][gc,phases      ] GC(65)   StringDedup Requests0 Weak     Min:  0.0, Avg:  0.0, Max:  0.0, Diff:  0.0, Sum:  0.0, Workers: 4
[3132.815s][debug][gc,phases      ] GC(65)     Dead                           Min: 0, Avg:  0.0, Max: 0, Diff: 0, Sum: 0, Workers: 4
[3132.815s][debug][gc,phases      ] GC(65)     Total                          Min: 0, Avg:  0.0, Max: 0, Diff: 0, Sum: 0, Workers: 4
[3132.815s][debug][gc,phases      ] GC(65)   StringDedup Requests1 Weak     Min:  0.0, Avg:  0.0, Max:  0.0, Diff:  0.0, Sum:  0.0, Workers: 4
[3132.815s][debug][gc,phases      ] GC(65)     Dead                           Min: 0, Avg:  0.0, Max: 0, Diff: 0, Sum: 0, Workers: 4
[3132.815s][debug][gc,phases      ] GC(65)     Total                          Min: 0, Avg:  0.0, Max: 0, Diff: 0, Sum: 0, Workers: 4
[3132.815s][debug][gc,phases      ] GC(65)   Weak JFR Old Object Samples    Min:  0.0, Avg:  0.0, Max:  0.0, Diff:  0.0, Sum:  0.0, Workers: 4
[3132.815s][debug][gc,phases      ] GC(65)     Dead                           Min: 0, Avg:  0.0, Max: 0, Diff: 0, Sum: 0, Workers: 4
[3132.815s][debug][gc,phases      ] GC(65)     Total                          Min: 0, Avg:  0.0, Max: 0, Diff: 0, Sum: 0, Workers: 4
[3132.815s][debug][gc,phases      ] GC(65) Weak Processing 0.323ms
[3132.815s][debug][gc,age         ] GC(65) Desired survivor size 55050240 bytes, new threshold 15 (max threshold 15)
[3132.815s][info ][gc,heap        ] GC(65) PSYoungGen: 1984434K(2033152K)->11042K(2043392K) Eden: 1973248K(1973248K)->0K(1987072K) From: 11186K(59904K)->11042K(56320K)
[3132.815s][info ][gc,heap        ] GC(65) ParOldGen: 340540K(449536K)->340604K(449536K)
[3132.815s][info ][gc,metaspace   ] GC(65) Metaspace: 90145K(91392K)->90145K(91392K) NonClass: 77362K(78080K)->77362K(78080K) Class: 12783K(13312K)->12783K(13312K)
[3132.815s][info ][gc             ] GC(65) Pause Young (Allocation Failure) 2270M->343M(2434M) 5.556ms
[3132.815s][info ][gc,cpu         ] GC(65) User=0.01s Sys=0.00s Real=0.01s
[3132.815s][info ][safepoint      ] Safepoint "ParallelGCFailedAllocation", Time since last: 4961104636 ns, Reaching safepoint: 5900 ns, Cleanup: 3600 ns, At safepoint: 5633342 ns, Total: 5642842 ns
[3136.816s][info ][safepoint      ] Safepoint "Cleanup", Time since last: 4000268712 ns, Reaching safepoint: 6300 ns, Cleanup: 11800 ns, At safepoint: 1500 ns, Total: 19600 ns
[3138.816s][info ][safepoint      ] Safepoint "Cleanup", Time since last: 2000143423 ns, Reaching safepoint: 6400 ns, Cleanup: 10100 ns, At safepoint: 1400 ns, Total: 17900 ns
[3139.816s][info ][safepoint      ] Safepoint "Cleanup", Time since last: 1000116312 ns, Reaching safepoint: 8300 ns, Cleanup: 10800 ns, At safepoint: 5300 ns, Total: 24400 ns
[3155.817s][info ][safepoint      ] Safepoint "Cleanup", Time since last: 16001025703 ns, Reaching safepoint: 7200 ns, Cleanup: 10600 ns, At safepoint: 1700 ns, Total: 19500 ns
[3161.817s][info ][safepoint      ] Safepoint "Cleanup", Time since last: 6000417573 ns, Reaching safepoint: 6600 ns, Cleanup: 8400 ns, At safepoint: 1800 ns, Total: 16800 ns
[3171.818s][info ][safepoint      ] Safepoint "Cleanup", Time since last: 10000664573 ns, Reaching safepoint: 8600 ns, Cleanup: 9400 ns, At safepoint: 2400 ns, Total: 20400 ns
[3173.818s][info ][safepoint      ] Safepoint "Cleanup", Time since last: 2000165374 ns, Reaching safepoint: 7200 ns, Cleanup: 7800 ns, At safepoint: 1600 ns, Total: 16600 ns
[3183.863s][info ][safepoint      ] Safepoint "Cleanup", Time since last: 10044838122 ns, Reaching safepoint: 6400 ns, Cleanup: 7300 ns, At safepoint: 1800 ns, Total: 15500 ns
[3190.864s][info ][safepoint      ] Safepoint "Cleanup", Time since last: 7000473062 ns, Reaching safepoint: 6400 ns, Cleanup: 11400 ns, At safepoint: 19000 ns, Total: 36800 ns
[3192.864s][info ][safepoint      ] Safepoint "Cleanup", Time since last: 2000173268 ns, Reaching safepoint: 7600 ns, Cleanup: 8900 ns, At safepoint: 1700 ns, Total: 18200 ns
[3193.864s][info ][safepoint      ] Safepoint "Cleanup", Time since last: 1000099632 ns, Reaching safepoint: 6600 ns, Cleanup: 11600 ns, At safepoint: 18300 ns, Total: 36500 ns
[3195.805s][info ][gc,start       ] GC(66) Pause Young (Allocation Failure)
[3195.813s][debug][gc,phases      ] GC(66) Scavenge 8.002ms
[3195.813s][debug][gc,ref         ] GC(66) ReferenceProcessor::execute queues: 1, RefProcThreadModel::Single, marks_oops_alive: false
[3195.813s][debug][gc,ref         ] GC(66) Skipped KeepAliveFinalRefsPhase of Reference Processing: no references
[3195.813s][debug][gc,ref         ] GC(66) ReferenceProcessor::execute queues: 1, RefProcThreadModel::Single, marks_oops_alive: false
[3195.813s][debug][gc,phases      ] GC(66) Reference Processing 0.090ms
[3195.813s][debug][gc,phases      ] GC(66)   VM Weak                        Min:  0.0, Avg:  0.0, Max:  0.0, Diff:  0.0, Sum:  0.0, Workers: 4
[3195.813s][debug][gc,phases      ] GC(66)     Dead                           Min: 0, Avg:  0.0, Max: 0, Diff: 0, Sum: 0, Workers: 4
[3195.813s][debug][gc,phases      ] GC(66)     Total                          Min: 0, Avg: 233.0, Max: 740, Diff: 740, Sum: 932, Workers: 4
[3195.813s][debug][gc,phases      ] GC(66)   ObjectSynchronizer Weak        Min:  0.0, Avg:  0.0, Max:  0.0, Diff:  0.0, Sum:  0.0, Workers: 4
[3195.813s][debug][gc,phases      ] GC(66)     Dead                           Min: 0, Avg:  0.0, Max: 0, Diff: 0, Sum: 0, Workers: 4
[3195.813s][debug][gc,phases      ] GC(66)     Total                          Min: 0, Avg:  1.0, Max: 4, Diff: 4, Sum: 4, Workers: 4
[3195.813s][debug][gc,phases      ] GC(66)   JVMTI Tag Weak OopStorage      Min:  0.0, Avg:  0.0, Max:  0.0, Diff:  0.0, Sum:  0.0, Workers: 4
[3195.813s][debug][gc,phases      ] GC(66)     Dead                           Min: 0, Avg:  0.0, Max: 0, Diff: 0, Sum: 0, Workers: 4
[3195.813s][debug][gc,phases      ] GC(66)     Total                          Min: 0, Avg:  0.0, Max: 0, Diff: 0, Sum: 0, Workers: 4
[3195.813s][debug][gc,phases      ] GC(66)   StringTable Weak               Min:  0.0, Avg:  0.1, Max:  0.1, Diff:  0.1, Sum:  0.3, Workers: 4
[3195.813s][debug][gc,phases      ] GC(66)     Dead                           Min: 0, Avg:  0.0, Max: 0, Diff: 0, Sum: 0, Workers: 4
[3195.813s][debug][gc,phases      ] GC(66)     Total                          Min: 0, Avg: 11366.5, Max: 18970, Diff: 18970, Sum: 45466, Workers: 4
[3195.813s][debug][gc,phases      ] GC(66)   ResolvedMethodTable Weak       Min:  0.0, Avg:  0.0, Max:  0.0, Diff:  0.0, Sum:  0.1, Workers: 4
[3195.813s][debug][gc,phases      ] GC(66)     Dead                           Min: 0, Avg:  0.0, Max: 0, Diff: 0, Sum: 0, Workers: 4
[3195.813s][debug][gc,phases      ] GC(66)     Total                          Min: 0, Avg: 3080.0, Max: 5246, Diff: 5246, Sum: 12320, Workers: 4
[3195.813s][debug][gc,phases      ] GC(66)   JNI Weak                       Min:  0.0, Avg:  0.0, Max:  0.0, Diff:  0.0, Sum:  0.0, Workers: 4
[3195.813s][debug][gc,phases      ] GC(66)     Dead                           Min: 0, Avg:  0.0, Max: 0, Diff: 0, Sum: 0, Workers: 4
[3195.813s][debug][gc,phases      ] GC(66)     Total                          Min: 0, Avg: 12.0, Max: 48, Diff: 48, Sum: 48, Workers: 4
[3195.813s][debug][gc,phases      ] GC(66)   StringDedup Table Weak         Min:  0.0, Avg:  0.0, Max:  0.0, Diff:  0.0, Sum:  0.0, Workers: 4
[3195.813s][debug][gc,phases      ] GC(66)     Dead                           Min: 0, Avg:  0.0, Max: 0, Diff: 0, Sum: 0, Workers: 4
[3195.813s][debug][gc,phases      ] GC(66)     Total                          Min: 0, Avg:  0.0, Max: 0, Diff: 0, Sum: 0, Workers: 4
[3195.813s][debug][gc,phases      ] GC(66)   StringDedup Requests0 Weak     Min:  0.0, Avg:  0.0, Max:  0.0, Diff:  0.0, Sum:  0.0, Workers: 4
[3195.813s][debug][gc,phases      ] GC(66)     Dead                           Min: 0, Avg:  0.0, Max: 0, Diff: 0, Sum: 0, Workers: 4
[3195.813s][debug][gc,phases      ] GC(66)     Total                          Min: 0, Avg:  0.0, Max: 0, Diff: 0, Sum: 0, Workers: 4
[3195.813s][debug][gc,phases      ] GC(66)   StringDedup Requests1 Weak     Min:  0.0, Avg:  0.0, Max:  0.0, Diff:  0.0, Sum:  0.0, Workers: 4
[3195.813s][debug][gc,phases      ] GC(66)     Dead                           Min: 0, Avg:  0.0, Max: 0, Diff: 0, Sum: 0, Workers: 4
[3195.813s][debug][gc,phases      ] GC(66)     Total                          Min: 0, Avg:  0.0, Max: 0, Diff: 0, Sum: 0, Workers: 4
[3195.813s][debug][gc,phases      ] GC(66)   Weak JFR Old Object Samples    Min:  0.0, Avg:  0.0, Max:  0.0, Diff:  0.0, Sum:  0.0, Workers: 4
[3195.813s][debug][gc,phases      ] GC(66)     Dead                           Min: 0, Avg:  0.0, Max: 0, Diff: 0, Sum: 0, Workers: 4
[3195.813s][debug][gc,phases      ] GC(66)     Total                          Min: 0, Avg:  0.0, Max: 0, Diff: 0, Sum: 0, Workers: 4
[3195.813s][debug][gc,phases      ] GC(66) Weak Processing 0.317ms
[3195.813s][debug][gc,age         ] GC(66) Desired survivor size 51904512 bytes, new threshold 15 (max threshold 15)
[3195.813s][info ][gc,heap        ] GC(66) PSYoungGen: 1998114K(2043392K)->11106K(2040832K) Eden: 1987072K(1987072K)->0K(1987072K) From: 11042K(56320K)->11106K(53760K)
[3195.813s][info ][gc,heap        ] GC(66) ParOldGen: 340604K(449536K)->340652K(449536K)
[3195.813s][info ][gc,metaspace   ] GC(66) Metaspace: 90174K(91392K)->90174K(91392K) NonClass: 77390K(78080K)->77390K(78080K) Class: 12783K(13312K)->12783K(13312K)
[3195.813s][info ][gc             ] GC(66) Pause Young (Allocation Failure) 2283M->343M(2432M) 8.517ms
[3195.813s][info ][gc,cpu         ] GC(66) User=0.03s Sys=0.00s Real=0.01s
[3195.813s][info ][safepoint      ] Safepoint "ParallelGCFailedAllocation", Time since last: 1940914135 ns, Reaching safepoint: 76501 ns, Cleanup: 3400 ns, At safepoint: 8593762 ns, Total: 8673663 ns
[3197.814s][info ][safepoint      ] Safepoint "Cleanup", Time since last: 2000147263 ns, Reaching safepoint: 7400 ns, Cleanup: 8700 ns, At safepoint: 1900 ns, Total: 18000 ns
[3203.814s][info ][safepoint      ] Safepoint "Cleanup", Time since last: 6000408545 ns, Reaching safepoint: 6300 ns, Cleanup: 7200 ns, At safepoint: 4600 ns, Total: 18100 ns
[3204.814s][info ][safepoint      ] Safepoint "Cleanup", Time since last: 1000112675 ns, Reaching safepoint: 6701 ns, Cleanup: 8500 ns, At safepoint: 3900 ns, Total: 19101 ns
[3208.814s][info ][safepoint      ] Safepoint "Cleanup", Time since last: 4000288828 ns, Reaching safepoint: 7300 ns, Cleanup: 8600 ns, At safepoint: 1600 ns, Total: 17500 ns
[3211.815s][info ][safepoint      ] Safepoint "Cleanup", Time since last: 3000191865 ns, Reaching safepoint: 6600 ns, Cleanup: 8100 ns, At safepoint: 4100 ns, Total: 18800 ns
[3214.815s][info ][safepoint      ] Safepoint "Cleanup", Time since last: 3000220166 ns, Reaching safepoint: 7300 ns, Cleanup: 8900 ns, At safepoint: 1400 ns, Total: 17600 ns
[3215.815s][info ][safepoint      ] Safepoint "Cleanup", Time since last: 1000100288 ns, Reaching safepoint: 6800 ns, Cleanup: 9101 ns, At safepoint: 1600 ns, Total: 17501 ns
[3226.816s][info ][safepoint      ] Safepoint "Cleanup", Time since last: 11000682429 ns, Reaching safepoint: 6200 ns, Cleanup: 11000 ns, At safepoint: 4300 ns, Total: 21500 ns
[3227.816s][info ][safepoint      ] Safepoint "Cleanup", Time since last: 1000106248 ns, Reaching safepoint: 7800 ns, Cleanup: 9400 ns, At safepoint: 5900 ns, Total: 23100 ns
[3228.816s][info ][safepoint      ] Safepoint "Cleanup", Time since last: 1000119148 ns, Reaching safepoint: 7500 ns, Cleanup: 14900 ns, At safepoint: 1600 ns, Total: 24000 ns
[3230.816s][info ][safepoint      ] Safepoint "Cleanup", Time since last: 2000156995 ns, Reaching safepoint: 6800 ns, Cleanup: 16900 ns, At safepoint: 1300 ns, Total: 25000 ns
[3231.816s][info ][safepoint      ] Safepoint "Cleanup", Time since last: 1000056549 ns, Reaching safepoint: 6600 ns, Cleanup: 11201 ns, At safepoint: 1500 ns, Total: 19301 ns
[3233.816s][info ][safepoint      ] Safepoint "Cleanup", Time since last: 2000126860 ns, Reaching safepoint: 6100 ns, Cleanup: 8500 ns, At safepoint: 1400 ns, Total: 16000 ns
[3241.878s][info ][safepoint      ] Safepoint "Cleanup", Time since last: 8061594328 ns, Reaching safepoint: 6300 ns, Cleanup: 8800 ns, At safepoint: 1400 ns, Total: 16500 ns
[3242.878s][info ][safepoint      ] Safepoint "Cleanup", Time since last: 1000093055 ns, Reaching safepoint: 6600 ns, Cleanup: 18801 ns, At safepoint: 1700 ns, Total: 27101 ns
[3243.878s][info ][safepoint      ] Safepoint "Cleanup", Time since last: 1000097055 ns, Reaching safepoint: 6400 ns, Cleanup: 17200 ns, At safepoint: 1500 ns, Total: 25100 ns
[3245.878s][info ][safepoint      ] Safepoint "Cleanup", Time since last: 2000167410 ns, Reaching safepoint: 5500 ns, Cleanup: 5600 ns, At safepoint: 1500 ns, Total: 12600 ns
[3247.879s][info ][safepoint      ] Safepoint "Cleanup", Time since last: 2000161813 ns, Reaching safepoint: 6100 ns, Cleanup: 12300 ns, At safepoint: 1400 ns, Total: 19800 ns
[3251.879s][info ][safepoint      ] Safepoint "Cleanup", Time since last: 4000266636 ns, Reaching safepoint: 6600 ns, Cleanup: 7300 ns, At safepoint: 1700 ns, Total: 15600 ns
[3255.879s][info ][safepoint      ] Safepoint "Cleanup", Time since last: 4000297136 ns, Reaching safepoint: 6200 ns, Cleanup: 8800 ns, At safepoint: 1300 ns, Total: 16300 ns
[3258.717s][info ][gc,start       ] GC(67) Pause Young (Allocation Failure)
[3258.725s][debug][gc,phases      ] GC(67) Scavenge 8.096ms
[3258.725s][debug][gc,ref         ] GC(67) ReferenceProcessor::execute queues: 1, RefProcThreadModel::Single, marks_oops_alive: false
[3258.725s][debug][gc,ref         ] GC(67) Skipped KeepAliveFinalRefsPhase of Reference Processing: no references
[3258.725s][debug][gc,ref         ] GC(67) ReferenceProcessor::execute queues: 1, RefProcThreadModel::Single, marks_oops_alive: false
[3258.725s][debug][gc,phases      ] GC(67) Reference Processing 0.026ms
[3258.725s][debug][gc,phases      ] GC(67)   VM Weak                        Min:  0.0, Avg:  0.0, Max:  0.0, Diff:  0.0, Sum:  0.0, Workers: 4
[3258.725s][debug][gc,phases      ] GC(67)     Dead                           Min: 0, Avg:  0.0, Max: 0, Diff: 0, Sum: 0, Workers: 4
[3258.725s][debug][gc,phases      ] GC(67)     Total                          Min: 0, Avg: 233.0, Max: 932, Diff: 932, Sum: 932, Workers: 4
[3258.725s][debug][gc,phases      ] GC(67)   ObjectSynchronizer Weak        Min:  0.0, Avg:  0.0, Max:  0.0, Diff:  0.0, Sum:  0.0, Workers: 4
[3258.725s][debug][gc,phases      ] GC(67)     Dead                           Min: 0, Avg:  0.0, Max: 0, Diff: 0, Sum: 0, Workers: 4
[3258.725s][debug][gc,phases      ] GC(67)     Total                          Min: 0, Avg:  1.0, Max: 4, Diff: 4, Sum: 4, Workers: 4
[3258.725s][debug][gc,phases      ] GC(67)   JVMTI Tag Weak OopStorage      Min:  0.0, Avg:  0.0, Max:  0.0, Diff:  0.0, Sum:  0.0, Workers: 4
[3258.725s][debug][gc,phases      ] GC(67)     Dead                           Min: 0, Avg:  0.0, Max: 0, Diff: 0, Sum: 0, Workers: 4
[3258.725s][debug][gc,phases      ] GC(67)     Total                          Min: 0, Avg:  0.0, Max: 0, Diff: 0, Sum: 0, Workers: 4
[3258.725s][debug][gc,phases      ] GC(67)   StringTable Weak               Min:  0.0, Avg:  0.1, Max:  0.1, Diff:  0.1, Sum:  0.3, Workers: 4
[3258.725s][debug][gc,phases      ] GC(67)     Dead                           Min: 0, Avg:  0.2, Max: 1, Diff: 1, Sum: 1, Workers: 4
[3258.726s][debug][gc,phases      ] GC(67)     Total                          Min: 0, Avg: 11369.8, Max: 18879, Diff: 18879, Sum: 45479, Workers: 4
[3258.726s][debug][gc,phases      ] GC(67)   ResolvedMethodTable Weak       Min:  0.0, Avg:  0.0, Max:  0.0, Diff:  0.0, Sum:  0.1, Workers: 4
[3258.726s][debug][gc,phases      ] GC(67)     Dead                           Min: 0, Avg:  0.2, Max: 1, Diff: 1, Sum: 1, Workers: 4
[3258.726s][debug][gc,phases      ] GC(67)     Total                          Min: 0, Avg: 3082.5, Max: 5246, Diff: 5246, Sum: 12330, Workers: 4
[3258.726s][debug][gc,phases      ] GC(67)   JNI Weak                       Min:  0.0, Avg:  0.0, Max:  0.0, Diff:  0.0, Sum:  0.0, Workers: 4
[3258.726s][debug][gc,phases      ] GC(67)     Dead                           Min: 0, Avg:  0.0, Max: 0, Diff: 0, Sum: 0, Workers: 4
[3258.726s][debug][gc,phases      ] GC(67)     Total                          Min: 0, Avg: 12.0, Max: 48, Diff: 48, Sum: 48, Workers: 4
[3258.726s][debug][gc,phases      ] GC(67)   StringDedup Table Weak         Min:  0.0, Avg:  0.0, Max:  0.0, Diff:  0.0, Sum:  0.0, Workers: 4
[3258.726s][debug][gc,phases      ] GC(67)     Dead                           Min: 0, Avg:  0.0, Max: 0, Diff: 0, Sum: 0, Workers: 4
[3258.726s][debug][gc,phases      ] GC(67)     Total                          Min: 0, Avg:  0.0, Max: 0, Diff: 0, Sum: 0, Workers: 4
[3258.726s][debug][gc,phases      ] GC(67)   StringDedup Requests0 Weak     Min:  0.0, Avg:  0.0, Max:  0.0, Diff:  0.0, Sum:  0.0, Workers: 4
[3258.726s][debug][gc,phases      ] GC(67)     Dead                           Min: 0, Avg:  0.0, Max: 0, Diff: 0, Sum: 0, Workers: 4
[3258.726s][debug][gc,phases      ] GC(67)     Total                          Min: 0, Avg:  0.0, Max: 0, Diff: 0, Sum: 0, Workers: 4
[3258.726s][debug][gc,phases      ] GC(67)   StringDedup Requests1 Weak     Min:  0.0, Avg:  0.0, Max:  0.0, Diff:  0.0, Sum:  0.0, Workers: 4
[3258.726s][debug][gc,phases      ] GC(67)     Dead                           Min: 0, Avg:  0.0, Max: 0, Diff: 0, Sum: 0, Workers: 4
[3258.726s][debug][gc,phases      ] GC(67)     Total                          Min: 0, Avg:  0.0, Max: 0, Diff: 0, Sum: 0, Workers: 4
[3258.726s][debug][gc,phases      ] GC(67)   Weak JFR Old Object Samples    Min:  0.0, Avg:  0.0, Max:  0.0, Diff:  0.0, Sum:  0.0, Workers: 4
[3258.726s][debug][gc,phases      ] GC(67)     Dead                           Min: 0, Avg:  0.0, Max: 0, Diff: 0, Sum: 0, Workers: 4
[3258.726s][debug][gc,phases      ] GC(67)     Total                          Min: 0, Avg:  0.0, Max: 0, Diff: 0, Sum: 0, Workers: 4
[3258.726s][debug][gc,phases      ] GC(67) Weak Processing 0.323ms
[3258.726s][debug][gc,age         ] GC(67) Desired survivor size 49283072 bytes, new threshold 15 (max threshold 15)
[3258.726s][info ][gc,heap        ] GC(67) PSYoungGen: 1998178K(2040832K)->11755K(2049024K) Eden: 1987072K(1987072K)->0K(1998336K) From: 11106K(53760K)->11755K(50688K)
[3258.726s][info ][gc,heap        ] GC(67) ParOldGen: 340652K(449536K)->340692K(449536K)
[3258.726s][info ][gc,metaspace   ] GC(67) Metaspace: 90211K(91456K)->90211K(91456K) NonClass: 77421K(78144K)->77421K(78144K) Class: 12790K(13312K)->12790K(13312K)
[3258.726s][info ][gc             ] GC(67) Pause Young (Allocation Failure) 2284M->344M(2440M) 8.543ms
[3258.726s][info ][gc,cpu         ] GC(67) User=0.02s Sys=0.00s Real=0.01s
[3258.726s][info ][safepoint      ] Safepoint "ParallelGCFailedAllocation", Time since last: 2837808786 ns, Reaching safepoint: 5800 ns, Cleanup: 3100 ns, At safepoint: 8605562 ns, Total: 8614462 ns
[3259.726s][info ][safepoint      ] Safepoint "Cleanup", Time since last: 1000085785 ns, Reaching safepoint: 7100 ns, Cleanup: 8500 ns, At safepoint: 1700 ns, Total: 17300 ns
[3261.726s][info ][safepoint      ] Safepoint "Cleanup", Time since last: 2000160769 ns, Reaching safepoint: 6700 ns, Cleanup: 15500 ns, At safepoint: 1600 ns, Total: 23800 ns
[3268.726s][info ][safepoint      ] Safepoint "Cleanup", Time since last: 7000476138 ns, Reaching safepoint: 5900 ns, Cleanup: 8300 ns, At safepoint: 1400 ns, Total: 15600 ns
[3269.727s][info ][safepoint      ] Safepoint "Cleanup", Time since last: 1000092435 ns, Reaching safepoint: 6800 ns, Cleanup: 8200 ns, At safepoint: 1900 ns, Total: 16900 ns
[3271.727s][info ][safepoint      ] Safepoint "Cleanup", Time since last: 2000154970 ns, Reaching safepoint: 6600 ns, Cleanup: 10200 ns, At safepoint: 1700 ns, Total: 18500 ns
[3273.727s][info ][safepoint      ] Safepoint "Cleanup", Time since last: 2000144109 ns, Reaching safepoint: 5900 ns, Cleanup: 7400 ns, At safepoint: 1400 ns, Total: 14700 ns
[3275.727s][info ][safepoint      ] Safepoint "Cleanup", Time since last: 2000168610 ns, Reaching safepoint: 6000 ns, Cleanup: 8200 ns, At safepoint: 1800 ns, Total: 16000 ns
[3277.727s][info ][safepoint      ] Safepoint "Cleanup", Time since last: 2000151210 ns, Reaching safepoint: 6000 ns, Cleanup: 5201 ns, At safepoint: 1500 ns, Total: 12701 ns
[3278.727s][info ][safepoint      ] Safepoint "Cleanup", Time since last: 1000114055 ns, Reaching safepoint: 5800 ns, Cleanup: 8000 ns, At safepoint: 1300 ns, Total: 15100 ns
[3281.728s][info ][safepoint      ] Safepoint "Cleanup", Time since last: 3000191873 ns, Reaching safepoint: 6300 ns, Cleanup: 7300 ns, At safepoint: 1400 ns, Total: 15000 ns
[3293.728s][info ][safepoint      ] Safepoint "Cleanup", Time since last: 12000782661 ns, Reaching safepoint: 6800 ns, Cleanup: 9700 ns, At safepoint: 1700 ns, Total: 18200 ns
[3296.729s][info ][safepoint      ] Safepoint "Cleanup", Time since last: 3000228940 ns, Reaching safepoint: 6200 ns, Cleanup: 7600 ns, At safepoint: 1400 ns, Total: 15200 ns
[3313.894s][info ][safepoint      ] Safepoint "Cleanup", Time since last: 17165174965 ns, Reaching safepoint: 6100 ns, Cleanup: 6700 ns, At safepoint: 1500 ns, Total: 14300 ns
[3314.894s][info ][safepoint      ] Safepoint "Cleanup", Time since last: 1000106802 ns, Reaching safepoint: 6200 ns, Cleanup: 9600 ns, At safepoint: 1500 ns, Total: 17300 ns
[3316.894s][info ][safepoint      ] Safepoint "Cleanup", Time since last: 2000123403 ns, Reaching safepoint: 6300 ns, Cleanup: 12600 ns, At safepoint: 1600 ns, Total: 20500 ns
[3328.107s][info ][gc,start       ] GC(68) Pause Young (Allocation Failure)
[3328.113s][debug][gc,phases      ] GC(68) Scavenge 5.505ms
[3328.113s][debug][gc,ref         ] GC(68) ReferenceProcessor::execute queues: 1, RefProcThreadModel::Single, marks_oops_alive: false
[3328.113s][debug][gc,ref         ] GC(68) Skipped KeepAliveFinalRefsPhase of Reference Processing: no references
[3328.113s][debug][gc,ref         ] GC(68) ReferenceProcessor::execute queues: 1, RefProcThreadModel::Single, marks_oops_alive: false
[3328.113s][debug][gc,phases      ] GC(68) Reference Processing 0.093ms
[3328.113s][debug][gc,phases      ] GC(68)   VM Weak                        Min:  0.0, Avg:  0.0, Max:  0.0, Diff:  0.0, Sum:  0.0, Workers: 4
[3328.113s][debug][gc,phases      ] GC(68)     Dead                           Min: 0, Avg:  0.0, Max: 0, Diff: 0, Sum: 0, Workers: 4
[3328.113s][debug][gc,phases      ] GC(68)     Total                          Min: 0, Avg: 233.0, Max: 868, Diff: 868, Sum: 932, Workers: 4
[3328.113s][debug][gc,phases      ] GC(68)   ObjectSynchronizer Weak        Min:  0.0, Avg:  0.0, Max:  0.0, Diff:  0.0, Sum:  0.0, Workers: 4
[3328.113s][debug][gc,phases      ] GC(68)     Dead                           Min: 0, Avg:  0.0, Max: 0, Diff: 0, Sum: 0, Workers: 4
[3328.113s][debug][gc,phases      ] GC(68)     Total                          Min: 0, Avg:  1.0, Max: 4, Diff: 4, Sum: 4, Workers: 4
[3328.113s][debug][gc,phases      ] GC(68)   JVMTI Tag Weak OopStorage      Min:  0.0, Avg:  0.0, Max:  0.0, Diff:  0.0, Sum:  0.0, Workers: 4
[3328.113s][debug][gc,phases      ] GC(68)     Dead                           Min: 0, Avg:  0.0, Max: 0, Diff: 0, Sum: 0, Workers: 4
[3328.113s][debug][gc,phases      ] GC(68)     Total                          Min: 0, Avg:  0.0, Max: 0, Diff: 0, Sum: 0, Workers: 4
[3328.113s][debug][gc,phases      ] GC(68)   StringTable Weak               Min:  0.0, Avg:  0.1, Max:  0.1, Diff:  0.1, Sum:  0.3, Workers: 4
[3328.113s][debug][gc,phases      ] GC(68)     Dead                           Min: 0, Avg:  0.0, Max: 0, Diff: 0, Sum: 0, Workers: 4
[3328.113s][debug][gc,phases      ] GC(68)     Total                          Min: 0, Avg: 11371.2, Max: 18816, Diff: 18816, Sum: 45485, Workers: 4
[3328.113s][debug][gc,phases      ] GC(68)   ResolvedMethodTable Weak       Min:  0.0, Avg:  0.0, Max:  0.0, Diff:  0.0, Sum:  0.1, Workers: 4
[3328.113s][debug][gc,phases      ] GC(68)     Dead                           Min: 0, Avg:  0.0, Max: 0, Diff: 0, Sum: 0, Workers: 4
[3328.113s][debug][gc,phases      ] GC(68)     Total                          Min: 0, Avg: 3083.0, Max: 5231, Diff: 5231, Sum: 12332, Workers: 4
[3328.113s][debug][gc,phases      ] GC(68)   JNI Weak                       Min:  0.0, Avg:  0.0, Max:  0.0, Diff:  0.0, Sum:  0.0, Workers: 4
[3328.113s][debug][gc,phases      ] GC(68)     Dead                           Min: 0, Avg:  0.0, Max: 0, Diff: 0, Sum: 0, Workers: 4
[3328.113s][debug][gc,phases      ] GC(68)     Total                          Min: 0, Avg: 12.0, Max: 48, Diff: 48, Sum: 48, Workers: 4
[3328.113s][debug][gc,phases      ] GC(68)   StringDedup Table Weak         Min:  0.0, Avg:  0.0, Max:  0.0, Diff:  0.0, Sum:  0.0, Workers: 4
[3328.113s][debug][gc,phases      ] GC(68)     Dead                           Min: 0, Avg:  0.0, Max: 0, Diff: 0, Sum: 0, Workers: 4
[3328.113s][debug][gc,phases      ] GC(68)     Total                          Min: 0, Avg:  0.0, Max: 0, Diff: 0, Sum: 0, Workers: 4
[3328.113s][debug][gc,phases      ] GC(68)   StringDedup Requests0 Weak     Min:  0.0, Avg:  0.0, Max:  0.0, Diff:  0.0, Sum:  0.0, Workers: 4
[3328.113s][debug][gc,phases      ] GC(68)     Dead                           Min: 0, Avg:  0.0, Max: 0, Diff: 0, Sum: 0, Workers: 4
[3328.113s][debug][gc,phases      ] GC(68)     Total                          Min: 0, Avg:  0.0, Max: 0, Diff: 0, Sum: 0, Workers: 4
[3328.113s][debug][gc,phases      ] GC(68)   StringDedup Requests1 Weak     Min:  0.0, Avg:  0.0, Max:  0.0, Diff:  0.0, Sum:  0.0, Workers: 4
[3328.113s][debug][gc,phases      ] GC(68)     Dead                           Min: 0, Avg:  0.0, Max: 0, Diff: 0, Sum: 0, Workers: 4
[3328.113s][debug][gc,phases      ] GC(68)     Total                          Min: 0, Avg:  0.0, Max: 0, Diff: 0, Sum: 0, Workers: 4
[3328.113s][debug][gc,phases      ] GC(68)   Weak JFR Old Object Samples    Min:  0.0, Avg:  0.0, Max:  0.0, Diff:  0.0, Sum:  0.0, Workers: 4
[3328.113s][debug][gc,phases      ] GC(68)     Dead                           Min: 0, Avg:  0.0, Max: 0, Diff: 0, Sum: 0, Workers: 4
[3328.113s][debug][gc,phases      ] GC(68)     Total                          Min: 0, Avg:  0.0, Max: 0, Diff: 0, Sum: 0, Workers: 4
[3328.113s][debug][gc,phases      ] GC(68) Weak Processing 0.323ms
[3328.113s][debug][gc,age         ] GC(68) Desired survivor size 46661632 bytes, new threshold 15 (max threshold 15)
[3328.113s][info ][gc,heap        ] GC(68) PSYoungGen: 2010091K(2049024K)->11314K(2046464K) Eden: 1998336K(1998336K)->0K(1998336K) From: 11755K(50688K)->11314K(48128K)
[3328.113s][info ][gc,heap        ] GC(68) ParOldGen: 340692K(449536K)->340716K(449536K)
[3328.113s][info ][gc,metaspace   ] GC(68) Metaspace: 90257K(91456K)->90257K(91456K) NonClass: 77466K(78144K)->77466K(78144K) Class: 12791K(13312K)->12791K(13312K)
[3328.113s][info ][gc             ] GC(68) Pause Young (Allocation Failure) 2295M->343M(2437M) 6.035ms
[3328.113s][info ][gc,cpu         ] GC(68) User=0.02s Sys=0.00s Real=0.01s
[3328.113s][info ][safepoint      ] Safepoint "ParallelGCFailedAllocation", Time since last: 11213176639 ns, Reaching safepoint: 6001 ns, Cleanup: 3200 ns, At safepoint: 6122458 ns, Total: 6131659 ns
[3350.115s][info ][safepoint      ] Safepoint "Cleanup", Time since last: 22001405298 ns, Reaching safepoint: 7000 ns, Cleanup: 9400 ns, At safepoint: 1800 ns, Total: 18200 ns
[3390.910s][info ][safepoint      ] Safepoint "Cleanup", Time since last: 40794764975 ns, Reaching safepoint: 6400 ns, Cleanup: 12300 ns, At safepoint: 1700 ns, Total: 20400 ns
[3391.910s][info ][safepoint      ] Safepoint "Cleanup", Time since last: 1000108915 ns, Reaching safepoint: 6600 ns, Cleanup: 11200 ns, At safepoint: 1900 ns, Total: 19700 ns
[3404.558s][info ][gc,start       ] GC(69) Pause Young (Allocation Failure)
[3404.562s][debug][gc,phases      ] GC(69) Scavenge 4.392ms
[3404.563s][debug][gc,ref         ] GC(69) ReferenceProcessor::execute queues: 1, RefProcThreadModel::Single, marks_oops_alive: false
[3404.563s][debug][gc,ref         ] GC(69) Skipped KeepAliveFinalRefsPhase of Reference Processing: no references
[3404.563s][debug][gc,ref         ] GC(69) ReferenceProcessor::execute queues: 1, RefProcThreadModel::Single, marks_oops_alive: false
[3404.563s][debug][gc,phases      ] GC(69) Reference Processing 0.105ms
[3404.563s][debug][gc,phases      ] GC(69)   VM Weak                        Min:  0.0, Avg:  0.0, Max:  0.0, Diff:  0.0, Sum:  0.0, Workers: 4
[3404.563s][debug][gc,phases      ] GC(69)     Dead                           Min: 0, Avg:  0.0, Max: 0, Diff: 0, Sum: 0, Workers: 4
[3404.563s][debug][gc,phases      ] GC(69)     Total                          Min: 0, Avg: 233.0, Max: 868, Diff: 868, Sum: 932, Workers: 4
[3404.563s][debug][gc,phases      ] GC(69)   ObjectSynchronizer Weak        Min:  0.0, Avg:  0.0, Max:  0.0, Diff:  0.0, Sum:  0.0, Workers: 4
[3404.563s][debug][gc,phases      ] GC(69)     Dead                           Min: 0, Avg:  0.0, Max: 0, Diff: 0, Sum: 0, Workers: 4
[3404.563s][debug][gc,phases      ] GC(69)     Total                          Min: 0, Avg:  1.0, Max: 4, Diff: 4, Sum: 4, Workers: 4
[3404.563s][debug][gc,phases      ] GC(69)   JVMTI Tag Weak OopStorage      Min:  0.0, Avg:  0.0, Max:  0.0, Diff:  0.0, Sum:  0.0, Workers: 4
[3404.563s][debug][gc,phases      ] GC(69)     Dead                           Min: 0, Avg:  0.0, Max: 0, Diff: 0, Sum: 0, Workers: 4
[3404.563s][debug][gc,phases      ] GC(69)     Total                          Min: 0, Avg:  0.0, Max: 0, Diff: 0, Sum: 0, Workers: 4
[3404.563s][debug][gc,phases      ] GC(69)   StringTable Weak               Min:  0.0, Avg:  0.1, Max:  0.1, Diff:  0.1, Sum:  0.3, Workers: 4
[3404.563s][debug][gc,phases      ] GC(69)     Dead                           Min: 0, Avg:  0.0, Max: 0, Diff: 0, Sum: 0, Workers: 4
[3404.563s][debug][gc,phases      ] GC(69)     Total                          Min: 0, Avg: 11371.2, Max: 19838, Diff: 19838, Sum: 45485, Workers: 4
[3404.563s][debug][gc,phases      ] GC(69)   ResolvedMethodTable Weak       Min:  0.0, Avg:  0.0, Max:  0.0, Diff:  0.0, Sum:  0.1, Workers: 4
[3404.563s][debug][gc,phases      ] GC(69)     Dead                           Min: 0, Avg:  0.0, Max: 0, Diff: 0, Sum: 0, Workers: 4
[3404.563s][debug][gc,phases      ] GC(69)     Total                          Min: 0, Avg: 3083.0, Max: 4479, Diff: 4479, Sum: 12332, Workers: 4
[3404.563s][debug][gc,phases      ] GC(69)   JNI Weak                       Min:  0.0, Avg:  0.0, Max:  0.0, Diff:  0.0, Sum:  0.0, Workers: 4
[3404.563s][debug][gc,phases      ] GC(69)     Dead                           Min: 0, Avg:  0.0, Max: 0, Diff: 0, Sum: 0, Workers: 4
[3404.563s][debug][gc,phases      ] GC(69)     Total                          Min: 0, Avg: 12.0, Max: 48, Diff: 48, Sum: 48, Workers: 4
[3404.563s][debug][gc,phases      ] GC(69)   StringDedup Table Weak         Min:  0.0, Avg:  0.0, Max:  0.0, Diff:  0.0, Sum:  0.0, Workers: 4
[3404.563s][debug][gc,phases      ] GC(69)     Dead                           Min: 0, Avg:  0.0, Max: 0, Diff: 0, Sum: 0, Workers: 4
[3404.563s][debug][gc,phases      ] GC(69)     Total                          Min: 0, Avg:  0.0, Max: 0, Diff: 0, Sum: 0, Workers: 4
[3404.563s][debug][gc,phases      ] GC(69)   StringDedup Requests0 Weak     Min:  0.0, Avg:  0.0, Max:  0.0, Diff:  0.0, Sum:  0.0, Workers: 4
[3404.563s][debug][gc,phases      ] GC(69)     Dead                           Min: 0, Avg:  0.0, Max: 0, Diff: 0, Sum: 0, Workers: 4
[3404.563s][debug][gc,phases      ] GC(69)     Total                          Min: 0, Avg:  0.0, Max: 0, Diff: 0, Sum: 0, Workers: 4
[3404.563s][debug][gc,phases      ] GC(69)   StringDedup Requests1 Weak     Min:  0.0, Avg:  0.0, Max:  0.0, Diff:  0.0, Sum:  0.0, Workers: 4
[3404.563s][debug][gc,phases      ] GC(69)     Dead                           Min: 0, Avg:  0.0, Max: 0, Diff: 0, Sum: 0, Workers: 4
[3404.563s][debug][gc,phases      ] GC(69)     Total                          Min: 0, Avg:  0.0, Max: 0, Diff: 0, Sum: 0, Workers: 4
[3404.563s][debug][gc,phases      ] GC(69)   Weak JFR Old Object Samples    Min:  0.0, Avg:  0.0, Max:  0.0, Diff:  0.0, Sum:  0.0, Workers: 4
[3404.563s][debug][gc,phases      ] GC(69)     Dead                           Min: 0, Avg:  0.0, Max: 0, Diff: 0, Sum: 0, Workers: 4
[3404.563s][debug][gc,phases      ] GC(69)     Total                          Min: 0, Avg:  0.0, Max: 0, Diff: 0, Sum: 0, Workers: 4
[3404.563s][debug][gc,phases      ] GC(69) Weak Processing 0.326ms
[3404.563s][debug][gc,age         ] GC(69) Desired survivor size 44040192 bytes, new threshold 15 (max threshold 15)
[3404.563s][info ][gc,heap        ] GC(69) PSYoungGen: 2009650K(2046464K)->11122K(2054144K) Eden: 1998336K(1998336K)->0K(2008576K) From: 11314K(48128K)->11122K(45568K)
[3404.563s][info ][gc,heap        ] GC(69) ParOldGen: 340716K(449536K)->340840K(449536K)
[3404.563s][info ][gc,metaspace   ] GC(69) Metaspace: 90277K(91520K)->90277K(91520K) NonClass: 77486K(78208K)->77486K(78208K) Class: 12791K(13312K)->12791K(13312K)
[3404.563s][info ][gc             ] GC(69) Pause Young (Allocation Failure) 2295M->343M(2445M) 4.940ms
[3404.563s][info ][gc,cpu         ] GC(69) User=0.02s Sys=0.00s Real=0.01s
[3404.563s][info ][safepoint      ] Safepoint "ParallelGCFailedAllocation", Time since last: 12648292533 ns, Reaching safepoint: 5900 ns, Cleanup: 3200 ns, At safepoint: 5004640 ns, Total: 5013740 ns
[3415.372s][info ][safepoint      ] Safepoint "Cleanup", Time since last: 10808571107 ns, Reaching safepoint: 6000 ns, Cleanup: 9400 ns, At safepoint: 1900 ns, Total: 17300 ns
[3416.372s][info ][safepoint      ] Safepoint "Cleanup", Time since last: 1000094966 ns, Reaching safepoint: 6201 ns, Cleanup: 8700 ns, At safepoint: 1800 ns, Total: 16701 ns
[3417.372s][info ][safepoint      ] Safepoint "Cleanup", Time since last: 1000054147 ns, Reaching safepoint: 5900 ns, Cleanup: 8200 ns, At safepoint: 1800 ns, Total: 15900 ns
[3440.924s][info ][safepoint      ] Safepoint "Cleanup", Time since last: 23551908802 ns, Reaching safepoint: 6200 ns, Cleanup: 11900 ns, At safepoint: 1800 ns, Total: 19900 ns
[3441.924s][info ][safepoint      ] Safepoint "Cleanup", Time since last: 1000117825 ns, Reaching safepoint: 6900 ns, Cleanup: 20400 ns, At safepoint: 2100 ns, Total: 29400 ns
[3450.924s][info ][safepoint      ] Safepoint "Cleanup", Time since last: 9000604365 ns, Reaching safepoint: 6100 ns, Cleanup: 8500 ns, At safepoint: 2000 ns, Total: 16600 ns
[3453.925s][info ][safepoint      ] Safepoint "Cleanup", Time since last: 3000233121 ns, Reaching safepoint: 6000 ns, Cleanup: 8000 ns, At safepoint: 1400 ns, Total: 15400 ns
[3455.925s][info ][safepoint      ] Safepoint "Cleanup", Time since last: 2000161681 ns, Reaching safepoint: 6500 ns, Cleanup: 9400 ns, At safepoint: 1700 ns, Total: 17600 ns
[3465.926s][info ][safepoint      ] Safepoint "Cleanup", Time since last: 10000635368 ns, Reaching safepoint: 6800 ns, Cleanup: 7800 ns, At safepoint: 1800 ns, Total: 16400 ns
[3474.926s][info ][safepoint      ] Safepoint "Cleanup", Time since last: 9000593108 ns, Reaching safepoint: 6000 ns, Cleanup: 9100 ns, At safepoint: 1900 ns, Total: 17000 ns
[3475.926s][info ][safepoint      ] Safepoint "Cleanup", Time since last: 1000121807 ns, Reaching safepoint: 6200 ns, Cleanup: 8900 ns, At safepoint: 1800 ns, Total: 16900 ns
[3476.926s][info ][safepoint      ] Safepoint "Cleanup", Time since last: 1000094807 ns, Reaching safepoint: 5900 ns, Cleanup: 14400 ns, At safepoint: 1800 ns, Total: 22100 ns
[3477.207s][info ][gc,start       ] GC(70) Pause Young (Allocation Failure)
[3477.212s][debug][gc,phases      ] GC(70) Scavenge 4.093ms
[3477.212s][debug][gc,ref         ] GC(70) ReferenceProcessor::execute queues: 1, RefProcThreadModel::Single, marks_oops_alive: false
[3477.212s][debug][gc,ref         ] GC(70) Skipped KeepAliveFinalRefsPhase of Reference Processing: no references
[3477.212s][debug][gc,ref         ] GC(70) ReferenceProcessor::execute queues: 1, RefProcThreadModel::Single, marks_oops_alive: false
[3477.212s][debug][gc,phases      ] GC(70) Reference Processing 0.089ms
[3477.212s][debug][gc,phases      ] GC(70)   VM Weak                        Min:  0.0, Avg:  0.0, Max:  0.0, Diff:  0.0, Sum:  0.0, Workers: 4
[3477.212s][debug][gc,phases      ] GC(70)     Dead                           Min: 0, Avg:  0.0, Max: 0, Diff: 0, Sum: 0, Workers: 4
[3477.212s][debug][gc,phases      ] GC(70)     Total                          Min: 0, Avg: 233.0, Max: 548, Diff: 548, Sum: 932, Workers: 4
[3477.212s][debug][gc,phases      ] GC(70)   ObjectSynchronizer Weak        Min:  0.0, Avg:  0.0, Max:  0.0, Diff:  0.0, Sum:  0.0, Workers: 4
[3477.212s][debug][gc,phases      ] GC(70)     Dead                           Min: 0, Avg:  0.0, Max: 0, Diff: 0, Sum: 0, Workers: 4
[3477.212s][debug][gc,phases      ] GC(70)     Total                          Min: 0, Avg:  1.0, Max: 4, Diff: 4, Sum: 4, Workers: 4
[3477.212s][debug][gc,phases      ] GC(70)   JVMTI Tag Weak OopStorage      Min:  0.0, Avg:  0.0, Max:  0.0, Diff:  0.0, Sum:  0.0, Workers: 4
[3477.212s][debug][gc,phases      ] GC(70)     Dead                           Min: 0, Avg:  0.0, Max: 0, Diff: 0, Sum: 0, Workers: 4
[3477.212s][debug][gc,phases      ] GC(70)     Total                          Min: 0, Avg:  0.0, Max: 0, Diff: 0, Sum: 0, Workers: 4
[3477.212s][debug][gc,phases      ] GC(70)   StringTable Weak               Min:  0.0, Avg:  0.1, Max:  0.1, Diff:  0.1, Sum:  0.3, Workers: 4
[3477.212s][debug][gc,phases      ] GC(70)     Dead                           Min: 0, Avg:  0.2, Max: 1, Diff: 1, Sum: 1, Workers: 4
[3477.212s][debug][gc,phases      ] GC(70)     Total                          Min: 0, Avg: 11373.0, Max: 19007, Diff: 19007, Sum: 45492, Workers: 4
[3477.212s][debug][gc,phases      ] GC(70)   ResolvedMethodTable Weak       Min:  0.0, Avg:  0.0, Max:  0.0, Diff:  0.0, Sum:  0.1, Workers: 4
[3477.212s][debug][gc,phases      ] GC(70)     Dead                           Min: 0, Avg:  0.0, Max: 0, Diff: 0, Sum: 0, Workers: 4
[3477.212s][debug][gc,phases      ] GC(70)     Total                          Min: 0, Avg: 3084.2, Max: 4543, Diff: 4543, Sum: 12337, Workers: 4
[3477.212s][debug][gc,phases      ] GC(70)   JNI Weak                       Min:  0.0, Avg:  0.0, Max:  0.0, Diff:  0.0, Sum:  0.0, Workers: 4
[3477.212s][debug][gc,phases      ] GC(70)     Dead                           Min: 0, Avg:  0.0, Max: 0, Diff: 0, Sum: 0, Workers: 4
[3477.212s][debug][gc,phases      ] GC(70)     Total                          Min: 0, Avg: 12.0, Max: 48, Diff: 48, Sum: 48, Workers: 4
[3477.212s][debug][gc,phases      ] GC(70)   StringDedup Table Weak         Min:  0.0, Avg:  0.0, Max:  0.0, Diff:  0.0, Sum:  0.0, Workers: 4
[3477.212s][debug][gc,phases      ] GC(70)     Dead                           Min: 0, Avg:  0.0, Max: 0, Diff: 0, Sum: 0, Workers: 4
[3477.212s][debug][gc,phases      ] GC(70)     Total                          Min: 0, Avg:  0.0, Max: 0, Diff: 0, Sum: 0, Workers: 4
[3477.212s][debug][gc,phases      ] GC(70)   StringDedup Requests0 Weak     Min:  0.0, Avg:  0.0, Max:  0.0, Diff:  0.0, Sum:  0.0, Workers: 4
[3477.212s][debug][gc,phases      ] GC(70)     Dead                           Min: 0, Avg:  0.0, Max: 0, Diff: 0, Sum: 0, Workers: 4
[3477.212s][debug][gc,phases      ] GC(70)     Total                          Min: 0, Avg:  0.0, Max: 0, Diff: 0, Sum: 0, Workers: 4
[3477.212s][debug][gc,phases      ] GC(70)   StringDedup Requests1 Weak     Min:  0.0, Avg:  0.0, Max:  0.0, Diff:  0.0, Sum:  0.0, Workers: 4
[3477.212s][debug][gc,phases      ] GC(70)     Dead                           Min: 0, Avg:  0.0, Max: 0, Diff: 0, Sum: 0, Workers: 4
[3477.212s][debug][gc,phases      ] GC(70)     Total                          Min: 0, Avg:  0.0, Max: 0, Diff: 0, Sum: 0, Workers: 4
[3477.212s][debug][gc,phases      ] GC(70)   Weak JFR Old Object Samples    Min:  0.0, Avg:  0.0, Max:  0.0, Diff:  0.0, Sum:  0.0, Workers: 4
[3477.212s][debug][gc,phases      ] GC(70)     Dead                           Min: 0, Avg:  0.0, Max: 0, Diff: 0, Sum: 0, Workers: 4
[3477.212s][debug][gc,phases      ] GC(70)     Total                          Min: 0, Avg:  0.0, Max: 0, Diff: 0, Sum: 0, Workers: 4
[3477.212s][debug][gc,phases      ] GC(70) Weak Processing 0.335ms
[3477.212s][debug][gc,age         ] GC(70) Desired survivor size 41418752 bytes, new threshold 15 (max threshold 15)
[3477.212s][info ][gc,heap        ] GC(70) PSYoungGen: 2019698K(2054144K)->11202K(2051584K) Eden: 2008576K(2008576K)->0K(2008576K) From: 11122K(45568K)->11202K(43008K)
[3477.212s][info ][gc,heap        ] GC(70) ParOldGen: 340840K(449536K)->340944K(449536K)
[3477.212s][info ][gc,metaspace   ] GC(70) Metaspace: 90305K(91520K)->90305K(91520K) NonClass: 77511K(78208K)->77511K(78208K) Class: 12794K(13312K)->12794K(13312K)
[3477.212s][info ][gc             ] GC(70) Pause Young (Allocation Failure) 2305M->343M(2442M) 4.623ms
[3477.212s][info ][gc,cpu         ] GC(70) User=0.01s Sys=0.00s Real=0.00s
[3477.212s][info ][safepoint      ] Safepoint "ParallelGCFailedAllocation", Time since last: 280970434 ns, Reaching safepoint: 5900 ns, Cleanup: 3700 ns, At safepoint: 4689439 ns, Total: 4699039 ns
[3501.939s][info ][safepoint      ] Safepoint "Cleanup", Time since last: 24726738704 ns, Reaching safepoint: 6600 ns, Cleanup: 11700 ns, At safepoint: 2300 ns, Total: 20600 ns
[3502.939s][info ][safepoint      ] Safepoint "Cleanup", Time since last: 1000107118 ns, Reaching safepoint: 6100 ns, Cleanup: 6400 ns, At safepoint: 2700 ns, Total: 15200 ns
[3503.939s][info ][safepoint      ] Safepoint "Cleanup", Time since last: 1000094919 ns, Reaching safepoint: 6000 ns, Cleanup: 12000 ns, At safepoint: 1800 ns, Total: 19800 ns
[3520.940s][info ][safepoint      ] Safepoint "Cleanup", Time since last: 17001102616 ns, Reaching safepoint: 6800 ns, Cleanup: 9100 ns, At safepoint: 1800 ns, Total: 17700 ns
[3521.940s][info ][safepoint      ] Safepoint "Cleanup", Time since last: 1000105569 ns, Reaching safepoint: 6100 ns, Cleanup: 7701 ns, At safepoint: 1400 ns, Total: 15201 ns
[3523.940s][info ][safepoint      ] Safepoint "Cleanup", Time since last: 2000140638 ns, Reaching safepoint: 6200 ns, Cleanup: 19600 ns, At safepoint: 3900 ns, Total: 29700 ns
[3543.063s][info ][gc,start       ] GC(71) Pause Young (Allocation Failure)
[3543.069s][debug][gc,phases      ] GC(71) Scavenge 5.869ms
[3543.069s][debug][gc,ref         ] GC(71) ReferenceProcessor::execute queues: 1, RefProcThreadModel::Single, marks_oops_alive: false
[3543.069s][debug][gc,ref         ] GC(71) Skipped KeepAliveFinalRefsPhase of Reference Processing: no references
[3543.069s][debug][gc,ref         ] GC(71) ReferenceProcessor::execute queues: 1, RefProcThreadModel::Single, marks_oops_alive: false
[3543.069s][debug][gc,phases      ] GC(71) Reference Processing 0.085ms
[3543.069s][debug][gc,phases      ] GC(71)   VM Weak                        Min:  0.0, Avg:  0.0, Max:  0.0, Diff:  0.0, Sum:  0.0, Workers: 4
[3543.069s][debug][gc,phases      ] GC(71)     Dead                           Min: 0, Avg:  0.0, Max: 0, Diff: 0, Sum: 0, Workers: 4
[3543.069s][debug][gc,phases      ] GC(71)     Total                          Min: 0, Avg: 233.0, Max: 384, Diff: 384, Sum: 932, Workers: 4
[3543.069s][debug][gc,phases      ] GC(71)   ObjectSynchronizer Weak        Min:  0.0, Avg:  0.0, Max:  0.0, Diff:  0.0, Sum:  0.0, Workers: 4
[3543.069s][debug][gc,phases      ] GC(71)     Dead                           Min: 0, Avg:  0.0, Max: 0, Diff: 0, Sum: 0, Workers: 4
[3543.069s][debug][gc,phases      ] GC(71)     Total                          Min: 0, Avg:  1.0, Max: 4, Diff: 4, Sum: 4, Workers: 4
[3543.069s][debug][gc,phases      ] GC(71)   JVMTI Tag Weak OopStorage      Min:  0.0, Avg:  0.0, Max:  0.0, Diff:  0.0, Sum:  0.0, Workers: 4
[3543.069s][debug][gc,phases      ] GC(71)     Dead                           Min: 0, Avg:  0.0, Max: 0, Diff: 0, Sum: 0, Workers: 4
[3543.069s][debug][gc,phases      ] GC(71)     Total                          Min: 0, Avg:  0.0, Max: 0, Diff: 0, Sum: 0, Workers: 4
[3543.069s][debug][gc,phases      ] GC(71)   StringTable Weak               Min:  0.0, Avg:  0.1, Max:  0.1, Diff:  0.1, Sum:  0.3, Workers: 4
[3543.069s][debug][gc,phases      ] GC(71)     Dead                           Min: 0, Avg:  0.2, Max: 1, Diff: 1, Sum: 1, Workers: 4
[3543.069s][debug][gc,phases      ] GC(71)     Total                          Min: 0, Avg: 11375.0, Max: 19774, Diff: 19774, Sum: 45500, Workers: 4
[3543.069s][debug][gc,phases      ] GC(71)   ResolvedMethodTable Weak       Min:  0.0, Avg:  0.0, Max:  0.0, Diff:  0.0, Sum:  0.1, Workers: 4
[3543.069s][debug][gc,phases      ] GC(71)     Dead                           Min: 0, Avg:  0.0, Max: 0, Diff: 0, Sum: 0, Workers: 4
[3543.069s][debug][gc,phases      ] GC(71)     Total                          Min: 0, Avg: 3086.5, Max: 5117, Diff: 5117, Sum: 12346, Workers: 4
[3543.069s][debug][gc,phases      ] GC(71)   JNI Weak                       Min:  0.0, Avg:  0.0, Max:  0.0, Diff:  0.0, Sum:  0.0, Workers: 4
[3543.070s][debug][gc,phases      ] GC(71)     Dead                           Min: 0, Avg:  0.0, Max: 0, Diff: 0, Sum: 0, Workers: 4
[3543.070s][debug][gc,phases      ] GC(71)     Total                          Min: 0, Avg: 12.0, Max: 48, Diff: 48, Sum: 48, Workers: 4
[3543.070s][debug][gc,phases      ] GC(71)   StringDedup Table Weak         Min:  0.0, Avg:  0.0, Max:  0.0, Diff:  0.0, Sum:  0.0, Workers: 4
[3543.070s][debug][gc,phases      ] GC(71)     Dead                           Min: 0, Avg:  0.0, Max: 0, Diff: 0, Sum: 0, Workers: 4
[3543.070s][debug][gc,phases      ] GC(71)     Total                          Min: 0, Avg:  0.0, Max: 0, Diff: 0, Sum: 0, Workers: 4
[3543.070s][debug][gc,phases      ] GC(71)   StringDedup Requests0 Weak     Min:  0.0, Avg:  0.0, Max:  0.0, Diff:  0.0, Sum:  0.0, Workers: 4
[3543.070s][debug][gc,phases      ] GC(71)     Dead                           Min: 0, Avg:  0.0, Max: 0, Diff: 0, Sum: 0, Workers: 4
[3543.070s][debug][gc,phases      ] GC(71)     Total                          Min: 0, Avg:  0.0, Max: 0, Diff: 0, Sum: 0, Workers: 4
[3543.070s][debug][gc,phases      ] GC(71)   StringDedup Requests1 Weak     Min:  0.0, Avg:  0.0, Max:  0.0, Diff:  0.0, Sum:  0.0, Workers: 4
[3543.070s][debug][gc,phases      ] GC(71)     Dead                           Min: 0, Avg:  0.0, Max: 0, Diff: 0, Sum: 0, Workers: 4
[3543.070s][debug][gc,phases      ] GC(71)     Total                          Min: 0, Avg:  0.0, Max: 0, Diff: 0, Sum: 0, Workers: 4
[3543.070s][debug][gc,phases      ] GC(71)   Weak JFR Old Object Samples    Min:  0.0, Avg:  0.0, Max:  0.0, Diff:  0.0, Sum:  0.0, Workers: 4
[3543.070s][debug][gc,phases      ] GC(71)     Dead                           Min: 0, Avg:  0.0, Max: 0, Diff: 0, Sum: 0, Workers: 4
[3543.070s][debug][gc,phases      ] GC(71)     Total                          Min: 0, Avg:  0.0, Max: 0, Diff: 0, Sum: 0, Workers: 4
[3543.070s][debug][gc,phases      ] GC(71) Weak Processing 0.312ms
[3543.070s][debug][gc,age         ] GC(71) Desired survivor size 40370176 bytes, new threshold 15 (max threshold 15)
[3543.070s][info ][gc,heap        ] GC(71) PSYoungGen: 2019778K(2051584K)->7103K(2057728K) Eden: 2008576K(2008576K)->0K(2017280K) From: 11202K(43008K)->7103K(40448K)
[3543.070s][info ][gc,heap        ] GC(71) ParOldGen: 340944K(449536K)->346026K(449536K)
[3543.070s][info ][gc,metaspace   ] GC(71) Metaspace: 90325K(91520K)->90325K(91520K) NonClass: 77527K(78208K)->77527K(78208K) Class: 12797K(13312K)->12797K(13312K)
[3543.070s][info ][gc             ] GC(71) Pause Young (Allocation Failure) 2305M->344M(2448M) 6.358ms
[3543.070s][info ][gc,cpu         ] GC(71) User=0.01s Sys=0.00s Real=0.00s
[3543.070s][info ][safepoint      ] Safepoint "ParallelGCFailedAllocation", Time since last: 19122708129 ns, Reaching safepoint: 4801 ns, Cleanup: 2900 ns, At safepoint: 6416552 ns, Total: 6424253 ns
[3548.070s][info ][safepoint      ] Safepoint "Cleanup", Time since last: 5000333486 ns, Reaching safepoint: 7000 ns, Cleanup: 8700 ns, At safepoint: 1800 ns, Total: 17500 ns
[3550.070s][info ][safepoint      ] Safepoint "Cleanup", Time since last: 2000123219 ns, Reaching safepoint: 6201 ns, Cleanup: 8700 ns, At safepoint: 1500 ns, Total: 16401 ns
[3555.070s][info ][safepoint      ] Safepoint "Cleanup", Time since last: 5000348500 ns, Reaching safepoint: 6200 ns, Cleanup: 8800 ns, At safepoint: 1500 ns, Total: 16500 ns
[3574.072s][info ][safepoint      ] Safepoint "Cleanup", Time since last: 19001215351 ns, Reaching safepoint: 5400 ns, Cleanup: 15900 ns, At safepoint: 1500 ns, Total: 22800 ns
[3575.072s][info ][safepoint      ] Safepoint "Cleanup", Time since last: 1000099885 ns, Reaching safepoint: 5800 ns, Cleanup: 10800 ns, At safepoint: 1300 ns, Total: 17900 ns
[3583.072s][info ][safepoint      ] Safepoint "Cleanup", Time since last: 8000529776 ns, Reaching safepoint: 5900 ns, Cleanup: 9300 ns, At safepoint: 16701 ns, Total: 31901 ns
[3587.073s][info ][safepoint      ] Safepoint "Cleanup", Time since last: 4000277452 ns, Reaching safepoint: 6200 ns, Cleanup: 9700 ns, At safepoint: 1700 ns, Total: 17600 ns
[3590.073s][info ][safepoint      ] Safepoint "Cleanup", Time since last: 3000222870 ns, Reaching safepoint: 6000 ns, Cleanup: 12800 ns, At safepoint: 1400 ns, Total: 20200 ns
[3591.073s][info ][safepoint      ] Safepoint "Cleanup", Time since last: 1000097690 ns, Reaching safepoint: 6100 ns, Cleanup: 15700 ns, At safepoint: 1600 ns, Total: 23400 ns
[3595.073s][info ][safepoint      ] Safepoint "Cleanup", Time since last: 4000300863 ns, Reaching safepoint: 6201 ns, Cleanup: 9200 ns, At safepoint: 1400 ns, Total: 16801 ns
[3596.073s][info ][safepoint      ] Safepoint "Cleanup", Time since last: 1000058224 ns, Reaching safepoint: 13400 ns, Cleanup: 13200 ns, At safepoint: 1800 ns, Total: 28400 ns
[3599.074s][info ][safepoint      ] Safepoint "Cleanup", Time since last: 3000208073 ns, Reaching safepoint: 6100 ns, Cleanup: 8600 ns, At safepoint: 1500 ns, Total: 16200 ns
[3601.967s][info ][safepoint      ] Safepoint "Cleanup", Time since last: 2893727688 ns, Reaching safepoint: 6700 ns, Cleanup: 9700 ns, At safepoint: 1500 ns, Total: 17900 ns
[3602.968s][info ][safepoint      ] Safepoint "Cleanup", Time since last: 1000101780 ns, Reaching safepoint: 6400 ns, Cleanup: 11100 ns, At safepoint: 1400 ns, Total: 18900 ns
[3611.592s][info ][gc,start       ] GC(72) Pause Young (Allocation Failure)
[3611.596s][debug][gc,phases      ] GC(72) Scavenge 3.714ms
[3611.596s][debug][gc,ref         ] GC(72) ReferenceProcessor::execute queues: 1, RefProcThreadModel::Single, marks_oops_alive: false
[3611.596s][debug][gc,ref         ] GC(72) Skipped KeepAliveFinalRefsPhase of Reference Processing: no references
[3611.596s][debug][gc,ref         ] GC(72) ReferenceProcessor::execute queues: 1, RefProcThreadModel::Single, marks_oops_alive: false
[3611.596s][debug][gc,phases      ] GC(72) Reference Processing 0.122ms
[3611.596s][debug][gc,phases      ] GC(72)   VM Weak                        Min:  0.0, Avg:  0.0, Max:  0.0, Diff:  0.0, Sum:  0.0, Workers: 4
[3611.596s][debug][gc,phases      ] GC(72)     Dead                           Min: 0, Avg:  0.0, Max: 0, Diff: 0, Sum: 0, Workers: 4
[3611.596s][debug][gc,phases      ] GC(72)     Total                          Min: 64, Avg: 233.0, Max: 512, Diff: 448, Sum: 932, Workers: 4
[3611.596s][debug][gc,phases      ] GC(72)   ObjectSynchronizer Weak        Min:  0.0, Avg:  0.0, Max:  0.0, Diff:  0.0, Sum:  0.0, Workers: 4
[3611.596s][debug][gc,phases      ] GC(72)     Dead                           Min: 0, Avg:  0.0, Max: 0, Diff: 0, Sum: 0, Workers: 4
[3611.596s][debug][gc,phases      ] GC(72)     Total                          Min: 0, Avg:  1.0, Max: 4, Diff: 4, Sum: 4, Workers: 4
[3611.596s][debug][gc,phases      ] GC(72)   JVMTI Tag Weak OopStorage      Min:  0.0, Avg:  0.0, Max:  0.0, Diff:  0.0, Sum:  0.0, Workers: 4
[3611.596s][debug][gc,phases      ] GC(72)     Dead                           Min: 0, Avg:  0.0, Max: 0, Diff: 0, Sum: 0, Workers: 4
[3611.596s][debug][gc,phases      ] GC(72)     Total                          Min: 0, Avg:  0.0, Max: 0, Diff: 0, Sum: 0, Workers: 4
[3611.596s][debug][gc,phases      ] GC(72)   StringTable Weak               Min:  0.1, Avg:  0.1, Max:  0.1, Diff:  0.0, Sum:  0.4, Workers: 4
[3611.596s][debug][gc,phases      ] GC(72)     Dead                           Min: 0, Avg:  0.0, Max: 0, Diff: 0, Sum: 0, Workers: 4
[3611.596s][debug][gc,phases      ] GC(72)     Total                          Min: 11199, Avg: 11375.0, Max: 11645, Diff: 446, Sum: 45500, Workers: 4
[3611.596s][debug][gc,phases      ] GC(72)   ResolvedMethodTable Weak       Min:  0.0, Avg:  0.0, Max:  0.0, Diff:  0.0, Sum:  0.1, Workers: 4
[3611.596s][debug][gc,phases      ] GC(72)     Dead                           Min: 0, Avg:  0.0, Max: 0, Diff: 0, Sum: 0, Workers: 4
[3611.596s][debug][gc,phases      ] GC(72)     Total                          Min: 2365, Avg: 3086.5, Max: 3392, Diff: 1027, Sum: 12346, Workers: 4
[3611.596s][debug][gc,phases      ] GC(72)   JNI Weak                       Min:  0.0, Avg:  0.0, Max:  0.0, Diff:  0.0, Sum:  0.0, Workers: 4
[3611.596s][debug][gc,phases      ] GC(72)     Dead                           Min: 0, Avg:  0.0, Max: 0, Diff: 0, Sum: 0, Workers: 4
[3611.596s][debug][gc,phases      ] GC(72)     Total                          Min: 0, Avg: 12.0, Max: 48, Diff: 48, Sum: 48, Workers: 4
[3611.596s][debug][gc,phases      ] GC(72)   StringDedup Table Weak         Min:  0.0, Avg:  0.0, Max:  0.0, Diff:  0.0, Sum:  0.0, Workers: 4
[3611.596s][debug][gc,phases      ] GC(72)     Dead                           Min: 0, Avg:  0.0, Max: 0, Diff: 0, Sum: 0, Workers: 4
[3611.596s][debug][gc,phases      ] GC(72)     Total                          Min: 0, Avg:  0.0, Max: 0, Diff: 0, Sum: 0, Workers: 4
[3611.596s][debug][gc,phases      ] GC(72)   StringDedup Requests0 Weak     Min:  0.0, Avg:  0.0, Max:  0.0, Diff:  0.0, Sum:  0.0, Workers: 4
[3611.596s][debug][gc,phases      ] GC(72)     Dead                           Min: 0, Avg:  0.0, Max: 0, Diff: 0, Sum: 0, Workers: 4
[3611.596s][debug][gc,phases      ] GC(72)     Total                          Min: 0, Avg:  0.0, Max: 0, Diff: 0, Sum: 0, Workers: 4
[3611.596s][debug][gc,phases      ] GC(72)   StringDedup Requests1 Weak     Min:  0.0, Avg:  0.0, Max:  0.0, Diff:  0.0, Sum:  0.0, Workers: 4
[3611.596s][debug][gc,phases      ] GC(72)     Dead                           Min: 0, Avg:  0.0, Max: 0, Diff: 0, Sum: 0, Workers: 4
[3611.596s][debug][gc,phases      ] GC(72)     Total                          Min: 0, Avg:  0.0, Max: 0, Diff: 0, Sum: 0, Workers: 4
[3611.596s][debug][gc,phases      ] GC(72)   Weak JFR Old Object Samples    Min:  0.0, Avg:  0.0, Max:  0.0, Diff:  0.0, Sum:  0.0, Workers: 4
[3611.596s][debug][gc,phases      ] GC(72)     Dead                           Min: 0, Avg:  0.0, Max: 0, Diff: 0, Sum: 0, Workers: 4
[3611.596s][debug][gc,phases      ] GC(72)     Total                          Min: 0, Avg:  0.0, Max: 0, Diff: 0, Sum: 0, Workers: 4
[3611.596s][debug][gc,phases      ] GC(72) Weak Processing 0.293ms
[3611.596s][debug][gc,age         ] GC(72) Desired survivor size 38797312 bytes, new threshold 15 (max threshold 15)
[3611.596s][info ][gc,heap        ] GC(72) PSYoungGen: 2024383K(2057728K)->6288K(2056704K) Eden: 2017280K(2017280K)->0K(2017280K) From: 7103K(40448K)->6288K(39424K)
[3611.596s][info ][gc,heap        ] GC(72) ParOldGen: 346026K(449536K)->346650K(449536K)
[3611.596s][info ][gc,metaspace   ] GC(72) Metaspace: 90336K(91584K)->90336K(91584K) NonClass: 77539K(78272K)->77539K(78272K) Class: 12797K(13312K)->12797K(13312K)
[3611.596s][info ][gc             ] GC(72) Pause Young (Allocation Failure) 2314M->344M(2447M) 4.219ms
[3611.596s][info ][gc,cpu         ] GC(72) User=0.01s Sys=0.00s Real=0.01s
[3611.596s][info ][safepoint      ] Safepoint "ParallelGCFailedAllocation", Time since last: 8624395942 ns, Reaching safepoint: 77600 ns, Cleanup: 3400 ns, At safepoint: 4282835 ns, Total: 4363835 ns
[3616.597s][info ][safepoint      ] Safepoint "Cleanup", Time since last: 5000314458 ns, Reaching safepoint: 5500 ns, Cleanup: 13200 ns, At safepoint: 1500 ns, Total: 20200 ns
[3621.597s][info ][safepoint      ] Safepoint "Cleanup", Time since last: 5000300447 ns, Reaching safepoint: 6300 ns, Cleanup: 6600 ns, At safepoint: 2100 ns, Total: 15000 ns
[3625.597s][info ][safepoint      ] Safepoint "Cleanup", Time since last: 4000284094 ns, Reaching safepoint: 6100 ns, Cleanup: 9300 ns, At safepoint: 2200 ns, Total: 17600 ns
[3626.597s][info ][safepoint      ] Safepoint "Cleanup", Time since last: 1000100681 ns, Reaching safepoint: 6900 ns, Cleanup: 10700 ns, At safepoint: 6100 ns, Total: 23700 ns
[3627.598s][info ][safepoint      ] Safepoint "Cleanup", Time since last: 1000084381 ns, Reaching safepoint: 75300 ns, Cleanup: 9901 ns, At safepoint: 6700 ns, Total: 91901 ns
[3629.598s][info ][safepoint      ] Safepoint "Cleanup", Time since last: 2000161361 ns, Reaching safepoint: 7900 ns, Cleanup: 9500 ns, At safepoint: 2000 ns, Total: 19400 ns
[3655.599s][info ][safepoint      ] Safepoint "Cleanup", Time since last: 26001652327 ns, Reaching safepoint: 6800 ns, Cleanup: 11400 ns, At safepoint: 2500 ns, Total: 20700 ns
[3656.600s][info ][safepoint      ] Safepoint "Cleanup", Time since last: 1000120182 ns, Reaching safepoint: 7100 ns, Cleanup: 8400 ns, At safepoint: 2300 ns, Total: 17800 ns
[3658.600s][info ][safepoint      ] Safepoint "Cleanup", Time since last: 2000169093 ns, Reaching safepoint: 6900 ns, Cleanup: 6900 ns, At safepoint: 5900 ns, Total: 19700 ns
[3661.982s][info ][safepoint      ] Safepoint "Cleanup", Time since last: 3382312359 ns, Reaching safepoint: 7900 ns, Cleanup: 9301 ns, At safepoint: 2300 ns, Total: 19501 ns
[3667.983s][info ][safepoint      ] Safepoint "Cleanup", Time since last: 6000427971 ns, Reaching safepoint: 6500 ns, Cleanup: 8501 ns, At safepoint: 4100 ns, Total: 19101 ns
[3672.983s][info ][safepoint      ] Safepoint "Cleanup", Time since last: 5000324876 ns, Reaching safepoint: 6300 ns, Cleanup: 35201 ns, At safepoint: 4400 ns, Total: 45901 ns
[3673.983s][info ][safepoint      ] Safepoint "Cleanup", Time since last: 1000105176 ns, Reaching safepoint: 6700 ns, Cleanup: 26701 ns, At safepoint: 1500 ns, Total: 34901 ns
[3674.983s][info ][safepoint      ] Safepoint "Cleanup", Time since last: 1000106876 ns, Reaching safepoint: 7800 ns, Cleanup: 10900 ns, At safepoint: 2100 ns, Total: 20800 ns
[3676.983s][info ][safepoint      ] Safepoint "Cleanup", Time since last: 2000189853 ns, Reaching safepoint: 7500 ns, Cleanup: 9200 ns, At safepoint: 6800 ns, Total: 23500 ns
[3690.627s][info ][gc,start       ] GC(73) Pause Young (Allocation Failure)
[3690.630s][debug][gc,phases      ] GC(73) Scavenge 2.907ms
[3690.630s][debug][gc,ref         ] GC(73) ReferenceProcessor::execute queues: 1, RefProcThreadModel::Single, marks_oops_alive: false
[3690.630s][debug][gc,ref         ] GC(73) Skipped KeepAliveFinalRefsPhase of Reference Processing: no references
[3690.630s][debug][gc,ref         ] GC(73) ReferenceProcessor::execute queues: 1, RefProcThreadModel::Single, marks_oops_alive: false
[3690.630s][debug][gc,phases      ] GC(73) Reference Processing 0.097ms
[3690.630s][debug][gc,phases      ] GC(73)   VM Weak                        Min:  0.0, Avg:  0.0, Max:  0.0, Diff:  0.0, Sum:  0.0, Workers: 4
[3690.630s][debug][gc,phases      ] GC(73)     Dead                           Min: 0, Avg:  0.0, Max: 0, Diff: 0, Sum: 0, Workers: 4
[3690.630s][debug][gc,phases      ] GC(73)     Total                          Min: 0, Avg: 233.2, Max: 869, Diff: 869, Sum: 933, Workers: 4
[3690.630s][debug][gc,phases      ] GC(73)   ObjectSynchronizer Weak        Min:  0.0, Avg:  0.0, Max:  0.0, Diff:  0.0, Sum:  0.0, Workers: 4
[3690.630s][debug][gc,phases      ] GC(73)     Dead                           Min: 0, Avg:  0.0, Max: 0, Diff: 0, Sum: 0, Workers: 4
[3690.630s][debug][gc,phases      ] GC(73)     Total                          Min: 0, Avg:  1.0, Max: 4, Diff: 4, Sum: 4, Workers: 4
[3690.630s][debug][gc,phases      ] GC(73)   JVMTI Tag Weak OopStorage      Min:  0.0, Avg:  0.0, Max:  0.0, Diff:  0.0, Sum:  0.0, Workers: 4
[3690.630s][debug][gc,phases      ] GC(73)     Dead                           Min: 0, Avg:  0.0, Max: 0, Diff: 0, Sum: 0, Workers: 4
[3690.630s][debug][gc,phases      ] GC(73)     Total                          Min: 0, Avg:  0.0, Max: 0, Diff: 0, Sum: 0, Workers: 4
[3690.630s][debug][gc,phases      ] GC(73)   StringTable Weak               Min:  0.0, Avg:  0.1, Max:  0.1, Diff:  0.1, Sum:  0.4, Workers: 4
[3690.630s][debug][gc,phases      ] GC(73)     Dead                           Min: 0, Avg:  0.0, Max: 0, Diff: 0, Sum: 0, Workers: 4
[3690.630s][debug][gc,phases      ] GC(73)     Total                          Min: 0, Avg: 11376.0, Max: 20416, Diff: 20416, Sum: 45504, Workers: 4
[3690.630s][debug][gc,phases      ] GC(73)   ResolvedMethodTable Weak       Min:  0.0, Avg:  0.0, Max:  0.0, Diff:  0.0, Sum:  0.1, Workers: 4
[3690.630s][debug][gc,phases      ] GC(73)     Dead                           Min: 0, Avg:  0.0, Max: 0, Diff: 0, Sum: 0, Workers: 4
[3690.630s][debug][gc,phases      ] GC(73)     Total                          Min: 0, Avg: 3087.5, Max: 4544, Diff: 4544, Sum: 12350, Workers: 4
[3690.630s][debug][gc,phases      ] GC(73)   JNI Weak                       Min:  0.0, Avg:  0.0, Max:  0.0, Diff:  0.0, Sum:  0.0, Workers: 4
[3690.630s][debug][gc,phases      ] GC(73)     Dead                           Min: 0, Avg:  0.0, Max: 0, Diff: 0, Sum: 0, Workers: 4
[3690.630s][debug][gc,phases      ] GC(73)     Total                          Min: 0, Avg: 12.0, Max: 48, Diff: 48, Sum: 48, Workers: 4
[3690.630s][debug][gc,phases      ] GC(73)   StringDedup Table Weak         Min:  0.0, Avg:  0.0, Max:  0.0, Diff:  0.0, Sum:  0.0, Workers: 4
[3690.630s][debug][gc,phases      ] GC(73)     Dead                           Min: 0, Avg:  0.0, Max: 0, Diff: 0, Sum: 0, Workers: 4
[3690.630s][debug][gc,phases      ] GC(73)     Total                          Min: 0, Avg:  0.0, Max: 0, Diff: 0, Sum: 0, Workers: 4
[3690.630s][debug][gc,phases      ] GC(73)   StringDedup Requests0 Weak     Min:  0.0, Avg:  0.0, Max:  0.0, Diff:  0.0, Sum:  0.0, Workers: 4
[3690.630s][debug][gc,phases      ] GC(73)     Dead                           Min: 0, Avg:  0.0, Max: 0, Diff: 0, Sum: 0, Workers: 4
[3690.630s][debug][gc,phases      ] GC(73)     Total                          Min: 0, Avg:  0.0, Max: 0, Diff: 0, Sum: 0, Workers: 4
[3690.630s][debug][gc,phases      ] GC(73)   StringDedup Requests1 Weak     Min:  0.0, Avg:  0.0, Max:  0.0, Diff:  0.0, Sum:  0.0, Workers: 4
[3690.630s][debug][gc,phases      ] GC(73)     Dead                           Min: 0, Avg:  0.0, Max: 0, Diff: 0, Sum: 0, Workers: 4
[3690.630s][debug][gc,phases      ] GC(73)     Total                          Min: 0, Avg:  0.0, Max: 0, Diff: 0, Sum: 0, Workers: 4
[3690.630s][debug][gc,phases      ] GC(73)   Weak JFR Old Object Samples    Min:  0.0, Avg:  0.0, Max:  0.0, Diff:  0.0, Sum:  0.0, Workers: 4
[3690.630s][debug][gc,phases      ] GC(73)     Dead                           Min: 0, Avg:  0.0, Max: 0, Diff: 0, Sum: 0, Workers: 4
[3690.630s][debug][gc,phases      ] GC(73)     Total                          Min: 0, Avg:  0.0, Max: 0, Diff: 0, Sum: 0, Workers: 4
[3690.630s][debug][gc,phases      ] GC(73) Weak Processing 0.322ms
[3690.630s][debug][gc,age         ] GC(73) Desired survivor size 37748736 bytes, new threshold 15 (max threshold 15)
[3690.630s][info ][gc,heap        ] GC(73) PSYoungGen: 2023568K(2056704K)->4992K(2060288K) Eden: 2017280K(2017280K)->0K(2022400K) From: 6288K(39424K)->4992K(37888K)
[3690.630s][info ][gc,heap        ] GC(73) ParOldGen: 346650K(449536K)->346738K(449536K)
[3690.630s][info ][gc,metaspace   ] GC(73) Metaspace: 90378K(91584K)->90378K(91584K) NonClass: 77579K(78272K)->77579K(78272K) Class: 12799K(13312K)->12799K(13312K)
[3690.630s][info ][gc             ] GC(73) Pause Young (Allocation Failure) 2314M->343M(2451M) 3.425ms
[3690.630s][info ][gc,cpu         ] GC(73) User=0.01s Sys=0.00s Real=0.00s
[3690.630s][info ][safepoint      ] Safepoint "ParallelGCFailedAllocation", Time since last: 13643381858 ns, Reaching safepoint: 47700 ns, Cleanup: 3800 ns, At safepoint: 3487028 ns, Total: 3538528 ns
[3707.631s][info ][safepoint      ] Safepoint "Cleanup", Time since last: 17001030712 ns, Reaching safepoint: 5900 ns, Cleanup: 7900 ns, At safepoint: 1900 ns, Total: 15700 ns
[3728.997s][info ][safepoint      ] Safepoint "Cleanup", Time since last: 21365967187 ns, Reaching safepoint: 7100 ns, Cleanup: 16300 ns, At safepoint: 1600 ns, Total: 25000 ns
[3729.997s][info ][safepoint      ] Safepoint "Cleanup", Time since last: 1000109033 ns, Reaching safepoint: 6000 ns, Cleanup: 45401 ns, At safepoint: 2500 ns, Total: 53901 ns
[3731.998s][info ][safepoint      ] Safepoint "Cleanup", Time since last: 2000171065 ns, Reaching safepoint: 6700 ns, Cleanup: 8300 ns, At safepoint: 23700 ns, Total: 38700 ns
[3734.998s][info ][safepoint      ] Safepoint "Cleanup", Time since last: 3000219798 ns, Reaching safepoint: 6800 ns, Cleanup: 14400 ns, At safepoint: 1900 ns, Total: 23100 ns
[3735.998s][info ][safepoint      ] Safepoint "Cleanup", Time since last: 1000117433 ns, Reaching safepoint: 6000 ns, Cleanup: 10900 ns, At safepoint: 1700 ns, Total: 18600 ns
[3737.998s][info ][safepoint      ] Safepoint "Cleanup", Time since last: 2000121245 ns, Reaching safepoint: 6500 ns, Cleanup: 8400 ns, At safepoint: 1800 ns, Total: 16700 ns
[3741.999s][info ][safepoint      ] Safepoint "Cleanup", Time since last: 4000306088 ns, Reaching safepoint: 6400 ns, Cleanup: 8500 ns, At safepoint: 1900 ns, Total: 16800 ns
[3743.999s][info ][safepoint      ] Safepoint "Cleanup", Time since last: 2000157644 ns, Reaching safepoint: 6600 ns, Cleanup: 11100 ns, At safepoint: 1900 ns, Total: 19600 ns
[3751.999s][info ][safepoint      ] Safepoint "Cleanup", Time since last: 8000542496 ns, Reaching safepoint: 6200 ns, Cleanup: 12601 ns, At safepoint: 1500 ns, Total: 20301 ns
[3768.007s][info ][gc,start       ] GC(74) Pause Young (Allocation Failure)
[3768.012s][debug][gc,phases      ] GC(74) Scavenge 4.719ms
[3768.012s][debug][gc,ref         ] GC(74) ReferenceProcessor::execute queues: 1, RefProcThreadModel::Single, marks_oops_alive: false
[3768.012s][debug][gc,ref         ] GC(74) Skipped KeepAliveFinalRefsPhase of Reference Processing: no references
[3768.012s][debug][gc,ref         ] GC(74) ReferenceProcessor::execute queues: 1, RefProcThreadModel::Single, marks_oops_alive: false
[3768.012s][debug][gc,phases      ] GC(74) Reference Processing 0.119ms
[3768.012s][debug][gc,phases      ] GC(74)   VM Weak                        Min:  0.0, Avg:  0.0, Max:  0.0, Diff:  0.0, Sum:  0.0, Workers: 4
[3768.012s][debug][gc,phases      ] GC(74)     Dead                           Min: 0, Avg:  0.0, Max: 0, Diff: 0, Sum: 0, Workers: 4
[3768.012s][debug][gc,phases      ] GC(74)     Total                          Min: 0, Avg: 233.5, Max: 934, Diff: 934, Sum: 934, Workers: 4
[3768.012s][debug][gc,phases      ] GC(74)   ObjectSynchronizer Weak        Min:  0.0, Avg:  0.0, Max:  0.0, Diff:  0.0, Sum:  0.0, Workers: 4
[3768.012s][debug][gc,phases      ] GC(74)     Dead                           Min: 0, Avg:  0.0, Max: 0, Diff: 0, Sum: 0, Workers: 4
[3768.012s][debug][gc,phases      ] GC(74)     Total                          Min: 0, Avg:  1.0, Max: 4, Diff: 4, Sum: 4, Workers: 4
[3768.012s][debug][gc,phases      ] GC(74)   JVMTI Tag Weak OopStorage      Min:  0.0, Avg:  0.0, Max:  0.0, Diff:  0.0, Sum:  0.0, Workers: 4
[3768.013s][debug][gc,phases      ] GC(74)     Dead                           Min: 0, Avg:  0.0, Max: 0, Diff: 0, Sum: 0, Workers: 4
[3768.013s][debug][gc,phases      ] GC(74)     Total                          Min: 0, Avg:  0.0, Max: 0, Diff: 0, Sum: 0, Workers: 4
[3768.013s][debug][gc,phases      ] GC(74)   StringTable Weak               Min:  0.0, Avg:  0.1, Max:  0.2, Diff:  0.2, Sum:  0.4, Workers: 4
[3768.013s][debug][gc,phases      ] GC(74)     Dead                           Min: 0, Avg:  0.0, Max: 0, Diff: 0, Sum: 0, Workers: 4
[3768.013s][debug][gc,phases      ] GC(74)     Total                          Min: 0, Avg: 11377.2, Max: 19968, Diff: 19968, Sum: 45509, Workers: 4
[3768.013s][debug][gc,phases      ] GC(74)   ResolvedMethodTable Weak       Min:  0.0, Avg:  0.0, Max:  0.0, Diff:  0.0, Sum:  0.1, Workers: 4
[3768.013s][debug][gc,phases      ] GC(74)     Dead                           Min: 0, Avg:  0.0, Max: 0, Diff: 0, Sum: 0, Workers: 4
[3768.013s][debug][gc,phases      ] GC(74)     Total                          Min: 2560, Avg: 3087.8, Max: 3392, Diff: 832, Sum: 12351, Workers: 4
[3768.013s][debug][gc,phases      ] GC(74)   JNI Weak                       Min:  0.0, Avg:  0.0, Max:  0.0, Diff:  0.0, Sum:  0.0, Workers: 4
[3768.013s][debug][gc,phases      ] GC(74)     Dead                           Min: 0, Avg:  0.0, Max: 0, Diff: 0, Sum: 0, Workers: 4
[3768.013s][debug][gc,phases      ] GC(74)     Total                          Min: 0, Avg: 12.0, Max: 48, Diff: 48, Sum: 48, Workers: 4
[3768.013s][debug][gc,phases      ] GC(74)   StringDedup Table Weak         Min:  0.0, Avg:  0.0, Max:  0.0, Diff:  0.0, Sum:  0.0, Workers: 4
[3768.013s][debug][gc,phases      ] GC(74)     Dead                           Min: 0, Avg:  0.0, Max: 0, Diff: 0, Sum: 0, Workers: 4
[3768.013s][debug][gc,phases      ] GC(74)     Total                          Min: 0, Avg:  0.0, Max: 0, Diff: 0, Sum: 0, Workers: 4
[3768.013s][debug][gc,phases      ] GC(74)   StringDedup Requests0 Weak     Min:  0.0, Avg:  0.0, Max:  0.0, Diff:  0.0, Sum:  0.0, Workers: 4
[3768.013s][debug][gc,phases      ] GC(74)     Dead                           Min: 0, Avg:  0.0, Max: 0, Diff: 0, Sum: 0, Workers: 4
[3768.013s][debug][gc,phases      ] GC(74)     Total                          Min: 0, Avg:  0.0, Max: 0, Diff: 0, Sum: 0, Workers: 4
[3768.013s][debug][gc,phases      ] GC(74)   StringDedup Requests1 Weak     Min:  0.0, Avg:  0.0, Max:  0.0, Diff:  0.0, Sum:  0.0, Workers: 4
[3768.013s][debug][gc,phases      ] GC(74)     Dead                           Min: 0, Avg:  0.0, Max: 0, Diff: 0, Sum: 0, Workers: 4
[3768.013s][debug][gc,phases      ] GC(74)     Total                          Min: 0, Avg:  0.0, Max: 0, Diff: 0, Sum: 0, Workers: 4
[3768.013s][debug][gc,phases      ] GC(74)   Weak JFR Old Object Samples    Min:  0.0, Avg:  0.0, Max:  0.0, Diff:  0.0, Sum:  0.0, Workers: 4
[3768.013s][debug][gc,phases      ] GC(74)     Dead                           Min: 0, Avg:  0.0, Max: 0, Diff: 0, Sum: 0, Workers: 4
[3768.013s][debug][gc,phases      ] GC(74)     Total                          Min: 0, Avg:  0.0, Max: 0, Diff: 0, Sum: 0, Workers: 4
[3768.013s][debug][gc,phases      ] GC(74) Weak Processing 0.393ms
[3768.013s][debug][gc,age         ] GC(74) Desired survivor size 35127296 bytes, new threshold 15 (max threshold 15)
[3768.013s][info ][gc,heap        ] GC(74) PSYoungGen: 2027392K(2060288K)->11735K(2059264K) Eden: 2022400K(2022400K)->0K(2022400K) From: 4992K(37888K)->11735K(36864K)
[3768.013s][info ][gc,heap        ] GC(74) ParOldGen: 346738K(449536K)->346843K(449536K)
[3768.013s][info ][gc,metaspace   ] GC(74) Metaspace: 90445K(91648K)->90445K(91648K) NonClass: 77645K(78336K)->77645K(78336K) Class: 12800K(13312K)->12800K(13312K)
[3768.013s][info ][gc             ] GC(74) Pause Young (Allocation Failure) 2318M->350M(2450M) 5.341ms
[3768.013s][info ][gc,cpu         ] GC(74) User=0.01s Sys=0.00s Real=0.01s
[3768.013s][info ][safepoint      ] Safepoint "ParallelGCFailedAllocation", Time since last: 16007955012 ns, Reaching safepoint: 5900 ns, Cleanup: 3300 ns, At safepoint: 5401941 ns, Total: 5411141 ns
[3777.013s][info ][safepoint      ] Safepoint "Cleanup", Time since last: 9000546094 ns, Reaching safepoint: 6101 ns, Cleanup: 8000 ns, At safepoint: 1500 ns, Total: 15601 ns
[3780.013s][info ][safepoint      ] Safepoint "Cleanup", Time since last: 3000179675 ns, Reaching safepoint: 5700 ns, Cleanup: 9100 ns, At safepoint: 1500 ns, Total: 16300 ns
[3786.012s][info ][safepoint      ] Safepoint "Cleanup", Time since last: 5998601458 ns, Reaching safepoint: 4900 ns, Cleanup: 7900 ns, At safepoint: 1400 ns, Total: 14200 ns
[3797.013s][info ][safepoint      ] Safepoint "Cleanup", Time since last: 11000722205 ns, Reaching safepoint: 8200 ns, Cleanup: 7800 ns, At safepoint: 2100 ns, Total: 18100 ns
[3805.013s][info ][safepoint      ] Safepoint "Cleanup", Time since last: 8000463610 ns, Reaching safepoint: 6100 ns, Cleanup: 10700 ns, At safepoint: 2100 ns, Total: 18900 ns
[3806.013s][info ][safepoint      ] Safepoint "Cleanup", Time since last: 1000107911 ns, Reaching safepoint: 7300 ns, Cleanup: 6400 ns, At safepoint: 2400 ns, Total: 16100 ns
[3807.013s][info ][safepoint      ] Safepoint "Cleanup", Time since last: 1000064310 ns, Reaching safepoint: 5701 ns, Cleanup: 6900 ns, At safepoint: 1400 ns, Total: 14001 ns
[3810.014s][info ][safepoint      ] Safepoint "Cleanup", Time since last: 3000213210 ns, Reaching safepoint: 5800 ns, Cleanup: 8700 ns, At safepoint: 1400 ns, Total: 15900 ns
[3839.628s][info ][gc,start       ] GC(75) Pause Young (Allocation Failure)
[3839.632s][debug][gc,phases      ] GC(75) Scavenge 4.456ms
[3839.632s][debug][gc,ref         ] GC(75) ReferenceProcessor::execute queues: 1, RefProcThreadModel::Single, marks_oops_alive: false
[3839.633s][debug][gc,ref         ] GC(75) Skipped KeepAliveFinalRefsPhase of Reference Processing: no references
[3839.633s][debug][gc,ref         ] GC(75) ReferenceProcessor::execute queues: 1, RefProcThreadModel::Single, marks_oops_alive: false
[3839.633s][debug][gc,phases      ] GC(75) Reference Processing 0.125ms
[3839.633s][debug][gc,phases      ] GC(75)   VM Weak                        Min:  0.0, Avg:  0.0, Max:  0.0, Diff:  0.0, Sum:  0.0, Workers: 4
[3839.633s][debug][gc,phases      ] GC(75)     Dead                           Min: 0, Avg:  0.0, Max: 0, Diff: 0, Sum: 0, Workers: 4
[3839.633s][debug][gc,phases      ] GC(75)     Total                          Min: 0, Avg: 233.5, Max: 384, Diff: 384, Sum: 934, Workers: 4
[3839.633s][debug][gc,phases      ] GC(75)   ObjectSynchronizer Weak        Min:  0.0, Avg:  0.0, Max:  0.0, Diff:  0.0, Sum:  0.0, Workers: 4
[3839.633s][debug][gc,phases      ] GC(75)     Dead                           Min: 0, Avg:  0.0, Max: 0, Diff: 0, Sum: 0, Workers: 4
[3839.633s][debug][gc,phases      ] GC(75)     Total                          Min: 0, Avg:  1.0, Max: 4, Diff: 4, Sum: 4, Workers: 4
[3839.633s][debug][gc,phases      ] GC(75)   JVMTI Tag Weak OopStorage      Min:  0.0, Avg:  0.0, Max:  0.0, Diff:  0.0, Sum:  0.0, Workers: 4
[3839.633s][debug][gc,phases      ] GC(75)     Dead                           Min: 0, Avg:  0.0, Max: 0, Diff: 0, Sum: 0, Workers: 4
[3839.633s][debug][gc,phases      ] GC(75)     Total                          Min: 0, Avg:  0.0, Max: 0, Diff: 0, Sum: 0, Workers: 4
[3839.633s][debug][gc,phases      ] GC(75)   StringTable Weak               Min:  0.0, Avg:  0.1, Max:  0.1, Diff:  0.1, Sum:  0.4, Workers: 4
[3839.633s][debug][gc,phases      ] GC(75)     Dead                           Min: 0, Avg:  0.0, Max: 0, Diff: 0, Sum: 0, Workers: 4
[3839.633s][debug][gc,phases      ] GC(75)     Total                          Min: 0, Avg: 11377.2, Max: 15749, Diff: 15749, Sum: 45509, Workers: 4
[3839.633s][debug][gc,phases      ] GC(75)   ResolvedMethodTable Weak       Min:  0.0, Avg:  0.0, Max:  0.0, Diff:  0.0, Sum:  0.1, Workers: 4
[3839.633s][debug][gc,phases      ] GC(75)     Dead                           Min: 0, Avg:  0.0, Max: 0, Diff: 0, Sum: 0, Workers: 4
[3839.633s][debug][gc,phases      ] GC(75)     Total                          Min: 0, Avg: 3087.8, Max: 4224, Diff: 4224, Sum: 12351, Workers: 4
[3839.633s][debug][gc,phases      ] GC(75)   JNI Weak                       Min:  0.0, Avg:  0.0, Max:  0.0, Diff:  0.0, Sum:  0.0, Workers: 4
[3839.633s][debug][gc,phases      ] GC(75)     Dead                           Min: 0, Avg:  0.0, Max: 0, Diff: 0, Sum: 0, Workers: 4
[3839.633s][debug][gc,phases      ] GC(75)     Total                          Min: 0, Avg: 12.0, Max: 48, Diff: 48, Sum: 48, Workers: 4
[3839.633s][debug][gc,phases      ] GC(75)   StringDedup Table Weak         Min:  0.0, Avg:  0.0, Max:  0.0, Diff:  0.0, Sum:  0.0, Workers: 4
[3839.633s][debug][gc,phases      ] GC(75)     Dead                           Min: 0, Avg:  0.0, Max: 0, Diff: 0, Sum: 0, Workers: 4
[3839.633s][debug][gc,phases      ] GC(75)     Total                          Min: 0, Avg:  0.0, Max: 0, Diff: 0, Sum: 0, Workers: 4
[3839.633s][debug][gc,phases      ] GC(75)   StringDedup Requests0 Weak     Min:  0.0, Avg:  0.0, Max:  0.0, Diff:  0.0, Sum:  0.0, Workers: 4
[3839.633s][debug][gc,phases      ] GC(75)     Dead                           Min: 0, Avg:  0.0, Max: 0, Diff: 0, Sum: 0, Workers: 4
[3839.633s][debug][gc,phases      ] GC(75)     Total                          Min: 0, Avg:  0.0, Max: 0, Diff: 0, Sum: 0, Workers: 4
[3839.633s][debug][gc,phases      ] GC(75)   StringDedup Requests1 Weak     Min:  0.0, Avg:  0.0, Max:  0.0, Diff:  0.0, Sum:  0.0, Workers: 4
[3839.633s][debug][gc,phases      ] GC(75)     Dead                           Min: 0, Avg:  0.0, Max: 0, Diff: 0, Sum: 0, Workers: 4
[3839.633s][debug][gc,phases      ] GC(75)     Total                          Min: 0, Avg:  0.0, Max: 0, Diff: 0, Sum: 0, Workers: 4
[3839.633s][debug][gc,phases      ] GC(75)   Weak JFR Old Object Samples    Min:  0.0, Avg:  0.0, Max:  0.0, Diff:  0.0, Sum:  0.0, Workers: 4
[3839.633s][debug][gc,phases      ] GC(75)     Dead                           Min: 0, Avg:  0.0, Max: 0, Diff: 0, Sum: 0, Workers: 4
[3839.633s][debug][gc,phases      ] GC(75)     Total                          Min: 0, Avg:  0.0, Max: 0, Diff: 0, Sum: 0, Workers: 4
[3839.633s][debug][gc,phases      ] GC(75) Weak Processing 0.405ms
[3839.633s][debug][gc,age         ] GC(75) Desired survivor size 33030144 bytes, new threshold 15 (max threshold 15)
[3839.633s][info ][gc,heap        ] GC(75) PSYoungGen: 2034135K(2059264K)->10839K(2064896K) Eden: 2022400K(2022400K)->0K(2030592K) From: 11735K(36864K)->10839K(34304K)
[3839.633s][info ][gc,heap        ] GC(75) ParOldGen: 346843K(449536K)->347183K(449536K)
[3839.633s][info ][gc,metaspace   ] GC(75) Metaspace: 90455K(91648K)->90455K(91648K) NonClass: 77655K(78336K)->77655K(78336K) Class: 12800K(13312K)->12800K(13312K)
[3839.633s][info ][gc             ] GC(75) Pause Young (Allocation Failure) 2325M->349M(2455M) 5.109ms
[3839.633s][info ][gc,cpu         ] GC(75) User=0.01s Sys=0.00s Real=0.01s
[3839.633s][info ][safepoint      ] Safepoint "ParallelGCFailedAllocation", Time since last: 29614162958 ns, Reaching safepoint: 6200 ns, Cleanup: 3100 ns, At safepoint: 5189339 ns, Total: 5198639 ns
[3841.026s][info ][safepoint      ] Safepoint "Cleanup", Time since last: 1393132763 ns, Reaching safepoint: 3900 ns, Cleanup: 7300 ns, At safepoint: 3400 ns, Total: 14600 ns
[3842.026s][info ][safepoint      ] Safepoint "Cleanup", Time since last: 1000108350 ns, Reaching safepoint: 6000 ns, Cleanup: 6900 ns, At safepoint: 1600 ns, Total: 14500 ns
[3844.026s][info ][safepoint      ] Safepoint "Cleanup", Time since last: 2000155601 ns, Reaching safepoint: 5800 ns, Cleanup: 8000 ns, At safepoint: 1300 ns, Total: 15100 ns
[3856.027s][info ][safepoint      ] Safepoint "Cleanup", Time since last: 12000808052 ns, Reaching safepoint: 8400 ns, Cleanup: 12000 ns, At safepoint: 4900 ns, Total: 25300 ns
[3864.028s][info ][safepoint      ] Safepoint "Cleanup", Time since last: 8000554469 ns, Reaching safepoint: 5900 ns, Cleanup: 8200 ns, At safepoint: 1400 ns, Total: 15500 ns
[3865.028s][info ][safepoint      ] Safepoint "Cleanup", Time since last: 1000095062 ns, Reaching safepoint: 6600 ns, Cleanup: 7400 ns, At safepoint: 1400 ns, Total: 15400 ns
[3879.029s][info ][safepoint      ] Safepoint "Cleanup", Time since last: 14000856604 ns, Reaching safepoint: 7300 ns, Cleanup: 8900 ns, At safepoint: 1700 ns, Total: 17900 ns
[3911.908s][info ][gc,start       ] GC(76) Pause Young (Allocation Failure)
[3911.911s][debug][gc,phases      ] GC(76) Scavenge 3.836ms
[3911.911s][debug][gc,ref         ] GC(76) ReferenceProcessor::execute queues: 1, RefProcThreadModel::Single, marks_oops_alive: false
[3911.911s][debug][gc,ref         ] GC(76) Skipped KeepAliveFinalRefsPhase of Reference Processing: no references
[3911.912s][debug][gc,ref         ] GC(76) ReferenceProcessor::execute queues: 1, RefProcThreadModel::Single, marks_oops_alive: false
[3911.912s][debug][gc,phases      ] GC(76) Reference Processing 0.087ms
[3911.912s][debug][gc,phases      ] GC(76)   VM Weak                        Min:  0.0, Avg:  0.0, Max:  0.0, Diff:  0.0, Sum:  0.0, Workers: 4
[3911.912s][debug][gc,phases      ] GC(76)     Dead                           Min: 0, Avg:  0.0, Max: 0, Diff: 0, Sum: 0, Workers: 4
[3911.912s][debug][gc,phases      ] GC(76)     Total                          Min: 0, Avg: 233.5, Max: 678, Diff: 678, Sum: 934, Workers: 4
[3911.912s][debug][gc,phases      ] GC(76)   ObjectSynchronizer Weak        Min:  0.0, Avg:  0.0, Max:  0.0, Diff:  0.0, Sum:  0.0, Workers: 4
[3911.912s][debug][gc,phases      ] GC(76)     Dead                           Min: 0, Avg:  0.0, Max: 0, Diff: 0, Sum: 0, Workers: 4
[3911.912s][debug][gc,phases      ] GC(76)     Total                          Min: 0, Avg:  0.8, Max: 3, Diff: 3, Sum: 3, Workers: 4
[3911.912s][debug][gc,phases      ] GC(76)   JVMTI Tag Weak OopStorage      Min:  0.0, Avg:  0.0, Max:  0.0, Diff:  0.0, Sum:  0.0, Workers: 4
[3911.912s][debug][gc,phases      ] GC(76)     Dead                           Min: 0, Avg:  0.0, Max: 0, Diff: 0, Sum: 0, Workers: 4
[3911.912s][debug][gc,phases      ] GC(76)     Total                          Min: 0, Avg:  0.0, Max: 0, Diff: 0, Sum: 0, Workers: 4
[3911.912s][debug][gc,phases      ] GC(76)   StringTable Weak               Min:  0.0, Avg:  0.1, Max:  0.1, Diff:  0.1, Sum:  0.3, Workers: 4
[3911.912s][debug][gc,phases      ] GC(76)     Dead                           Min: 0, Avg:  0.0, Max: 0, Diff: 0, Sum: 0, Workers: 4
[3911.912s][debug][gc,phases      ] GC(76)     Total                          Min: 0, Avg: 11377.2, Max: 19717, Diff: 19717, Sum: 45509, Workers: 4
[3911.912s][debug][gc,phases      ] GC(76)   ResolvedMethodTable Weak       Min:  0.0, Avg:  0.0, Max:  0.0, Diff:  0.0, Sum:  0.1, Workers: 4
[3911.912s][debug][gc,phases      ] GC(76)     Dead                           Min: 0, Avg:  0.0, Max: 0, Diff: 0, Sum: 0, Workers: 4
[3911.912s][debug][gc,phases      ] GC(76)     Total                          Min: 0, Avg: 3087.8, Max: 5184, Diff: 5184, Sum: 12351, Workers: 4
[3911.912s][debug][gc,phases      ] GC(76)   JNI Weak                       Min:  0.0, Avg:  0.0, Max:  0.0, Diff:  0.0, Sum:  0.0, Workers: 4
[3911.912s][debug][gc,phases      ] GC(76)     Dead                           Min: 0, Avg:  0.0, Max: 0, Diff: 0, Sum: 0, Workers: 4
[3911.912s][debug][gc,phases      ] GC(76)     Total                          Min: 0, Avg: 12.0, Max: 48, Diff: 48, Sum: 48, Workers: 4
[3911.912s][debug][gc,phases      ] GC(76)   StringDedup Table Weak         Min:  0.0, Avg:  0.0, Max:  0.0, Diff:  0.0, Sum:  0.0, Workers: 4
[3911.912s][debug][gc,phases      ] GC(76)     Dead                           Min: 0, Avg:  0.0, Max: 0, Diff: 0, Sum: 0, Workers: 4
[3911.912s][debug][gc,phases      ] GC(76)     Total                          Min: 0, Avg:  0.0, Max: 0, Diff: 0, Sum: 0, Workers: 4
[3911.912s][debug][gc,phases      ] GC(76)   StringDedup Requests0 Weak     Min:  0.0, Avg:  0.0, Max:  0.0, Diff:  0.0, Sum:  0.0, Workers: 4
[3911.912s][debug][gc,phases      ] GC(76)     Dead                           Min: 0, Avg:  0.0, Max: 0, Diff: 0, Sum: 0, Workers: 4
[3911.912s][debug][gc,phases      ] GC(76)     Total                          Min: 0, Avg:  0.0, Max: 0, Diff: 0, Sum: 0, Workers: 4
[3911.912s][debug][gc,phases      ] GC(76)   StringDedup Requests1 Weak     Min:  0.0, Avg:  0.0, Max:  0.0, Diff:  0.0, Sum:  0.0, Workers: 4
[3911.912s][debug][gc,phases      ] GC(76)     Dead                           Min: 0, Avg:  0.0, Max: 0, Diff: 0, Sum: 0, Workers: 4
[3911.912s][debug][gc,phases      ] GC(76)     Total                          Min: 0, Avg:  0.0, Max: 0, Diff: 0, Sum: 0, Workers: 4
[3911.912s][debug][gc,phases      ] GC(76)   Weak JFR Old Object Samples    Min:  0.0, Avg:  0.0, Max:  0.0, Diff:  0.0, Sum:  0.0, Workers: 4
[3911.912s][debug][gc,phases      ] GC(76)     Dead                           Min: 0, Avg:  0.0, Max: 0, Diff: 0, Sum: 0, Workers: 4
[3911.912s][debug][gc,phases      ] GC(76)     Total                          Min: 0, Avg:  0.0, Max: 0, Diff: 0, Sum: 0, Workers: 4
[3911.912s][debug][gc,phases      ] GC(76) Weak Processing 0.318ms
[3911.912s][debug][gc,age         ] GC(76) Desired survivor size 31457280 bytes, new threshold 15 (max threshold 15)
[3911.912s][info ][gc,heap        ] GC(76) PSYoungGen: 2041431K(2064896K)->10775K(2062848K) Eden: 2030592K(2030592K)->0K(2030592K) From: 10839K(34304K)->10775K(32256K)
[3911.912s][info ][gc,heap        ] GC(76) ParOldGen: 347183K(449536K)->347239K(449536K)
[3911.912s][info ][gc,metaspace   ] GC(76) Metaspace: 90462K(91648K)->90462K(91648K) NonClass: 77662K(78336K)->77662K(78336K) Class: 12800K(13312K)->12800K(13312K)
[3911.912s][info ][gc             ] GC(76) Pause Young (Allocation Failure) 2332M->349M(2453M) 4.341ms
[3911.912s][info ][gc,cpu         ] GC(76) User=0.01s Sys=0.00s Real=0.00s
[3911.912s][info ][safepoint      ] Safepoint "ParallelGCFailedAllocation", Time since last: 32878606861 ns, Reaching safepoint: 7901 ns, Cleanup: 4000 ns, At safepoint: 4430032 ns, Total: 4441933 ns
[3916.912s][info ][safepoint      ] Safepoint "Cleanup", Time since last: 5000303136 ns, Reaching safepoint: 6301 ns, Cleanup: 8800 ns, At safepoint: 2200 ns, Total: 17301 ns
[3927.913s][info ][safepoint      ] Safepoint "Cleanup", Time since last: 11000715813 ns, Reaching safepoint: 6700 ns, Cleanup: 8600 ns, At safepoint: 1800 ns, Total: 17100 ns
[3928.913s][info ][safepoint      ] Safepoint "Cleanup", Time since last: 1000105116 ns, Reaching safepoint: 6700 ns, Cleanup: 8500 ns, At safepoint: 1700 ns, Total: 16900 ns
[3930.913s][info ][safepoint      ] Safepoint "Cleanup", Time since last: 2000161198 ns, Reaching safepoint: 6300 ns, Cleanup: 9200 ns, At safepoint: 1800 ns, Total: 17300 ns
[3931.913s][info ][safepoint      ] Safepoint "Cleanup", Time since last: 1000109549 ns, Reaching safepoint: 5700 ns, Cleanup: 9601 ns, At safepoint: 1500 ns, Total: 16801 ns
[3980.057s][info ][safepoint      ] Safepoint "Cleanup", Time since last: 48143852425 ns, Reaching safepoint: 76100 ns, Cleanup: 8800 ns, At safepoint: 4600 ns, Total: 89500 ns
[3982.058s][info ][safepoint      ] Safepoint "Cleanup", Time since last: 2000168273 ns, Reaching safepoint: 76200 ns, Cleanup: 10801 ns, At safepoint: 5200 ns, Total: 92201 ns
[3985.257s][info ][gc,start       ] GC(77) Pause Young (Allocation Failure)
[3985.262s][debug][gc,phases      ] GC(77) Scavenge 5.491ms
[3985.262s][debug][gc,ref         ] GC(77) ReferenceProcessor::execute queues: 1, RefProcThreadModel::Single, marks_oops_alive: false
[3985.262s][debug][gc,ref         ] GC(77) Skipped KeepAliveFinalRefsPhase of Reference Processing: no references
[3985.262s][debug][gc,ref         ] GC(77) ReferenceProcessor::execute queues: 1, RefProcThreadModel::Single, marks_oops_alive: false
[3985.262s][debug][gc,phases      ] GC(77) Reference Processing 0.112ms
[3985.263s][debug][gc,phases      ] GC(77)   VM Weak                        Min:  0.0, Avg:  0.0, Max:  0.0, Diff:  0.0, Sum:  0.0, Workers: 4
[3985.263s][debug][gc,phases      ] GC(77)     Dead                           Min: 0, Avg:  0.0, Max: 0, Diff: 0, Sum: 0, Workers: 4
[3985.263s][debug][gc,phases      ] GC(77)     Total                          Min: 0, Avg: 233.5, Max: 832, Diff: 832, Sum: 934, Workers: 4
[3985.263s][debug][gc,phases      ] GC(77)   ObjectSynchronizer Weak        Min:  0.0, Avg:  0.0, Max:  0.0, Diff:  0.0, Sum:  0.0, Workers: 4
[3985.263s][debug][gc,phases      ] GC(77)     Dead                           Min: 0, Avg:  0.0, Max: 0, Diff: 0, Sum: 0, Workers: 4
[3985.263s][debug][gc,phases      ] GC(77)     Total                          Min: 0, Avg:  0.8, Max: 3, Diff: 3, Sum: 3, Workers: 4
[3985.263s][debug][gc,phases      ] GC(77)   JVMTI Tag Weak OopStorage      Min:  0.0, Avg:  0.0, Max:  0.0, Diff:  0.0, Sum:  0.0, Workers: 4
[3985.263s][debug][gc,phases      ] GC(77)     Dead                           Min: 0, Avg:  0.0, Max: 0, Diff: 0, Sum: 0, Workers: 4
[3985.263s][debug][gc,phases      ] GC(77)     Total                          Min: 0, Avg:  0.0, Max: 0, Diff: 0, Sum: 0, Workers: 4
[3985.263s][debug][gc,phases      ] GC(77)   StringTable Weak               Min:  0.0, Avg:  0.1, Max:  0.1, Diff:  0.1, Sum:  0.3, Workers: 4
[3985.263s][debug][gc,phases      ] GC(77)     Dead                           Min: 0, Avg:  0.0, Max: 0, Diff: 0, Sum: 0, Workers: 4
[3985.263s][debug][gc,phases      ] GC(77)     Total                          Min: 0, Avg: 11377.2, Max: 18752, Diff: 18752, Sum: 45509, Workers: 4
[3985.263s][debug][gc,phases      ] GC(77)   ResolvedMethodTable Weak       Min:  0.0, Avg:  0.0, Max:  0.0, Diff:  0.0, Sum:  0.1, Workers: 4
[3985.263s][debug][gc,phases      ] GC(77)     Dead                           Min: 0, Avg:  0.0, Max: 0, Diff: 0, Sum: 0, Workers: 4
[3985.263s][debug][gc,phases      ] GC(77)     Total                          Min: 0, Avg: 3087.8, Max: 4672, Diff: 4672, Sum: 12351, Workers: 4
[3985.263s][debug][gc,phases      ] GC(77)   JNI Weak                       Min:  0.0, Avg:  0.0, Max:  0.0, Diff:  0.0, Sum:  0.0, Workers: 4
[3985.263s][debug][gc,phases      ] GC(77)     Dead                           Min: 0, Avg:  0.0, Max: 0, Diff: 0, Sum: 0, Workers: 4
[3985.263s][debug][gc,phases      ] GC(77)     Total                          Min: 0, Avg: 12.0, Max: 48, Diff: 48, Sum: 48, Workers: 4
[3985.263s][debug][gc,phases      ] GC(77)   StringDedup Table Weak         Min:  0.0, Avg:  0.0, Max:  0.0, Diff:  0.0, Sum:  0.0, Workers: 4
[3985.263s][debug][gc,phases      ] GC(77)     Dead                           Min: 0, Avg:  0.0, Max: 0, Diff: 0, Sum: 0, Workers: 4
[3985.263s][debug][gc,phases      ] GC(77)     Total                          Min: 0, Avg:  0.0, Max: 0, Diff: 0, Sum: 0, Workers: 4
[3985.263s][debug][gc,phases      ] GC(77)   StringDedup Requests0 Weak     Min:  0.0, Avg:  0.0, Max:  0.0, Diff:  0.0, Sum:  0.0, Workers: 4
[3985.263s][debug][gc,phases      ] GC(77)     Dead                           Min: 0, Avg:  0.0, Max: 0, Diff: 0, Sum: 0, Workers: 4
[3985.263s][debug][gc,phases      ] GC(77)     Total                          Min: 0, Avg:  0.0, Max: 0, Diff: 0, Sum: 0, Workers: 4
[3985.263s][debug][gc,phases      ] GC(77)   StringDedup Requests1 Weak     Min:  0.0, Avg:  0.0, Max:  0.0, Diff:  0.0, Sum:  0.0, Workers: 4
[3985.263s][debug][gc,phases      ] GC(77)     Dead                           Min: 0, Avg:  0.0, Max: 0, Diff: 0, Sum: 0, Workers: 4
[3985.263s][debug][gc,phases      ] GC(77)     Total                          Min: 0, Avg:  0.0, Max: 0, Diff: 0, Sum: 0, Workers: 4
[3985.263s][debug][gc,phases      ] GC(77)   Weak JFR Old Object Samples    Min:  0.0, Avg:  0.0, Max:  0.0, Diff:  0.0, Sum:  0.0, Workers: 4
[3985.263s][debug][gc,phases      ] GC(77)     Dead                           Min: 0, Avg:  0.0, Max: 0, Diff: 0, Sum: 0, Workers: 4
[3985.263s][debug][gc,phases      ] GC(77)     Total                          Min: 0, Avg:  0.0, Max: 0, Diff: 0, Sum: 0, Workers: 4
[3985.263s][debug][gc,phases      ] GC(77) Weak Processing 0.332ms
[3985.263s][debug][gc,age         ] GC(77) Desired survivor size 29360128 bytes, new threshold 15 (max threshold 15)
[3985.263s][info ][gc,heap        ] GC(77) PSYoungGen: 2041367K(2062848K)->10279K(2068480K) Eden: 2030592K(2030592K)->0K(2037760K) From: 10775K(32256K)->10279K(30720K)
[3985.263s][info ][gc,heap        ] GC(77) ParOldGen: 347239K(449536K)->347295K(449536K)
[3985.263s][info ][gc,metaspace   ] GC(77) Metaspace: 90470K(91648K)->90470K(91648K) NonClass: 77670K(78336K)->77670K(78336K) Class: 12800K(13312K)->12800K(13312K)
[3985.263s][info ][gc             ] GC(77) Pause Young (Allocation Failure) 2332M->349M(2459M) 6.051ms
[3985.263s][info ][gc,cpu         ] GC(77) User=0.01s Sys=0.02s Real=0.01s
[3985.263s][info ][safepoint      ] Safepoint "ParallelGCFailedAllocation", Time since last: 3199142957 ns, Reaching safepoint: 6000 ns, Cleanup: 3200 ns, At safepoint: 6119744 ns, Total: 6128944 ns
[3986.263s][info ][safepoint      ] Safepoint "Cleanup", Time since last: 1000081026 ns, Reaching safepoint: 6500 ns, Cleanup: 7901 ns, At safepoint: 1600 ns, Total: 16001 ns
[3987.263s][info ][safepoint      ] Safepoint "Cleanup", Time since last: 1000101226 ns, Reaching safepoint: 6600 ns, Cleanup: 8700 ns, At safepoint: 1600 ns, Total: 16900 ns
[3992.263s][info ][safepoint      ] Safepoint "Cleanup", Time since last: 5000355232 ns, Reaching safepoint: 9500 ns, Cleanup: 14100 ns, At safepoint: 1800 ns, Total: 25400 ns
[3995.264s][info ][safepoint      ] Safepoint "Cleanup", Time since last: 3000223389 ns, Reaching safepoint: 6201 ns, Cleanup: 7800 ns, At safepoint: 1600 ns, Total: 15601 ns
[3996.264s][info ][safepoint      ] Safepoint "Cleanup", Time since last: 1000099000 ns, Reaching safepoint: 6600 ns, Cleanup: 8300 ns, At safepoint: 1600 ns, Total: 16500 ns
[3999.264s][info ][safepoint      ] Safepoint "Cleanup", Time since last: 3000231000 ns, Reaching safepoint: 78401 ns, Cleanup: 6100 ns, At safepoint: 5700 ns, Total: 90201 ns
[4000.264s][info ][safepoint      ] Safepoint "Cleanup", Time since last: 1000116800 ns, Reaching safepoint: 6400 ns, Cleanup: 8900 ns, At safepoint: 1600 ns, Total: 16900 ns
[4013.265s][info ][safepoint      ] Safepoint "Cleanup", Time since last: 13000778153 ns, Reaching safepoint: 6700 ns, Cleanup: 15700 ns, At safepoint: 23600 ns, Total: 46000 ns
[4033.071s][info ][safepoint      ] Safepoint "Cleanup", Time since last: 19806008601 ns, Reaching safepoint: 7200 ns, Cleanup: 10300 ns, At safepoint: 4500 ns, Total: 22000 ns
[4050.072s][info ][safepoint      ] Safepoint "Cleanup", Time since last: 17001042507 ns, Reaching safepoint: 6800 ns, Cleanup: 9100 ns, At safepoint: 1500 ns, Total: 17400 ns
[4052.072s][info ][safepoint      ] Safepoint "Cleanup", Time since last: 2000162793 ns, Reaching safepoint: 6300 ns, Cleanup: 9800 ns, At safepoint: 1600 ns, Total: 17700 ns
[4056.809s][info ][gc,start       ] GC(78) Pause Young (Allocation Failure)
[4056.814s][debug][gc,phases      ] GC(78) Scavenge 5.498ms
[4056.814s][debug][gc,ref         ] GC(78) ReferenceProcessor::execute queues: 1, RefProcThreadModel::Single, marks_oops_alive: false
[4056.814s][debug][gc,ref         ] GC(78) ReferenceProcessor::execute queues: 4, RefProcThreadModel::Multi, marks_oops_alive: true
[4056.814s][debug][gc,ref         ] GC(78) ReferenceProcessor::execute queues: 1, RefProcThreadModel::Single, marks_oops_alive: false
[4056.814s][debug][gc,phases      ] GC(78) Reference Processing 0.154ms
[4056.815s][debug][gc,phases      ] GC(78)   VM Weak                        Min:  0.0, Avg:  0.0, Max:  0.0, Diff:  0.0, Sum:  0.0, Workers: 4
[4056.815s][debug][gc,phases      ] GC(78)     Dead                           Min: 0, Avg:  0.0, Max: 0, Diff: 0, Sum: 0, Workers: 4
[4056.815s][debug][gc,phases      ] GC(78)     Total                          Min: 0, Avg: 233.5, Max: 486, Diff: 486, Sum: 934, Workers: 4
[4056.815s][debug][gc,phases      ] GC(78)   ObjectSynchronizer Weak        Min:  0.0, Avg:  0.0, Max:  0.0, Diff:  0.0, Sum:  0.0, Workers: 4
[4056.815s][debug][gc,phases      ] GC(78)     Dead                           Min: 0, Avg:  0.0, Max: 0, Diff: 0, Sum: 0, Workers: 4
[4056.815s][debug][gc,phases      ] GC(78)     Total                          Min: 0, Avg:  1.0, Max: 4, Diff: 4, Sum: 4, Workers: 4
[4056.815s][debug][gc,phases      ] GC(78)   JVMTI Tag Weak OopStorage      Min:  0.0, Avg:  0.0, Max:  0.0, Diff:  0.0, Sum:  0.0, Workers: 4
[4056.815s][debug][gc,phases      ] GC(78)     Dead                           Min: 0, Avg:  0.0, Max: 0, Diff: 0, Sum: 0, Workers: 4
[4056.815s][debug][gc,phases      ] GC(78)     Total                          Min: 0, Avg:  0.0, Max: 0, Diff: 0, Sum: 0, Workers: 4
[4056.815s][debug][gc,phases      ] GC(78)   StringTable Weak               Min:  0.1, Avg:  0.1, Max:  0.1, Diff:  0.0, Sum:  0.4, Workers: 4
[4056.815s][debug][gc,phases      ] GC(78)     Dead                           Min: 0, Avg:  0.0, Max: 0, Diff: 0, Sum: 0, Workers: 4
[4056.815s][debug][gc,phases      ] GC(78)     Total                          Min: 10432, Avg: 11377.2, Max: 12037, Diff: 1605, Sum: 45509, Workers: 4
[4056.815s][debug][gc,phases      ] GC(78)   ResolvedMethodTable Weak       Min:  0.0, Avg:  0.0, Max:  0.0, Diff:  0.0, Sum:  0.1, Workers: 4
[4056.815s][debug][gc,phases      ] GC(78)     Dead                           Min: 0, Avg:  0.0, Max: 0, Diff: 0, Sum: 0, Workers: 4
[4056.815s][debug][gc,phases      ] GC(78)     Total                          Min: 3008, Avg: 3087.8, Max: 3199, Diff: 191, Sum: 12351, Workers: 4
[4056.815s][debug][gc,phases      ] GC(78)   JNI Weak                       Min:  0.0, Avg:  0.0, Max:  0.0, Diff:  0.0, Sum:  0.0, Workers: 4
[4056.815s][debug][gc,phases      ] GC(78)     Dead                           Min: 0, Avg:  0.0, Max: 0, Diff: 0, Sum: 0, Workers: 4
[4056.815s][debug][gc,phases      ] GC(78)     Total                          Min: 0, Avg: 12.0, Max: 48, Diff: 48, Sum: 48, Workers: 4
[4056.815s][debug][gc,phases      ] GC(78)   StringDedup Table Weak         Min:  0.0, Avg:  0.0, Max:  0.0, Diff:  0.0, Sum:  0.0, Workers: 4
[4056.815s][debug][gc,phases      ] GC(78)     Dead                           Min: 0, Avg:  0.0, Max: 0, Diff: 0, Sum: 0, Workers: 4
[4056.815s][debug][gc,phases      ] GC(78)     Total                          Min: 0, Avg:  0.0, Max: 0, Diff: 0, Sum: 0, Workers: 4
[4056.815s][debug][gc,phases      ] GC(78)   StringDedup Requests0 Weak     Min:  0.0, Avg:  0.0, Max:  0.0, Diff:  0.0, Sum:  0.0, Workers: 4
[4056.815s][debug][gc,phases      ] GC(78)     Dead                           Min: 0, Avg:  0.0, Max: 0, Diff: 0, Sum: 0, Workers: 4
[4056.815s][debug][gc,phases      ] GC(78)     Total                          Min: 0, Avg:  0.0, Max: 0, Diff: 0, Sum: 0, Workers: 4
[4056.815s][debug][gc,phases      ] GC(78)   StringDedup Requests1 Weak     Min:  0.0, Avg:  0.0, Max:  0.0, Diff:  0.0, Sum:  0.0, Workers: 4
[4056.815s][debug][gc,phases      ] GC(78)     Dead                           Min: 0, Avg:  0.0, Max: 0, Diff: 0, Sum: 0, Workers: 4
[4056.815s][debug][gc,phases      ] GC(78)     Total                          Min: 0, Avg:  0.0, Max: 0, Diff: 0, Sum: 0, Workers: 4
[4056.815s][debug][gc,phases      ] GC(78)   Weak JFR Old Object Samples    Min:  0.0, Avg:  0.0, Max:  0.0, Diff:  0.0, Sum:  0.0, Workers: 4
[4056.815s][debug][gc,phases      ] GC(78)     Dead                           Min: 0, Avg:  0.0, Max: 0, Diff: 0, Sum: 0, Workers: 4
[4056.815s][debug][gc,phases      ] GC(78)     Total                          Min: 0, Avg:  0.0, Max: 0, Diff: 0, Sum: 0, Workers: 4
[4056.815s][debug][gc,phases      ] GC(78) Weak Processing 0.288ms
[4056.815s][debug][gc,age         ] GC(78) Desired survivor size 28311552 bytes, new threshold 15 (max threshold 15)
[4056.815s][info ][gc,heap        ] GC(78) PSYoungGen: 2047941K(2068480K)->10327K(2066432K) Eden: 2037662K(2037760K)->0K(2037760K) From: 10279K(30720K)->10327K(28672K)
[4056.815s][info ][gc,heap        ] GC(78) ParOldGen: 347295K(449536K)->347463K(449536K)
[4056.815s][info ][gc,metaspace   ] GC(78) Metaspace: 90477K(91648K)->90477K(91648K) NonClass: 77676K(78336K)->77676K(78336K) Class: 12800K(13312K)->12800K(13312K)
[4056.815s][info ][gc             ] GC(78) Pause Young (Allocation Failure) 2339M->349M(2457M) 6.054ms
[4056.815s][info ][gc,cpu         ] GC(78) User=0.01s Sys=0.00s Real=0.01s
[4056.815s][info ][safepoint      ] Safepoint "ParallelGCFailedAllocation", Time since last: 4736328575 ns, Reaching safepoint: 6300 ns, Cleanup: 3601 ns, At safepoint: 6122043 ns, Total: 6131944 ns
[4060.815s][info ][safepoint      ] Safepoint "Cleanup", Time since last: 4000274775 ns, Reaching safepoint: 5900 ns, Cleanup: 12900 ns, At safepoint: 20200 ns, Total: 39000 ns
[4063.815s][info ][safepoint      ] Safepoint "Cleanup", Time since last: 3000222456 ns, Reaching safepoint: 6100 ns, Cleanup: 16400 ns, At safepoint: 1900 ns, Total: 24400 ns
[4067.816s][info ][safepoint      ] Safepoint "Cleanup", Time since last: 4000250003 ns, Reaching safepoint: 6700 ns, Cleanup: 15800 ns, At safepoint: 1300 ns, Total: 23800 ns
[4069.816s][info ][safepoint      ] Safepoint "Cleanup", Time since last: 2000164675 ns, Reaching safepoint: 8000 ns, Cleanup: 14200 ns, At safepoint: 2000 ns, Total: 24200 ns
[4073.816s][info ][safepoint      ] Safepoint "Cleanup", Time since last: 4000249153 ns, Reaching safepoint: 7000 ns, Cleanup: 18100 ns, At safepoint: 2100 ns, Total: 27200 ns
[4076.816s][info ][safepoint      ] Safepoint "Cleanup", Time since last: 3000238599 ns, Reaching safepoint: 7200 ns, Cleanup: 11600 ns, At safepoint: 1900 ns, Total: 20700 ns
[4082.085s][info ][safepoint      ] Safepoint "Cleanup", Time since last: 5268923727 ns, Reaching safepoint: 8400 ns, Cleanup: 10100 ns, At safepoint: 2600 ns, Total: 21100 ns
[4091.086s][info ][safepoint      ] Safepoint "Cleanup", Time since last: 9000595241 ns, Reaching safepoint: 7800 ns, Cleanup: 8800 ns, At safepoint: 1500 ns, Total: 18100 ns
[4093.086s][info ][safepoint      ] Safepoint "Cleanup", Time since last: 2000136161 ns, Reaching safepoint: 7400 ns, Cleanup: 8000 ns, At safepoint: 1600 ns, Total: 17000 ns
[4104.087s][info ][safepoint      ] Safepoint "Cleanup", Time since last: 11000601319 ns, Reaching safepoint: 6900 ns, Cleanup: 9601 ns, At safepoint: 1400 ns, Total: 17901 ns
[4108.087s][info ][safepoint      ] Safepoint "Cleanup", Time since last: 4000238613 ns, Reaching safepoint: 7200 ns, Cleanup: 8000 ns, At safepoint: 1500 ns, Total: 16700 ns
[4110.087s][info ][safepoint      ] Safepoint "Cleanup", Time since last: 2000132457 ns, Reaching safepoint: 6700 ns, Cleanup: 7900 ns, At safepoint: 14700 ns, Total: 29300 ns
[4112.905s][info ][gc,start       ] GC(79) Pause Young (Allocation Failure)
[4112.913s][debug][gc,phases      ] GC(79) Scavenge 7.015ms
[4112.913s][debug][gc,ref         ] GC(79) ReferenceProcessor::execute queues: 1, RefProcThreadModel::Single, marks_oops_alive: false
[4112.913s][debug][gc,ref         ] GC(79) Skipped KeepAliveFinalRefsPhase of Reference Processing: no references
[4112.913s][debug][gc,ref         ] GC(79) ReferenceProcessor::execute queues: 1, RefProcThreadModel::Single, marks_oops_alive: false
[4112.913s][debug][gc,phases      ] GC(79) Reference Processing 0.091ms
[4112.913s][debug][gc,phases      ] GC(79)   VM Weak                        Min:  0.0, Avg:  0.0, Max:  0.0, Diff:  0.0, Sum:  0.0, Workers: 4
[4112.913s][debug][gc,phases      ] GC(79)     Dead                           Min: 0, Avg:  0.0, Max: 0, Diff: 0, Sum: 0, Workers: 4
[4112.913s][debug][gc,phases      ] GC(79)     Total                          Min: 0, Avg: 234.0, Max: 576, Diff: 576, Sum: 936, Workers: 4
[4112.913s][debug][gc,phases      ] GC(79)   ObjectSynchronizer Weak        Min:  0.0, Avg:  0.0, Max:  0.0, Diff:  0.0, Sum:  0.0, Workers: 4
[4112.913s][debug][gc,phases      ] GC(79)     Dead                           Min: 0, Avg:  0.0, Max: 0, Diff: 0, Sum: 0, Workers: 4
[4112.913s][debug][gc,phases      ] GC(79)     Total                          Min: 0, Avg:  1.0, Max: 4, Diff: 4, Sum: 4, Workers: 4
[4112.913s][debug][gc,phases      ] GC(79)   JVMTI Tag Weak OopStorage      Min:  0.0, Avg:  0.0, Max:  0.0, Diff:  0.0, Sum:  0.0, Workers: 4
[4112.913s][debug][gc,phases      ] GC(79)     Dead                           Min: 0, Avg:  0.0, Max: 0, Diff: 0, Sum: 0, Workers: 4
[4112.913s][debug][gc,phases      ] GC(79)     Total                          Min: 0, Avg:  0.0, Max: 0, Diff: 0, Sum: 0, Workers: 4
[4112.913s][debug][gc,phases      ] GC(79)   StringTable Weak               Min:  0.0, Avg:  0.1, Max:  0.1, Diff:  0.1, Sum:  0.3, Workers: 4
[4112.913s][debug][gc,phases      ] GC(79)     Dead                           Min: 0, Avg:  0.2, Max: 1, Diff: 1, Sum: 1, Workers: 4
[4112.913s][debug][gc,phases      ] GC(79)     Total                          Min: 0, Avg: 11379.0, Max: 19712, Diff: 19712, Sum: 45516, Workers: 4
[4112.913s][debug][gc,phases      ] GC(79)   ResolvedMethodTable Weak       Min:  0.0, Avg:  0.0, Max:  0.0, Diff:  0.0, Sum:  0.1, Workers: 4
[4112.913s][debug][gc,phases      ] GC(79)     Dead                           Min: 0, Avg:  0.2, Max: 1, Diff: 1, Sum: 1, Workers: 4
[4112.913s][debug][gc,phases      ] GC(79)     Total                          Min: 0, Avg: 3090.2, Max: 5065, Diff: 5065, Sum: 12361, Workers: 4
[4112.913s][debug][gc,phases      ] GC(79)   JNI Weak                       Min:  0.0, Avg:  0.0, Max:  0.0, Diff:  0.0, Sum:  0.0, Workers: 4
[4112.913s][debug][gc,phases      ] GC(79)     Dead                           Min: 0, Avg:  0.0, Max: 0, Diff: 0, Sum: 0, Workers: 4
[4112.913s][debug][gc,phases      ] GC(79)     Total                          Min: 0, Avg: 12.0, Max: 48, Diff: 48, Sum: 48, Workers: 4
[4112.913s][debug][gc,phases      ] GC(79)   StringDedup Table Weak         Min:  0.0, Avg:  0.0, Max:  0.0, Diff:  0.0, Sum:  0.0, Workers: 4
[4112.913s][debug][gc,phases      ] GC(79)     Dead                           Min: 0, Avg:  0.0, Max: 0, Diff: 0, Sum: 0, Workers: 4
[4112.913s][debug][gc,phases      ] GC(79)     Total                          Min: 0, Avg:  0.0, Max: 0, Diff: 0, Sum: 0, Workers: 4
[4112.913s][debug][gc,phases      ] GC(79)   StringDedup Requests0 Weak     Min:  0.0, Avg:  0.0, Max:  0.0, Diff:  0.0, Sum:  0.0, Workers: 4
[4112.913s][debug][gc,phases      ] GC(79)     Dead                           Min: 0, Avg:  0.0, Max: 0, Diff: 0, Sum: 0, Workers: 4
[4112.913s][debug][gc,phases      ] GC(79)     Total                          Min: 0, Avg:  0.0, Max: 0, Diff: 0, Sum: 0, Workers: 4
[4112.913s][debug][gc,phases      ] GC(79)   StringDedup Requests1 Weak     Min:  0.0, Avg:  0.0, Max:  0.0, Diff:  0.0, Sum:  0.0, Workers: 4
[4112.913s][debug][gc,phases      ] GC(79)     Dead                           Min: 0, Avg:  0.0, Max: 0, Diff: 0, Sum: 0, Workers: 4
[4112.913s][debug][gc,phases      ] GC(79)     Total                          Min: 0, Avg:  0.0, Max: 0, Diff: 0, Sum: 0, Workers: 4
[4112.913s][debug][gc,phases      ] GC(79)   Weak JFR Old Object Samples    Min:  0.0, Avg:  0.0, Max:  0.0, Diff:  0.0, Sum:  0.0, Workers: 4
[4112.913s][debug][gc,phases      ] GC(79)     Dead                           Min: 0, Avg:  0.0, Max: 0, Diff: 0, Sum: 0, Workers: 4
[4112.913s][debug][gc,phases      ] GC(79)     Total                          Min: 0, Avg:  0.0, Max: 0, Diff: 0, Sum: 0, Workers: 4
[4112.913s][debug][gc,phases      ] GC(79) Weak Processing 0.317ms
[4112.913s][debug][gc,age         ] GC(79) Desired survivor size 27787264 bytes, new threshold 15 (max threshold 15)
[4112.913s][info ][gc,heap        ] GC(79) PSYoungGen: 2048087K(2066432K)->14823K(2070016K) Eden: 2037760K(2037760K)->0K(2042368K) From: 10327K(28672K)->14823K(27648K)
[4112.913s][info ][gc,heap        ] GC(79) ParOldGen: 347463K(449536K)->347511K(449536K)
[4112.913s][info ][gc,metaspace   ] GC(79) Metaspace: 90508K(91648K)->90508K(91648K) NonClass: 77704K(78336K)->77704K(78336K) Class: 12804K(13312K)->12804K(13312K)
[4112.913s][info ][gc             ] GC(79) Pause Young (Allocation Failure) 2339M->353M(2460M) 7.528ms
[4112.913s][info ][gc,cpu         ] GC(79) User=0.02s Sys=0.00s Real=0.01s
[4112.913s][info ][safepoint      ] Safepoint "ParallelGCFailedAllocation", Time since last: 2818307130 ns, Reaching safepoint: 7000 ns, Cleanup: 3400 ns, At safepoint: 7600955 ns, Total: 7611355 ns
[4116.913s][info ][safepoint      ] Safepoint "Cleanup", Time since last: 4000368208 ns, Reaching safepoint: 7400 ns, Cleanup: 8900 ns, At safepoint: 5000 ns, Total: 21300 ns
[4140.915s][info ][safepoint      ] Safepoint "Cleanup", Time since last: 24001427828 ns, Reaching safepoint: 7200 ns, Cleanup: 8100 ns, At safepoint: 1500 ns, Total: 16800 ns
[4143.100s][info ][safepoint      ] Safepoint "Cleanup", Time since last: 2185238525 ns, Reaching safepoint: 7000 ns, Cleanup: 9700 ns, At safepoint: 1400 ns, Total: 18100 ns
[4147.100s][info ][safepoint      ] Safepoint "Cleanup", Time since last: 4000291310 ns, Reaching safepoint: 6700 ns, Cleanup: 7500 ns, At safepoint: 2400 ns, Total: 16600 ns
[4148.101s][info ][safepoint      ] Safepoint "Cleanup", Time since last: 1000106006 ns, Reaching safepoint: 6900 ns, Cleanup: 8000 ns, At safepoint: 1400 ns, Total: 16300 ns
[4149.101s][info ][safepoint      ] Safepoint "Cleanup", Time since last: 1000089406 ns, Reaching safepoint: 7100 ns, Cleanup: 8400 ns, At safepoint: 1800 ns, Total: 17300 ns
[4150.101s][info ][safepoint      ] Safepoint "Cleanup", Time since last: 1000092906 ns, Reaching safepoint: 7100 ns, Cleanup: 10000 ns, At safepoint: 1800 ns, Total: 18900 ns
[4156.101s][info ][safepoint      ] Safepoint "Cleanup", Time since last: 6000405676 ns, Reaching safepoint: 6900 ns, Cleanup: 10800 ns, At safepoint: 1800 ns, Total: 19500 ns
[4157.101s][info ][safepoint      ] Safepoint "Cleanup", Time since last: 1000104418 ns, Reaching safepoint: 6300 ns, Cleanup: 9200 ns, At safepoint: 1600 ns, Total: 17100 ns
[4162.102s][info ][safepoint      ] Safepoint "Cleanup", Time since last: 5000337469 ns, Reaching safepoint: 6900 ns, Cleanup: 8300 ns, At safepoint: 1500 ns, Total: 16700 ns
[4163.102s][info ][safepoint      ] Safepoint "Cleanup", Time since last: 1000098824 ns, Reaching safepoint: 7200 ns, Cleanup: 8200 ns, At safepoint: 1500 ns, Total: 16900 ns
[4166.102s][info ][safepoint      ] Safepoint "Cleanup", Time since last: 3000216272 ns, Reaching safepoint: 76500 ns, Cleanup: 8300 ns, At safepoint: 12900 ns, Total: 97700 ns
[4168.102s][info ][safepoint      ] Safepoint "Cleanup", Time since last: 2000133304 ns, Reaching safepoint: 5900 ns, Cleanup: 19601 ns, At safepoint: 1400 ns, Total: 26901 ns
[4169.102s][info ][safepoint      ] Safepoint "Cleanup", Time since last: 1000095766 ns, Reaching safepoint: 6500 ns, Cleanup: 37401 ns, At safepoint: 1400 ns, Total: 45301 ns
[4170.103s][info ][safepoint      ] Safepoint "Cleanup", Time since last: 1000092910 ns, Reaching safepoint: 6101 ns, Cleanup: 26700 ns, At safepoint: 1500 ns, Total: 34301 ns
[4171.103s][info ][safepoint      ] Safepoint "Cleanup", Time since last: 1000098808 ns, Reaching safepoint: 9500 ns, Cleanup: 22600 ns, At safepoint: 5000 ns, Total: 37100 ns
[4171.539s][info ][gc,start       ] GC(80) Pause Young (Allocation Failure)
[4171.545s][debug][gc,phases      ] GC(80) Scavenge 6.512ms
[4171.546s][debug][gc,ref         ] GC(80) ReferenceProcessor::execute queues: 1, RefProcThreadModel::Single, marks_oops_alive: false
[4171.546s][debug][gc,ref         ] GC(80) ReferenceProcessor::execute queues: 4, RefProcThreadModel::Multi, marks_oops_alive: true
[4171.546s][debug][gc,ref         ] GC(80) ReferenceProcessor::execute queues: 1, RefProcThreadModel::Single, marks_oops_alive: false
[4171.546s][debug][gc,phases      ] GC(80) Reference Processing 0.140ms
[4171.546s][debug][gc,phases      ] GC(80)   VM Weak                        Min:  0.0, Avg:  0.0, Max:  0.0, Diff:  0.0, Sum:  0.0, Workers: 4
[4171.546s][debug][gc,phases      ] GC(80)     Dead                           Min: 0, Avg:  0.0, Max: 0, Diff: 0, Sum: 0, Workers: 4
[4171.546s][debug][gc,phases      ] GC(80)     Total                          Min: 0, Avg: 234.0, Max: 872, Diff: 872, Sum: 936, Workers: 4
[4171.546s][debug][gc,phases      ] GC(80)   ObjectSynchronizer Weak        Min:  0.0, Avg:  0.0, Max:  0.0, Diff:  0.0, Sum:  0.0, Workers: 4
[4171.546s][debug][gc,phases      ] GC(80)     Dead                           Min: 0, Avg:  0.0, Max: 0, Diff: 0, Sum: 0, Workers: 4
[4171.546s][debug][gc,phases      ] GC(80)     Total                          Min: 0, Avg:  1.0, Max: 4, Diff: 4, Sum: 4, Workers: 4
[4171.546s][debug][gc,phases      ] GC(80)   JVMTI Tag Weak OopStorage      Min:  0.0, Avg:  0.0, Max:  0.0, Diff:  0.0, Sum:  0.0, Workers: 4
[4171.546s][debug][gc,phases      ] GC(80)     Dead                           Min: 0, Avg:  0.0, Max: 0, Diff: 0, Sum: 0, Workers: 4
[4171.546s][debug][gc,phases      ] GC(80)     Total                          Min: 0, Avg:  0.0, Max: 0, Diff: 0, Sum: 0, Workers: 4
[4171.546s][debug][gc,phases      ] GC(80)   StringTable Weak               Min:  0.1, Avg:  0.1, Max:  0.1, Diff:  0.0, Sum:  0.4, Workers: 4
[4171.546s][debug][gc,phases      ] GC(80)     Dead                           Min: 0, Avg:  0.0, Max: 0, Diff: 0, Sum: 0, Workers: 4
[4171.546s][debug][gc,phases      ] GC(80)     Total                          Min: 10624, Avg: 11379.2, Max: 11775, Diff: 1151, Sum: 45517, Workers: 4
[4171.546s][debug][gc,phases      ] GC(80)   ResolvedMethodTable Weak       Min:  0.0, Avg:  0.0, Max:  0.0, Diff:  0.0, Sum:  0.1, Workers: 4
[4171.546s][debug][gc,phases      ] GC(80)     Dead                           Min: 0, Avg:  0.0, Max: 0, Diff: 0, Sum: 0, Workers: 4
[4171.546s][debug][gc,phases      ] GC(80)     Total                          Min: 3007, Avg: 3090.2, Max: 3197, Diff: 190, Sum: 12361, Workers: 4
[4171.546s][debug][gc,phases      ] GC(80)   JNI Weak                       Min:  0.0, Avg:  0.0, Max:  0.0, Diff:  0.0, Sum:  0.0, Workers: 4
[4171.546s][debug][gc,phases      ] GC(80)     Dead                           Min: 0, Avg:  0.0, Max: 0, Diff: 0, Sum: 0, Workers: 4
[4171.546s][debug][gc,phases      ] GC(80)     Total                          Min: 0, Avg: 12.0, Max: 48, Diff: 48, Sum: 48, Workers: 4
[4171.546s][debug][gc,phases      ] GC(80)   StringDedup Table Weak         Min:  0.0, Avg:  0.0, Max:  0.0, Diff:  0.0, Sum:  0.0, Workers: 4
[4171.546s][debug][gc,phases      ] GC(80)     Dead                           Min: 0, Avg:  0.0, Max: 0, Diff: 0, Sum: 0, Workers: 4
[4171.546s][debug][gc,phases      ] GC(80)     Total                          Min: 0, Avg:  0.0, Max: 0, Diff: 0, Sum: 0, Workers: 4
[4171.546s][debug][gc,phases      ] GC(80)   StringDedup Requests0 Weak     Min:  0.0, Avg:  0.0, Max:  0.0, Diff:  0.0, Sum:  0.0, Workers: 4
[4171.546s][debug][gc,phases      ] GC(80)     Dead                           Min: 0, Avg:  0.0, Max: 0, Diff: 0, Sum: 0, Workers: 4
[4171.546s][debug][gc,phases      ] GC(80)     Total                          Min: 0, Avg:  0.0, Max: 0, Diff: 0, Sum: 0, Workers: 4
[4171.546s][debug][gc,phases      ] GC(80)   StringDedup Requests1 Weak     Min:  0.0, Avg:  0.0, Max:  0.0, Diff:  0.0, Sum:  0.0, Workers: 4
[4171.546s][debug][gc,phases      ] GC(80)     Dead                           Min: 0, Avg:  0.0, Max: 0, Diff: 0, Sum: 0, Workers: 4
[4171.546s][debug][gc,phases      ] GC(80)     Total                          Min: 0, Avg:  0.0, Max: 0, Diff: 0, Sum: 0, Workers: 4
[4171.546s][debug][gc,phases      ] GC(80)   Weak JFR Old Object Samples    Min:  0.0, Avg:  0.0, Max:  0.0, Diff:  0.0, Sum:  0.0, Workers: 4
[4171.546s][debug][gc,phases      ] GC(80)     Dead                           Min: 0, Avg:  0.0, Max: 0, Diff: 0, Sum: 0, Workers: 4
[4171.546s][debug][gc,phases      ] GC(80)     Total                          Min: 0, Avg:  0.0, Max: 0, Diff: 0, Sum: 0, Workers: 4
[4171.546s][debug][gc,phases      ] GC(80) Weak Processing 0.292ms
[4171.546s][debug][gc,age         ] GC(80) Desired survivor size 27787264 bytes, new threshold 15 (max threshold 15)
[4171.546s][info ][gc,heap        ] GC(80) PSYoungGen: 2057191K(2070016K)->15431K(2069504K) Eden: 2042368K(2042368K)->0K(2042368K) From: 14823K(27648K)->15431K(27136K)
[4171.546s][info ][gc,heap        ] GC(80) ParOldGen: 347511K(449536K)->347603K(449536K)
[4171.546s][info ][gc,metaspace   ] GC(80) Metaspace: 90538K(91776K)->90538K(91776K) NonClass: 77733K(78464K)->77733K(78464K) Class: 12804K(13312K)->12804K(13312K)
[4171.546s][info ][gc             ] GC(80) Pause Young (Allocation Failure) 2348M->354M(2460M) 7.049ms
[4171.546s][info ][gc,cpu         ] GC(80) User=0.02s Sys=0.00s Real=0.01s
[4171.546s][info ][safepoint      ] Safepoint "ParallelGCFailedAllocation", Time since last: 436166152 ns, Reaching safepoint: 13300 ns, Cleanup: 5500 ns, At safepoint: 7112952 ns, Total: 7131752 ns
[4172.546s][info ][safepoint      ] Safepoint "Cleanup", Time since last: 1000076927 ns, Reaching safepoint: 6500 ns, Cleanup: 8700 ns, At safepoint: 1600 ns, Total: 16800 ns
[4175.546s][info ][safepoint      ] Safepoint "Cleanup", Time since last: 3000246683 ns, Reaching safepoint: 6400 ns, Cleanup: 9100 ns, At safepoint: 1900 ns, Total: 17400 ns
[4176.546s][info ][safepoint      ] Safepoint "Cleanup", Time since last: 1000099928 ns, Reaching safepoint: 6300 ns, Cleanup: 20100 ns, At safepoint: 1500 ns, Total: 27900 ns
[4177.547s][info ][safepoint      ] Safepoint "Cleanup", Time since last: 1000099333 ns, Reaching safepoint: 6700 ns, Cleanup: 7501 ns, At safepoint: 1600 ns, Total: 15801 ns
[4178.547s][info ][safepoint      ] Safepoint "Cleanup", Time since last: 1000105693 ns, Reaching safepoint: 8000 ns, Cleanup: 13100 ns, At safepoint: 1801 ns, Total: 22901 ns
[4188.547s][info ][safepoint      ] Safepoint "Cleanup", Time since last: 10000683856 ns, Reaching safepoint: 7400 ns, Cleanup: 8300 ns, At safepoint: 1700 ns, Total: 17400 ns
[4189.548s][info ][safepoint      ] Safepoint "Cleanup", Time since last: 1000109375 ns, Reaching safepoint: 8400 ns, Cleanup: 14501 ns, At safepoint: 2500 ns, Total: 25401 ns
[4191.548s][info ][safepoint      ] Safepoint "Cleanup", Time since last: 2000157349 ns, Reaching safepoint: 6800 ns, Cleanup: 9600 ns, At safepoint: 4900 ns, Total: 21300 ns
[4193.548s][info ][safepoint      ] Safepoint "Cleanup", Time since last: 2000161291 ns, Reaching safepoint: 6601 ns, Cleanup: 7200 ns, At safepoint: 24500 ns, Total: 38301 ns
[4204.115s][info ][safepoint      ] Safepoint "Cleanup", Time since last: 10567142006 ns, Reaching safepoint: 6500 ns, Cleanup: 8800 ns, At safepoint: 1500 ns, Total: 16800 ns
[4206.115s][info ][safepoint      ] Safepoint "Cleanup", Time since last: 2000157230 ns, Reaching safepoint: 6100 ns, Cleanup: 8500 ns, At safepoint: 1500 ns, Total: 16100 ns
[4210.116s][info ][safepoint      ] Safepoint "Cleanup", Time since last: 4000284472 ns, Reaching safepoint: 5600 ns, Cleanup: 6601 ns, At safepoint: 1500 ns, Total: 13701 ns
[4211.116s][info ][safepoint      ] Safepoint "Cleanup", Time since last: 1000099995 ns, Reaching safepoint: 6500 ns, Cleanup: 9000 ns, At safepoint: 1700 ns, Total: 17200 ns
[4217.116s][info ][safepoint      ] Safepoint "Cleanup", Time since last: 6000399505 ns, Reaching safepoint: 6100 ns, Cleanup: 9601 ns, At safepoint: 1400 ns, Total: 17101 ns
[4233.117s][info ][safepoint      ] Safepoint "Cleanup", Time since last: 16001001320 ns, Reaching safepoint: 6200 ns, Cleanup: 9200 ns, At safepoint: 1500 ns, Total: 16900 ns
[4251.156s][info ][gc,start       ] GC(81) Pause Young (Allocation Failure)
[4251.161s][debug][gc,phases      ] GC(81) Scavenge 5.123ms
[4251.161s][debug][gc,ref         ] GC(81) ReferenceProcessor::execute queues: 1, RefProcThreadModel::Single, marks_oops_alive: false
[4251.161s][debug][gc,ref         ] GC(81) Skipped KeepAliveFinalRefsPhase of Reference Processing: no references
[4251.161s][debug][gc,ref         ] GC(81) ReferenceProcessor::execute queues: 1, RefProcThreadModel::Single, marks_oops_alive: false
[4251.161s][debug][gc,phases      ] GC(81) Reference Processing 0.093ms
[4251.161s][debug][gc,phases      ] GC(81)   VM Weak                        Min:  0.0, Avg:  0.0, Max:  0.0, Diff:  0.0, Sum:  0.0, Workers: 4
[4251.161s][debug][gc,phases      ] GC(81)     Dead                           Min: 0, Avg:  0.0, Max: 0, Diff: 0, Sum: 0, Workers: 4
[4251.161s][debug][gc,phases      ] GC(81)     Total                          Min: 0, Avg: 234.0, Max: 552, Diff: 552, Sum: 936, Workers: 4
[4251.161s][debug][gc,phases      ] GC(81)   ObjectSynchronizer Weak        Min:  0.0, Avg:  0.0, Max:  0.0, Diff:  0.0, Sum:  0.0, Workers: 4
[4251.161s][debug][gc,phases      ] GC(81)     Dead                           Min: 0, Avg:  0.0, Max: 0, Diff: 0, Sum: 0, Workers: 4
[4251.161s][debug][gc,phases      ] GC(81)     Total                          Min: 0, Avg:  1.0, Max: 4, Diff: 4, Sum: 4, Workers: 4
[4251.161s][debug][gc,phases      ] GC(81)   JVMTI Tag Weak OopStorage      Min:  0.0, Avg:  0.0, Max:  0.0, Diff:  0.0, Sum:  0.0, Workers: 4
[4251.161s][debug][gc,phases      ] GC(81)     Dead                           Min: 0, Avg:  0.0, Max: 0, Diff: 0, Sum: 0, Workers: 4
[4251.161s][debug][gc,phases      ] GC(81)     Total                          Min: 0, Avg:  0.0, Max: 0, Diff: 0, Sum: 0, Workers: 4
[4251.161s][debug][gc,phases      ] GC(81)   StringTable Weak               Min:  0.0, Avg:  0.1, Max:  0.1, Diff:  0.1, Sum:  0.3, Workers: 4
[4251.161s][debug][gc,phases      ] GC(81)     Dead                           Min: 0, Avg:  0.0, Max: 0, Diff: 0, Sum: 0, Workers: 4
[4251.161s][debug][gc,phases      ] GC(81)     Total                          Min: 0, Avg: 11379.2, Max: 19967, Diff: 19967, Sum: 45517, Workers: 4
[4251.161s][debug][gc,phases      ] GC(81)   ResolvedMethodTable Weak       Min:  0.0, Avg:  0.0, Max:  0.0, Diff:  0.0, Sum:  0.1, Workers: 4
[4251.161s][debug][gc,phases      ] GC(81)     Dead                           Min: 0, Avg:  0.0, Max: 0, Diff: 0, Sum: 0, Workers: 4
[4251.161s][debug][gc,phases      ] GC(81)     Total                          Min: 0, Avg: 3090.2, Max: 5247, Diff: 5247, Sum: 12361, Workers: 4
[4251.161s][debug][gc,phases      ] GC(81)   JNI Weak                       Min:  0.0, Avg:  0.0, Max:  0.0, Diff:  0.0, Sum:  0.0, Workers: 4
[4251.161s][debug][gc,phases      ] GC(81)     Dead                           Min: 0, Avg:  0.0, Max: 0, Diff: 0, Sum: 0, Workers: 4
[4251.161s][debug][gc,phases      ] GC(81)     Total                          Min: 0, Avg: 12.0, Max: 48, Diff: 48, Sum: 48, Workers: 4
[4251.161s][debug][gc,phases      ] GC(81)   StringDedup Table Weak         Min:  0.0, Avg:  0.0, Max:  0.0, Diff:  0.0, Sum:  0.0, Workers: 4
[4251.161s][debug][gc,phases      ] GC(81)     Dead                           Min: 0, Avg:  0.0, Max: 0, Diff: 0, Sum: 0, Workers: 4
[4251.161s][debug][gc,phases      ] GC(81)     Total                          Min: 0, Avg:  0.0, Max: 0, Diff: 0, Sum: 0, Workers: 4
[4251.161s][debug][gc,phases      ] GC(81)   StringDedup Requests0 Weak     Min:  0.0, Avg:  0.0, Max:  0.0, Diff:  0.0, Sum:  0.0, Workers: 4
[4251.161s][debug][gc,phases      ] GC(81)     Dead                           Min: 0, Avg:  0.0, Max: 0, Diff: 0, Sum: 0, Workers: 4
[4251.161s][debug][gc,phases      ] GC(81)     Total                          Min: 0, Avg:  0.0, Max: 0, Diff: 0, Sum: 0, Workers: 4
[4251.161s][debug][gc,phases      ] GC(81)   StringDedup Requests1 Weak     Min:  0.0, Avg:  0.0, Max:  0.0, Diff:  0.0, Sum:  0.0, Workers: 4
[4251.161s][debug][gc,phases      ] GC(81)     Dead                           Min: 0, Avg:  0.0, Max: 0, Diff: 0, Sum: 0, Workers: 4
[4251.161s][debug][gc,phases      ] GC(81)     Total                          Min: 0, Avg:  0.0, Max: 0, Diff: 0, Sum: 0, Workers: 4
[4251.161s][debug][gc,phases      ] GC(81)   Weak JFR Old Object Samples    Min:  0.0, Avg:  0.0, Max:  0.0, Diff:  0.0, Sum:  0.0, Workers: 4
[4251.161s][debug][gc,phases      ] GC(81)     Dead                           Min: 0, Avg:  0.0, Max: 0, Diff: 0, Sum: 0, Workers: 4
[4251.161s][debug][gc,phases      ] GC(81)     Total                          Min: 0, Avg:  0.0, Max: 0, Diff: 0, Sum: 0, Workers: 4
[4251.161s][debug][gc,phases      ] GC(81) Weak Processing 0.304ms
[4251.161s][debug][gc,age         ] GC(81) Desired survivor size 26738688 bytes, new threshold 15 (max threshold 15)
[4251.161s][info ][gc,heap        ] GC(81) PSYoungGen: 2057799K(2069504K)->14247K(2071040K) Eden: 2042368K(2042368K)->0K(2043904K) From: 15431K(27136K)->14247K(27136K)
[4251.161s][info ][gc,heap        ] GC(81) ParOldGen: 347603K(449536K)->347835K(449536K)
[4251.161s][info ][gc,metaspace   ] GC(81) Metaspace: 90553K(91776K)->90553K(91776K) NonClass: 77748K(78464K)->77748K(78464K) Class: 12804K(13312K)->12804K(13312K)
[4251.161s][info ][gc             ] GC(81) Pause Young (Allocation Failure) 2349M->353M(2461M) 5.630ms
[4251.161s][info ][gc,cpu         ] GC(81) User=0.02s Sys=0.00s Real=0.01s
[4251.161s][info ][safepoint      ] Safepoint "ParallelGCFailedAllocation", Time since last: 18038395900 ns, Reaching safepoint: 8700 ns, Cleanup: 3600 ns, At safepoint: 5692442 ns, Total: 5704742 ns
[4274.130s][info ][safepoint      ] Safepoint "Cleanup", Time since last: 22969007975 ns, Reaching safepoint: 6400 ns, Cleanup: 9001 ns, At safepoint: 1500 ns, Total: 16901 ns
[4286.131s][info ][safepoint      ] Safepoint "Cleanup", Time since last: 12000789788 ns, Reaching safepoint: 8500 ns, Cleanup: 10900 ns, At safepoint: 2500 ns, Total: 21900 ns
[4291.131s][info ][safepoint      ] Safepoint "Cleanup", Time since last: 5000350258 ns, Reaching safepoint: 8900 ns, Cleanup: 10900 ns, At safepoint: 2100 ns, Total: 21900 ns
[4297.132s][info ][safepoint      ] Safepoint "Cleanup", Time since last: 6000385797 ns, Reaching safepoint: 7701 ns, Cleanup: 9700 ns, At safepoint: 2300 ns, Total: 19701 ns
[4326.145s][info ][safepoint      ] Safepoint "Cleanup", Time since last: 29012868544 ns, Reaching safepoint: 7300 ns, Cleanup: 8000 ns, At safepoint: 2000 ns, Total: 17300 ns
[4330.704s][info ][gc,start       ] GC(82) Pause Young (Allocation Failure)
[4330.710s][debug][gc,phases      ] GC(82) Scavenge 6.033ms
[4330.710s][debug][gc,ref         ] GC(82) ReferenceProcessor::execute queues: 1, RefProcThreadModel::Single, marks_oops_alive: false
[4330.710s][debug][gc,ref         ] GC(82) Skipped KeepAliveFinalRefsPhase of Reference Processing: no references
[4330.710s][debug][gc,ref         ] GC(82) ReferenceProcessor::execute queues: 1, RefProcThreadModel::Single, marks_oops_alive: false
[4330.710s][debug][gc,phases      ] GC(82) Reference Processing 0.087ms
[4330.710s][debug][gc,phases      ] GC(82)   VM Weak                        Min:  0.0, Avg:  0.0, Max:  0.0, Diff:  0.0, Sum:  0.0, Workers: 4
[4330.710s][debug][gc,phases      ] GC(82)     Dead                           Min: 0, Avg:  0.0, Max: 0, Diff: 0, Sum: 0, Workers: 4
[4330.710s][debug][gc,phases      ] GC(82)     Total                          Min: 0, Avg: 234.0, Max: 640, Diff: 640, Sum: 936, Workers: 4
[4330.710s][debug][gc,phases      ] GC(82)   ObjectSynchronizer Weak        Min:  0.0, Avg:  0.0, Max:  0.0, Diff:  0.0, Sum:  0.0, Workers: 4
[4330.710s][debug][gc,phases      ] GC(82)     Dead                           Min: 0, Avg:  0.0, Max: 0, Diff: 0, Sum: 0, Workers: 4
[4330.710s][debug][gc,phases      ] GC(82)     Total                          Min: 0, Avg:  0.8, Max: 3, Diff: 3, Sum: 3, Workers: 4
[4330.710s][debug][gc,phases      ] GC(82)   JVMTI Tag Weak OopStorage      Min:  0.0, Avg:  0.0, Max:  0.0, Diff:  0.0, Sum:  0.0, Workers: 4
[4330.710s][debug][gc,phases      ] GC(82)     Dead                           Min: 0, Avg:  0.0, Max: 0, Diff: 0, Sum: 0, Workers: 4
[4330.710s][debug][gc,phases      ] GC(82)     Total                          Min: 0, Avg:  0.0, Max: 0, Diff: 0, Sum: 0, Workers: 4
[4330.710s][debug][gc,phases      ] GC(82)   StringTable Weak               Min:  0.0, Avg:  0.1, Max:  0.1, Diff:  0.1, Sum:  0.3, Workers: 4
[4330.710s][debug][gc,phases      ] GC(82)     Dead                           Min: 0, Avg:  0.0, Max: 0, Diff: 0, Sum: 0, Workers: 4
[4330.710s][debug][gc,phases      ] GC(82)     Total                          Min: 0, Avg: 11379.2, Max: 19598, Diff: 19598, Sum: 45517, Workers: 4
[4330.710s][debug][gc,phases      ] GC(82)   ResolvedMethodTable Weak       Min:  0.0, Avg:  0.0, Max:  0.0, Diff:  0.0, Sum:  0.1, Workers: 4
[4330.710s][debug][gc,phases      ] GC(82)     Dead                           Min: 0, Avg:  0.0, Max: 0, Diff: 0, Sum: 0, Workers: 4
[4330.710s][debug][gc,phases      ] GC(82)     Total                          Min: 0, Avg: 3090.2, Max: 5312, Diff: 5312, Sum: 12361, Workers: 4
[4330.710s][debug][gc,phases      ] GC(82)   JNI Weak                       Min:  0.0, Avg:  0.0, Max:  0.0, Diff:  0.0, Sum:  0.0, Workers: 4
[4330.710s][debug][gc,phases      ] GC(82)     Dead                           Min: 0, Avg:  0.0, Max: 0, Diff: 0, Sum: 0, Workers: 4
[4330.710s][debug][gc,phases      ] GC(82)     Total                          Min: 0, Avg: 12.0, Max: 48, Diff: 48, Sum: 48, Workers: 4
[4330.711s][debug][gc,phases      ] GC(82)   StringDedup Table Weak         Min:  0.0, Avg:  0.0, Max:  0.0, Diff:  0.0, Sum:  0.0, Workers: 4
[4330.711s][debug][gc,phases      ] GC(82)     Dead                           Min: 0, Avg:  0.0, Max: 0, Diff: 0, Sum: 0, Workers: 4
[4330.711s][debug][gc,phases      ] GC(82)     Total                          Min: 0, Avg:  0.0, Max: 0, Diff: 0, Sum: 0, Workers: 4
[4330.711s][debug][gc,phases      ] GC(82)   StringDedup Requests0 Weak     Min:  0.0, Avg:  0.0, Max:  0.0, Diff:  0.0, Sum:  0.0, Workers: 4
[4330.711s][debug][gc,phases      ] GC(82)     Dead                           Min: 0, Avg:  0.0, Max: 0, Diff: 0, Sum: 0, Workers: 4
[4330.711s][debug][gc,phases      ] GC(82)     Total                          Min: 0, Avg:  0.0, Max: 0, Diff: 0, Sum: 0, Workers: 4
[4330.711s][debug][gc,phases      ] GC(82)   StringDedup Requests1 Weak     Min:  0.0, Avg:  0.0, Max:  0.0, Diff:  0.0, Sum:  0.0, Workers: 4
[4330.711s][debug][gc,phases      ] GC(82)     Dead                           Min: 0, Avg:  0.0, Max: 0, Diff: 0, Sum: 0, Workers: 4
[4330.711s][debug][gc,phases      ] GC(82)     Total                          Min: 0, Avg:  0.0, Max: 0, Diff: 0, Sum: 0, Workers: 4
[4330.711s][debug][gc,phases      ] GC(82)   Weak JFR Old Object Samples    Min:  0.0, Avg:  0.0, Max:  0.0, Diff:  0.0, Sum:  0.0, Workers: 4
[4330.711s][debug][gc,phases      ] GC(82)     Dead                           Min: 0, Avg:  0.0, Max: 0, Diff: 0, Sum: 0, Workers: 4
[4330.711s][debug][gc,phases      ] GC(82)     Total                          Min: 0, Avg:  0.0, Max: 0, Diff: 0, Sum: 0, Workers: 4
[4330.711s][debug][gc,phases      ] GC(82) Weak Processing 0.322ms
[4330.711s][debug][gc,age         ] GC(82) Desired survivor size 26214400 bytes, new threshold 15 (max threshold 15)
[4330.711s][info ][gc,heap        ] GC(82) PSYoungGen: 2058151K(2071040K)->14567K(2070016K) Eden: 2043904K(2043904K)->0K(2043904K) From: 14247K(27136K)->14567K(26112K)
[4330.711s][info ][gc,heap        ] GC(82) ParOldGen: 347835K(449536K)->347907K(449536K)
[4330.711s][info ][gc,metaspace   ] GC(82) Metaspace: 90554K(91776K)->90554K(91776K) NonClass: 77750K(78464K)->77750K(78464K) Class: 12804K(13312K)->12804K(13312K)
[4330.711s][info ][gc             ] GC(82) Pause Young (Allocation Failure) 2349M->353M(2460M) 6.547ms
[4330.711s][info ][gc,cpu         ] GC(82) User=0.02s Sys=0.00s Real=0.00s
[4330.711s][info ][safepoint      ] Safepoint "ParallelGCFailedAllocation", Time since last: 4559195883 ns, Reaching safepoint: 77101 ns, Cleanup: 3400 ns, At safepoint: 6631101 ns, Total: 6711602 ns
[4339.711s][info ][safepoint      ] Safepoint "Cleanup", Time since last: 9000583210 ns, Reaching safepoint: 5800 ns, Cleanup: 12100 ns, At safepoint: 1800 ns, Total: 19700 ns
[4344.712s][info ][safepoint      ] Safepoint "Cleanup", Time since last: 5000353916 ns, Reaching safepoint: 5600 ns, Cleanup: 11700 ns, At safepoint: 1900 ns, Total: 19200 ns
[4346.712s][info ][safepoint      ] Safepoint "Cleanup", Time since last: 2000112640 ns, Reaching safepoint: 5300 ns, Cleanup: 23001 ns, At safepoint: 1800 ns, Total: 30101 ns
[4385.159s][info ][safepoint      ] Safepoint "Cleanup", Time since last: 38447654704 ns, Reaching safepoint: 6400 ns, Cleanup: 19700 ns, At safepoint: 2000 ns, Total: 28100 ns
[4423.654s][info ][gc,start       ] GC(83) Pause Young (Allocation Failure)
[4423.658s][debug][gc,phases      ] GC(83) Scavenge 4.296ms
[4423.658s][debug][gc,ref         ] GC(83) ReferenceProcessor::execute queues: 1, RefProcThreadModel::Single, marks_oops_alive: false
[4423.658s][debug][gc,ref         ] GC(83) Skipped KeepAliveFinalRefsPhase of Reference Processing: no references
[4423.658s][debug][gc,ref         ] GC(83) ReferenceProcessor::execute queues: 1, RefProcThreadModel::Single, marks_oops_alive: false
[4423.658s][debug][gc,phases      ] GC(83) Reference Processing 0.095ms
[4423.659s][debug][gc,phases      ] GC(83)   VM Weak                        Min:  0.0, Avg:  0.0, Max:  0.0, Diff:  0.0, Sum:  0.0, Workers: 4
[4423.659s][debug][gc,phases      ] GC(83)     Dead                           Min: 0, Avg:  0.0, Max: 0, Diff: 0, Sum: 0, Workers: 4
[4423.659s][debug][gc,phases      ] GC(83)     Total                          Min: 0, Avg: 234.0, Max: 616, Diff: 616, Sum: 936, Workers: 4
[4423.659s][debug][gc,phases      ] GC(83)   ObjectSynchronizer Weak        Min:  0.0, Avg:  0.0, Max:  0.0, Diff:  0.0, Sum:  0.0, Workers: 4
[4423.659s][debug][gc,phases      ] GC(83)     Dead                           Min: 0, Avg:  0.0, Max: 0, Diff: 0, Sum: 0, Workers: 4
[4423.659s][debug][gc,phases      ] GC(83)     Total                          Min: 0, Avg:  1.0, Max: 4, Diff: 4, Sum: 4, Workers: 4
[4423.659s][debug][gc,phases      ] GC(83)   JVMTI Tag Weak OopStorage      Min:  0.0, Avg:  0.0, Max:  0.0, Diff:  0.0, Sum:  0.0, Workers: 4
[4423.659s][debug][gc,phases      ] GC(83)     Dead                           Min: 0, Avg:  0.0, Max: 0, Diff: 0, Sum: 0, Workers: 4
[4423.659s][debug][gc,phases      ] GC(83)     Total                          Min: 0, Avg:  0.0, Max: 0, Diff: 0, Sum: 0, Workers: 4
[4423.659s][debug][gc,phases      ] GC(83)   StringTable Weak               Min:  0.0, Avg:  0.1, Max:  0.1, Diff:  0.1, Sum:  0.2, Workers: 4
[4423.659s][debug][gc,phases      ] GC(83)     Dead                           Min: 0, Avg:  0.0, Max: 0, Diff: 0, Sum: 0, Workers: 4
[4423.659s][debug][gc,phases      ] GC(83)     Total                          Min: 0, Avg: 11379.2, Max: 22798, Diff: 22798, Sum: 45517, Workers: 4
[4423.659s][debug][gc,phases      ] GC(83)   ResolvedMethodTable Weak       Min:  0.0, Avg:  0.0, Max:  0.0, Diff:  0.0, Sum:  0.1, Workers: 4
[4423.659s][debug][gc,phases      ] GC(83)     Dead                           Min: 0, Avg:  0.0, Max: 0, Diff: 0, Sum: 0, Workers: 4
[4423.659s][debug][gc,phases      ] GC(83)     Total                          Min: 0, Avg: 3090.2, Max: 6591, Diff: 6591, Sum: 12361, Workers: 4
[4423.659s][debug][gc,phases      ] GC(83)   JNI Weak                       Min:  0.0, Avg:  0.0, Max:  0.0, Diff:  0.0, Sum:  0.0, Workers: 4
[4423.659s][debug][gc,phases      ] GC(83)     Dead                           Min: 0, Avg:  0.0, Max: 0, Diff: 0, Sum: 0, Workers: 4
[4423.659s][debug][gc,phases      ] GC(83)     Total                          Min: 0, Avg: 12.0, Max: 48, Diff: 48, Sum: 48, Workers: 4
[4423.659s][debug][gc,phases      ] GC(83)   StringDedup Table Weak         Min:  0.0, Avg:  0.0, Max:  0.0, Diff:  0.0, Sum:  0.0, Workers: 4
[4423.659s][debug][gc,phases      ] GC(83)     Dead                           Min: 0, Avg:  0.0, Max: 0, Diff: 0, Sum: 0, Workers: 4
[4423.659s][debug][gc,phases      ] GC(83)     Total                          Min: 0, Avg:  0.0, Max: 0, Diff: 0, Sum: 0, Workers: 4
[4423.659s][debug][gc,phases      ] GC(83)   StringDedup Requests0 Weak     Min:  0.0, Avg:  0.0, Max:  0.0, Diff:  0.0, Sum:  0.0, Workers: 4
[4423.659s][debug][gc,phases      ] GC(83)     Dead                           Min: 0, Avg:  0.0, Max: 0, Diff: 0, Sum: 0, Workers: 4
[4423.659s][debug][gc,phases      ] GC(83)     Total                          Min: 0, Avg:  0.0, Max: 0, Diff: 0, Sum: 0, Workers: 4
[4423.659s][debug][gc,phases      ] GC(83)   StringDedup Requests1 Weak     Min:  0.0, Avg:  0.0, Max:  0.0, Diff:  0.0, Sum:  0.0, Workers: 4
[4423.659s][debug][gc,phases      ] GC(83)     Dead                           Min: 0, Avg:  0.0, Max: 0, Diff: 0, Sum: 0, Workers: 4
[4423.659s][debug][gc,phases      ] GC(83)     Total                          Min: 0, Avg:  0.0, Max: 0, Diff: 0, Sum: 0, Workers: 4
[4423.659s][debug][gc,phases      ] GC(83)   Weak JFR Old Object Samples    Min:  0.0, Avg:  0.0, Max:  0.0, Diff:  0.0, Sum:  0.0, Workers: 4
[4423.659s][debug][gc,phases      ] GC(83)     Dead                           Min: 0, Avg:  0.0, Max: 0, Diff: 0, Sum: 0, Workers: 4
[4423.659s][debug][gc,phases      ] GC(83)     Total                          Min: 0, Avg:  0.0, Max: 0, Diff: 0, Sum: 0, Workers: 4
[4423.659s][debug][gc,phases      ] GC(83) Weak Processing 0.326ms
[4423.659s][debug][gc,age         ] GC(83) Desired survivor size 25690112 bytes, new threshold 15 (max threshold 15)
[4423.659s][info ][gc,heap        ] GC(83) PSYoungGen: 2058471K(2070016K)->14215K(2072064K) Eden: 2043904K(2043904K)->0K(2046464K) From: 14567K(26112K)->14215K(25600K)
[4423.659s][info ][gc,heap        ] GC(83) ParOldGen: 347907K(449536K)->347987K(449536K)
[4423.659s][info ][gc,metaspace   ] GC(83) Metaspace: 90559K(91776K)->90559K(91776K) NonClass: 77755K(78464K)->77755K(78464K) Class: 12804K(13312K)->12804K(13312K)
[4423.659s][info ][gc             ] GC(83) Pause Young (Allocation Failure) 2349M->353M(2462M) 4.822ms
[4423.659s][info ][gc,cpu         ] GC(83) User=0.02s Sys=0.00s Real=0.00s
[4423.659s][info ][safepoint      ] Safepoint "ParallelGCFailedAllocation", Time since last: 38494346730 ns, Reaching safepoint: 81401 ns, Cleanup: 3900 ns, At safepoint: 4891343 ns, Total: 4976644 ns
[4461.175s][info ][safepoint      ] Safepoint "Cleanup", Time since last: 37516292635 ns, Reaching safepoint: 6000 ns, Cleanup: 7900 ns, At safepoint: 1700 ns, Total: 15600 ns
[4514.189s][info ][safepoint      ] Safepoint "Cleanup", Time since last: 53014229801 ns, Reaching safepoint: 6800 ns, Cleanup: 7901 ns, At safepoint: 9100 ns, Total: 23801 ns
[4515.735s][info ][gc,start       ] GC(84) Pause Young (Allocation Failure)
[4515.741s][debug][gc,phases      ] GC(84) Scavenge 5.810ms
[4515.741s][debug][gc,ref         ] GC(84) ReferenceProcessor::execute queues: 1, RefProcThreadModel::Single, marks_oops_alive: false
[4515.741s][debug][gc,ref         ] GC(84) Skipped KeepAliveFinalRefsPhase of Reference Processing: no references
[4515.741s][debug][gc,ref         ] GC(84) ReferenceProcessor::execute queues: 1, RefProcThreadModel::Single, marks_oops_alive: false
[4515.741s][debug][gc,phases      ] GC(84) Reference Processing 0.096ms
[4515.741s][debug][gc,phases      ] GC(84)   VM Weak                        Min:  0.0, Avg:  0.0, Max:  0.0, Diff:  0.0, Sum:  0.0, Workers: 4
[4515.741s][debug][gc,phases      ] GC(84)     Dead                           Min: 0, Avg:  0.0, Max: 0, Diff: 0, Sum: 0, Workers: 4
[4515.741s][debug][gc,phases      ] GC(84)     Total                          Min: 0, Avg: 234.0, Max: 488, Diff: 488, Sum: 936, Workers: 4
[4515.741s][debug][gc,phases      ] GC(84)   ObjectSynchronizer Weak        Min:  0.0, Avg:  0.0, Max:  0.0, Diff:  0.0, Sum:  0.0, Workers: 4
[4515.741s][debug][gc,phases      ] GC(84)     Dead                           Min: 0, Avg:  0.0, Max: 0, Diff: 0, Sum: 0, Workers: 4
[4515.741s][debug][gc,phases      ] GC(84)     Total                          Min: 0, Avg:  0.8, Max: 3, Diff: 3, Sum: 3, Workers: 4
[4515.741s][debug][gc,phases      ] GC(84)   JVMTI Tag Weak OopStorage      Min:  0.0, Avg:  0.0, Max:  0.0, Diff:  0.0, Sum:  0.0, Workers: 4
[4515.741s][debug][gc,phases      ] GC(84)     Dead                           Min: 0, Avg:  0.0, Max: 0, Diff: 0, Sum: 0, Workers: 4
[4515.741s][debug][gc,phases      ] GC(84)     Total                          Min: 0, Avg:  0.0, Max: 0, Diff: 0, Sum: 0, Workers: 4
[4515.741s][debug][gc,phases      ] GC(84)   StringTable Weak               Min:  0.0, Avg:  0.1, Max:  0.1, Diff:  0.1, Sum:  0.3, Workers: 4
[4515.741s][debug][gc,phases      ] GC(84)     Dead                           Min: 0, Avg:  0.0, Max: 0, Diff: 0, Sum: 0, Workers: 4
[4515.741s][debug][gc,phases      ] GC(84)     Total                          Min: 0, Avg: 11379.2, Max: 20095, Diff: 20095, Sum: 45517, Workers: 4
[4515.741s][debug][gc,phases      ] GC(84)   ResolvedMethodTable Weak       Min:  0.0, Avg:  0.0, Max:  0.0, Diff:  0.0, Sum:  0.1, Workers: 4
[4515.741s][debug][gc,phases      ] GC(84)     Dead                           Min: 0, Avg:  0.0, Max: 0, Diff: 0, Sum: 0, Workers: 4
[4515.741s][debug][gc,phases      ] GC(84)     Total                          Min: 0, Avg: 3090.2, Max: 5261, Diff: 5261, Sum: 12361, Workers: 4
[4515.741s][debug][gc,phases      ] GC(84)   JNI Weak                       Min:  0.0, Avg:  0.0, Max:  0.0, Diff:  0.0, Sum:  0.0, Workers: 4
[4515.741s][debug][gc,phases      ] GC(84)     Dead                           Min: 0, Avg:  0.0, Max: 0, Diff: 0, Sum: 0, Workers: 4
[4515.741s][debug][gc,phases      ] GC(84)     Total                          Min: 0, Avg: 12.0, Max: 48, Diff: 48, Sum: 48, Workers: 4
[4515.741s][debug][gc,phases      ] GC(84)   StringDedup Table Weak         Min:  0.0, Avg:  0.0, Max:  0.0, Diff:  0.0, Sum:  0.0, Workers: 4
[4515.741s][debug][gc,phases      ] GC(84)     Dead                           Min: 0, Avg:  0.0, Max: 0, Diff: 0, Sum: 0, Workers: 4
[4515.741s][debug][gc,phases      ] GC(84)     Total                          Min: 0, Avg:  0.0, Max: 0, Diff: 0, Sum: 0, Workers: 4
[4515.741s][debug][gc,phases      ] GC(84)   StringDedup Requests0 Weak     Min:  0.0, Avg:  0.0, Max:  0.0, Diff:  0.0, Sum:  0.0, Workers: 4
[4515.741s][debug][gc,phases      ] GC(84)     Dead                           Min: 0, Avg:  0.0, Max: 0, Diff: 0, Sum: 0, Workers: 4
[4515.741s][debug][gc,phases      ] GC(84)     Total                          Min: 0, Avg:  0.0, Max: 0, Diff: 0, Sum: 0, Workers: 4
[4515.741s][debug][gc,phases      ] GC(84)   StringDedup Requests1 Weak     Min:  0.0, Avg:  0.0, Max:  0.0, Diff:  0.0, Sum:  0.0, Workers: 4
[4515.741s][debug][gc,phases      ] GC(84)     Dead                           Min: 0, Avg:  0.0, Max: 0, Diff: 0, Sum: 0, Workers: 4
[4515.741s][debug][gc,phases      ] GC(84)     Total                          Min: 0, Avg:  0.0, Max: 0, Diff: 0, Sum: 0, Workers: 4
[4515.741s][debug][gc,phases      ] GC(84)   Weak JFR Old Object Samples    Min:  0.0, Avg:  0.0, Max:  0.0, Diff:  0.0, Sum:  0.0, Workers: 4
[4515.741s][debug][gc,phases      ] GC(84)     Dead                           Min: 0, Avg:  0.0, Max: 0, Diff: 0, Sum: 0, Workers: 4
[4515.741s][debug][gc,phases      ] GC(84)     Total                          Min: 0, Avg:  0.0, Max: 0, Diff: 0, Sum: 0, Workers: 4
[4515.741s][debug][gc,phases      ] GC(84) Weak Processing 0.349ms
[4515.741s][debug][gc,age         ] GC(84) Desired survivor size 24641536 bytes, new threshold 15 (max threshold 15)
[4515.741s][info ][gc,heap        ] GC(84) PSYoungGen: 2060679K(2072064K)->14119K(2071552K) Eden: 2046464K(2046464K)->0K(2046464K) From: 14215K(25600K)->14119K(25088K)
[4515.741s][info ][gc,heap        ] GC(84) ParOldGen: 347987K(449536K)->348019K(449536K)
[4515.741s][info ][gc,metaspace   ] GC(84) Metaspace: 90569K(91776K)->90569K(91776K) NonClass: 77765K(78464K)->77765K(78464K) Class: 12804K(13312K)->12804K(13312K)
[4515.741s][info ][gc             ] GC(84) Pause Young (Allocation Failure) 2352M->353M(2462M) 6.348ms
[4515.741s][info ][gc,cpu         ] GC(84) User=0.02s Sys=0.00s Real=0.01s
[4515.741s][info ][safepoint      ] Safepoint "ParallelGCFailedAllocation", Time since last: 1545603823 ns, Reaching safepoint: 5800 ns, Cleanup: 2900 ns, At safepoint: 6419952 ns, Total: 6428652 ns
[4516.741s][info ][safepoint      ] Safepoint "Cleanup", Time since last: 1000081503 ns, Reaching safepoint: 7300 ns, Cleanup: 8900 ns, At safepoint: 2300 ns, Total: 18500 ns
[4536.743s][info ][safepoint      ] Safepoint "Cleanup", Time since last: 20001095568 ns, Reaching safepoint: 6701 ns, Cleanup: 8200 ns, At safepoint: 2200 ns, Total: 17101 ns
[4539.743s][info ][safepoint      ] Safepoint "Cleanup", Time since last: 3000232309 ns, Reaching safepoint: 7700 ns, Cleanup: 9200 ns, At safepoint: 5100 ns, Total: 22000 ns
[4551.744s][info ][safepoint      ] Safepoint "Cleanup", Time since last: 12000776715 ns, Reaching safepoint: 5800 ns, Cleanup: 11300 ns, At safepoint: 1900 ns, Total: 19000 ns
[4553.744s][info ][safepoint      ] Safepoint "Cleanup", Time since last: 2000159512 ns, Reaching safepoint: 7000 ns, Cleanup: 13400 ns, At safepoint: 2100 ns, Total: 22500 ns
[4554.744s][info ][safepoint      ] Safepoint "Cleanup", Time since last: 1000119762 ns, Reaching safepoint: 6500 ns, Cleanup: 9200 ns, At safepoint: 2600 ns, Total: 18300 ns
[4565.204s][info ][safepoint      ] Safepoint "Cleanup", Time since last: 10459494941 ns, Reaching safepoint: 83201 ns, Cleanup: 20500 ns, At safepoint: 5600 ns, Total: 109301 ns
[4586.205s][info ][safepoint      ] Safepoint "Cleanup", Time since last: 21001401269 ns, Reaching safepoint: 78001 ns, Cleanup: 11400 ns, At safepoint: 10300 ns, Total: 99701 ns
[4595.964s][info ][gc,start       ] GC(85) Pause Young (Allocation Failure)
[4595.969s][debug][gc,phases      ] GC(85) Scavenge 4.470ms
[4595.969s][debug][gc,ref         ] GC(85) ReferenceProcessor::execute queues: 1, RefProcThreadModel::Single, marks_oops_alive: false
[4595.969s][debug][gc,ref         ] GC(85) Skipped KeepAliveFinalRefsPhase of Reference Processing: no references
[4595.969s][debug][gc,ref         ] GC(85) ReferenceProcessor::execute queues: 1, RefProcThreadModel::Single, marks_oops_alive: false
[4595.969s][debug][gc,phases      ] GC(85) Reference Processing 0.088ms
[4595.969s][debug][gc,phases      ] GC(85)   VM Weak                        Min:  0.0, Avg:  0.0, Max:  0.0, Diff:  0.0, Sum:  0.0, Workers: 4
[4595.969s][debug][gc,phases      ] GC(85)     Dead                           Min: 0, Avg:  0.0, Max: 0, Diff: 0, Sum: 0, Workers: 4
[4595.969s][debug][gc,phases      ] GC(85)     Total                          Min: 0, Avg: 234.0, Max: 744, Diff: 744, Sum: 936, Workers: 4
[4595.969s][debug][gc,phases      ] GC(85)   ObjectSynchronizer Weak        Min:  0.0, Avg:  0.0, Max:  0.0, Diff:  0.0, Sum:  0.0, Workers: 4
[4595.969s][debug][gc,phases      ] GC(85)     Dead                           Min: 0, Avg:  0.0, Max: 0, Diff: 0, Sum: 0, Workers: 4
[4595.969s][debug][gc,phases      ] GC(85)     Total                          Min: 0, Avg:  1.0, Max: 4, Diff: 4, Sum: 4, Workers: 4
[4595.969s][debug][gc,phases      ] GC(85)   JVMTI Tag Weak OopStorage      Min:  0.0, Avg:  0.0, Max:  0.0, Diff:  0.0, Sum:  0.0, Workers: 4
[4595.969s][debug][gc,phases      ] GC(85)     Dead                           Min: 0, Avg:  0.0, Max: 0, Diff: 0, Sum: 0, Workers: 4
[4595.969s][debug][gc,phases      ] GC(85)     Total                          Min: 0, Avg:  0.0, Max: 0, Diff: 0, Sum: 0, Workers: 4
[4595.969s][debug][gc,phases      ] GC(85)   StringTable Weak               Min:  0.0, Avg:  0.1, Max:  0.1, Diff:  0.1, Sum:  0.3, Workers: 4
[4595.969s][debug][gc,phases      ] GC(85)     Dead                           Min: 0, Avg:  0.0, Max: 0, Diff: 0, Sum: 0, Workers: 4
[4595.969s][debug][gc,phases      ] GC(85)     Total                          Min: 0, Avg: 11379.2, Max: 20366, Diff: 20366, Sum: 45517, Workers: 4
[4595.969s][debug][gc,phases      ] GC(85)   ResolvedMethodTable Weak       Min:  0.0, Avg:  0.0, Max:  0.0, Diff:  0.0, Sum:  0.1, Workers: 4
[4595.969s][debug][gc,phases      ] GC(85)     Dead                           Min: 0, Avg:  0.0, Max: 0, Diff: 0, Sum: 0, Workers: 4
[4595.969s][debug][gc,phases      ] GC(85)     Total                          Min: 0, Avg: 3090.2, Max: 5500, Diff: 5500, Sum: 12361, Workers: 4
[4595.969s][debug][gc,phases      ] GC(85)   JNI Weak                       Min:  0.0, Avg:  0.0, Max:  0.0, Diff:  0.0, Sum:  0.0, Workers: 4
[4595.969s][debug][gc,phases      ] GC(85)     Dead                           Min: 0, Avg:  0.0, Max: 0, Diff: 0, Sum: 0, Workers: 4
[4595.969s][debug][gc,phases      ] GC(85)     Total                          Min: 0, Avg: 12.0, Max: 48, Diff: 48, Sum: 48, Workers: 4
[4595.969s][debug][gc,phases      ] GC(85)   StringDedup Table Weak         Min:  0.0, Avg:  0.0, Max:  0.0, Diff:  0.0, Sum:  0.0, Workers: 4
[4595.969s][debug][gc,phases      ] GC(85)     Dead                           Min: 0, Avg:  0.0, Max: 0, Diff: 0, Sum: 0, Workers: 4
[4595.969s][debug][gc,phases      ] GC(85)     Total                          Min: 0, Avg:  0.0, Max: 0, Diff: 0, Sum: 0, Workers: 4
[4595.969s][debug][gc,phases      ] GC(85)   StringDedup Requests0 Weak     Min:  0.0, Avg:  0.0, Max:  0.0, Diff:  0.0, Sum:  0.0, Workers: 4
[4595.969s][debug][gc,phases      ] GC(85)     Dead                           Min: 0, Avg:  0.0, Max: 0, Diff: 0, Sum: 0, Workers: 4
[4595.969s][debug][gc,phases      ] GC(85)     Total                          Min: 0, Avg:  0.0, Max: 0, Diff: 0, Sum: 0, Workers: 4
[4595.969s][debug][gc,phases      ] GC(85)   StringDedup Requests1 Weak     Min:  0.0, Avg:  0.0, Max:  0.0, Diff:  0.0, Sum:  0.0, Workers: 4
[4595.969s][debug][gc,phases      ] GC(85)     Dead                           Min: 0, Avg:  0.0, Max: 0, Diff: 0, Sum: 0, Workers: 4
[4595.969s][debug][gc,phases      ] GC(85)     Total                          Min: 0, Avg:  0.0, Max: 0, Diff: 0, Sum: 0, Workers: 4
[4595.969s][debug][gc,phases      ] GC(85)   Weak JFR Old Object Samples    Min:  0.0, Avg:  0.0, Max:  0.0, Diff:  0.0, Sum:  0.0, Workers: 4
[4595.969s][debug][gc,phases      ] GC(85)     Dead                           Min: 0, Avg:  0.0, Max: 0, Diff: 0, Sum: 0, Workers: 4
[4595.969s][debug][gc,phases      ] GC(85)     Total                          Min: 0, Avg:  0.0, Max: 0, Diff: 0, Sum: 0, Workers: 4
[4595.969s][debug][gc,phases      ] GC(85) Weak Processing 0.315ms
[4595.969s][debug][gc,age         ] GC(85) Desired survivor size 24117248 bytes, new threshold 15 (max threshold 15)
[4595.969s][info ][gc,heap        ] GC(85) PSYoungGen: 2060583K(2071552K)->14412K(2073600K) Eden: 2046464K(2046464K)->0K(2049536K) From: 14119K(25088K)->14412K(24064K)
[4595.969s][info ][gc,heap        ] GC(85) ParOldGen: 348019K(449536K)->348139K(449536K)
[4595.969s][info ][gc,metaspace   ] GC(85) Metaspace: 90581K(91776K)->90581K(91776K) NonClass: 77776K(78464K)->77776K(78464K) Class: 12804K(13312K)->12804K(13312K)
[4595.969s][info ][gc             ] GC(85) Pause Young (Allocation Failure) 2352M->354M(2464M) 4.996ms
[4595.969s][info ][gc,cpu         ] GC(85) User=0.01s Sys=0.01s Real=0.00s
[4595.969s][info ][safepoint      ] Safepoint "ParallelGCFailedAllocation", Time since last: 9759374928 ns, Reaching safepoint: 6700 ns, Cleanup: 2700 ns, At safepoint: 5061340 ns, Total: 5070740 ns
[4606.970s][info ][safepoint      ] Safepoint "Cleanup", Time since last: 11000650613 ns, Reaching safepoint: 7900 ns, Cleanup: 9300 ns, At safepoint: 21001 ns, Total: 38201 ns
[4610.970s][info ][safepoint      ] Safepoint "Cleanup", Time since last: 4000269611 ns, Reaching safepoint: 6000 ns, Cleanup: 9200 ns, At safepoint: 2200 ns, Total: 17400 ns
[4620.971s][info ][safepoint      ] Safepoint "Cleanup", Time since last: 10000664827 ns, Reaching safepoint: 6500 ns, Cleanup: 8300 ns, At safepoint: 1600 ns, Total: 16400 ns
[4628.218s][info ][safepoint      ] Safepoint "Cleanup", Time since last: 7247160960 ns, Reaching safepoint: 6600 ns, Cleanup: 7500 ns, At safepoint: 1800 ns, Total: 15900 ns
[4630.218s][info ][safepoint      ] Safepoint "Cleanup", Time since last: 2000160556 ns, Reaching safepoint: 6600 ns, Cleanup: 9800 ns, At safepoint: 2500 ns, Total: 18900 ns
[4632.219s][info ][safepoint      ] Safepoint "Cleanup", Time since last: 2000129855 ns, Reaching safepoint: 6700 ns, Cleanup: 8400 ns, At safepoint: 1400 ns, Total: 16500 ns
[4634.219s][info ][safepoint      ] Safepoint "Cleanup", Time since last: 2000160145 ns, Reaching safepoint: 6700 ns, Cleanup: 7700 ns, At safepoint: 1600 ns, Total: 16000 ns
[4662.221s][info ][safepoint      ] Safepoint "Cleanup", Time since last: 28001697257 ns, Reaching safepoint: 8400 ns, Cleanup: 12900 ns, At safepoint: 1600 ns, Total: 22900 ns
[4675.725s][info ][gc,start       ] GC(86) Pause Young (Allocation Failure)
[4675.729s][debug][gc,phases      ] GC(86) Scavenge 4.454ms
[4675.729s][debug][gc,ref         ] GC(86) ReferenceProcessor::execute queues: 1, RefProcThreadModel::Single, marks_oops_alive: false
[4675.729s][debug][gc,ref         ] GC(86) Skipped KeepAliveFinalRefsPhase of Reference Processing: no references
[4675.729s][debug][gc,ref         ] GC(86) ReferenceProcessor::execute queues: 1, RefProcThreadModel::Single, marks_oops_alive: false
[4675.729s][debug][gc,phases      ] GC(86) Reference Processing 0.091ms
[4675.729s][debug][gc,phases      ] GC(86)   VM Weak                        Min:  0.0, Avg:  0.0, Max:  0.0, Diff:  0.0, Sum:  0.0, Workers: 4
[4675.729s][debug][gc,phases      ] GC(86)     Dead                           Min: 0, Avg:  0.0, Max: 0, Diff: 0, Sum: 0, Workers: 4
[4675.729s][debug][gc,phases      ] GC(86)     Total                          Min: 0, Avg: 234.0, Max: 616, Diff: 616, Sum: 936, Workers: 4
[4675.729s][debug][gc,phases      ] GC(86)   ObjectSynchronizer Weak        Min:  0.0, Avg:  0.0, Max:  0.0, Diff:  0.0, Sum:  0.0, Workers: 4
[4675.729s][debug][gc,phases      ] GC(86)     Dead                           Min: 0, Avg:  0.0, Max: 0, Diff: 0, Sum: 0, Workers: 4
[4675.729s][debug][gc,phases      ] GC(86)     Total                          Min: 0, Avg:  1.0, Max: 4, Diff: 4, Sum: 4, Workers: 4
[4675.730s][debug][gc,phases      ] GC(86)   JVMTI Tag Weak OopStorage      Min:  0.0, Avg:  0.0, Max:  0.0, Diff:  0.0, Sum:  0.0, Workers: 4
[4675.730s][debug][gc,phases      ] GC(86)     Dead                           Min: 0, Avg:  0.0, Max: 0, Diff: 0, Sum: 0, Workers: 4
[4675.730s][debug][gc,phases      ] GC(86)     Total                          Min: 0, Avg:  0.0, Max: 0, Diff: 0, Sum: 0, Workers: 4
[4675.730s][debug][gc,phases      ] GC(86)   StringTable Weak               Min:  0.0, Avg:  0.1, Max:  0.1, Diff:  0.1, Sum:  0.3, Workers: 4
[4675.730s][debug][gc,phases      ] GC(86)     Dead                           Min: 0, Avg:  0.0, Max: 0, Diff: 0, Sum: 0, Workers: 4
[4675.730s][debug][gc,phases      ] GC(86)     Total                          Min: 0, Avg: 11381.0, Max: 20693, Diff: 20693, Sum: 45524, Workers: 4
[4675.730s][debug][gc,phases      ] GC(86)   ResolvedMethodTable Weak       Min:  0.0, Avg:  0.0, Max:  0.0, Diff:  0.0, Sum:  0.1, Workers: 4
[4675.730s][debug][gc,phases      ] GC(86)     Dead                           Min: 0, Avg:  0.0, Max: 0, Diff: 0, Sum: 0, Workers: 4
[4675.730s][debug][gc,phases      ] GC(86)     Total                          Min: 0, Avg: 3090.5, Max: 5261, Diff: 5261, Sum: 12362, Workers: 4
[4675.730s][debug][gc,phases      ] GC(86)   JNI Weak                       Min:  0.0, Avg:  0.0, Max:  0.0, Diff:  0.0, Sum:  0.0, Workers: 4
[4675.730s][debug][gc,phases      ] GC(86)     Dead                           Min: 0, Avg:  0.0, Max: 0, Diff: 0, Sum: 0, Workers: 4
[4675.730s][debug][gc,phases      ] GC(86)     Total                          Min: 0, Avg: 12.0, Max: 48, Diff: 48, Sum: 48, Workers: 4
[4675.730s][debug][gc,phases      ] GC(86)   StringDedup Table Weak         Min:  0.0, Avg:  0.0, Max:  0.0, Diff:  0.0, Sum:  0.0, Workers: 4
[4675.730s][debug][gc,phases      ] GC(86)     Dead                           Min: 0, Avg:  0.0, Max: 0, Diff: 0, Sum: 0, Workers: 4
[4675.730s][debug][gc,phases      ] GC(86)     Total                          Min: 0, Avg:  0.0, Max: 0, Diff: 0, Sum: 0, Workers: 4
[4675.730s][debug][gc,phases      ] GC(86)   StringDedup Requests0 Weak     Min:  0.0, Avg:  0.0, Max:  0.0, Diff:  0.0, Sum:  0.0, Workers: 4
[4675.730s][debug][gc,phases      ] GC(86)     Dead                           Min: 0, Avg:  0.0, Max: 0, Diff: 0, Sum: 0, Workers: 4
[4675.730s][debug][gc,phases      ] GC(86)     Total                          Min: 0, Avg:  0.0, Max: 0, Diff: 0, Sum: 0, Workers: 4
[4675.730s][debug][gc,phases      ] GC(86)   StringDedup Requests1 Weak     Min:  0.0, Avg:  0.0, Max:  0.0, Diff:  0.0, Sum:  0.0, Workers: 4
[4675.730s][debug][gc,phases      ] GC(86)     Dead                           Min: 0, Avg:  0.0, Max: 0, Diff: 0, Sum: 0, Workers: 4
[4675.730s][debug][gc,phases      ] GC(86)     Total                          Min: 0, Avg:  0.0, Max: 0, Diff: 0, Sum: 0, Workers: 4
[4675.730s][debug][gc,phases      ] GC(86)   Weak JFR Old Object Samples    Min:  0.0, Avg:  0.0, Max:  0.0, Diff:  0.0, Sum:  0.0, Workers: 4
[4675.730s][debug][gc,phases      ] GC(86)     Dead                           Min: 0, Avg:  0.0, Max: 0, Diff: 0, Sum: 0, Workers: 4
[4675.730s][debug][gc,phases      ] GC(86)     Total                          Min: 0, Avg:  0.0, Max: 0, Diff: 0, Sum: 0, Workers: 4
[4675.730s][debug][gc,phases      ] GC(86) Weak Processing 0.326ms
[4675.730s][debug][gc,age         ] GC(86) Desired survivor size 23592960 bytes, new threshold 15 (max threshold 15)
[4675.730s][info ][gc,heap        ] GC(86) PSYoungGen: 2063948K(2073600K)->13975K(2073088K) Eden: 2049536K(2049536K)->0K(2049536K) From: 14412K(24064K)->13975K(23552K)
[4675.730s][info ][gc,heap        ] GC(86) ParOldGen: 348139K(449536K)->348187K(449536K)
[4675.730s][info ][gc,metaspace   ] GC(86) Metaspace: 90595K(91840K)->90595K(91840K) NonClass: 77790K(78528K)->77790K(78528K) Class: 12804K(13312K)->12804K(13312K)
[4675.730s][info ][gc             ] GC(86) Pause Young (Allocation Failure) 2355M->353M(2463M) 4.984ms
[4675.730s][info ][gc,cpu         ] GC(86) User=0.02s Sys=0.00s Real=0.00s
[4675.730s][info ][safepoint      ] Safepoint "ParallelGCFailedAllocation", Time since last: 13504066382 ns, Reaching safepoint: 6500 ns, Cleanup: 3400 ns, At safepoint: 5045840 ns, Total: 5055740 ns
[4682.233s][info ][safepoint      ] Safepoint "Cleanup", Time since last: 6503494432 ns, Reaching safepoint: 7400 ns, Cleanup: 9600 ns, At safepoint: 2000 ns, Total: 19000 ns
[4688.234s][info ][safepoint      ] Safepoint "Cleanup", Time since last: 6000460101 ns, Reaching safepoint: 20000 ns, Cleanup: 10801 ns, At safepoint: 6200 ns, Total: 37001 ns
[4693.234s][info ][safepoint      ] Safepoint "Cleanup", Time since last: 5000354496 ns, Reaching safepoint: 6700 ns, Cleanup: 9900 ns, At safepoint: 1600 ns, Total: 18200 ns
[4698.234s][info ][safepoint      ] Safepoint "Cleanup", Time since last: 5000371908 ns, Reaching safepoint: 6000 ns, Cleanup: 8600 ns, At safepoint: 1700 ns, Total: 16300 ns
[4730.236s][info ][safepoint      ] Safepoint "Cleanup", Time since last: 32001973188 ns, Reaching safepoint: 6600 ns, Cleanup: 8500 ns, At safepoint: 1700 ns, Total: 16800 ns
[4740.237s][info ][safepoint      ] Safepoint "Cleanup", Time since last: 10000578857 ns, Reaching safepoint: 8900 ns, Cleanup: 11500 ns, At safepoint: 5800 ns, Total: 26200 ns
[4741.237s][info ][safepoint      ] Safepoint "Cleanup", Time since last: 1000109611 ns, Reaching safepoint: 7100 ns, Cleanup: 32200 ns, At safepoint: 2000 ns, Total: 41300 ns
[4742.248s][info ][safepoint      ] Safepoint "Cleanup", Time since last: 1010532390 ns, Reaching safepoint: 6200 ns, Cleanup: 23300 ns, At safepoint: 1500 ns, Total: 31000 ns
[4743.248s][info ][safepoint      ] Safepoint "Cleanup", Time since last: 1000100210 ns, Reaching safepoint: 6400 ns, Cleanup: 18700 ns, At safepoint: 1700 ns, Total: 26800 ns
[4747.248s][info ][safepoint      ] Safepoint "Cleanup", Time since last: 4000248312 ns, Reaching safepoint: 6400 ns, Cleanup: 7100 ns, At safepoint: 4900 ns, Total: 18400 ns
[4748.754s][info ][gc,start       ] GC(87) Pause Young (Allocation Failure)
[4748.760s][debug][gc,phases      ] GC(87) Scavenge 5.418ms
[4748.760s][debug][gc,ref         ] GC(87) ReferenceProcessor::execute queues: 1, RefProcThreadModel::Single, marks_oops_alive: false
[4748.760s][debug][gc,ref         ] GC(87) Skipped KeepAliveFinalRefsPhase of Reference Processing: no references
[4748.760s][debug][gc,ref         ] GC(87) ReferenceProcessor::execute queues: 1, RefProcThreadModel::Single, marks_oops_alive: false
[4748.760s][debug][gc,phases      ] GC(87) Reference Processing 0.091ms
[4748.760s][debug][gc,phases      ] GC(87)   VM Weak                        Min:  0.0, Avg:  0.0, Max:  0.0, Diff:  0.0, Sum:  0.0, Workers: 4
[4748.760s][debug][gc,phases      ] GC(87)     Dead                           Min: 0, Avg:  0.0, Max: 0, Diff: 0, Sum: 0, Workers: 4
[4748.760s][debug][gc,phases      ] GC(87)     Total                          Min: 0, Avg: 234.0, Max: 936, Diff: 936, Sum: 936, Workers: 4
[4748.760s][debug][gc,phases      ] GC(87)   ObjectSynchronizer Weak        Min:  0.0, Avg:  0.0, Max:  0.0, Diff:  0.0, Sum:  0.0, Workers: 4
[4748.760s][debug][gc,phases      ] GC(87)     Dead                           Min: 0, Avg:  0.0, Max: 0, Diff: 0, Sum: 0, Workers: 4
[4748.760s][debug][gc,phases      ] GC(87)     Total                          Min: 0, Avg:  1.0, Max: 4, Diff: 4, Sum: 4, Workers: 4
[4748.760s][debug][gc,phases      ] GC(87)   JVMTI Tag Weak OopStorage      Min:  0.0, Avg:  0.0, Max:  0.0, Diff:  0.0, Sum:  0.0, Workers: 4
[4748.760s][debug][gc,phases      ] GC(87)     Dead                           Min: 0, Avg:  0.0, Max: 0, Diff: 0, Sum: 0, Workers: 4
[4748.760s][debug][gc,phases      ] GC(87)     Total                          Min: 0, Avg:  0.0, Max: 0, Diff: 0, Sum: 0, Workers: 4
[4748.760s][debug][gc,phases      ] GC(87)   StringTable Weak               Min:  0.0, Avg:  0.1, Max:  0.1, Diff:  0.1, Sum:  0.3, Workers: 4
[4748.760s][debug][gc,phases      ] GC(87)     Dead                           Min: 0, Avg:  0.0, Max: 0, Diff: 0, Sum: 0, Workers: 4
[4748.760s][debug][gc,phases      ] GC(87)     Total                          Min: 0, Avg: 11381.0, Max: 19775, Diff: 19775, Sum: 45524, Workers: 4
[4748.760s][debug][gc,phases      ] GC(87)   ResolvedMethodTable Weak       Min:  0.0, Avg:  0.0, Max:  0.0, Diff:  0.0, Sum:  0.1, Workers: 4
[4748.760s][debug][gc,phases      ] GC(87)     Dead                           Min: 0, Avg:  0.0, Max: 0, Diff: 0, Sum: 0, Workers: 4
[4748.760s][debug][gc,phases      ] GC(87)     Total                          Min: 0, Avg: 3090.5, Max: 5326, Diff: 5326, Sum: 12362, Workers: 4
[4748.760s][debug][gc,phases      ] GC(87)   JNI Weak                       Min:  0.0, Avg:  0.0, Max:  0.0, Diff:  0.0, Sum:  0.0, Workers: 4
[4748.760s][debug][gc,phases      ] GC(87)     Dead                           Min: 0, Avg:  0.0, Max: 0, Diff: 0, Sum: 0, Workers: 4
[4748.760s][debug][gc,phases      ] GC(87)     Total                          Min: 0, Avg: 12.0, Max: 48, Diff: 48, Sum: 48, Workers: 4
[4748.760s][debug][gc,phases      ] GC(87)   StringDedup Table Weak         Min:  0.0, Avg:  0.0, Max:  0.0, Diff:  0.0, Sum:  0.0, Workers: 4
[4748.760s][debug][gc,phases      ] GC(87)     Dead                           Min: 0, Avg:  0.0, Max: 0, Diff: 0, Sum: 0, Workers: 4
[4748.760s][debug][gc,phases      ] GC(87)     Total                          Min: 0, Avg:  0.0, Max: 0, Diff: 0, Sum: 0, Workers: 4
[4748.760s][debug][gc,phases      ] GC(87)   StringDedup Requests0 Weak     Min:  0.0, Avg:  0.0, Max:  0.0, Diff:  0.0, Sum:  0.0, Workers: 4
[4748.760s][debug][gc,phases      ] GC(87)     Dead                           Min: 0, Avg:  0.0, Max: 0, Diff: 0, Sum: 0, Workers: 4
[4748.760s][debug][gc,phases      ] GC(87)     Total                          Min: 0, Avg:  0.0, Max: 0, Diff: 0, Sum: 0, Workers: 4
[4748.760s][debug][gc,phases      ] GC(87)   StringDedup Requests1 Weak     Min:  0.0, Avg:  0.0, Max:  0.0, Diff:  0.0, Sum:  0.0, Workers: 4
[4748.760s][debug][gc,phases      ] GC(87)     Dead                           Min: 0, Avg:  0.0, Max: 0, Diff: 0, Sum: 0, Workers: 4
[4748.760s][debug][gc,phases      ] GC(87)     Total                          Min: 0, Avg:  0.0, Max: 0, Diff: 0, Sum: 0, Workers: 4
[4748.760s][debug][gc,phases      ] GC(87)   Weak JFR Old Object Samples    Min:  0.0, Avg:  0.0, Max:  0.0, Diff:  0.0, Sum:  0.0, Workers: 4
[4748.760s][debug][gc,phases      ] GC(87)     Dead                           Min: 0, Avg:  0.0, Max: 0, Diff: 0, Sum: 0, Workers: 4
[4748.760s][debug][gc,phases      ] GC(87)     Total                          Min: 0, Avg:  0.0, Max: 0, Diff: 0, Sum: 0, Workers: 4
[4748.760s][debug][gc,phases      ] GC(87) Weak Processing 0.321ms
[4748.760s][debug][gc,age         ] GC(87) Desired survivor size 23068672 bytes, new threshold 15 (max threshold 15)
[4748.760s][info ][gc,heap        ] GC(87) PSYoungGen: 2063511K(2073088K)->14151K(2074624K) Eden: 2049536K(2049536K)->0K(2051584K) From: 13975K(23552K)->14151K(23040K)
[4748.760s][info ][gc,heap        ] GC(87) ParOldGen: 348187K(449536K)->348211K(449536K)
[4748.760s][info ][gc,metaspace   ] GC(87) Metaspace: 90602K(91840K)->90602K(91840K) NonClass: 77797K(78528K)->77797K(78528K) Class: 12804K(13312K)->12804K(13312K)
[4748.760s][info ][gc             ] GC(87) Pause Young (Allocation Failure) 2355M->353M(2465M) 5.928ms
[4748.760s][info ][gc,cpu         ] GC(87) User=0.02s Sys=0.00s Real=0.00s
[4748.760s][info ][safepoint      ] Safepoint "ParallelGCFailedAllocation", Time since last: 1506094979 ns, Reaching safepoint: 78300 ns, Cleanup: 3500 ns, At safepoint: 6000347 ns, Total: 6082147 ns
[4770.762s][info ][safepoint      ] Safepoint "Cleanup", Time since last: 22001293827 ns, Reaching safepoint: 9601 ns, Cleanup: 6100 ns, At safepoint: 5400 ns, Total: 21101 ns
[4776.762s][info ][safepoint      ] Safepoint "Cleanup", Time since last: 6000437211 ns, Reaching safepoint: 6400 ns, Cleanup: 9700 ns, At safepoint: 1700 ns, Total: 17800 ns
[4784.763s][info ][safepoint      ] Safepoint "Cleanup", Time since last: 8000489133 ns, Reaching safepoint: 6300 ns, Cleanup: 9300 ns, At safepoint: 1800 ns, Total: 17400 ns
[4788.763s][info ][safepoint      ] Safepoint "Cleanup", Time since last: 4000289157 ns, Reaching safepoint: 6700 ns, Cleanup: 9000 ns, At safepoint: 1700 ns, Total: 17400 ns
[4798.764s][info ][safepoint      ] Safepoint "Cleanup", Time since last: 10000656179 ns, Reaching safepoint: 6201 ns, Cleanup: 8500 ns, At safepoint: 1500 ns, Total: 16201 ns
[4800.764s][info ][safepoint      ] Safepoint "Cleanup", Time since last: 2000177547 ns, Reaching safepoint: 7100 ns, Cleanup: 10600 ns, At safepoint: 2100 ns, Total: 19800 ns
[4807.263s][info ][safepoint      ] Safepoint "Cleanup", Time since last: 6499169609 ns, Reaching safepoint: 7300 ns, Cleanup: 10100 ns, At safepoint: 1800 ns, Total: 19200 ns
[4808.263s][info ][safepoint      ] Safepoint "Cleanup", Time since last: 1000092764 ns, Reaching safepoint: 6100 ns, Cleanup: 10200 ns, At safepoint: 1500 ns, Total: 17800 ns
[4817.264s][info ][safepoint      ] Safepoint "Cleanup", Time since last: 9000601393 ns, Reaching safepoint: 7300 ns, Cleanup: 9500 ns, At safepoint: 4301 ns, Total: 21101 ns
[4821.787s][info ][gc,start       ] GC(88) Pause Young (Allocation Failure)
[4821.793s][debug][gc,phases      ] GC(88) Scavenge 6.485ms
[4821.794s][debug][gc,ref         ] GC(88) ReferenceProcessor::execute queues: 1, RefProcThreadModel::Single, marks_oops_alive: false
[4821.794s][debug][gc,ref         ] GC(88) Skipped KeepAliveFinalRefsPhase of Reference Processing: no references
[4821.794s][debug][gc,ref         ] GC(88) ReferenceProcessor::execute queues: 1, RefProcThreadModel::Single, marks_oops_alive: false
[4821.794s][debug][gc,phases      ] GC(88) Reference Processing 0.089ms
[4821.794s][debug][gc,phases      ] GC(88)   VM Weak                        Min:  0.0, Avg:  0.0, Max:  0.0, Diff:  0.0, Sum:  0.0, Workers: 4
[4821.794s][debug][gc,phases      ] GC(88)     Dead                           Min: 0, Avg:  0.0, Max: 0, Diff: 0, Sum: 0, Workers: 4
[4821.794s][debug][gc,phases      ] GC(88)     Total                          Min: 0, Avg: 234.0, Max: 936, Diff: 936, Sum: 936, Workers: 4
[4821.794s][debug][gc,phases      ] GC(88)   ObjectSynchronizer Weak        Min:  0.0, Avg:  0.0, Max:  0.0, Diff:  0.0, Sum:  0.0, Workers: 4
[4821.794s][debug][gc,phases      ] GC(88)     Dead                           Min: 0, Avg:  0.0, Max: 0, Diff: 0, Sum: 0, Workers: 4
[4821.794s][debug][gc,phases      ] GC(88)     Total                          Min: 0, Avg:  1.0, Max: 4, Diff: 4, Sum: 4, Workers: 4
[4821.794s][debug][gc,phases      ] GC(88)   JVMTI Tag Weak OopStorage      Min:  0.0, Avg:  0.0, Max:  0.0, Diff:  0.0, Sum:  0.0, Workers: 4
[4821.794s][debug][gc,phases      ] GC(88)     Dead                           Min: 0, Avg:  0.0, Max: 0, Diff: 0, Sum: 0, Workers: 4
[4821.794s][debug][gc,phases      ] GC(88)     Total                          Min: 0, Avg:  0.0, Max: 0, Diff: 0, Sum: 0, Workers: 4
[4821.794s][debug][gc,phases      ] GC(88)   StringTable Weak               Min:  0.0, Avg:  0.1, Max:  0.1, Diff:  0.1, Sum:  0.3, Workers: 4
[4821.794s][debug][gc,phases      ] GC(88)     Dead                           Min: 0, Avg:  0.0, Max: 0, Diff: 0, Sum: 0, Workers: 4
[4821.794s][debug][gc,phases      ] GC(88)     Total                          Min: 0, Avg: 11381.5, Max: 19519, Diff: 19519, Sum: 45526, Workers: 4
[4821.794s][debug][gc,phases      ] GC(88)   ResolvedMethodTable Weak       Min:  0.0, Avg:  0.0, Max:  0.0, Diff:  0.0, Sum:  0.1, Workers: 4
[4821.794s][debug][gc,phases      ] GC(88)     Dead                           Min: 0, Avg:  0.0, Max: 0, Diff: 0, Sum: 0, Workers: 4
[4821.794s][debug][gc,phases      ] GC(88)     Total                          Min: 0, Avg: 3090.8, Max: 5327, Diff: 5327, Sum: 12363, Workers: 4
[4821.794s][debug][gc,phases      ] GC(88)   JNI Weak                       Min:  0.0, Avg:  0.0, Max:  0.0, Diff:  0.0, Sum:  0.0, Workers: 4
[4821.794s][debug][gc,phases      ] GC(88)     Dead                           Min: 0, Avg:  0.0, Max: 0, Diff: 0, Sum: 0, Workers: 4
[4821.794s][debug][gc,phases      ] GC(88)     Total                          Min: 0, Avg: 12.0, Max: 48, Diff: 48, Sum: 48, Workers: 4
[4821.794s][debug][gc,phases      ] GC(88)   StringDedup Table Weak         Min:  0.0, Avg:  0.0, Max:  0.0, Diff:  0.0, Sum:  0.0, Workers: 4
[4821.794s][debug][gc,phases      ] GC(88)     Dead                           Min: 0, Avg:  0.0, Max: 0, Diff: 0, Sum: 0, Workers: 4
[4821.794s][debug][gc,phases      ] GC(88)     Total                          Min: 0, Avg:  0.0, Max: 0, Diff: 0, Sum: 0, Workers: 4
[4821.794s][debug][gc,phases      ] GC(88)   StringDedup Requests0 Weak     Min:  0.0, Avg:  0.0, Max:  0.0, Diff:  0.0, Sum:  0.0, Workers: 4
[4821.794s][debug][gc,phases      ] GC(88)     Dead                           Min: 0, Avg:  0.0, Max: 0, Diff: 0, Sum: 0, Workers: 4
[4821.794s][debug][gc,phases      ] GC(88)     Total                          Min: 0, Avg:  0.0, Max: 0, Diff: 0, Sum: 0, Workers: 4
[4821.794s][debug][gc,phases      ] GC(88)   StringDedup Requests1 Weak     Min:  0.0, Avg:  0.0, Max:  0.0, Diff:  0.0, Sum:  0.0, Workers: 4
[4821.794s][debug][gc,phases      ] GC(88)     Dead                           Min: 0, Avg:  0.0, Max: 0, Diff: 0, Sum: 0, Workers: 4
[4821.794s][debug][gc,phases      ] GC(88)     Total                          Min: 0, Avg:  0.0, Max: 0, Diff: 0, Sum: 0, Workers: 4
[4821.794s][debug][gc,phases      ] GC(88)   Weak JFR Old Object Samples    Min:  0.0, Avg:  0.0, Max:  0.0, Diff:  0.0, Sum:  0.0, Workers: 4
[4821.794s][debug][gc,phases      ] GC(88)     Dead                           Min: 0, Avg:  0.0, Max: 0, Diff: 0, Sum: 0, Workers: 4
[4821.794s][debug][gc,phases      ] GC(88)     Total                          Min: 0, Avg:  0.0, Max: 0, Diff: 0, Sum: 0, Workers: 4
[4821.794s][debug][gc,phases      ] GC(88) Weak Processing 0.320ms
[4821.794s][debug][gc,age         ] GC(88) Desired survivor size 22544384 bytes, new threshold 15 (max threshold 15)
[4821.794s][info ][gc,heap        ] GC(88) PSYoungGen: 2065735K(2074624K)->14615K(2074112K) Eden: 2051584K(2051584K)->0K(2051584K) From: 14151K(23040K)->14615K(22528K)
[4821.794s][info ][gc,heap        ] GC(88) ParOldGen: 348211K(449536K)->348315K(449536K)
[4821.794s][info ][gc,metaspace   ] GC(88) Metaspace: 90612K(91840K)->90612K(91840K) NonClass: 77806K(78528K)->77806K(78528K) Class: 12806K(13312K)->12806K(13312K)
[4821.794s][info ][gc             ] GC(88) Pause Young (Allocation Failure) 2357M->354M(2464M) 6.989ms
[4821.794s][info ][gc,cpu         ] GC(88) User=0.02s Sys=0.00s Real=0.01s
[4821.794s][info ][safepoint      ] Safepoint "ParallelGCFailedAllocation", Time since last: 4523186561 ns, Reaching safepoint: 6200 ns, Cleanup: 3200 ns, At safepoint: 7053754 ns, Total: 7063154 ns
[4825.794s][info ][safepoint      ] Safepoint "Cleanup", Time since last: 4000244802 ns, Reaching safepoint: 6500 ns, Cleanup: 8200 ns, At safepoint: 2100 ns, Total: 16800 ns
[4826.794s][info ][safepoint      ] Safepoint "Cleanup", Time since last: 1000095016 ns, Reaching safepoint: 6200 ns, Cleanup: 7600 ns, At safepoint: 1900 ns, Total: 15700 ns
[4831.795s][info ][safepoint      ] Safepoint "Cleanup", Time since last: 5000340279 ns, Reaching safepoint: 5900 ns, Cleanup: 8300 ns, At safepoint: 12600 ns, Total: 26800 ns
[4852.796s][info ][safepoint      ] Safepoint "Cleanup", Time since last: 21001240718 ns, Reaching safepoint: 5500 ns, Cleanup: 7400 ns, At safepoint: 13500 ns, Total: 26400 ns
[4855.796s][info ][safepoint      ] Safepoint "Cleanup", Time since last: 3000196314 ns, Reaching safepoint: 5100 ns, Cleanup: 7200 ns, At safepoint: 1500 ns, Total: 13800 ns
[4859.796s][info ][safepoint      ] Safepoint "Cleanup", Time since last: 4000279614 ns, Reaching safepoint: 6400 ns, Cleanup: 9700 ns, At safepoint: 1700 ns, Total: 17800 ns
[4868.277s][info ][safepoint      ] Safepoint "Cleanup", Time since last: 8480840501 ns, Reaching safepoint: 7300 ns, Cleanup: 17400 ns, At safepoint: 5100 ns, Total: 29800 ns
[4871.278s][info ][safepoint      ] Safepoint "Cleanup", Time since last: 3000185455 ns, Reaching safepoint: 5800 ns, Cleanup: 11500 ns, At safepoint: 1800 ns, Total: 19100 ns
[4879.278s][info ][safepoint      ] Safepoint "Cleanup", Time since last: 8000502699 ns, Reaching safepoint: 10700 ns, Cleanup: 9700 ns, At safepoint: 5500 ns, Total: 25900 ns
[4889.279s][info ][safepoint      ] Safepoint "Cleanup", Time since last: 10000618439 ns, Reaching safepoint: 6600 ns, Cleanup: 9100 ns, At safepoint: 16700 ns, Total: 32400 ns
[4925.292s][info ][safepoint      ] Safepoint "Cleanup", Time since last: 36013071921 ns, Reaching safepoint: 7600 ns, Cleanup: 16000 ns, At safepoint: 1700 ns, Total: 25300 ns
[4926.243s][info ][gc,start       ] GC(89) Pause Young (Allocation Failure)
[4926.271s][debug][gc,phases      ] GC(89) Scavenge 27.094ms
[4926.271s][debug][gc,ref         ] GC(89) ReferenceProcessor::execute queues: 1, RefProcThreadModel::Single, marks_oops_alive: false
[4926.271s][debug][gc,ref         ] GC(89) Skipped KeepAliveFinalRefsPhase of Reference Processing: no references
[4926.271s][debug][gc,ref         ] GC(89) ReferenceProcessor::execute queues: 1, RefProcThreadModel::Single, marks_oops_alive: false
[4926.271s][debug][gc,phases      ] GC(89) Reference Processing 0.112ms
[4926.271s][debug][gc,phases      ] GC(89)   VM Weak                        Min:  0.0, Avg:  0.0, Max:  0.0, Diff:  0.0, Sum:  0.0, Workers: 4
[4926.271s][debug][gc,phases      ] GC(89)     Dead                           Min: 0, Avg:  0.0, Max: 0, Diff: 0, Sum: 0, Workers: 4
[4926.271s][debug][gc,phases      ] GC(89)     Total                          Min: 0, Avg: 234.2, Max: 384, Diff: 384, Sum: 937, Workers: 4
[4926.271s][debug][gc,phases      ] GC(89)   ObjectSynchronizer Weak        Min:  0.0, Avg:  0.0, Max:  0.0, Diff:  0.0, Sum:  0.0, Workers: 4
[4926.271s][debug][gc,phases      ] GC(89)     Dead                           Min: 0, Avg:  0.0, Max: 0, Diff: 0, Sum: 0, Workers: 4
[4926.271s][debug][gc,phases      ] GC(89)     Total                          Min: 0, Avg:  1.0, Max: 4, Diff: 4, Sum: 4, Workers: 4
[4926.271s][debug][gc,phases      ] GC(89)   JVMTI Tag Weak OopStorage      Min:  0.0, Avg:  0.0, Max:  0.0, Diff:  0.0, Sum:  0.0, Workers: 4
[4926.271s][debug][gc,phases      ] GC(89)     Dead                           Min: 0, Avg:  0.0, Max: 0, Diff: 0, Sum: 0, Workers: 4
[4926.271s][debug][gc,phases      ] GC(89)     Total                          Min: 0, Avg:  0.0, Max: 0, Diff: 0, Sum: 0, Workers: 4
[4926.271s][debug][gc,phases      ] GC(89)   StringTable Weak               Min:  0.1, Avg:  0.1, Max:  0.1, Diff:  0.0, Sum:  0.4, Workers: 4
[4926.271s][debug][gc,phases      ] GC(89)     Dead                           Min: 0, Avg:  0.0, Max: 0, Diff: 0, Sum: 0, Workers: 4
[4926.271s][debug][gc,phases      ] GC(89)     Total                          Min: 9792, Avg: 11382.8, Max: 12380, Diff: 2588, Sum: 45531, Workers: 4
[4926.271s][debug][gc,phases      ] GC(89)   ResolvedMethodTable Weak       Min:  0.0, Avg:  0.0, Max:  0.0, Diff:  0.0, Sum:  0.1, Workers: 4
[4926.271s][debug][gc,phases      ] GC(89)     Dead                           Min: 0, Avg:  0.0, Max: 0, Diff: 0, Sum: 0, Workers: 4
[4926.271s][debug][gc,phases      ] GC(89)     Total                          Min: 2961, Avg: 3090.8, Max: 3260, Diff: 299, Sum: 12363, Workers: 4
[4926.271s][debug][gc,phases      ] GC(89)   JNI Weak                       Min:  0.0, Avg:  0.0, Max:  0.0, Diff:  0.0, Sum:  0.0, Workers: 4
[4926.271s][debug][gc,phases      ] GC(89)     Dead                           Min: 0, Avg:  0.0, Max: 0, Diff: 0, Sum: 0, Workers: 4
[4926.271s][debug][gc,phases      ] GC(89)     Total                          Min: 0, Avg: 13.0, Max: 52, Diff: 52, Sum: 52, Workers: 4
[4926.271s][debug][gc,phases      ] GC(89)   StringDedup Table Weak         Min:  0.0, Avg:  0.0, Max:  0.0, Diff:  0.0, Sum:  0.0, Workers: 4
[4926.271s][debug][gc,phases      ] GC(89)     Dead                           Min: 0, Avg:  0.0, Max: 0, Diff: 0, Sum: 0, Workers: 4
[4926.271s][debug][gc,phases      ] GC(89)     Total                          Min: 0, Avg:  0.0, Max: 0, Diff: 0, Sum: 0, Workers: 4
[4926.271s][debug][gc,phases      ] GC(89)   StringDedup Requests0 Weak     Min:  0.0, Avg:  0.0, Max:  0.0, Diff:  0.0, Sum:  0.0, Workers: 4
[4926.271s][debug][gc,phases      ] GC(89)     Dead                           Min: 0, Avg:  0.0, Max: 0, Diff: 0, Sum: 0, Workers: 4
[4926.271s][debug][gc,phases      ] GC(89)     Total                          Min: 0, Avg:  0.0, Max: 0, Diff: 0, Sum: 0, Workers: 4
[4926.271s][debug][gc,phases      ] GC(89)   StringDedup Requests1 Weak     Min:  0.0, Avg:  0.0, Max:  0.0, Diff:  0.0, Sum:  0.0, Workers: 4
[4926.271s][debug][gc,phases      ] GC(89)     Dead                           Min: 0, Avg:  0.0, Max: 0, Diff: 0, Sum: 0, Workers: 4
[4926.271s][debug][gc,phases      ] GC(89)     Total                          Min: 0, Avg:  0.0, Max: 0, Diff: 0, Sum: 0, Workers: 4
[4926.271s][debug][gc,phases      ] GC(89)   Weak JFR Old Object Samples    Min:  0.0, Avg:  0.0, Max:  0.0, Diff:  0.0, Sum:  0.0, Workers: 4
[4926.271s][debug][gc,phases      ] GC(89)     Dead                           Min: 0, Avg:  0.0, Max: 0, Diff: 0, Sum: 0, Workers: 4
[4926.271s][debug][gc,phases      ] GC(89)     Total                          Min: 0, Avg:  0.0, Max: 0, Diff: 0, Sum: 0, Workers: 4
[4926.271s][debug][gc,phases      ] GC(89) Weak Processing 0.313ms
[4926.271s][debug][gc,age         ] GC(89) Desired survivor size 39845888 bytes, new threshold 14 (max threshold 15)
[4926.271s][info ][gc,heap        ] GC(89) PSYoungGen: 2066199K(2074112K)->22006K(2041344K) Eden: 2051584K(2051584K)->0K(2019328K) From: 14615K(22528K)->22006K(22016K)
[4926.271s][info ][gc,heap        ] GC(89) ParOldGen: 348315K(449536K)->387814K(449536K)
[4926.271s][info ][gc,metaspace   ] GC(89) Metaspace: 90659K(91840K)->90659K(91840K) NonClass: 77853K(78528K)->77853K(78528K) Class: 12806K(13312K)->12806K(13312K)
[4926.271s][info ][gc             ] GC(89) Pause Young (Allocation Failure) 2357M->400M(2432M) 27.646ms
[4926.271s][info ][gc,cpu         ] GC(89) User=0.09s Sys=0.02s Real=0.02s
[4926.271s][info ][safepoint      ] Safepoint "ParallelGCFailedAllocation", Time since last: 951529176 ns, Reaching safepoint: 83201 ns, Cleanup: 47600 ns, At safepoint: 27745103 ns, Total: 27875904 ns
[4927.271s][info ][safepoint      ] Safepoint "Cleanup", Time since last: 1000080032 ns, Reaching safepoint: 6800 ns, Cleanup: 10200 ns, At safepoint: 2200 ns, Total: 19200 ns
[4934.272s][info ][safepoint      ] Safepoint "Cleanup", Time since last: 7000443939 ns, Reaching safepoint: 7600 ns, Cleanup: 10000 ns, At safepoint: 1900 ns, Total: 19500 ns
[4936.272s][info ][safepoint      ] Safepoint "Cleanup", Time since last: 2000167211 ns, Reaching safepoint: 8200 ns, Cleanup: 14000 ns, At safepoint: 2000 ns, Total: 24200 ns
[4937.272s][info ][safepoint      ] Safepoint "Cleanup", Time since last: 1000099355 ns, Reaching safepoint: 6700 ns, Cleanup: 10500 ns, At safepoint: 1800 ns, Total: 19000 ns
[4939.272s][info ][safepoint      ] Safepoint "Cleanup", Time since last: 2000112803 ns, Reaching safepoint: 7900 ns, Cleanup: 10500 ns, At safepoint: 2000 ns, Total: 20400 ns
[4940.272s][info ][safepoint      ] Safepoint "Cleanup", Time since last: 1000092452 ns, Reaching safepoint: 7200 ns, Cleanup: 13000 ns, At safepoint: 1900 ns, Total: 22100 ns
[4941.272s][info ][safepoint      ] Safepoint "Cleanup", Time since last: 1000098952 ns, Reaching safepoint: 6400 ns, Cleanup: 11101 ns, At safepoint: 1800 ns, Total: 19301 ns
[4948.273s][info ][safepoint      ] Safepoint "Cleanup", Time since last: 7000485085 ns, Reaching safepoint: 6700 ns, Cleanup: 12300 ns, At safepoint: 2600 ns, Total: 21600 ns
[4957.274s][info ][safepoint      ] Safepoint "Cleanup", Time since last: 9000610000 ns, Reaching safepoint: 8400 ns, Cleanup: 9301 ns, At safepoint: 1800 ns, Total: 19501 ns
[4958.274s][info ][safepoint      ] Safepoint "Cleanup", Time since last: 1000099560 ns, Reaching safepoint: 7300 ns, Cleanup: 15800 ns, At safepoint: 1500 ns, Total: 24600 ns
[4962.274s][info ][safepoint      ] Safepoint "Cleanup", Time since last: 4000273472 ns, Reaching safepoint: 7700 ns, Cleanup: 11700 ns, At safepoint: 1700 ns, Total: 21100 ns
[4969.274s][info ][safepoint      ] Safepoint "Cleanup", Time since last: 7000447658 ns, Reaching safepoint: 7700 ns, Cleanup: 8400 ns, At safepoint: 1700 ns, Total: 17800 ns
[4970.275s][info ][safepoint      ] Safepoint "Cleanup", Time since last: 1000095016 ns, Reaching safepoint: 8700 ns, Cleanup: 11100 ns, At safepoint: 1800 ns, Total: 21600 ns
[4982.306s][info ][safepoint      ] Safepoint "Cleanup", Time since last: 12031771773 ns, Reaching safepoint: 77000 ns, Cleanup: 9000 ns, At safepoint: 5300 ns, Total: 91300 ns
[4988.307s][info ][safepoint      ] Safepoint "Cleanup", Time since last: 6000413045 ns, Reaching safepoint: 6000 ns, Cleanup: 7400 ns, At safepoint: 4700 ns, Total: 18100 ns
[4993.307s][info ][safepoint      ] Safepoint "Cleanup", Time since last: 5000365615 ns, Reaching safepoint: 6501 ns, Cleanup: 7800 ns, At safepoint: 2100 ns, Total: 16401 ns
[4996.307s][info ][safepoint      ] Safepoint "Cleanup", Time since last: 3000222793 ns, Reaching safepoint: 6300 ns, Cleanup: 15300 ns, At safepoint: 1800 ns, Total: 23400 ns
[4997.308s][info ][safepoint      ] Safepoint "Cleanup", Time since last: 1000093398 ns, Reaching safepoint: 6700 ns, Cleanup: 8900 ns, At safepoint: 1400 ns, Total: 17000 ns
[5002.657s][info ][gc,start       ] GC(90) Pause Young (Allocation Failure)
[5002.668s][debug][gc,phases      ] GC(90) Scavenge 11.259ms
[5002.668s][debug][gc,ref         ] GC(90) ReferenceProcessor::execute queues: 1, RefProcThreadModel::Single, marks_oops_alive: false
[5002.668s][debug][gc,ref         ] GC(90) Skipped KeepAliveFinalRefsPhase of Reference Processing: no references
[5002.668s][debug][gc,ref         ] GC(90) ReferenceProcessor::execute queues: 1, RefProcThreadModel::Single, marks_oops_alive: false
[5002.668s][debug][gc,phases      ] GC(90) Reference Processing 0.092ms
[5002.668s][debug][gc,phases      ] GC(90)   VM Weak                        Min:  0.0, Avg:  0.0, Max:  0.0, Diff:  0.0, Sum:  0.0, Workers: 4
[5002.668s][debug][gc,phases      ] GC(90)     Dead                           Min: 0, Avg:  0.0, Max: 0, Diff: 0, Sum: 0, Workers: 4
[5002.668s][debug][gc,phases      ] GC(90)     Total                          Min: 0, Avg: 234.2, Max: 576, Diff: 576, Sum: 937, Workers: 4
[5002.668s][debug][gc,phases      ] GC(90)   ObjectSynchronizer Weak        Min:  0.0, Avg:  0.0, Max:  0.0, Diff:  0.0, Sum:  0.0, Workers: 4
[5002.668s][debug][gc,phases      ] GC(90)     Dead                           Min: 0, Avg:  0.0, Max: 0, Diff: 0, Sum: 0, Workers: 4
[5002.668s][debug][gc,phases      ] GC(90)     Total                          Min: 0, Avg:  1.0, Max: 4, Diff: 4, Sum: 4, Workers: 4
[5002.668s][debug][gc,phases      ] GC(90)   JVMTI Tag Weak OopStorage      Min:  0.0, Avg:  0.0, Max:  0.0, Diff:  0.0, Sum:  0.0, Workers: 4
[5002.668s][debug][gc,phases      ] GC(90)     Dead                           Min: 0, Avg:  0.0, Max: 0, Diff: 0, Sum: 0, Workers: 4
[5002.668s][debug][gc,phases      ] GC(90)     Total                          Min: 0, Avg:  0.0, Max: 0, Diff: 0, Sum: 0, Workers: 4
[5002.668s][debug][gc,phases      ] GC(90)   StringTable Weak               Min:  0.0, Avg:  0.1, Max:  0.1, Diff:  0.1, Sum:  0.3, Workers: 4
[5002.668s][debug][gc,phases      ] GC(90)     Dead                           Min: 0, Avg:  0.0, Max: 0, Diff: 0, Sum: 0, Workers: 4
[5002.668s][debug][gc,phases      ] GC(90)     Total                          Min: 0, Avg: 11383.5, Max: 19327, Diff: 19327, Sum: 45534, Workers: 4
[5002.668s][debug][gc,phases      ] GC(90)   ResolvedMethodTable Weak       Min:  0.0, Avg:  0.0, Max:  0.0, Diff:  0.0, Sum:  0.1, Workers: 4
[5002.668s][debug][gc,phases      ] GC(90)     Dead                           Min: 0, Avg:  0.2, Max: 1, Diff: 1, Sum: 1, Workers: 4
[5002.668s][debug][gc,phases      ] GC(90)     Total                          Min: 0, Avg: 3091.8, Max: 5268, Diff: 5268, Sum: 12367, Workers: 4
[5002.668s][debug][gc,phases      ] GC(90)   JNI Weak                       Min:  0.0, Avg:  0.0, Max:  0.0, Diff:  0.0, Sum:  0.0, Workers: 4
[5002.668s][debug][gc,phases      ] GC(90)     Dead                           Min: 0, Avg:  0.0, Max: 0, Diff: 0, Sum: 0, Workers: 4
[5002.668s][debug][gc,phases      ] GC(90)     Total                          Min: 0, Avg: 12.0, Max: 48, Diff: 48, Sum: 48, Workers: 4
[5002.668s][debug][gc,phases      ] GC(90)   StringDedup Table Weak         Min:  0.0, Avg:  0.0, Max:  0.0, Diff:  0.0, Sum:  0.0, Workers: 4
[5002.668s][debug][gc,phases      ] GC(90)     Dead                           Min: 0, Avg:  0.0, Max: 0, Diff: 0, Sum: 0, Workers: 4
[5002.668s][debug][gc,phases      ] GC(90)     Total                          Min: 0, Avg:  0.0, Max: 0, Diff: 0, Sum: 0, Workers: 4
[5002.668s][debug][gc,phases      ] GC(90)   StringDedup Requests0 Weak     Min:  0.0, Avg:  0.0, Max:  0.0, Diff:  0.0, Sum:  0.0, Workers: 4
[5002.668s][debug][gc,phases      ] GC(90)     Dead                           Min: 0, Avg:  0.0, Max: 0, Diff: 0, Sum: 0, Workers: 4
[5002.668s][debug][gc,phases      ] GC(90)     Total                          Min: 0, Avg:  0.0, Max: 0, Diff: 0, Sum: 0, Workers: 4
[5002.668s][debug][gc,phases      ] GC(90)   StringDedup Requests1 Weak     Min:  0.0, Avg:  0.0, Max:  0.0, Diff:  0.0, Sum:  0.0, Workers: 4
[5002.668s][debug][gc,phases      ] GC(90)     Dead                           Min: 0, Avg:  0.0, Max: 0, Diff: 0, Sum: 0, Workers: 4
[5002.668s][debug][gc,phases      ] GC(90)     Total                          Min: 0, Avg:  0.0, Max: 0, Diff: 0, Sum: 0, Workers: 4
[5002.668s][debug][gc,phases      ] GC(90)   Weak JFR Old Object Samples    Min:  0.0, Avg:  0.0, Max:  0.0, Diff:  0.0, Sum:  0.0, Workers: 4
[5002.668s][debug][gc,phases      ] GC(90)     Dead                           Min: 0, Avg:  0.0, Max: 0, Diff: 0, Sum: 0, Workers: 4
[5002.668s][debug][gc,phases      ] GC(90)     Total                          Min: 0, Avg:  0.0, Max: 0, Diff: 0, Sum: 0, Workers: 4
[5002.668s][debug][gc,phases      ] GC(90) Weak Processing 0.322ms
[5002.668s][debug][gc,age         ] GC(90) Desired survivor size 44564480 bytes, new threshold 15 (max threshold 15)
[5002.668s][info ][gc,heap        ] GC(90) PSYoungGen: 2041334K(2041344K)->35430K(2055168K) Eden: 2019328K(2019328K)->0K(2019328K) From: 22006K(22016K)->35430K(35840K)
[5002.668s][info ][gc,heap        ] GC(90) ParOldGen: 387814K(449536K)->387846K(449536K)
[5002.668s][info ][gc,metaspace   ] GC(90) Metaspace: 90668K(91840K)->90668K(91840K) NonClass: 77859K(78528K)->77859K(78528K) Class: 12808K(13312K)->12808K(13312K)
[5002.668s][info ][gc             ] GC(90) Pause Young (Allocation Failure) 2372M->413M(2446M) 11.789ms
[5002.669s][info ][gc,cpu         ] GC(90) User=0.04s Sys=0.00s Real=0.01s
[5002.669s][info ][safepoint      ] Safepoint "ParallelGCFailedAllocation", Time since last: 5349024633 ns, Reaching safepoint: 6700 ns, Cleanup: 3400 ns, At safepoint: 11889880 ns, Total: 11899980 ns
[5005.669s][info ][safepoint      ] Safepoint "Cleanup", Time since last: 3000206257 ns, Reaching safepoint: 6800 ns, Cleanup: 9300 ns, At safepoint: 1500 ns, Total: 17600 ns
[5006.669s][info ][safepoint      ] Safepoint "Cleanup", Time since last: 1000102620 ns, Reaching safepoint: 7700 ns, Cleanup: 8700 ns, At safepoint: 1800 ns, Total: 18200 ns
[5012.669s][info ][safepoint      ] Safepoint "Cleanup", Time since last: 6000410825 ns, Reaching safepoint: 6200 ns, Cleanup: 9000 ns, At safepoint: 1500 ns, Total: 16700 ns
[5016.670s][info ][safepoint      ] Safepoint "Cleanup", Time since last: 4000288008 ns, Reaching safepoint: 6600 ns, Cleanup: 8100 ns, At safepoint: 1500 ns, Total: 16200 ns
[5037.671s][info ][safepoint      ] Safepoint "Cleanup", Time since last: 21001249986 ns, Reaching safepoint: 6300 ns, Cleanup: 6301 ns, At safepoint: 1800 ns, Total: 14401 ns
[5038.671s][info ][safepoint      ] Safepoint "Cleanup", Time since last: 1000119097 ns, Reaching safepoint: 6800 ns, Cleanup: 8500 ns, At safepoint: 1600 ns, Total: 16900 ns
[5045.321s][info ][safepoint      ] Safepoint "Cleanup", Time since last: 6650354974 ns, Reaching safepoint: 6600 ns, Cleanup: 8600 ns, At safepoint: 1500 ns, Total: 16700 ns
[5057.322s][info ][safepoint      ] Safepoint "Cleanup", Time since last: 12000720209 ns, Reaching safepoint: 7100 ns, Cleanup: 8900 ns, At safepoint: 1900 ns, Total: 17900 ns
[5059.322s][info ][safepoint      ] Safepoint "Cleanup", Time since last: 2000158669 ns, Reaching safepoint: 6600 ns, Cleanup: 7400 ns, At safepoint: 1900 ns, Total: 15900 ns
[5071.323s][info ][safepoint      ] Safepoint "Cleanup", Time since last: 12000748255 ns, Reaching safepoint: 6700 ns, Cleanup: 8200 ns, At safepoint: 1600 ns, Total: 16500 ns
[5089.505s][info ][gc,start       ] GC(91) Pause Young (Allocation Failure)
[5089.514s][debug][gc,phases      ] GC(91) Scavenge 9.148ms
[5089.514s][debug][gc,ref         ] GC(91) ReferenceProcessor::execute queues: 1, RefProcThreadModel::Single, marks_oops_alive: false
[5089.514s][debug][gc,ref         ] GC(91) Skipped KeepAliveFinalRefsPhase of Reference Processing: no references
[5089.514s][debug][gc,ref         ] GC(91) ReferenceProcessor::execute queues: 1, RefProcThreadModel::Single, marks_oops_alive: false
[5089.514s][debug][gc,phases      ] GC(91) Reference Processing 0.098ms
[5089.515s][debug][gc,phases      ] GC(91)   VM Weak                        Min:  0.0, Avg:  0.0, Max:  0.0, Diff:  0.0, Sum:  0.0, Workers: 4
[5089.515s][debug][gc,phases      ] GC(91)     Dead                           Min: 0, Avg:  0.0, Max: 0, Diff: 0, Sum: 0, Workers: 4
[5089.515s][debug][gc,phases      ] GC(91)     Total                          Min: 0, Avg: 234.2, Max: 937, Diff: 937, Sum: 937, Workers: 4
[5089.515s][debug][gc,phases      ] GC(91)   ObjectSynchronizer Weak        Min:  0.0, Avg:  0.0, Max:  0.0, Diff:  0.0, Sum:  0.0, Workers: 4
[5089.515s][debug][gc,phases      ] GC(91)     Dead                           Min: 0, Avg:  0.0, Max: 0, Diff: 0, Sum: 0, Workers: 4
[5089.515s][debug][gc,phases      ] GC(91)     Total                          Min: 0, Avg:  1.0, Max: 4, Diff: 4, Sum: 4, Workers: 4
[5089.515s][debug][gc,phases      ] GC(91)   JVMTI Tag Weak OopStorage      Min:  0.0, Avg:  0.0, Max:  0.0, Diff:  0.0, Sum:  0.0, Workers: 4
[5089.515s][debug][gc,phases      ] GC(91)     Dead                           Min: 0, Avg:  0.0, Max: 0, Diff: 0, Sum: 0, Workers: 4
[5089.515s][debug][gc,phases      ] GC(91)     Total                          Min: 0, Avg:  0.0, Max: 0, Diff: 0, Sum: 0, Workers: 4
[5089.515s][debug][gc,phases      ] GC(91)   StringTable Weak               Min:  0.0, Avg:  0.1, Max:  0.1, Diff:  0.1, Sum:  0.3, Workers: 4
[5089.515s][debug][gc,phases      ] GC(91)     Dead                           Min: 0, Avg:  0.0, Max: 0, Diff: 0, Sum: 0, Workers: 4
[5089.515s][debug][gc,phases      ] GC(91)     Total                          Min: 0, Avg: 11383.5, Max: 20480, Diff: 20480, Sum: 45534, Workers: 4
[5089.515s][debug][gc,phases      ] GC(91)   ResolvedMethodTable Weak       Min:  0.0, Avg:  0.0, Max:  0.0, Diff:  0.0, Sum:  0.1, Workers: 4
[5089.515s][debug][gc,phases      ] GC(91)     Dead                           Min: 0, Avg:  0.0, Max: 0, Diff: 0, Sum: 0, Workers: 4
[5089.515s][debug][gc,phases      ] GC(91)     Total                          Min: 0, Avg: 3091.8, Max: 5311, Diff: 5311, Sum: 12367, Workers: 4
[5089.515s][debug][gc,phases      ] GC(91)   JNI Weak                       Min:  0.0, Avg:  0.0, Max:  0.0, Diff:  0.0, Sum:  0.0, Workers: 4
[5089.515s][debug][gc,phases      ] GC(91)     Dead                           Min: 0, Avg:  0.0, Max: 0, Diff: 0, Sum: 0, Workers: 4
[5089.515s][debug][gc,phases      ] GC(91)     Total                          Min: 0, Avg: 12.0, Max: 48, Diff: 48, Sum: 48, Workers: 4
[5089.515s][debug][gc,phases      ] GC(91)   StringDedup Table Weak         Min:  0.0, Avg:  0.0, Max:  0.0, Diff:  0.0, Sum:  0.0, Workers: 4
[5089.515s][debug][gc,phases      ] GC(91)     Dead                           Min: 0, Avg:  0.0, Max: 0, Diff: 0, Sum: 0, Workers: 4
[5089.515s][debug][gc,phases      ] GC(91)     Total                          Min: 0, Avg:  0.0, Max: 0, Diff: 0, Sum: 0, Workers: 4
[5089.515s][debug][gc,phases      ] GC(91)   StringDedup Requests0 Weak     Min:  0.0, Avg:  0.0, Max:  0.0, Diff:  0.0, Sum:  0.0, Workers: 4
[5089.515s][debug][gc,phases      ] GC(91)     Dead                           Min: 0, Avg:  0.0, Max: 0, Diff: 0, Sum: 0, Workers: 4
[5089.515s][debug][gc,phases      ] GC(91)     Total                          Min: 0, Avg:  0.0, Max: 0, Diff: 0, Sum: 0, Workers: 4
[5089.515s][debug][gc,phases      ] GC(91)   StringDedup Requests1 Weak     Min:  0.0, Avg:  0.0, Max:  0.0, Diff:  0.0, Sum:  0.0, Workers: 4
[5089.515s][debug][gc,phases      ] GC(91)     Dead                           Min: 0, Avg:  0.0, Max: 0, Diff: 0, Sum: 0, Workers: 4
[5089.515s][debug][gc,phases      ] GC(91)     Total                          Min: 0, Avg:  0.0, Max: 0, Diff: 0, Sum: 0, Workers: 4
[5089.515s][debug][gc,phases      ] GC(91)   Weak JFR Old Object Samples    Min:  0.0, Avg:  0.0, Max:  0.0, Diff:  0.0, Sum:  0.0, Workers: 4
[5089.515s][debug][gc,phases      ] GC(91)     Dead                           Min: 0, Avg:  0.0, Max: 0, Diff: 0, Sum: 0, Workers: 4
[5089.515s][debug][gc,phases      ] GC(91)     Total                          Min: 0, Avg:  0.0, Max: 0, Diff: 0, Sum: 0, Workers: 4
[5089.515s][debug][gc,phases      ] GC(91) Weak Processing 0.309ms
[5089.515s][debug][gc,age         ] GC(91) Desired survivor size 48234496 bytes, new threshold 15 (max threshold 15)
[5089.515s][info ][gc,heap        ] GC(91) PSYoungGen: 2054758K(2055168K)->35751K(2044928K) Eden: 2019328K(2019328K)->0K(2002944K) From: 35430K(35840K)->35751K(41984K)
[5089.515s][info ][gc,heap        ] GC(91) ParOldGen: 387846K(449536K)->387846K(449536K)
[5089.515s][info ][gc,metaspace   ] GC(91) Metaspace: 90683K(91840K)->90683K(91840K) NonClass: 77875K(78528K)->77875K(78528K) Class: 12808K(13312K)->12808K(13312K)
[5089.515s][info ][gc             ] GC(91) Pause Young (Allocation Failure) 2385M->413M(2436M) 9.687ms
[5089.515s][info ][gc,cpu         ] GC(91) User=0.03s Sys=0.00s Real=0.01s
[5089.515s][info ][safepoint      ] Safepoint "ParallelGCFailedAllocation", Time since last: 18181935659 ns, Reaching safepoint: 7400 ns, Cleanup: 3100 ns, At safepoint: 9755270 ns, Total: 9765770 ns
[5103.336s][info ][safepoint      ] Safepoint "Cleanup", Time since last: 13821628175 ns, Reaching safepoint: 6800 ns, Cleanup: 7700 ns, At safepoint: 1900 ns, Total: 16400 ns
[5109.337s][info ][safepoint      ] Safepoint "Cleanup", Time since last: 6000428035 ns, Reaching safepoint: 76101 ns, Cleanup: 8200 ns, At safepoint: 4200 ns, Total: 88501 ns
[5117.338s][info ][safepoint      ] Safepoint "Cleanup", Time since last: 8000623431 ns, Reaching safepoint: 7000 ns, Cleanup: 11700 ns, At safepoint: 1600 ns, Total: 20300 ns
[5122.338s][info ][safepoint      ] Safepoint "Cleanup", Time since last: 5000388992 ns, Reaching safepoint: 6100 ns, Cleanup: 10900 ns, At safepoint: 1800 ns, Total: 18800 ns
[5124.338s][info ][safepoint      ] Safepoint "Cleanup", Time since last: 2000180381 ns, Reaching safepoint: 7300 ns, Cleanup: 6400 ns, At safepoint: 16500 ns, Total: 30200 ns
[5125.338s][info ][safepoint      ] Safepoint "Cleanup", Time since last: 1000099090 ns, Reaching safepoint: 7000 ns, Cleanup: 8900 ns, At safepoint: 1800 ns, Total: 17700 ns
[5145.340s][info ][safepoint      ] Safepoint "Cleanup", Time since last: 20001318501 ns, Reaching safepoint: 6700 ns, Cleanup: 9700 ns, At safepoint: 1400 ns, Total: 17800 ns
[5152.340s][info ][safepoint      ] Safepoint "Cleanup", Time since last: 7000663214 ns, Reaching safepoint: 7401 ns, Cleanup: 8400 ns, At safepoint: 1600 ns, Total: 17401 ns
[5158.341s][info ][safepoint      ] Safepoint "Cleanup", Time since last: 6000484224 ns, Reaching safepoint: 6800 ns, Cleanup: 7601 ns, At safepoint: 1600 ns, Total: 16001 ns
[5161.341s][info ][safepoint      ] Safepoint "Cleanup", Time since last: 3000230888 ns, Reaching safepoint: 6900 ns, Cleanup: 7000 ns, At safepoint: 1700 ns, Total: 15600 ns
[5172.395s][info ][gc,start       ] GC(92) Pause Young (Allocation Failure)
[5172.404s][debug][gc,phases      ] GC(92) Scavenge 8.806ms
[5172.404s][debug][gc,ref         ] GC(92) ReferenceProcessor::execute queues: 1, RefProcThreadModel::Single, marks_oops_alive: false
[5172.404s][debug][gc,ref         ] GC(92) Skipped KeepAliveFinalRefsPhase of Reference Processing: no references
[5172.404s][debug][gc,ref         ] GC(92) ReferenceProcessor::execute queues: 1, RefProcThreadModel::Single, marks_oops_alive: false
[5172.404s][debug][gc,phases      ] GC(92) Reference Processing 0.093ms
[5172.404s][debug][gc,phases      ] GC(92)   VM Weak                        Min:  0.0, Avg:  0.0, Max:  0.0, Diff:  0.0, Sum:  0.0, Workers: 4
[5172.404s][debug][gc,phases      ] GC(92)     Dead                           Min: 0, Avg:  0.0, Max: 0, Diff: 0, Sum: 0, Workers: 4
[5172.404s][debug][gc,phases      ] GC(92)     Total                          Min: 0, Avg: 234.2, Max: 809, Diff: 809, Sum: 937, Workers: 4
[5172.404s][debug][gc,phases      ] GC(92)   ObjectSynchronizer Weak        Min:  0.0, Avg:  0.0, Max:  0.0, Diff:  0.0, Sum:  0.0, Workers: 4
[5172.404s][debug][gc,phases      ] GC(92)     Dead                           Min: 0, Avg:  0.0, Max: 0, Diff: 0, Sum: 0, Workers: 4
[5172.404s][debug][gc,phases      ] GC(92)     Total                          Min: 0, Avg:  1.0, Max: 4, Diff: 4, Sum: 4, Workers: 4
[5172.404s][debug][gc,phases      ] GC(92)   JVMTI Tag Weak OopStorage      Min:  0.0, Avg:  0.0, Max:  0.0, Diff:  0.0, Sum:  0.0, Workers: 4
[5172.404s][debug][gc,phases      ] GC(92)     Dead                           Min: 0, Avg:  0.0, Max: 0, Diff: 0, Sum: 0, Workers: 4
[5172.404s][debug][gc,phases      ] GC(92)     Total                          Min: 0, Avg:  0.0, Max: 0, Diff: 0, Sum: 0, Workers: 4
[5172.404s][debug][gc,phases      ] GC(92)   StringTable Weak               Min:  0.0, Avg:  0.1, Max:  0.1, Diff:  0.1, Sum:  0.3, Workers: 4
[5172.404s][debug][gc,phases      ] GC(92)     Dead                           Min: 0, Avg:  0.0, Max: 0, Diff: 0, Sum: 0, Workers: 4
[5172.404s][debug][gc,phases      ] GC(92)     Total                          Min: 0, Avg: 11383.5, Max: 20447, Diff: 20447, Sum: 45534, Workers: 4
[5172.404s][debug][gc,phases      ] GC(92)   ResolvedMethodTable Weak       Min:  0.0, Avg:  0.0, Max:  0.0, Diff:  0.0, Sum:  0.1, Workers: 4
[5172.404s][debug][gc,phases      ] GC(92)     Dead                           Min: 0, Avg:  0.0, Max: 0, Diff: 0, Sum: 0, Workers: 4
[5172.404s][debug][gc,phases      ] GC(92)     Total                          Min: 0, Avg: 3091.8, Max: 5267, Diff: 5267, Sum: 12367, Workers: 4
[5172.404s][debug][gc,phases      ] GC(92)   JNI Weak                       Min:  0.0, Avg:  0.0, Max:  0.0, Diff:  0.0, Sum:  0.0, Workers: 4
[5172.404s][debug][gc,phases      ] GC(92)     Dead                           Min: 0, Avg:  0.0, Max: 0, Diff: 0, Sum: 0, Workers: 4
[5172.404s][debug][gc,phases      ] GC(92)     Total                          Min: 0, Avg: 12.0, Max: 48, Diff: 48, Sum: 48, Workers: 4
[5172.404s][debug][gc,phases      ] GC(92)   StringDedup Table Weak         Min:  0.0, Avg:  0.0, Max:  0.0, Diff:  0.0, Sum:  0.0, Workers: 4
[5172.404s][debug][gc,phases      ] GC(92)     Dead                           Min: 0, Avg:  0.0, Max: 0, Diff: 0, Sum: 0, Workers: 4
[5172.404s][debug][gc,phases      ] GC(92)     Total                          Min: 0, Avg:  0.0, Max: 0, Diff: 0, Sum: 0, Workers: 4
[5172.404s][debug][gc,phases      ] GC(92)   StringDedup Requests0 Weak     Min:  0.0, Avg:  0.0, Max:  0.0, Diff:  0.0, Sum:  0.0, Workers: 4
[5172.404s][debug][gc,phases      ] GC(92)     Dead                           Min: 0, Avg:  0.0, Max: 0, Diff: 0, Sum: 0, Workers: 4
[5172.404s][debug][gc,phases      ] GC(92)     Total                          Min: 0, Avg:  0.0, Max: 0, Diff: 0, Sum: 0, Workers: 4
[5172.404s][debug][gc,phases      ] GC(92)   StringDedup Requests1 Weak     Min:  0.0, Avg:  0.0, Max:  0.0, Diff:  0.0, Sum:  0.0, Workers: 4
[5172.404s][debug][gc,phases      ] GC(92)     Dead                           Min: 0, Avg:  0.0, Max: 0, Diff: 0, Sum: 0, Workers: 4
[5172.404s][debug][gc,phases      ] GC(92)     Total                          Min: 0, Avg:  0.0, Max: 0, Diff: 0, Sum: 0, Workers: 4
[5172.404s][debug][gc,phases      ] GC(92)   Weak JFR Old Object Samples    Min:  0.0, Avg:  0.0, Max:  0.0, Diff:  0.0, Sum:  0.0, Workers: 4
[5172.404s][debug][gc,phases      ] GC(92)     Dead                           Min: 0, Avg:  0.0, Max: 0, Diff: 0, Sum: 0, Workers: 4
[5172.404s][debug][gc,phases      ] GC(92)     Total                          Min: 0, Avg:  0.0, Max: 0, Diff: 0, Sum: 0, Workers: 4
[5172.404s][debug][gc,phases      ] GC(92) Weak Processing 0.306ms
[5172.404s][debug][gc,age         ] GC(92) Desired survivor size 50855936 bytes, new threshold 15 (max threshold 15)
[5172.404s][info ][gc,heap        ] GC(92) PSYoungGen: 2038695K(2044928K)->35350K(2038784K) Eden: 2002944K(2002944K)->0K(2002944K) From: 35751K(41984K)->35350K(35840K)
[5172.404s][info ][gc,heap        ] GC(92) ParOldGen: 387846K(449536K)->387878K(449536K)
[5172.404s][info ][gc,metaspace   ] GC(92) Metaspace: 90695K(91904K)->90695K(91904K) NonClass: 77886K(78592K)->77886K(78592K) Class: 12808K(13312K)->12808K(13312K)
[5172.404s][info ][gc             ] GC(92) Pause Young (Allocation Failure) 2369M->413M(2430M) 9.316ms
[5172.404s][info ][gc,cpu         ] GC(92) User=0.03s Sys=0.00s Real=0.01s
[5172.404s][info ][safepoint      ] Safepoint "ParallelGCFailedAllocation", Time since last: 11054009225 ns, Reaching safepoint: 6700 ns, Cleanup: 3500 ns, At safepoint: 9383267 ns, Total: 9393467 ns
[5184.405s][info ][safepoint      ] Safepoint "Cleanup", Time since last: 12000938257 ns, Reaching safepoint: 78200 ns, Cleanup: 8100 ns, At safepoint: 4000 ns, Total: 90300 ns
[5219.408s][info ][safepoint      ] Safepoint "Cleanup", Time since last: 35002559374 ns, Reaching safepoint: 88200 ns, Cleanup: 8800 ns, At safepoint: 8500 ns, Total: 105500 ns
[5241.371s][info ][safepoint      ] Safepoint "Cleanup", Time since last: 21962858393 ns, Reaching safepoint: 7000 ns, Cleanup: 7100 ns, At safepoint: 1900 ns, Total: 16000 ns
[5242.371s][info ][safepoint      ] Safepoint "Cleanup", Time since last: 1000056440 ns, Reaching safepoint: 18400 ns, Cleanup: 12400 ns, At safepoint: 2000 ns, Total: 32800 ns
[5262.372s][info ][safepoint      ] Safepoint "Cleanup", Time since last: 20001284529 ns, Reaching safepoint: 7700 ns, Cleanup: 12100 ns, At safepoint: 1800 ns, Total: 21600 ns
[5264.373s][info ][safepoint      ] Safepoint "Cleanup", Time since last: 2000156148 ns, Reaching safepoint: 7300 ns, Cleanup: 10300 ns, At safepoint: 1700 ns, Total: 19300 ns
[5268.509s][info ][gc,start       ] GC(93) Pause Young (Allocation Failure)
[5268.518s][debug][gc,phases      ] GC(93) Scavenge 8.648ms
[5268.518s][debug][gc,ref         ] GC(93) ReferenceProcessor::execute queues: 1, RefProcThreadModel::Single, marks_oops_alive: false
[5268.518s][debug][gc,ref         ] GC(93) Skipped KeepAliveFinalRefsPhase of Reference Processing: no references
[5268.518s][debug][gc,ref         ] GC(93) ReferenceProcessor::execute queues: 1, RefProcThreadModel::Single, marks_oops_alive: false
[5268.518s][debug][gc,phases      ] GC(93) Reference Processing 0.091ms
[5268.518s][debug][gc,phases      ] GC(93)   VM Weak                        Min:  0.0, Avg:  0.0, Max:  0.0, Diff:  0.0, Sum:  0.0, Workers: 4
[5268.518s][debug][gc,phases      ] GC(93)     Dead                           Min: 0, Avg:  0.0, Max: 0, Diff: 0, Sum: 0, Workers: 4
[5268.518s][debug][gc,phases      ] GC(93)     Total                          Min: 0, Avg: 234.2, Max: 489, Diff: 489, Sum: 937, Workers: 4
[5268.518s][debug][gc,phases      ] GC(93)   ObjectSynchronizer Weak        Min:  0.0, Avg:  0.0, Max:  0.0, Diff:  0.0, Sum:  0.0, Workers: 4
[5268.518s][debug][gc,phases      ] GC(93)     Dead                           Min: 0, Avg:  0.0, Max: 0, Diff: 0, Sum: 0, Workers: 4
[5268.518s][debug][gc,phases      ] GC(93)     Total                          Min: 0, Avg:  0.8, Max: 3, Diff: 3, Sum: 3, Workers: 4
[5268.518s][debug][gc,phases      ] GC(93)   JVMTI Tag Weak OopStorage      Min:  0.0, Avg:  0.0, Max:  0.0, Diff:  0.0, Sum:  0.0, Workers: 4
[5268.518s][debug][gc,phases      ] GC(93)     Dead                           Min: 0, Avg:  0.0, Max: 0, Diff: 0, Sum: 0, Workers: 4
[5268.518s][debug][gc,phases      ] GC(93)     Total                          Min: 0, Avg:  0.0, Max: 0, Diff: 0, Sum: 0, Workers: 4
[5268.518s][debug][gc,phases      ] GC(93)   StringTable Weak               Min:  0.0, Avg:  0.1, Max:  0.1, Diff:  0.1, Sum:  0.4, Workers: 4
[5268.518s][debug][gc,phases      ] GC(93)     Dead                           Min: 0, Avg:  0.0, Max: 0, Diff: 0, Sum: 0, Workers: 4
[5268.518s][debug][gc,phases      ] GC(93)     Total                          Min: 0, Avg: 11383.5, Max: 19359, Diff: 19359, Sum: 45534, Workers: 4
[5268.518s][debug][gc,phases      ] GC(93)   ResolvedMethodTable Weak       Min:  0.0, Avg:  0.0, Max:  0.0, Diff:  0.0, Sum:  0.1, Workers: 4
[5268.518s][debug][gc,phases      ] GC(93)     Dead                           Min: 0, Avg:  0.0, Max: 0, Diff: 0, Sum: 0, Workers: 4
[5268.518s][debug][gc,phases      ] GC(93)     Total                          Min: 1728, Avg: 3091.8, Max: 3668, Diff: 1940, Sum: 12367, Workers: 4
[5268.518s][debug][gc,phases      ] GC(93)   JNI Weak                       Min:  0.0, Avg:  0.0, Max:  0.0, Diff:  0.0, Sum:  0.0, Workers: 4
[5268.518s][debug][gc,phases      ] GC(93)     Dead                           Min: 0, Avg:  0.0, Max: 0, Diff: 0, Sum: 0, Workers: 4
[5268.518s][debug][gc,phases      ] GC(93)     Total                          Min: 0, Avg: 12.0, Max: 48, Diff: 48, Sum: 48, Workers: 4
[5268.518s][debug][gc,phases      ] GC(93)   StringDedup Table Weak         Min:  0.0, Avg:  0.0, Max:  0.0, Diff:  0.0, Sum:  0.0, Workers: 4
[5268.518s][debug][gc,phases      ] GC(93)     Dead                           Min: 0, Avg:  0.0, Max: 0, Diff: 0, Sum: 0, Workers: 4
[5268.518s][debug][gc,phases      ] GC(93)     Total                          Min: 0, Avg:  0.0, Max: 0, Diff: 0, Sum: 0, Workers: 4
[5268.518s][debug][gc,phases      ] GC(93)   StringDedup Requests0 Weak     Min:  0.0, Avg:  0.0, Max:  0.0, Diff:  0.0, Sum:  0.0, Workers: 4
[5268.518s][debug][gc,phases      ] GC(93)     Dead                           Min: 0, Avg:  0.0, Max: 0, Diff: 0, Sum: 0, Workers: 4
[5268.518s][debug][gc,phases      ] GC(93)     Total                          Min: 0, Avg:  0.0, Max: 0, Diff: 0, Sum: 0, Workers: 4
[5268.518s][debug][gc,phases      ] GC(93)   StringDedup Requests1 Weak     Min:  0.0, Avg:  0.0, Max:  0.0, Diff:  0.0, Sum:  0.0, Workers: 4
[5268.518s][debug][gc,phases      ] GC(93)     Dead                           Min: 0, Avg:  0.0, Max: 0, Diff: 0, Sum: 0, Workers: 4
[5268.518s][debug][gc,phases      ] GC(93)     Total                          Min: 0, Avg:  0.0, Max: 0, Diff: 0, Sum: 0, Workers: 4
[5268.518s][debug][gc,phases      ] GC(93)   Weak JFR Old Object Samples    Min:  0.0, Avg:  0.0, Max:  0.0, Diff:  0.0, Sum:  0.0, Workers: 4
[5268.518s][debug][gc,phases      ] GC(93)     Dead                           Min: 0, Avg:  0.0, Max: 0, Diff: 0, Sum: 0, Workers: 4
[5268.518s][debug][gc,phases      ] GC(93)     Total                          Min: 0, Avg:  0.0, Max: 0, Diff: 0, Sum: 0, Workers: 4
[5268.518s][debug][gc,phases      ] GC(93) Weak Processing 0.352ms
[5268.518s][debug][gc,age         ] GC(93) Desired survivor size 52428800 bytes, new threshold 15 (max threshold 15)
[5268.518s][info ][gc,heap        ] GC(93) PSYoungGen: 2038294K(2038784K)->35078K(2044416K) Eden: 2002944K(2002944K)->0K(1994752K) From: 35350K(35840K)->35078K(49664K)
[5268.518s][info ][gc,heap        ] GC(93) ParOldGen: 387878K(449536K)->387918K(449536K)
[5268.518s][info ][gc,metaspace   ] GC(93) Metaspace: 90697K(91904K)->90697K(91904K) NonClass: 77889K(78592K)->77889K(78592K) Class: 12808K(13312K)->12808K(13312K)
[5268.518s][info ][gc             ] GC(93) Pause Young (Allocation Failure) 2369M->413M(2435M) 9.199ms
[5268.518s][info ][gc,cpu         ] GC(93) User=0.03s Sys=0.00s Real=0.01s
[5268.518s][info ][safepoint      ] Safepoint "ParallelGCFailedAllocation", Time since last: 4136232614 ns, Reaching safepoint: 7100 ns, Cleanup: 3600 ns, At safepoint: 9284264 ns, Total: 9294964 ns
[5296.520s][info ][safepoint      ] Safepoint "Cleanup", Time since last: 28001695284 ns, Reaching safepoint: 7400 ns, Cleanup: 6500 ns, At safepoint: 1800 ns, Total: 15700 ns
[5316.521s][info ][safepoint      ] Safepoint "Cleanup", Time since last: 20001258426 ns, Reaching safepoint: 5800 ns, Cleanup: 6400 ns, At safepoint: 2300 ns, Total: 14500 ns
[5330.522s][info ][safepoint      ] Safepoint "Cleanup", Time since last: 14000880769 ns, Reaching safepoint: 6800 ns, Cleanup: 8200 ns, At safepoint: 1900 ns, Total: 16900 ns
[5339.523s][info ][safepoint      ] Safepoint "Cleanup", Time since last: 9000568198 ns, Reaching safepoint: 7600 ns, Cleanup: 7800 ns, At safepoint: 2100 ns, Total: 17500 ns
[5351.400s][info ][safepoint      ] Safepoint "Cleanup", Time since last: 11876950426 ns, Reaching safepoint: 6600 ns, Cleanup: 6700 ns, At safepoint: 1900 ns, Total: 15200 ns
[5352.507s][info ][gc,start       ] GC(94) Pause Young (Allocation Failure)
[5352.520s][debug][gc,phases      ] GC(94) Scavenge 12.191ms
[5352.520s][debug][gc,ref         ] GC(94) ReferenceProcessor::execute queues: 1, RefProcThreadModel::Single, marks_oops_alive: false
[5352.520s][debug][gc,ref         ] GC(94) Skipped KeepAliveFinalRefsPhase of Reference Processing: no references
[5352.520s][debug][gc,ref         ] GC(94) ReferenceProcessor::execute queues: 1, RefProcThreadModel::Single, marks_oops_alive: false
[5352.520s][debug][gc,phases      ] GC(94) Reference Processing 0.101ms
[5352.520s][debug][gc,phases      ] GC(94)   VM Weak                        Min:  0.0, Avg:  0.0, Max:  0.0, Diff:  0.0, Sum:  0.0, Workers: 4
[5352.520s][debug][gc,phases      ] GC(94)     Dead                           Min: 0, Avg:  0.0, Max: 0, Diff: 0, Sum: 0, Workers: 4
[5352.520s][debug][gc,phases      ] GC(94)     Total                          Min: 0, Avg: 234.2, Max: 553, Diff: 553, Sum: 937, Workers: 4
[5352.520s][debug][gc,phases      ] GC(94)   ObjectSynchronizer Weak        Min:  0.0, Avg:  0.0, Max:  0.0, Diff:  0.0, Sum:  0.0, Workers: 4
[5352.520s][debug][gc,phases      ] GC(94)     Dead                           Min: 0, Avg:  0.0, Max: 0, Diff: 0, Sum: 0, Workers: 4
[5352.520s][debug][gc,phases      ] GC(94)     Total                          Min: 0, Avg:  1.0, Max: 4, Diff: 4, Sum: 4, Workers: 4
[5352.520s][debug][gc,phases      ] GC(94)   JVMTI Tag Weak OopStorage      Min:  0.0, Avg:  0.0, Max:  0.0, Diff:  0.0, Sum:  0.0, Workers: 4
[5352.520s][debug][gc,phases      ] GC(94)     Dead                           Min: 0, Avg:  0.0, Max: 0, Diff: 0, Sum: 0, Workers: 4
[5352.520s][debug][gc,phases      ] GC(94)     Total                          Min: 0, Avg:  0.0, Max: 0, Diff: 0, Sum: 0, Workers: 4
[5352.520s][debug][gc,phases      ] GC(94)   StringTable Weak               Min:  0.0, Avg:  0.1, Max:  0.1, Diff:  0.1, Sum:  0.3, Workers: 4
[5352.520s][debug][gc,phases      ] GC(94)     Dead                           Min: 0, Avg:  0.0, Max: 0, Diff: 0, Sum: 0, Workers: 4
[5352.520s][debug][gc,phases      ] GC(94)     Total                          Min: 0, Avg: 11388.8, Max: 19327, Diff: 19327, Sum: 45555, Workers: 4
[5352.520s][debug][gc,phases      ] GC(94)   ResolvedMethodTable Weak       Min:  0.0, Avg:  0.0, Max:  0.0, Diff:  0.0, Sum:  0.1, Workers: 4
[5352.520s][debug][gc,phases      ] GC(94)     Dead                           Min: 0, Avg:  0.0, Max: 0, Diff: 0, Sum: 0, Workers: 4
[5352.520s][debug][gc,phases      ] GC(94)     Total                          Min: 0, Avg: 3091.8, Max: 5245, Diff: 5245, Sum: 12367, Workers: 4
[5352.520s][debug][gc,phases      ] GC(94)   JNI Weak                       Min:  0.0, Avg:  0.0, Max:  0.0, Diff:  0.0, Sum:  0.0, Workers: 4
[5352.520s][debug][gc,phases      ] GC(94)     Dead                           Min: 0, Avg:  0.0, Max: 0, Diff: 0, Sum: 0, Workers: 4
[5352.520s][debug][gc,phases      ] GC(94)     Total                          Min: 0, Avg: 12.0, Max: 48, Diff: 48, Sum: 48, Workers: 4
[5352.520s][debug][gc,phases      ] GC(94)   StringDedup Table Weak         Min:  0.0, Avg:  0.0, Max:  0.0, Diff:  0.0, Sum:  0.0, Workers: 4
[5352.520s][debug][gc,phases      ] GC(94)     Dead                           Min: 0, Avg:  0.0, Max: 0, Diff: 0, Sum: 0, Workers: 4
[5352.520s][debug][gc,phases      ] GC(94)     Total                          Min: 0, Avg:  0.0, Max: 0, Diff: 0, Sum: 0, Workers: 4
[5352.520s][debug][gc,phases      ] GC(94)   StringDedup Requests0 Weak     Min:  0.0, Avg:  0.0, Max:  0.0, Diff:  0.0, Sum:  0.0, Workers: 4
[5352.520s][debug][gc,phases      ] GC(94)     Dead                           Min: 0, Avg:  0.0, Max: 0, Diff: 0, Sum: 0, Workers: 4
[5352.520s][debug][gc,phases      ] GC(94)     Total                          Min: 0, Avg:  0.0, Max: 0, Diff: 0, Sum: 0, Workers: 4
[5352.520s][debug][gc,phases      ] GC(94)   StringDedup Requests1 Weak     Min:  0.0, Avg:  0.0, Max:  0.0, Diff:  0.0, Sum:  0.0, Workers: 4
[5352.520s][debug][gc,phases      ] GC(94)     Dead                           Min: 0, Avg:  0.0, Max: 0, Diff: 0, Sum: 0, Workers: 4
[5352.520s][debug][gc,phases      ] GC(94)     Total                          Min: 0, Avg:  0.0, Max: 0, Diff: 0, Sum: 0, Workers: 4
[5352.520s][debug][gc,phases      ] GC(94)   Weak JFR Old Object Samples    Min:  0.0, Avg:  0.0, Max:  0.0, Diff:  0.0, Sum:  0.0, Workers: 4
[5352.520s][debug][gc,phases      ] GC(94)     Dead                           Min: 0, Avg:  0.0, Max: 0, Diff: 0, Sum: 0, Workers: 4
[5352.520s][debug][gc,phases      ] GC(94)     Total                          Min: 0, Avg:  0.0, Max: 0, Diff: 0, Sum: 0, Workers: 4
[5352.520s][debug][gc,phases      ] GC(94) Weak Processing 0.319ms
[5352.520s][debug][gc,age         ] GC(94) Desired survivor size 58195968 bytes, new threshold 15 (max threshold 15)
[5352.520s][info ][gc,heap        ] GC(94) PSYoungGen: 2029830K(2044416K)->46422K(2041344K) Eden: 1994752K(1994752K)->0K(1994752K) From: 35078K(49664K)->46422K(46592K)
[5352.520s][info ][gc,heap        ] GC(94) ParOldGen: 387918K(449536K)->388038K(449536K)
[5352.520s][info ][gc,metaspace   ] GC(94) Metaspace: 90702K(91904K)->90702K(91904K) NonClass: 77894K(78592K)->77894K(78592K) Class: 12808K(13312K)->12808K(13312K)
[5352.520s][info ][gc             ] GC(94) Pause Young (Allocation Failure) 2361M->424M(2432M) 12.734ms
[5352.520s][info ][gc,cpu         ] GC(94) User=0.05s Sys=0.00s Real=0.01s
[5352.520s][info ][safepoint      ] Safepoint "ParallelGCFailedAllocation", Time since last: 1107733856 ns, Reaching safepoint: 6800 ns, Cleanup: 3100 ns, At safepoint: 12807115 ns, Total: 12817015 ns
[5409.415s][info ][safepoint      ] Safepoint "Cleanup", Time since last: 56894579813 ns, Reaching safepoint: 7701 ns, Cleanup: 7300 ns, At safepoint: 1700 ns, Total: 16701 ns
[5410.415s][info ][safepoint      ] Safepoint "Cleanup", Time since last: 1000096594 ns, Reaching safepoint: 8900 ns, Cleanup: 9400 ns, At safepoint: 2900 ns, Total: 21200 ns
[5417.507s][info ][safepoint      ] Safepoint "Cleanup", Time since last: 7092603231 ns, Reaching safepoint: 6700 ns, Cleanup: 20100 ns, At safepoint: 1900 ns, Total: 28700 ns
[5419.508s][info ][safepoint      ] Safepoint "Cleanup", Time since last: 2000161667 ns, Reaching safepoint: 6800 ns, Cleanup: 7300 ns, At safepoint: 1900 ns, Total: 16000 ns
[5420.508s][info ][safepoint      ] Safepoint "Cleanup", Time since last: 1000097614 ns, Reaching safepoint: 6800 ns, Cleanup: 11000 ns, At safepoint: 1700 ns, Total: 19500 ns
[5421.508s][info ][safepoint      ] Safepoint "Cleanup", Time since last: 1000105615 ns, Reaching safepoint: 7600 ns, Cleanup: 10200 ns, At safepoint: 2800 ns, Total: 20600 ns
[5422.508s][info ][safepoint      ] Safepoint "Cleanup", Time since last: 1000098514 ns, Reaching safepoint: 7601 ns, Cleanup: 8400 ns, At safepoint: 1800 ns, Total: 17801 ns
[5423.508s][info ][safepoint      ] Safepoint "Cleanup", Time since last: 1000092014 ns, Reaching safepoint: 6800 ns, Cleanup: 6800 ns, At safepoint: 1800 ns, Total: 15400 ns
[5424.508s][info ][safepoint      ] Safepoint "Cleanup", Time since last: 1000091014 ns, Reaching safepoint: 7301 ns, Cleanup: 9900 ns, At safepoint: 2200 ns, Total: 19401 ns
[5429.509s][info ][safepoint      ] Safepoint "Cleanup", Time since last: 5000331564 ns, Reaching safepoint: 8300 ns, Cleanup: 13600 ns, At safepoint: 1900 ns, Total: 23800 ns
[5436.509s][info ][safepoint      ] Safepoint "Cleanup", Time since last: 7000433512 ns, Reaching safepoint: 6600 ns, Cleanup: 7200 ns, At safepoint: 1800 ns, Total: 15600 ns
[5439.509s][info ][safepoint      ] Safepoint "Cleanup", Time since last: 3000206250 ns, Reaching safepoint: 76500 ns, Cleanup: 8200 ns, At safepoint: 6100 ns, Total: 90800 ns
[5440.456s][info ][gc,start       ] GC(95) Pause Young (Allocation Failure)
[5440.481s][debug][gc,phases      ] GC(95) Scavenge 24.404ms
[5440.481s][debug][gc,ref         ] GC(95) ReferenceProcessor::execute queues: 1, RefProcThreadModel::Single, marks_oops_alive: false
[5440.481s][debug][gc,ref         ] GC(95) Skipped KeepAliveFinalRefsPhase of Reference Processing: no references
[5440.481s][debug][gc,ref         ] GC(95) ReferenceProcessor::execute queues: 1, RefProcThreadModel::Single, marks_oops_alive: false
[5440.481s][debug][gc,phases      ] GC(95) Reference Processing 0.089ms
[5440.481s][debug][gc,phases      ] GC(95)   VM Weak                        Min:  0.0, Avg:  0.0, Max:  0.0, Diff:  0.0, Sum:  0.0, Workers: 4
[5440.481s][debug][gc,phases      ] GC(95)     Dead                           Min: 0, Avg:  0.0, Max: 0, Diff: 0, Sum: 0, Workers: 4
[5440.481s][debug][gc,phases      ] GC(95)     Total                          Min: 0, Avg: 234.5, Max: 896, Diff: 896, Sum: 938, Workers: 4
[5440.481s][debug][gc,phases      ] GC(95)   ObjectSynchronizer Weak        Min:  0.0, Avg:  0.0, Max:  0.0, Diff:  0.0, Sum:  0.0, Workers: 4
[5440.481s][debug][gc,phases      ] GC(95)     Dead                           Min: 0, Avg:  0.0, Max: 0, Diff: 0, Sum: 0, Workers: 4
[5440.481s][debug][gc,phases      ] GC(95)     Total                          Min: 0, Avg:  1.0, Max: 4, Diff: 4, Sum: 4, Workers: 4
[5440.481s][debug][gc,phases      ] GC(95)   JVMTI Tag Weak OopStorage      Min:  0.0, Avg:  0.0, Max:  0.0, Diff:  0.0, Sum:  0.0, Workers: 4
[5440.481s][debug][gc,phases      ] GC(95)     Dead                           Min: 0, Avg:  0.0, Max: 0, Diff: 0, Sum: 0, Workers: 4
[5440.481s][debug][gc,phases      ] GC(95)     Total                          Min: 0, Avg:  0.0, Max: 0, Diff: 0, Sum: 0, Workers: 4
[5440.481s][debug][gc,phases      ] GC(95)   StringTable Weak               Min:  0.0, Avg:  0.1, Max:  0.1, Diff:  0.1, Sum:  0.4, Workers: 4
[5440.481s][debug][gc,phases      ] GC(95)     Dead                           Min: 0, Avg:  0.2, Max: 1, Diff: 1, Sum: 1, Workers: 4
[5440.481s][debug][gc,phases      ] GC(95)     Total                          Min: 0, Avg: 11397.0, Max: 16256, Diff: 16256, Sum: 45588, Workers: 4
[5440.481s][debug][gc,phases      ] GC(95)   ResolvedMethodTable Weak       Min:  0.0, Avg:  0.0, Max:  0.0, Diff:  0.0, Sum:  0.1, Workers: 4
[5440.481s][debug][gc,phases      ] GC(95)     Dead                           Min: 0, Avg:  1.2, Max: 5, Diff: 5, Sum: 5, Workers: 4
[5440.481s][debug][gc,phases      ] GC(95)     Total                          Min: 0, Avg: 3095.8, Max: 4708, Diff: 4708, Sum: 12383, Workers: 4
[5440.481s][debug][gc,phases      ] GC(95)   JNI Weak                       Min:  0.0, Avg:  0.0, Max:  0.0, Diff:  0.0, Sum:  0.0, Workers: 4
[5440.481s][debug][gc,phases      ] GC(95)     Dead                           Min: 0, Avg:  0.0, Max: 0, Diff: 0, Sum: 0, Workers: 4
[5440.481s][debug][gc,phases      ] GC(95)     Total                          Min: 0, Avg: 12.0, Max: 48, Diff: 48, Sum: 48, Workers: 4
[5440.481s][debug][gc,phases      ] GC(95)   StringDedup Table Weak         Min:  0.0, Avg:  0.0, Max:  0.0, Diff:  0.0, Sum:  0.0, Workers: 4
[5440.481s][debug][gc,phases      ] GC(95)     Dead                           Min: 0, Avg:  0.0, Max: 0, Diff: 0, Sum: 0, Workers: 4
[5440.481s][debug][gc,phases      ] GC(95)     Total                          Min: 0, Avg:  0.0, Max: 0, Diff: 0, Sum: 0, Workers: 4
[5440.481s][debug][gc,phases      ] GC(95)   StringDedup Requests0 Weak     Min:  0.0, Avg:  0.0, Max:  0.0, Diff:  0.0, Sum:  0.0, Workers: 4
[5440.481s][debug][gc,phases      ] GC(95)     Dead                           Min: 0, Avg:  0.0, Max: 0, Diff: 0, Sum: 0, Workers: 4
[5440.481s][debug][gc,phases      ] GC(95)     Total                          Min: 0, Avg:  0.0, Max: 0, Diff: 0, Sum: 0, Workers: 4
[5440.481s][debug][gc,phases      ] GC(95)   StringDedup Requests1 Weak     Min:  0.0, Avg:  0.0, Max:  0.0, Diff:  0.0, Sum:  0.0, Workers: 4
[5440.481s][debug][gc,phases      ] GC(95)     Dead                           Min: 0, Avg:  0.0, Max: 0, Diff: 0, Sum: 0, Workers: 4
[5440.481s][debug][gc,phases      ] GC(95)     Total                          Min: 0, Avg:  0.0, Max: 0, Diff: 0, Sum: 0, Workers: 4
[5440.481s][debug][gc,phases      ] GC(95)   Weak JFR Old Object Samples    Min:  0.0, Avg:  0.0, Max:  0.0, Diff:  0.0, Sum:  0.0, Workers: 4
[5440.481s][debug][gc,phases      ] GC(95)     Dead                           Min: 0, Avg:  0.0, Max: 0, Diff: 0, Sum: 0, Workers: 4
[5440.481s][debug][gc,phases      ] GC(95)     Total                          Min: 0, Avg:  0.0, Max: 0, Diff: 0, Sum: 0, Workers: 4
[5440.481s][debug][gc,phases      ] GC(95) Weak Processing 0.413ms
[5440.481s][debug][gc,age         ] GC(95) Desired survivor size 60293120 bytes, new threshold 15 (max threshold 15)
[5440.481s][info ][gc,heap        ] GC(95) PSYoungGen: 2041174K(2041344K)->39814K(2035200K) Eden: 1994752K(1994752K)->0K(1979392K) From: 46422K(46592K)->39814K(55808K)
[5440.481s][info ][gc,heap        ] GC(95) ParOldGen: 388038K(449536K)->388086K(449536K)
[5440.481s][info ][gc,metaspace   ] GC(95) Metaspace: 90753K(91904K)->90753K(91904K) NonClass: 77939K(78592K)->77939K(78592K) Class: 12814K(13312K)->12814K(13312K)
[5440.481s][info ][gc             ] GC(95) Pause Young (Allocation Failure) 2372M->417M(2426M) 25.021ms
[5440.481s][info ][gc,cpu         ] GC(95) User=0.04s Sys=0.01s Real=0.03s
[5440.481s][info ][safepoint      ] Safepoint "ParallelGCFailedAllocation", Time since last: 946705620 ns, Reaching safepoint: 7300 ns, Cleanup: 3100 ns, At safepoint: 25103218 ns, Total: 25113618 ns
[5444.481s][info ][safepoint      ] Safepoint "Cleanup", Time since last: 4000278922 ns, Reaching safepoint: 7600 ns, Cleanup: 8700 ns, At safepoint: 2200 ns, Total: 18500 ns
[5447.482s][info ][safepoint      ] Safepoint "Cleanup", Time since last: 3000204113 ns, Reaching safepoint: 7600 ns, Cleanup: 9400 ns, At safepoint: 2600 ns, Total: 19600 ns
[5455.482s][info ][safepoint      ] Safepoint "Cleanup", Time since last: 8000534390 ns, Reaching safepoint: 7400 ns, Cleanup: 7700 ns, At safepoint: 2000 ns, Total: 17100 ns
[5468.435s][info ][safepoint      ] Safepoint "Cleanup", Time since last: 12953169777 ns, Reaching safepoint: 7900 ns, Cleanup: 7800 ns, At safepoint: 1700 ns, Total: 17400 ns
[5471.436s][info ][safepoint      ] Safepoint "Cleanup", Time since last: 3000165142 ns, Reaching safepoint: 9500 ns, Cleanup: 11400 ns, At safepoint: 2200 ns, Total: 23100 ns
[5511.438s][info ][safepoint      ] Safepoint "Cleanup", Time since last: 40002446890 ns, Reaching safepoint: 8601 ns, Cleanup: 9500 ns, At safepoint: 2200 ns, Total: 20301 ns
[5512.438s][info ][safepoint      ] Safepoint "Cleanup", Time since last: 1000103895 ns, Reaching safepoint: 9300 ns, Cleanup: 9500 ns, At safepoint: 2200 ns, Total: 21000 ns
[5524.450s][info ][safepoint      ] Safepoint "Cleanup", Time since last: 12012204440 ns, Reaching safepoint: 7000 ns, Cleanup: 8000 ns, At safepoint: 1900 ns, Total: 16900 ns
[5526.808s][info ][gc,start       ] GC(96) Pause Young (Allocation Failure)
[5526.817s][debug][gc,phases      ] GC(96) Scavenge 9.225ms
[5526.817s][debug][gc,ref         ] GC(96) ReferenceProcessor::execute queues: 1, RefProcThreadModel::Single, marks_oops_alive: false
[5526.817s][debug][gc,ref         ] GC(96) Skipped KeepAliveFinalRefsPhase of Reference Processing: no references
[5526.817s][debug][gc,ref         ] GC(96) ReferenceProcessor::execute queues: 1, RefProcThreadModel::Single, marks_oops_alive: false
[5526.817s][debug][gc,phases      ] GC(96) Reference Processing 0.105ms
[5526.818s][debug][gc,phases      ] GC(96)   VM Weak                        Min:  0.0, Avg:  0.0, Max:  0.0, Diff:  0.0, Sum:  0.0, Workers: 4
[5526.818s][debug][gc,phases      ] GC(96)     Dead                           Min: 0, Avg:  0.0, Max: 0, Diff: 0, Sum: 0, Workers: 4
[5526.818s][debug][gc,phases      ] GC(96)     Total                          Min: 0, Avg: 234.5, Max: 682, Diff: 682, Sum: 938, Workers: 4
[5526.818s][debug][gc,phases      ] GC(96)   ObjectSynchronizer Weak        Min:  0.0, Avg:  0.0, Max:  0.0, Diff:  0.0, Sum:  0.0, Workers: 4
[5526.818s][debug][gc,phases      ] GC(96)     Dead                           Min: 0, Avg:  0.0, Max: 0, Diff: 0, Sum: 0, Workers: 4
[5526.818s][debug][gc,phases      ] GC(96)     Total                          Min: 0, Avg:  1.0, Max: 4, Diff: 4, Sum: 4, Workers: 4
[5526.818s][debug][gc,phases      ] GC(96)   JVMTI Tag Weak OopStorage      Min:  0.0, Avg:  0.0, Max:  0.0, Diff:  0.0, Sum:  0.0, Workers: 4
[5526.818s][debug][gc,phases      ] GC(96)     Dead                           Min: 0, Avg:  0.0, Max: 0, Diff: 0, Sum: 0, Workers: 4
[5526.818s][debug][gc,phases      ] GC(96)     Total                          Min: 0, Avg:  0.0, Max: 0, Diff: 0, Sum: 0, Workers: 4
[5526.818s][debug][gc,phases      ] GC(96)   StringTable Weak               Min:  0.1, Avg:  0.1, Max:  0.1, Diff:  0.0, Sum:  0.4, Workers: 4
[5526.818s][debug][gc,phases      ] GC(96)     Dead                           Min: 0, Avg:  0.0, Max: 0, Diff: 0, Sum: 0, Workers: 4
[5526.818s][debug][gc,phases      ] GC(96)     Total                          Min: 11072, Avg: 11397.2, Max: 11798, Diff: 726, Sum: 45589, Workers: 4
[5526.818s][debug][gc,phases      ] GC(96)   ResolvedMethodTable Weak       Min:  0.0, Avg:  0.0, Max:  0.0, Diff:  0.0, Sum:  0.1, Workers: 4
[5526.818s][debug][gc,phases      ] GC(96)     Dead                           Min: 0, Avg:  0.0, Max: 0, Diff: 0, Sum: 0, Workers: 4
[5526.818s][debug][gc,phases      ] GC(96)     Total                          Min: 2980, Avg: 3095.8, Max: 3197, Diff: 217, Sum: 12383, Workers: 4
[5526.818s][debug][gc,phases      ] GC(96)   JNI Weak                       Min:  0.0, Avg:  0.0, Max:  0.0, Diff:  0.0, Sum:  0.0, Workers: 4
[5526.818s][debug][gc,phases      ] GC(96)     Dead                           Min: 0, Avg:  0.0, Max: 0, Diff: 0, Sum: 0, Workers: 4
[5526.818s][debug][gc,phases      ] GC(96)     Total                          Min: 0, Avg: 12.0, Max: 48, Diff: 48, Sum: 48, Workers: 4
[5526.818s][debug][gc,phases      ] GC(96)   StringDedup Table Weak         Min:  0.0, Avg:  0.0, Max:  0.0, Diff:  0.0, Sum:  0.0, Workers: 4
[5526.818s][debug][gc,phases      ] GC(96)     Dead                           Min: 0, Avg:  0.0, Max: 0, Diff: 0, Sum: 0, Workers: 4
[5526.818s][debug][gc,phases      ] GC(96)     Total                          Min: 0, Avg:  0.0, Max: 0, Diff: 0, Sum: 0, Workers: 4
[5526.818s][debug][gc,phases      ] GC(96)   StringDedup Requests0 Weak     Min:  0.0, Avg:  0.0, Max:  0.0, Diff:  0.0, Sum:  0.0, Workers: 4
[5526.818s][debug][gc,phases      ] GC(96)     Dead                           Min: 0, Avg:  0.0, Max: 0, Diff: 0, Sum: 0, Workers: 4
[5526.818s][debug][gc,phases      ] GC(96)     Total                          Min: 0, Avg:  0.0, Max: 0, Diff: 0, Sum: 0, Workers: 4
[5526.818s][debug][gc,phases      ] GC(96)   StringDedup Requests1 Weak     Min:  0.0, Avg:  0.0, Max:  0.0, Diff:  0.0, Sum:  0.0, Workers: 4
[5526.818s][debug][gc,phases      ] GC(96)     Dead                           Min: 0, Avg:  0.0, Max: 0, Diff: 0, Sum: 0, Workers: 4
[5526.818s][debug][gc,phases      ] GC(96)     Total                          Min: 0, Avg:  0.0, Max: 0, Diff: 0, Sum: 0, Workers: 4
[5526.818s][debug][gc,phases      ] GC(96)   Weak JFR Old Object Samples    Min:  0.0, Avg:  0.0, Max:  0.0, Diff:  0.0, Sum:  0.0, Workers: 4
[5526.818s][debug][gc,phases      ] GC(96)     Dead                           Min: 0, Avg:  0.0, Max: 0, Diff: 0, Sum: 0, Workers: 4
[5526.818s][debug][gc,phases      ] GC(96)     Total                          Min: 0, Avg:  0.0, Max: 0, Diff: 0, Sum: 0, Workers: 4
[5526.818s][debug][gc,phases      ] GC(96) Weak Processing 0.305ms
[5526.818s][debug][gc,age         ] GC(96) Desired survivor size 61341696 bytes, new threshold 15 (max threshold 15)
[5526.818s][info ][gc,heap        ] GC(96) PSYoungGen: 2019206K(2035200K)->39414K(2018816K) Eden: 1979392K(1979392K)->0K(1979392K) From: 39814K(55808K)->39414K(39424K)
[5526.818s][info ][gc,heap        ] GC(96) ParOldGen: 388086K(449536K)->388118K(449536K)
[5526.818s][info ][gc,metaspace   ] GC(96) Metaspace: 90760K(91904K)->90760K(91904K) NonClass: 77946K(78592K)->77946K(78592K) Class: 12814K(13312K)->12814K(13312K)
[5526.818s][info ][gc             ] GC(96) Pause Young (Allocation Failure) 2350M->417M(2410M) 9.753ms
[5526.818s][info ][gc,cpu         ] GC(96) User=0.04s Sys=0.00s Real=0.01s
[5526.818s][info ][safepoint      ] Safepoint "ParallelGCFailedAllocation", Time since last: 2357619252 ns, Reaching safepoint: 6900 ns, Cleanup: 3000 ns, At safepoint: 9823480 ns, Total: 9833380 ns
[5531.818s][info ][safepoint      ] Safepoint "Cleanup", Time since last: 5000317815 ns, Reaching safepoint: 9400 ns, Cleanup: 12300 ns, At safepoint: 5000 ns, Total: 26700 ns
[5536.819s][info ][safepoint      ] Safepoint "Cleanup", Time since last: 5000345857 ns, Reaching safepoint: 7600 ns, Cleanup: 8300 ns, At safepoint: 1700 ns, Total: 17600 ns
[5538.819s][info ][safepoint      ] Safepoint "Cleanup", Time since last: 2000108535 ns, Reaching safepoint: 8300 ns, Cleanup: 8900 ns, At safepoint: 8000 ns, Total: 25200 ns
[5546.819s][info ][safepoint      ] Safepoint "Cleanup", Time since last: 8000542395 ns, Reaching safepoint: 8600 ns, Cleanup: 12400 ns, At safepoint: 2800 ns, Total: 23800 ns
[5547.819s][info ][safepoint      ] Safepoint "Cleanup", Time since last: 1000103067 ns, Reaching safepoint: 8200 ns, Cleanup: 8400 ns, At safepoint: 2200 ns, Total: 18800 ns
[5551.820s][info ][safepoint      ] Safepoint "Cleanup", Time since last: 4000260467 ns, Reaching safepoint: 8200 ns, Cleanup: 9200 ns, At safepoint: 2400 ns, Total: 19800 ns
[5560.820s][info ][safepoint      ] Safepoint "Cleanup", Time since last: 9000634395 ns, Reaching safepoint: 6400 ns, Cleanup: 7201 ns, At safepoint: 31100 ns, Total: 44701 ns
[5566.821s][info ][safepoint      ] Safepoint "Cleanup", Time since last: 6000348505 ns, Reaching safepoint: 6700 ns, Cleanup: 7700 ns, At safepoint: 1800 ns, Total: 16200 ns
[5568.821s][info ][safepoint      ] Safepoint "Cleanup", Time since last: 2000124163 ns, Reaching safepoint: 6900 ns, Cleanup: 16100 ns, At safepoint: 4000 ns, Total: 27000 ns
[5570.821s][info ][safepoint      ] Safepoint "Cleanup", Time since last: 2000164482 ns, Reaching safepoint: 8100 ns, Cleanup: 7900 ns, At safepoint: 2000 ns, Total: 18000 ns
[5582.466s][info ][safepoint      ] Safepoint "Cleanup", Time since last: 11644633949 ns, Reaching safepoint: 9000 ns, Cleanup: 9300 ns, At safepoint: 7400 ns, Total: 25700 ns
[5595.467s][info ][safepoint      ] Safepoint "Cleanup", Time since last: 13000873207 ns, Reaching safepoint: 6700 ns, Cleanup: 6600 ns, At safepoint: 1700 ns, Total: 15000 ns
[5597.467s][info ][safepoint      ] Safepoint "Cleanup", Time since last: 2000160002 ns, Reaching safepoint: 7400 ns, Cleanup: 7900 ns, At safepoint: 1800 ns, Total: 17100 ns
[5599.467s][info ][safepoint      ] Safepoint "Cleanup", Time since last: 2000169702 ns, Reaching safepoint: 7000 ns, Cleanup: 7700 ns, At safepoint: 1700 ns, Total: 16400 ns
[5607.468s][info ][safepoint      ] Safepoint "Cleanup", Time since last: 8000577876 ns, Reaching safepoint: 8900 ns, Cleanup: 13600 ns, At safepoint: 5201 ns, Total: 27701 ns
[5608.468s][info ][safepoint      ] Safepoint "Cleanup", Time since last: 1000105682 ns, Reaching safepoint: 6900 ns, Cleanup: 8400 ns, At safepoint: 2700 ns, Total: 18000 ns
[5608.710s][info ][gc,start       ] GC(97) Pause Young (Allocation Failure)
[5608.722s][debug][gc,phases      ] GC(97) Scavenge 11.955ms
[5608.722s][debug][gc,ref         ] GC(97) ReferenceProcessor::execute queues: 1, RefProcThreadModel::Single, marks_oops_alive: false
[5608.722s][debug][gc,ref         ] GC(97) Skipped KeepAliveFinalRefsPhase of Reference Processing: no references
[5608.722s][debug][gc,ref         ] GC(97) ReferenceProcessor::execute queues: 1, RefProcThreadModel::Single, marks_oops_alive: false
[5608.722s][debug][gc,phases      ] GC(97) Reference Processing 0.088ms
[5608.722s][debug][gc,phases      ] GC(97)   VM Weak                        Min:  0.0, Avg:  0.0, Max:  0.0, Diff:  0.0, Sum:  0.0, Workers: 4
[5608.722s][debug][gc,phases      ] GC(97)     Dead                           Min: 0, Avg:  0.0, Max: 0, Diff: 0, Sum: 0, Workers: 4
[5608.722s][debug][gc,phases      ] GC(97)     Total                          Min: 0, Avg: 234.5, Max: 810, Diff: 810, Sum: 938, Workers: 4
[5608.722s][debug][gc,phases      ] GC(97)   ObjectSynchronizer Weak        Min:  0.0, Avg:  0.0, Max:  0.0, Diff:  0.0, Sum:  0.0, Workers: 4
[5608.722s][debug][gc,phases      ] GC(97)     Dead                           Min: 0, Avg:  0.0, Max: 0, Diff: 0, Sum: 0, Workers: 4
[5608.722s][debug][gc,phases      ] GC(97)     Total                          Min: 0, Avg:  1.0, Max: 4, Diff: 4, Sum: 4, Workers: 4
[5608.722s][debug][gc,phases      ] GC(97)   JVMTI Tag Weak OopStorage      Min:  0.0, Avg:  0.0, Max:  0.0, Diff:  0.0, Sum:  0.0, Workers: 4
[5608.722s][debug][gc,phases      ] GC(97)     Dead                           Min: 0, Avg:  0.0, Max: 0, Diff: 0, Sum: 0, Workers: 4
[5608.722s][debug][gc,phases      ] GC(97)     Total                          Min: 0, Avg:  0.0, Max: 0, Diff: 0, Sum: 0, Workers: 4
[5608.722s][debug][gc,phases      ] GC(97)   StringTable Weak               Min:  0.0, Avg:  0.1, Max:  0.1, Diff:  0.1, Sum:  0.3, Workers: 4
[5608.722s][debug][gc,phases      ] GC(97)     Dead                           Min: 0, Avg:  0.0, Max: 0, Diff: 0, Sum: 0, Workers: 4
[5608.722s][debug][gc,phases      ] GC(97)     Total                          Min: 0, Avg: 11397.5, Max: 20095, Diff: 20095, Sum: 45590, Workers: 4
[5608.722s][debug][gc,phases      ] GC(97)   ResolvedMethodTable Weak       Min:  0.0, Avg:  0.0, Max:  0.0, Diff:  0.0, Sum:  0.1, Workers: 4
[5608.722s][debug][gc,phases      ] GC(97)     Dead                           Min: 0, Avg:  0.2, Max: 1, Diff: 1, Sum: 1, Workers: 4
[5608.722s][debug][gc,phases      ] GC(97)     Total                          Min: 0, Avg: 3096.2, Max: 5350, Diff: 5350, Sum: 12385, Workers: 4
[5608.722s][debug][gc,phases      ] GC(97)   JNI Weak                       Min:  0.0, Avg:  0.0, Max:  0.0, Diff:  0.0, Sum:  0.0, Workers: 4
[5608.722s][debug][gc,phases      ] GC(97)     Dead                           Min: 0, Avg:  0.0, Max: 0, Diff: 0, Sum: 0, Workers: 4
[5608.722s][debug][gc,phases      ] GC(97)     Total                          Min: 0, Avg: 12.0, Max: 48, Diff: 48, Sum: 48, Workers: 4
[5608.722s][debug][gc,phases      ] GC(97)   StringDedup Table Weak         Min:  0.0, Avg:  0.0, Max:  0.0, Diff:  0.0, Sum:  0.0, Workers: 4
[5608.722s][debug][gc,phases      ] GC(97)     Dead                           Min: 0, Avg:  0.0, Max: 0, Diff: 0, Sum: 0, Workers: 4
[5608.722s][debug][gc,phases      ] GC(97)     Total                          Min: 0, Avg:  0.0, Max: 0, Diff: 0, Sum: 0, Workers: 4
[5608.722s][debug][gc,phases      ] GC(97)   StringDedup Requests0 Weak     Min:  0.0, Avg:  0.0, Max:  0.0, Diff:  0.0, Sum:  0.0, Workers: 4
[5608.722s][debug][gc,phases      ] GC(97)     Dead                           Min: 0, Avg:  0.0, Max: 0, Diff: 0, Sum: 0, Workers: 4
[5608.722s][debug][gc,phases      ] GC(97)     Total                          Min: 0, Avg:  0.0, Max: 0, Diff: 0, Sum: 0, Workers: 4
[5608.722s][debug][gc,phases      ] GC(97)   StringDedup Requests1 Weak     Min:  0.0, Avg:  0.0, Max:  0.0, Diff:  0.0, Sum:  0.0, Workers: 4
[5608.722s][debug][gc,phases      ] GC(97)     Dead                           Min: 0, Avg:  0.0, Max: 0, Diff: 0, Sum: 0, Workers: 4
[5608.722s][debug][gc,phases      ] GC(97)     Total                          Min: 0, Avg:  0.0, Max: 0, Diff: 0, Sum: 0, Workers: 4
[5608.722s][debug][gc,phases      ] GC(97)   Weak JFR Old Object Samples    Min:  0.0, Avg:  0.0, Max:  0.0, Diff:  0.0, Sum:  0.0, Workers: 4
[5608.722s][debug][gc,phases      ] GC(97)     Dead                           Min: 0, Avg:  0.0, Max: 0, Diff: 0, Sum: 0, Workers: 4
[5608.722s][debug][gc,phases      ] GC(97)     Total                          Min: 0, Avg:  0.0, Max: 0, Diff: 0, Sum: 0, Workers: 4
[5608.722s][debug][gc,phases      ] GC(97) Weak Processing 0.321ms
[5608.722s][debug][gc,age         ] GC(97) Desired survivor size 61865984 bytes, new threshold 15 (max threshold 15)
[5608.722s][info ][gc,heap        ] GC(97) PSYoungGen: 2018806K(2018816K)->37366K(2036224K) Eden: 1979392K(1979392K)->0K(1976320K) From: 39414K(39424K)->37366K(59904K)
[5608.722s][info ][gc,heap        ] GC(97) ParOldGen: 388118K(449536K)->388134K(449536K)
[5608.722s][info ][gc,metaspace   ] GC(97) Metaspace: 90785K(91968K)->90785K(91968K) NonClass: 77971K(78656K)->77971K(78656K) Class: 12814K(13312K)->12814K(13312K)
[5608.722s][info ][gc             ] GC(97) Pause Young (Allocation Failure) 2350M->415M(2427M) 12.466ms
[5608.722s][info ][gc,cpu         ] GC(97) User=0.03s Sys=0.00s Real=0.02s
[5608.722s][info ][safepoint      ] Safepoint "ParallelGCFailedAllocation", Time since last: 242175936 ns, Reaching safepoint: 8401 ns, Cleanup: 5000 ns, At safepoint: 12555795 ns, Total: 12569196 ns
[5627.724s][info ][safepoint      ] Safepoint "Cleanup", Time since last: 19001169271 ns, Reaching safepoint: 8000 ns, Cleanup: 9000 ns, At safepoint: 2200 ns, Total: 19200 ns
[5638.724s][info ][safepoint      ] Safepoint "Cleanup", Time since last: 11000703126 ns, Reaching safepoint: 6800 ns, Cleanup: 6900 ns, At safepoint: 1800 ns, Total: 15500 ns
[5653.481s][info ][safepoint      ] Safepoint "Cleanup", Time since last: 14756783390 ns, Reaching safepoint: 7200 ns, Cleanup: 13500 ns, At safepoint: 1900 ns, Total: 22600 ns
[5654.481s][info ][safepoint      ] Safepoint "Cleanup", Time since last: 1000102488 ns, Reaching safepoint: 75601 ns, Cleanup: 8100 ns, At safepoint: 4300 ns, Total: 88001 ns
[5655.481s][info ][safepoint      ] Safepoint "Cleanup", Time since last: 1000100787 ns, Reaching safepoint: 6600 ns, Cleanup: 14000 ns, At safepoint: 1900 ns, Total: 22500 ns
[5666.507s][info ][gc,start       ] GC(98) Pause Young (Allocation Failure)
[5666.527s][debug][gc,phases      ] GC(98) Scavenge 19.716ms
[5666.527s][debug][gc,ref         ] GC(98) ReferenceProcessor::execute queues: 1, RefProcThreadModel::Single, marks_oops_alive: false
[5666.527s][debug][gc,ref         ] GC(98) Skipped KeepAliveFinalRefsPhase of Reference Processing: no references
[5666.527s][debug][gc,ref         ] GC(98) ReferenceProcessor::execute queues: 1, RefProcThreadModel::Single, marks_oops_alive: false
[5666.527s][debug][gc,phases      ] GC(98) Reference Processing 0.092ms
[5666.528s][debug][gc,phases      ] GC(98)   VM Weak                        Min:  0.0, Avg:  0.0, Max:  0.0, Diff:  0.0, Sum:  0.0, Workers: 4
[5666.528s][debug][gc,phases      ] GC(98)     Dead                           Min: 0, Avg:  0.0, Max: 0, Diff: 0, Sum: 0, Workers: 4
[5666.528s][debug][gc,phases      ] GC(98)     Total                          Min: 0, Avg: 234.5, Max: 896, Diff: 896, Sum: 938, Workers: 4
[5666.528s][debug][gc,phases      ] GC(98)   ObjectSynchronizer Weak        Min:  0.0, Avg:  0.0, Max:  0.0, Diff:  0.0, Sum:  0.0, Workers: 4
[5666.528s][debug][gc,phases      ] GC(98)     Dead                           Min: 0, Avg:  0.0, Max: 0, Diff: 0, Sum: 0, Workers: 4
[5666.528s][debug][gc,phases      ] GC(98)     Total                          Min: 0, Avg:  1.0, Max: 4, Diff: 4, Sum: 4, Workers: 4
[5666.528s][debug][gc,phases      ] GC(98)   JVMTI Tag Weak OopStorage      Min:  0.0, Avg:  0.0, Max:  0.0, Diff:  0.0, Sum:  0.0, Workers: 4
[5666.528s][debug][gc,phases      ] GC(98)     Dead                           Min: 0, Avg:  0.0, Max: 0, Diff: 0, Sum: 0, Workers: 4
[5666.528s][debug][gc,phases      ] GC(98)     Total                          Min: 0, Avg:  0.0, Max: 0, Diff: 0, Sum: 0, Workers: 4
[5666.528s][debug][gc,phases      ] GC(98)   StringTable Weak               Min:  0.0, Avg:  0.1, Max:  0.1, Diff:  0.1, Sum:  0.3, Workers: 4
[5666.528s][debug][gc,phases      ] GC(98)     Dead                           Min: 0, Avg:  0.0, Max: 0, Diff: 0, Sum: 0, Workers: 4
[5666.528s][debug][gc,phases      ] GC(98)     Total                          Min: 0, Avg: 11397.8, Max: 20095, Diff: 20095, Sum: 45591, Workers: 4
[5666.528s][debug][gc,phases      ] GC(98)   ResolvedMethodTable Weak       Min:  0.0, Avg:  0.0, Max:  0.0, Diff:  0.0, Sum:  0.1, Workers: 4
[5666.528s][debug][gc,phases      ] GC(98)     Dead                           Min: 0, Avg:  0.0, Max: 0, Diff: 0, Sum: 0, Workers: 4
[5666.528s][debug][gc,phases      ] GC(98)     Total                          Min: 0, Avg: 3096.2, Max: 5374, Diff: 5374, Sum: 12385, Workers: 4
[5666.528s][debug][gc,phases      ] GC(98)   JNI Weak                       Min:  0.0, Avg:  0.0, Max:  0.0, Diff:  0.0, Sum:  0.0, Workers: 4
[5666.528s][debug][gc,phases      ] GC(98)     Dead                           Min: 0, Avg:  0.0, Max: 0, Diff: 0, Sum: 0, Workers: 4
[5666.528s][debug][gc,phases      ] GC(98)     Total                          Min: 0, Avg: 12.0, Max: 48, Diff: 48, Sum: 48, Workers: 4
[5666.528s][debug][gc,phases      ] GC(98)   StringDedup Table Weak         Min:  0.0, Avg:  0.0, Max:  0.0, Diff:  0.0, Sum:  0.0, Workers: 4
[5666.528s][debug][gc,phases      ] GC(98)     Dead                           Min: 0, Avg:  0.0, Max: 0, Diff: 0, Sum: 0, Workers: 4
[5666.528s][debug][gc,phases      ] GC(98)     Total                          Min: 0, Avg:  0.0, Max: 0, Diff: 0, Sum: 0, Workers: 4
[5666.528s][debug][gc,phases      ] GC(98)   StringDedup Requests0 Weak     Min:  0.0, Avg:  0.0, Max:  0.0, Diff:  0.0, Sum:  0.0, Workers: 4
[5666.528s][debug][gc,phases      ] GC(98)     Dead                           Min: 0, Avg:  0.0, Max: 0, Diff: 0, Sum: 0, Workers: 4
[5666.528s][debug][gc,phases      ] GC(98)     Total                          Min: 0, Avg:  0.0, Max: 0, Diff: 0, Sum: 0, Workers: 4
[5666.528s][debug][gc,phases      ] GC(98)   StringDedup Requests1 Weak     Min:  0.0, Avg:  0.0, Max:  0.0, Diff:  0.0, Sum:  0.0, Workers: 4
[5666.528s][debug][gc,phases      ] GC(98)     Dead                           Min: 0, Avg:  0.0, Max: 0, Diff: 0, Sum: 0, Workers: 4
[5666.528s][debug][gc,phases      ] GC(98)     Total                          Min: 0, Avg:  0.0, Max: 0, Diff: 0, Sum: 0, Workers: 4
[5666.528s][debug][gc,phases      ] GC(98)   Weak JFR Old Object Samples    Min:  0.0, Avg:  0.0, Max:  0.0, Diff:  0.0, Sum:  0.0, Workers: 4
[5666.528s][debug][gc,phases      ] GC(98)     Dead                           Min: 0, Avg:  0.0, Max: 0, Diff: 0, Sum: 0, Workers: 4
[5666.528s][debug][gc,phases      ] GC(98)     Total                          Min: 0, Avg:  0.0, Max: 0, Diff: 0, Sum: 0, Workers: 4
[5666.528s][debug][gc,phases      ] GC(98) Weak Processing 0.343ms
[5666.528s][debug][gc,age         ] GC(98) Desired survivor size 72876032 bytes, new threshold 14 (max threshold 15)
[5666.528s][info ][gc,heap        ] GC(98) PSYoungGen: 2013686K(2036224K)->60390K(2036736K) Eden: 1976320K(1976320K)->0K(1976320K) From: 37366K(59904K)->60390K(60416K)
[5666.528s][info ][gc,heap        ] GC(98) ParOldGen: 388134K(449536K)->395578K(449536K)
[5666.528s][info ][gc,metaspace   ] GC(98) Metaspace: 90816K(91968K)->90816K(91968K) NonClass: 78002K(78656K)->78002K(78656K) Class: 12814K(13312K)->12814K(13312K)
[5666.528s][info ][gc             ] GC(98) Pause Young (Allocation Failure) 2345M->445M(2428M) 20.272ms
[5666.528s][info ][gc,cpu         ] GC(98) User=0.08s Sys=0.00s Real=0.02s
[5666.528s][info ][safepoint      ] Safepoint "ParallelGCFailedAllocation", Time since last: 11025955949 ns, Reaching safepoint: 7200 ns, Cleanup: 3300 ns, At safepoint: 20352369 ns, Total: 20362869 ns
[5669.528s][info ][safepoint      ] Safepoint "Cleanup", Time since last: 3000215043 ns, Reaching safepoint: 7400 ns, Cleanup: 9100 ns, At safepoint: 1600 ns, Total: 18100 ns
[5674.528s][info ][safepoint      ] Safepoint "Cleanup", Time since last: 5000320117 ns, Reaching safepoint: 8100 ns, Cleanup: 7700 ns, At safepoint: 1700 ns, Total: 17500 ns
[5679.529s][info ][safepoint      ] Safepoint "Cleanup", Time since last: 5000348464 ns, Reaching safepoint: 8100 ns, Cleanup: 8901 ns, At safepoint: 1800 ns, Total: 18801 ns
[5680.529s][info ][safepoint      ] Safepoint "Cleanup", Time since last: 1000107013 ns, Reaching safepoint: 7800 ns, Cleanup: 7200 ns, At safepoint: 1700 ns, Total: 16700 ns
[5717.496s][info ][safepoint      ] Safepoint "Cleanup", Time since last: 36966889481 ns, Reaching safepoint: 7600 ns, Cleanup: 11900 ns, At safepoint: 1700 ns, Total: 21200 ns
[5789.461s][info ][safepoint      ] Safepoint "JFRCheckpoint", Time since last: 71965398660 ns, Reaching safepoint: 110801 ns, Cleanup: 57300 ns, At safepoint: 27201 ns, Total: 195302 ns
[5789.465s][info ][gc,heap,exit   ] Heap
[5789.465s][info ][gc,heap,exit   ]  PSYoungGen      total 2036736K, used 581059K [0x0000000780000000, 0x0000000800000000, 0x0000000800000000)
[5789.465s][info ][gc,heap,exit   ]   eden space 1976320K, 26% used [0x0000000780000000,0x000000079fc77358,0x00000007f8a00000)
[5789.465s][info ][gc,heap,exit   ]   from space 60416K, 99% used [0x00000007f8a00000,0x00000007fc4f9b80,0x00000007fc500000)
[5789.465s][info ][gc,heap,exit   ]   to   space 60416K, 0% used [0x00000007fc500000,0x00000007fc500000,0x0000000800000000)
[5789.465s][info ][gc,heap,exit   ]  ParOldGen       total 449536K, used 395578K [0x00000006c0000000, 0x00000006db700000, 0x0000000780000000)
[5789.465s][info ][gc,heap,exit   ]   object space 449536K, 87% used [0x00000006c0000000,0x00000006d824e9c0,0x00000006db700000)
[5789.465s][info ][gc,heap,exit   ]  Metaspace       used 90867K, committed 92096K, reserved 1179648K
[5789.465s][info ][gc,heap,exit   ]   class space    used 12823K, committed 13376K, reserved 1048576K
