[0.003s][info][gc,init] CardTable entry size: 512
[0.003s][info][gc     ] Using Parallel
[0.004s][info][gc,init] Version: 21.0.3+9-LTS (release)
[0.004s][info][gc,init] CPUs: 4 total, 4 available
[0.004s][info][gc,init] Memory: 15991M
[0.004s][info][gc,init] Large Page Support: Disabled
[0.004s][info][gc,init] NUMA Support: Disabled
[0.004s][info][gc,init] Compressed Oops: Enabled (Zero based)
[0.004s][info][gc,init] Alignments: Space 512K, Generation 512K, Heap 2M
[0.004s][info][gc,init] Heap Min Capacity: 2054M
[0.004s][info][gc,init] Heap Initial Capacity: 2054M
[0.004s][info][gc,init] Heap Max Capacity: 5G
[0.004s][info][gc,init] Pre-touch: Disabled
[0.004s][info][gc,init] Parallel Workers: 4
[0.010s][info][gc,metaspace] CDS archive(s) mapped at: [0x00007f0574000000-0x00007f0574caa000-0x00007f0574caa000), size 13279232, SharedBaseAddress: 0x00007f0574000000, ArchiveRelocationMode: 1.
[0.010s][info][gc,metaspace] Compressed class space mapped at: 0x00007f0575000000-0x00007f05b5000000, reserved size: 1073741824
[0.010s][info][gc,metaspace] Narrow klass base: 0x00007f0574000000, Narrow klass shift: 0, Narrow klass range: 0x100000000
[0.294s][info][safepoint   ] Safepoint "ICBufferFull", Time since last: 277981090 ns, Reaching safepoint: 3100 ns, Cleanup: 102404 ns, At safepoint: 7700 ns, Total: 113204 ns
[0.509s][info][safepoint   ] Safepoint "RedefineClasses", Time since last: 205895870 ns, Reaching safepoint: 4300 ns, Cleanup: 145305 ns, At safepoint: 9177147 ns, Total: 9326752 ns
[0.617s][info][safepoint   ] Safepoint "JFRCheckpoint", Time since last: 107264647 ns, Reaching safepoint: 80603 ns, Cleanup: 61603 ns, At safepoint: 11900 ns, Total: 154106 ns
[1.085s][info][safepoint   ] Safepoint "ICBufferFull", Time since last: 468320973 ns, Reaching safepoint: 2700 ns, Cleanup: 104904 ns, At safepoint: 6000 ns, Total: 113604 ns
[1.316s][info][safepoint   ] Safepoint "ICBufferFull", Time since last: 230702006 ns, Reaching safepoint: 4100 ns, Cleanup: 118304 ns, At safepoint: 7701 ns, Total: 130105 ns
[1.713s][info][safepoint   ] Safepoint "ICBufferFull", Time since last: 396565264 ns, Reaching safepoint: 3801 ns, Cleanup: 132605 ns, At safepoint: 4500 ns, Total: 140906 ns
[1.722s][info][gc,start    ] GC(0) Pause Young (Metadata GC Threshold)
[1.742s][debug][gc,phases   ] GC(0) Scavenge 19.753ms
[1.742s][debug][gc,ref      ] GC(0) ReferenceProcessor::execute queues: 2, RefProcThreadModel::Multi, marks_oops_alive: false
[1.742s][debug][gc,ref      ] GC(0) ReferenceProcessor::execute queues: 4, RefProcThreadModel::Multi, marks_oops_alive: true
[1.742s][debug][gc,ref      ] GC(0) ReferenceProcessor::execute queues: 1, RefProcThreadModel::Single, marks_oops_alive: false
[1.743s][debug][gc,phases   ] GC(0) Reference Processing 0.352ms
[1.743s][debug][gc,phases   ] GC(0)   VM Weak                        Min:  0.0, Avg:  0.0, Max:  0.0, Diff:  0.0, Sum:  0.0, Workers: 4
[1.743s][debug][gc,phases   ] GC(0)     Dead                           Min: 0, Avg:  0.0, Max: 0, Diff: 0, Sum: 0, Workers: 4
[1.743s][debug][gc,phases   ] GC(0)     Total                          Min: 0, Avg: 63.0, Max: 192, Diff: 192, Sum: 252, Workers: 4
[1.743s][debug][gc,phases   ] GC(0)   ObjectSynchronizer Weak        Min:  0.0, Avg:  0.0, Max:  0.0, Diff:  0.0, Sum:  0.0, Workers: 4
[1.743s][debug][gc,phases   ] GC(0)     Dead                           Min: 0, Avg:  0.0, Max: 0, Diff: 0, Sum: 0, Workers: 4
[1.743s][debug][gc,phases   ] GC(0)     Total                          Min: 0, Avg:  1.5, Max: 6, Diff: 6, Sum: 6, Workers: 4
[1.743s][debug][gc,phases   ] GC(0)   JVMTI Tag Weak OopStorage      Min:  0.0, Avg:  0.0, Max:  0.0, Diff:  0.0, Sum:  0.0, Workers: 4
[1.743s][debug][gc,phases   ] GC(0)     Dead                           Min: 0, Avg:  0.0, Max: 0, Diff: 0, Sum: 0, Workers: 4
[1.743s][debug][gc,phases   ] GC(0)     Total                          Min: 0, Avg:  0.0, Max: 0, Diff: 0, Sum: 0, Workers: 4
[1.743s][debug][gc,phases   ] GC(0)   StringTable Weak               Min:  0.0, Avg:  0.1, Max:  0.1, Diff:  0.1, Sum:  0.3, Workers: 4
[1.743s][debug][gc,phases   ] GC(0)     Dead                           Min: 0, Avg:  7.2, Max: 18, Diff: 18, Sum: 29, Workers: 4
[1.743s][debug][gc,phases   ] GC(0)     Total                          Min: 0, Avg: 1882.8, Max: 3371, Diff: 3371, Sum: 7531, Workers: 4
[1.743s][debug][gc,phases   ] GC(0)   ResolvedMethodTable Weak       Min:  0.0, Avg:  0.0, Max:  0.0, Diff:  0.0, Sum:  0.1, Workers: 4
[1.743s][debug][gc,phases   ] GC(0)     Dead                           Min: 0, Avg: 84.8, Max: 203, Diff: 203, Sum: 339, Workers: 4
[1.743s][debug][gc,phases   ] GC(0)     Total                          Min: 0, Avg: 458.8, Max: 768, Diff: 768, Sum: 1835, Workers: 4
[1.743s][debug][gc,phases   ] GC(0)   JNI Weak                       Min:  0.0, Avg:  0.0, Max:  0.0, Diff:  0.0, Sum:  0.0, Workers: 4
[1.743s][debug][gc,phases   ] GC(0)     Dead                           Min: 0, Avg:  0.0, Max: 0, Diff: 0, Sum: 0, Workers: 4
[1.743s][debug][gc,phases   ] GC(0)     Total                          Min: 0, Avg: 12.0, Max: 48, Diff: 48, Sum: 48, Workers: 4
[1.743s][debug][gc,phases   ] GC(0)   StringDedup Table Weak         Min:  0.0, Avg:  0.0, Max:  0.0, Diff:  0.0, Sum:  0.0, Workers: 4
[1.743s][debug][gc,phases   ] GC(0)     Dead                           Min: 0, Avg:  0.0, Max: 0, Diff: 0, Sum: 0, Workers: 4
[1.743s][debug][gc,phases   ] GC(0)     Total                          Min: 0, Avg:  0.0, Max: 0, Diff: 0, Sum: 0, Workers: 4
[1.743s][debug][gc,phases   ] GC(0)   StringDedup Requests0 Weak     Min:  0.0, Avg:  0.0, Max:  0.0, Diff:  0.0, Sum:  0.0, Workers: 4
[1.743s][debug][gc,phases   ] GC(0)     Dead                           Min: 0, Avg:  0.0, Max: 0, Diff: 0, Sum: 0, Workers: 4
[1.743s][debug][gc,phases   ] GC(0)     Total                          Min: 0, Avg:  0.0, Max: 0, Diff: 0, Sum: 0, Workers: 4
[1.743s][debug][gc,phases   ] GC(0)   StringDedup Requests1 Weak     Min:  0.0, Avg:  0.0, Max:  0.0, Diff:  0.0, Sum:  0.0, Workers: 4
[1.743s][debug][gc,phases   ] GC(0)     Dead                           Min: 0, Avg:  0.0, Max: 0, Diff: 0, Sum: 0, Workers: 4
[1.743s][debug][gc,phases   ] GC(0)     Total                          Min: 0, Avg:  0.0, Max: 0, Diff: 0, Sum: 0, Workers: 4
[1.743s][debug][gc,phases   ] GC(0)   Weak JFR Old Object Samples    Min:  0.0, Avg:  0.0, Max:  0.0, Diff:  0.0, Sum:  0.0, Workers: 4
[1.743s][debug][gc,phases   ] GC(0)     Dead                           Min: 0, Avg:  0.0, Max: 0, Diff: 0, Sum: 0, Workers: 4
[1.743s][debug][gc,phases   ] GC(0)     Total                          Min: 0, Avg:  0.0, Max: 0, Diff: 0, Sum: 0, Workers: 4
[1.743s][debug][gc,phases   ] GC(0) Weak Processing 0.303ms
[1.743s][debug][gc,age      ] GC(0) Desired survivor size 536870912 bytes, new threshold 7 (max threshold 15)
[1.743s][info ][gc,heap     ] GC(0) PSYoungGen: 347111K(1572864K)->34767K(1572864K) Eden: 347111K(1048576K)->0K(1048576K) From: 0K(524288K)->34767K(524288K)
[1.743s][info ][gc,heap     ] GC(0) ParOldGen: 1054K(6144K)->1126K(6144K)
[1.743s][info ][gc,metaspace] GC(0) Metaspace: 21087K(21504K)->21087K(21504K) NonClass: 18740K(18944K)->18740K(18944K) Class: 2346K(2560K)->2346K(2560K)
[1.743s][info ][gc          ] GC(0) Pause Young (Metadata GC Threshold) 340M->35M(1542M) 20.752ms
[1.743s][info ][gc,cpu      ] GC(0) User=0.05s Sys=0.02s Real=0.02s
[1.743s][debug][gc,phases   ] GC(1) Pre Compact 0.008ms
[1.743s][info ][gc,start    ] GC(1) Pause Full (Metadata GC Threshold)
[1.743s][info ][gc,phases,start] GC(1) Marking Phase
[1.754s][debug][gc,phases      ] GC(1) Par Mark 11.562ms
[1.755s][debug][gc,ref         ] GC(1) ReferenceProcessor::execute queues: 2, RefProcThreadModel::Multi, marks_oops_alive: false
[1.755s][debug][gc,ref         ] GC(1) ReferenceProcessor::execute queues: 4, RefProcThreadModel::Multi, marks_oops_alive: true
[1.755s][debug][gc,ref         ] GC(1) ReferenceProcessor::execute queues: 1, RefProcThreadModel::Single, marks_oops_alive: false
[1.755s][debug][gc,phases      ] GC(1) Reference Processing 0.510ms
[1.755s][debug][gc,phases      ] GC(1)   VM Weak                        Min:  0.0, Avg:  0.0, Max:  0.0, Diff:  0.0, Sum:  0.0, Workers: 4
[1.755s][debug][gc,phases      ] GC(1)     Dead                           Min: 0, Avg:  0.0, Max: 0, Diff: 0, Sum: 0, Workers: 4
[1.755s][debug][gc,phases      ] GC(1)     Total                          Min: 0, Avg: 63.0, Max: 128, Diff: 128, Sum: 252, Workers: 4
[1.755s][debug][gc,phases      ] GC(1)   ObjectSynchronizer Weak        Min:  0.0, Avg:  0.0, Max:  0.0, Diff:  0.0, Sum:  0.0, Workers: 4
[1.755s][debug][gc,phases      ] GC(1)     Dead                           Min: 0, Avg:  0.0, Max: 0, Diff: 0, Sum: 0, Workers: 4
[1.755s][debug][gc,phases      ] GC(1)     Total                          Min: 0, Avg:  1.5, Max: 6, Diff: 6, Sum: 6, Workers: 4
[1.755s][debug][gc,phases      ] GC(1)   JVMTI Tag Weak OopStorage      Min:  0.0, Avg:  0.0, Max:  0.0, Diff:  0.0, Sum:  0.0, Workers: 4
[1.755s][debug][gc,phases      ] GC(1)     Dead                           Min: 0, Avg:  0.0, Max: 0, Diff: 0, Sum: 0, Workers: 4
[1.755s][debug][gc,phases      ] GC(1)     Total                          Min: 0, Avg:  0.0, Max: 0, Diff: 0, Sum: 0, Workers: 4
[1.755s][debug][gc,phases      ] GC(1)   StringTable Weak               Min:  0.0, Avg:  0.0, Max:  0.0, Diff:  0.0, Sum:  0.1, Workers: 4
[1.755s][debug][gc,phases      ] GC(1)     Dead                           Min: 0, Avg:  0.0, Max: 0, Diff: 0, Sum: 0, Workers: 4
[1.755s][debug][gc,phases      ] GC(1)     Total                          Min: 0, Avg: 1882.8, Max: 2560, Diff: 2560, Sum: 7531, Workers: 4
[1.755s][debug][gc,phases      ] GC(1)   ResolvedMethodTable Weak       Min:  0.0, Avg:  0.0, Max:  0.0, Diff:  0.0, Sum:  0.0, Workers: 4
[1.755s][debug][gc,phases      ] GC(1)     Dead                           Min: 0, Avg:  0.0, Max: 0, Diff: 0, Sum: 0, Workers: 4
[1.755s][debug][gc,phases      ] GC(1)     Total                          Min: 0, Avg: 458.8, Max: 704, Diff: 704, Sum: 1835, Workers: 4
[1.755s][debug][gc,phases      ] GC(1)   JNI Weak                       Min:  0.0, Avg:  0.0, Max:  0.0, Diff:  0.0, Sum:  0.0, Workers: 4
[1.755s][debug][gc,phases      ] GC(1)     Dead                           Min: 0, Avg:  0.0, Max: 0, Diff: 0, Sum: 0, Workers: 4
[1.755s][debug][gc,phases      ] GC(1)     Total                          Min: 0, Avg: 12.0, Max: 48, Diff: 48, Sum: 48, Workers: 4
[1.755s][debug][gc,phases      ] GC(1)   StringDedup Table Weak         Min:  0.0, Avg:  0.0, Max:  0.0, Diff:  0.0, Sum:  0.0, Workers: 4
[1.755s][debug][gc,phases      ] GC(1)     Dead                           Min: 0, Avg:  0.0, Max: 0, Diff: 0, Sum: 0, Workers: 4
[1.755s][debug][gc,phases      ] GC(1)     Total                          Min: 0, Avg:  0.0, Max: 0, Diff: 0, Sum: 0, Workers: 4
[1.755s][debug][gc,phases      ] GC(1)   StringDedup Requests0 Weak     Min:  0.0, Avg:  0.0, Max:  0.0, Diff:  0.0, Sum:  0.0, Workers: 4
[1.755s][debug][gc,phases      ] GC(1)     Dead                           Min: 0, Avg:  0.0, Max: 0, Diff: 0, Sum: 0, Workers: 4
[1.755s][debug][gc,phases      ] GC(1)     Total                          Min: 0, Avg:  0.0, Max: 0, Diff: 0, Sum: 0, Workers: 4
[1.755s][debug][gc,phases      ] GC(1)   StringDedup Requests1 Weak     Min:  0.0, Avg:  0.0, Max:  0.0, Diff:  0.0, Sum:  0.0, Workers: 4
[1.755s][debug][gc,phases      ] GC(1)     Dead                           Min: 0, Avg:  0.0, Max: 0, Diff: 0, Sum: 0, Workers: 4
[1.755s][debug][gc,phases      ] GC(1)     Total                          Min: 0, Avg:  0.0, Max: 0, Diff: 0, Sum: 0, Workers: 4
[1.755s][debug][gc,phases      ] GC(1)   Weak JFR Old Object Samples    Min:  0.0, Avg:  0.0, Max:  0.0, Diff:  0.0, Sum:  0.0, Workers: 4
[1.755s][debug][gc,phases      ] GC(1)     Dead                           Min: 0, Avg:  0.0, Max: 0, Diff: 0, Sum: 0, Workers: 4
[1.755s][debug][gc,phases      ] GC(1)     Total                          Min: 0, Avg:  0.0, Max: 0, Diff: 0, Sum: 0, Workers: 4
[1.755s][debug][gc,phases      ] GC(1) Weak Processing 0.218ms
[1.755s][debug][gc,phases      ] GC(1) ClassLoaderData 0.032ms
[1.755s][debug][gc,phases      ] GC(1) Trigger cleanups 0.000ms
[1.761s][debug][gc,phases      ] GC(1) Class Unloading 6.139ms
[1.761s][debug][gc,phases      ] GC(1) Report Object Count 0.001ms
[1.761s][info ][gc,phases      ] GC(1) Marking Phase 18.517ms
[1.761s][info ][gc,phases,start] GC(1) Summary Phase
[1.761s][info ][gc,phases      ] GC(1) Summary Phase 0.006ms
[1.761s][info ][gc,phases,start] GC(1) Adjust Roots
[1.767s][info ][gc,phases      ] GC(1) Adjust Roots 5.289ms
[1.767s][info ][gc,phases,start] GC(1) Compaction Phase
[1.786s][info ][gc,phases      ] GC(1) Compaction Phase 19.543ms
[1.786s][info ][gc,phases,start] GC(1) Post Compact
[1.788s][info ][gc,phases      ] GC(1) Post Compact 1.733ms
[1.788s][info ][gc,heap        ] GC(1) PSYoungGen: 34767K(1572864K)->29543K(1572864K) Eden: 0K(1048576K)->0K(1048576K) From: 34767K(524288K)->29543K(524288K)
[1.788s][info ][gc,heap        ] GC(1) ParOldGen: 1126K(6144K)->6083K(6144K)
[1.788s][info ][gc,metaspace   ] GC(1) Metaspace: 21087K(21504K)->21087K(21504K) NonClass: 18740K(18944K)->18740K(18944K) Class: 2346K(2560K)->2346K(2560K)
[1.788s][info ][gc             ] GC(1) Pause Full (Metadata GC Threshold) 35M->34M(1542M) 45.249ms
[1.788s][info ][gc,cpu         ] GC(1) User=0.12s Sys=0.01s Real=0.05s
[1.788s][info ][safepoint      ] Safepoint "CollectForMetadataAllocation", Time since last: 9170246 ns, Reaching safepoint: 3500 ns, Cleanup: 8300 ns, At safepoint: 66111395 ns, Total: 66123195 ns
[2.145s][info ][safepoint      ] Safepoint "ICBufferFull", Time since last: 357029173 ns, Reaching safepoint: 4100 ns, Cleanup: 118704 ns, At safepoint: 5101 ns, Total: 127905 ns
[2.280s][info ][safepoint      ] Safepoint "ICBufferFull", Time since last: 134150662 ns, Reaching safepoint: 82203 ns, Cleanup: 106204 ns, At safepoint: 4600 ns, Total: 193007 ns
[2.433s][info ][safepoint      ] Safepoint "ICBufferFull", Time since last: 153437690 ns, Reaching safepoint: 3901 ns, Cleanup: 133705 ns, At safepoint: 1900 ns, Total: 139506 ns
[2.600s][info ][safepoint      ] Safepoint "ICBufferFull", Time since last: 166707491 ns, Reaching safepoint: 4000 ns, Cleanup: 135105 ns, At safepoint: 4300 ns, Total: 143405 ns
[3.114s][info ][safepoint      ] Safepoint "ICBufferFull", Time since last: 513627282 ns, Reaching safepoint: 225609 ns, Cleanup: 148705 ns, At safepoint: 6601 ns, Total: 380915 ns
[3.237s][info ][safepoint      ] Safepoint "ICBufferFull", Time since last: 122702830 ns, Reaching safepoint: 5000 ns, Cleanup: 124005 ns, At safepoint: 2200 ns, Total: 131205 ns
[3.462s][info ][safepoint      ] Safepoint "ICBufferFull", Time since last: 224528373 ns, Reaching safepoint: 81103 ns, Cleanup: 157706 ns, At safepoint: 7800 ns, Total: 246609 ns
[3.580s][info ][safepoint      ] Safepoint "ICBufferFull", Time since last: 118491671 ns, Reaching safepoint: 4801 ns, Cleanup: 108204 ns, At safepoint: 5200 ns, Total: 118205 ns
[3.729s][debug][gc,phases      ] GC(2) Pre Compact 0.021ms
[3.730s][info ][gc,start       ] GC(2) Pause Full (Metadata GC Threshold)
[3.730s][info ][gc,phases,start] GC(2) Marking Phase
[3.786s][debug][gc,phases      ] GC(2) Par Mark 56.713ms
[3.787s][debug][gc,ref         ] GC(2) ReferenceProcessor::execute queues: 4, RefProcThreadModel::Multi, marks_oops_alive: false
[3.787s][debug][gc,ref         ] GC(2) ReferenceProcessor::execute queues: 4, RefProcThreadModel::Multi, marks_oops_alive: true
[3.787s][debug][gc,ref         ] GC(2) ReferenceProcessor::execute queues: 2, RefProcThreadModel::Multi, marks_oops_alive: false
[3.787s][debug][gc,phases      ] GC(2) Reference Processing 0.653ms
[3.787s][debug][gc,phases      ] GC(2)   VM Weak                        Min:  0.0, Avg:  0.0, Max:  0.0, Diff:  0.0, Sum:  0.0, Workers: 4
[3.787s][debug][gc,phases      ] GC(2)     Dead                           Min: 0, Avg:  0.0, Max: 0, Diff: 0, Sum: 0, Workers: 4
[3.787s][debug][gc,phases      ] GC(2)     Total                          Min: 0, Avg: 77.8, Max: 128, Diff: 128, Sum: 311, Workers: 4
[3.787s][debug][gc,phases      ] GC(2)   ObjectSynchronizer Weak        Min:  0.0, Avg:  0.0, Max:  0.0, Diff:  0.0, Sum:  0.0, Workers: 4
[3.787s][debug][gc,phases      ] GC(2)     Dead                           Min: 0, Avg:  0.0, Max: 0, Diff: 0, Sum: 0, Workers: 4
[3.787s][debug][gc,phases      ] GC(2)     Total                          Min: 0, Avg:  1.8, Max: 7, Diff: 7, Sum: 7, Workers: 4
[3.787s][debug][gc,phases      ] GC(2)   JVMTI Tag Weak OopStorage      Min:  0.0, Avg:  0.0, Max:  0.0, Diff:  0.0, Sum:  0.0, Workers: 4
[3.787s][debug][gc,phases      ] GC(2)     Dead                           Min: 0, Avg:  0.0, Max: 0, Diff: 0, Sum: 0, Workers: 4
[3.787s][debug][gc,phases      ] GC(2)     Total                          Min: 0, Avg:  0.0, Max: 0, Diff: 0, Sum: 0, Workers: 4
[3.787s][debug][gc,phases      ] GC(2)   StringTable Weak               Min:  0.1, Avg:  0.1, Max:  0.1, Diff:  0.0, Sum:  0.3, Workers: 4
[3.787s][debug][gc,phases      ] GC(2)     Dead                           Min: 1, Avg:  2.2, Max: 5, Diff: 4, Sum: 9, Workers: 4
[3.787s][debug][gc,phases      ] GC(2)     Total                          Min: 2624, Avg: 3432.8, Max: 3712, Diff: 1088, Sum: 13731, Workers: 4
[3.787s][debug][gc,phases      ] GC(2)   ResolvedMethodTable Weak       Min:  0.0, Avg:  0.0, Max:  0.0, Diff:  0.0, Sum:  0.1, Workers: 4
[3.787s][debug][gc,phases      ] GC(2)     Dead                           Min: 183, Avg: 223.2, Max: 333, Diff: 150, Sum: 893, Workers: 4
[3.787s][debug][gc,phases      ] GC(2)     Total                          Min: 800, Avg: 872.0, Max: 960, Diff: 160, Sum: 3488, Workers: 4
[3.787s][debug][gc,phases      ] GC(2)   JNI Weak                       Min:  0.0, Avg:  0.0, Max:  0.0, Diff:  0.0, Sum:  0.0, Workers: 4
[3.787s][debug][gc,phases      ] GC(2)     Dead                           Min: 0, Avg:  0.0, Max: 0, Diff: 0, Sum: 0, Workers: 4
[3.787s][debug][gc,phases      ] GC(2)     Total                          Min: 0, Avg: 12.0, Max: 48, Diff: 48, Sum: 48, Workers: 4
[3.787s][debug][gc,phases      ] GC(2)   StringDedup Table Weak         Min:  0.0, Avg:  0.0, Max:  0.0, Diff:  0.0, Sum:  0.0, Workers: 4
[3.787s][debug][gc,phases      ] GC(2)     Dead                           Min: 0, Avg:  0.0, Max: 0, Diff: 0, Sum: 0, Workers: 4
[3.787s][debug][gc,phases      ] GC(2)     Total                          Min: 0, Avg:  0.0, Max: 0, Diff: 0, Sum: 0, Workers: 4
[3.787s][debug][gc,phases      ] GC(2)   StringDedup Requests0 Weak     Min:  0.0, Avg:  0.0, Max:  0.0, Diff:  0.0, Sum:  0.0, Workers: 4
[3.787s][debug][gc,phases      ] GC(2)     Dead                           Min: 0, Avg:  0.0, Max: 0, Diff: 0, Sum: 0, Workers: 4
[3.787s][debug][gc,phases      ] GC(2)     Total                          Min: 0, Avg:  0.0, Max: 0, Diff: 0, Sum: 0, Workers: 4
[3.787s][debug][gc,phases      ] GC(2)   StringDedup Requests1 Weak     Min:  0.0, Avg:  0.0, Max:  0.0, Diff:  0.0, Sum:  0.0, Workers: 4
[3.787s][debug][gc,phases      ] GC(2)     Dead                           Min: 0, Avg:  0.0, Max: 0, Diff: 0, Sum: 0, Workers: 4
[3.787s][debug][gc,phases      ] GC(2)     Total                          Min: 0, Avg:  0.0, Max: 0, Diff: 0, Sum: 0, Workers: 4
[3.787s][debug][gc,phases      ] GC(2)   Weak JFR Old Object Samples    Min:  0.0, Avg:  0.0, Max:  0.0, Diff:  0.0, Sum:  0.0, Workers: 4
[3.787s][debug][gc,phases      ] GC(2)     Dead                           Min: 0, Avg:  0.0, Max: 0, Diff: 0, Sum: 0, Workers: 4
[3.787s][debug][gc,phases      ] GC(2)     Total                          Min: 0, Avg:  0.0, Max: 0, Diff: 0, Sum: 0, Workers: 4
[3.787s][debug][gc,phases      ] GC(2) Weak Processing 0.274ms
[3.787s][debug][gc,phases      ] GC(2) ClassLoaderData 0.043ms
[3.787s][debug][gc,phases      ] GC(2) Trigger cleanups 0.000ms
[3.797s][debug][gc,phases      ] GC(2) Class Unloading 9.614ms
[3.797s][debug][gc,phases      ] GC(2) Report Object Count 0.001ms
[3.797s][info ][gc,phases      ] GC(2) Marking Phase 67.337ms
[3.797s][info ][gc,phases,start] GC(2) Summary Phase
[3.797s][info ][gc,phases      ] GC(2) Summary Phase 0.016ms
[3.797s][info ][gc,phases,start] GC(2) Adjust Roots
[3.803s][info ][gc,phases      ] GC(2) Adjust Roots 6.364ms
[3.803s][info ][gc,phases,start] GC(2) Compaction Phase
[3.895s][info ][gc,phases      ] GC(2) Compaction Phase 91.803ms
[3.895s][info ][gc,phases,start] GC(2) Post Compact
[3.902s][info ][gc,phases      ] GC(2) Post Compact 6.727ms
[3.902s][info ][gc,heap        ] GC(2) PSYoungGen: 658700K(1572864K)->77045K(1572864K) Eden: 629157K(1048576K)->77045K(1048576K) From: 29543K(524288K)->0K(524288K)
[3.902s][info ][gc,heap        ] GC(2) ParOldGen: 6083K(6144K)->6116K(6144K)
[3.902s][info ][gc,metaspace   ] GC(2) Metaspace: 35372K(35840K)->35372K(35840K) NonClass: 31080K(31360K)->31080K(31360K) Class: 4292K(4480K)->4292K(4480K)
[3.902s][info ][gc             ] GC(2) Pause Full (Metadata GC Threshold) 649M->81M(1542M) 172.411ms
[3.902s][info ][gc,cpu         ] GC(2) User=0.53s Sys=0.02s Real=0.17s
[3.902s][info ][safepoint      ] Safepoint "CollectForMetadataAllocation", Time since last: 149010523 ns, Reaching safepoint: 3100 ns, Cleanup: 111904 ns, At safepoint: 172890324 ns, Total: 173005328 ns
[4.156s][info ][safepoint      ] Safepoint "ICBufferFull", Time since last: 253761376 ns, Reaching safepoint: 5301 ns, Cleanup: 137705 ns, At safepoint: 7100 ns, Total: 150106 ns
[4.287s][info ][safepoint      ] Safepoint "ICBufferFull", Time since last: 130626629 ns, Reaching safepoint: 4000 ns, Cleanup: 142206 ns, At safepoint: 2400 ns, Total: 148606 ns
[4.671s][info ][safepoint      ] Safepoint "ICBufferFull", Time since last: 383939688 ns, Reaching safepoint: 5000 ns, Cleanup: 145506 ns, At safepoint: 5800 ns, Total: 156306 ns
[5.375s][info ][safepoint      ] Safepoint "ICBufferFull", Time since last: 703390542 ns, Reaching safepoint: 4400 ns, Cleanup: 148406 ns, At safepoint: 6800 ns, Total: 159606 ns
[5.608s][debug][gc,phases      ] GC(3) Pre Compact 0.020ms
[5.608s][info ][gc,start       ] GC(3) Pause Full (Metadata GC Threshold)
[5.608s][info ][gc,phases,start] GC(3) Marking Phase
[5.674s][debug][gc,phases      ] GC(3) Par Mark 65.748ms
[5.674s][debug][gc,ref         ] GC(3) ReferenceProcessor::execute queues: 4, RefProcThreadModel::Multi, marks_oops_alive: false
[5.675s][debug][gc,ref         ] GC(3) ReferenceProcessor::execute queues: 4, RefProcThreadModel::Multi, marks_oops_alive: true
[5.675s][debug][gc,ref         ] GC(3) ReferenceProcessor::execute queues: 4, RefProcThreadModel::Multi, marks_oops_alive: false
[5.675s][debug][gc,phases      ] GC(3) Reference Processing 1.301ms
[5.676s][debug][gc,phases      ] GC(3)   VM Weak                        Min:  0.0, Avg:  0.0, Max:  0.0, Diff:  0.0, Sum:  0.0, Workers: 4
[5.676s][debug][gc,phases      ] GC(3)     Dead                           Min: 0, Avg:  0.0, Max: 0, Diff: 0, Sum: 0, Workers: 4
[5.676s][debug][gc,phases      ] GC(3)     Total                          Min: 0, Avg: 130.0, Max: 320, Diff: 320, Sum: 520, Workers: 4
[5.676s][debug][gc,phases      ] GC(3)   ObjectSynchronizer Weak        Min:  0.0, Avg:  0.0, Max:  0.0, Diff:  0.0, Sum:  0.0, Workers: 4
[5.676s][debug][gc,phases      ] GC(3)     Dead                           Min: 0, Avg:  0.0, Max: 0, Diff: 0, Sum: 0, Workers: 4
[5.676s][debug][gc,phases      ] GC(3)     Total                          Min: 0, Avg:  2.0, Max: 8, Diff: 8, Sum: 8, Workers: 4
[5.676s][debug][gc,phases      ] GC(3)   JVMTI Tag Weak OopStorage      Min:  0.0, Avg:  0.0, Max:  0.0, Diff:  0.0, Sum:  0.0, Workers: 4
[5.676s][debug][gc,phases      ] GC(3)     Dead                           Min: 0, Avg:  0.0, Max: 0, Diff: 0, Sum: 0, Workers: 4
[5.676s][debug][gc,phases      ] GC(3)     Total                          Min: 0, Avg:  0.0, Max: 0, Diff: 0, Sum: 0, Workers: 4
[5.676s][debug][gc,phases      ] GC(3)   StringTable Weak               Min:  0.1, Avg:  0.1, Max:  0.1, Diff:  0.0, Sum:  0.6, Workers: 4
[5.676s][debug][gc,phases      ] GC(3)     Dead                           Min: 1, Avg:  3.8, Max: 7, Diff: 6, Sum: 15, Workers: 4
[5.676s][debug][gc,phases      ] GC(3)     Total                          Min: 7872, Avg: 8714.8, Max: 9408, Diff: 1536, Sum: 34859, Workers: 4
[5.676s][debug][gc,phases      ] GC(3)   ResolvedMethodTable Weak       Min:  0.0, Avg:  0.0, Max:  0.0, Diff:  0.0, Sum:  0.1, Workers: 4
[5.676s][debug][gc,phases      ] GC(3)     Dead                           Min: 563, Avg: 704.0, Max: 790, Diff: 227, Sum: 2816, Workers: 4
[5.676s][debug][gc,phases      ] GC(3)     Total                          Min: 2240, Avg: 2293.8, Max: 2327, Diff: 87, Sum: 9175, Workers: 4
[5.676s][debug][gc,phases      ] GC(3)   JNI Weak                       Min:  0.0, Avg:  0.0, Max:  0.0, Diff:  0.0, Sum:  0.0, Workers: 4
[5.676s][debug][gc,phases      ] GC(3)     Dead                           Min: 0, Avg:  0.0, Max: 0, Diff: 0, Sum: 0, Workers: 4
[5.676s][debug][gc,phases      ] GC(3)     Total                          Min: 0, Avg: 12.2, Max: 49, Diff: 49, Sum: 49, Workers: 4
[5.676s][debug][gc,phases      ] GC(3)   StringDedup Table Weak         Min:  0.0, Avg:  0.0, Max:  0.0, Diff:  0.0, Sum:  0.0, Workers: 4
[5.676s][debug][gc,phases      ] GC(3)     Dead                           Min: 0, Avg:  0.0, Max: 0, Diff: 0, Sum: 0, Workers: 4
[5.676s][debug][gc,phases      ] GC(3)     Total                          Min: 0, Avg:  0.0, Max: 0, Diff: 0, Sum: 0, Workers: 4
[5.676s][debug][gc,phases      ] GC(3)   StringDedup Requests0 Weak     Min:  0.0, Avg:  0.0, Max:  0.0, Diff:  0.0, Sum:  0.0, Workers: 4
[5.676s][debug][gc,phases      ] GC(3)     Dead                           Min: 0, Avg:  0.0, Max: 0, Diff: 0, Sum: 0, Workers: 4
[5.676s][debug][gc,phases      ] GC(3)     Total                          Min: 0, Avg:  0.0, Max: 0, Diff: 0, Sum: 0, Workers: 4
[5.676s][debug][gc,phases      ] GC(3)   StringDedup Requests1 Weak     Min:  0.0, Avg:  0.0, Max:  0.0, Diff:  0.0, Sum:  0.0, Workers: 4
[5.676s][debug][gc,phases      ] GC(3)     Dead                           Min: 0, Avg:  0.0, Max: 0, Diff: 0, Sum: 0, Workers: 4
[5.676s][debug][gc,phases      ] GC(3)     Total                          Min: 0, Avg:  0.0, Max: 0, Diff: 0, Sum: 0, Workers: 4
[5.676s][debug][gc,phases      ] GC(3)   Weak JFR Old Object Samples    Min:  0.0, Avg:  0.0, Max:  0.0, Diff:  0.0, Sum:  0.0, Workers: 4
[5.676s][debug][gc,phases      ] GC(3)     Dead                           Min: 0, Avg:  0.0, Max: 0, Diff: 0, Sum: 0, Workers: 4
[5.676s][debug][gc,phases      ] GC(3)     Total                          Min: 0, Avg:  0.0, Max: 0, Diff: 0, Sum: 0, Workers: 4
[5.676s][debug][gc,phases      ] GC(3) Weak Processing 0.366ms
[5.676s][debug][gc,phases      ] GC(3) ClassLoaderData 0.074ms
[5.676s][debug][gc,phases      ] GC(3) Trigger cleanups 0.000ms
[5.687s][debug][gc,phases      ] GC(3) Class Unloading 10.926ms
[5.687s][debug][gc,phases      ] GC(3) Report Object Count 0.001ms
[5.687s][info ][gc,phases      ] GC(3) Marking Phase 78.426ms
[5.687s][info ][gc,phases,start] GC(3) Summary Phase
[5.687s][info ][gc,phases      ] GC(3) Summary Phase 0.012ms
[5.687s][info ][gc,phases,start] GC(3) Adjust Roots
[5.696s][info ][gc,phases      ] GC(3) Adjust Roots 9.238ms
[5.696s][info ][gc,phases,start] GC(3) Compaction Phase
[5.942s][info ][gc,phases      ] GC(3) Compaction Phase 245.901ms
[5.942s][info ][gc,phases,start] GC(3) Post Compact
[5.944s][info ][gc,phases      ] GC(3) Post Compact 1.968ms
[5.944s][info ][gc,heap        ] GC(3) PSYoungGen: 412725K(1572864K)->113891K(1572864K) Eden: 412725K(1048576K)->113891K(1048576K) From: 0K(524288K)->0K(524288K)
[5.944s][info ][gc,heap        ] GC(3) ParOldGen: 6116K(6144K)->6073K(6144K)
[5.944s][info ][gc,metaspace   ] GC(3) Metaspace: 59066K(59776K)->59066K(59776K) NonClass: 50410K(50816K)->50410K(50816K) Class: 8656K(8960K)->8656K(8960K)
[5.944s][info ][gc             ] GC(3) Pause Full (Metadata GC Threshold) 409M->117M(1542M) 335.695ms
[5.944s][info ][gc,cpu         ] GC(3) User=0.82s Sys=0.01s Real=0.33s
[5.944s][info ][safepoint      ] Safepoint "CollectForMetadataAllocation", Time since last: 233256001 ns, Reaching safepoint: 83803 ns, Cleanup: 148206 ns, At safepoint: 335838071 ns, Total: 336070080 ns
[6.114s][info ][safepoint      ] Safepoint "ICBufferFull", Time since last: 170190622 ns, Reaching safepoint: 4500 ns, Cleanup: 136405 ns, At safepoint: 14301 ns, Total: 155206 ns
[6.215s][info ][safepoint      ] Safepoint "ICBufferFull", Time since last: 100439689 ns, Reaching safepoint: 5100 ns, Cleanup: 124105 ns, At safepoint: 1900 ns, Total: 131105 ns
[6.384s][info ][safepoint      ] Safepoint "ICBufferFull", Time since last: 168908673 ns, Reaching safepoint: 4001 ns, Cleanup: 135305 ns, At safepoint: 2100 ns, Total: 141406 ns
[6.624s][info ][safepoint      ] Safepoint "ICBufferFull", Time since last: 239854450 ns, Reaching safepoint: 3200 ns, Cleanup: 119104 ns, At safepoint: 1900 ns, Total: 124204 ns
[7.008s][info ][safepoint      ] Safepoint "ICBufferFull", Time since last: 384242398 ns, Reaching safepoint: 5401 ns, Cleanup: 156405 ns, At safepoint: 2801 ns, Total: 164607 ns
[7.162s][info ][safepoint      ] Safepoint "ICBufferFull", Time since last: 153426889 ns, Reaching safepoint: 7300 ns, Cleanup: 159506 ns, At safepoint: 2900 ns, Total: 169706 ns
[7.383s][info ][safepoint      ] Safepoint "ICBufferFull", Time since last: 220457618 ns, Reaching safepoint: 86503 ns, Cleanup: 135306 ns, At safepoint: 8200 ns, Total: 230009 ns
[8.104s][info ][safepoint      ] Safepoint "ICBufferFull", Time since last: 721585926 ns, Reaching safepoint: 5500 ns, Cleanup: 149406 ns, At safepoint: 5500 ns, Total: 160406 ns
[8.339s][info ][safepoint      ] Safepoint "ICBufferFull", Time since last: 234035531 ns, Reaching safepoint: 77903 ns, Cleanup: 118804 ns, At safepoint: 10701 ns, Total: 207408 ns
[8.339s][info ][safepoint      ] Safepoint "ICBufferFull", Time since last: 75702 ns, Reaching safepoint: 1700 ns, Cleanup: 1000 ns, At safepoint: 901 ns, Total: 3601 ns
[8.341s][info ][safepoint      ] Safepoint "ICBufferFull", Time since last: 2532495 ns, Reaching safepoint: 75403 ns, Cleanup: 8700 ns, At safepoint: 10701 ns, Total: 94804 ns
[8.344s][info ][safepoint      ] Safepoint "ICBufferFull", Time since last: 2585497 ns, Reaching safepoint: 151806 ns, Cleanup: 12200 ns, At safepoint: 10701 ns, Total: 174707 ns
[9.344s][info ][safepoint      ] Safepoint "Cleanup", Time since last: 1000092835 ns, Reaching safepoint: 79103 ns, Cleanup: 61002 ns, At safepoint: 10700 ns, Total: 150805 ns
[11.189s][info ][safepoint      ] Safepoint "Cleanup", Time since last: 1844320489 ns, Reaching safepoint: 85003 ns, Cleanup: 31401 ns, At safepoint: 12901 ns, Total: 129305 ns
[11.403s][info ][safepoint      ] Safepoint "ParallelGCFailedAllocation", Time since last: 214138079 ns, Reaching safepoint: 6501 ns, Cleanup: 55602 ns, At safepoint: 13800 ns, Total: 75903 ns
[11.406s][debug][gc,phases      ] GC(4) Pre Compact 0.029ms
[11.406s][info ][gc,start       ] GC(4) Pause Full (Ergonomics)
[11.407s][info ][gc,phases,start] GC(4) Marking Phase
[11.564s][debug][gc,phases      ] GC(4) Par Mark 157.086ms
[11.565s][debug][gc,ref         ] GC(4) ReferenceProcessor::execute queues: 4, RefProcThreadModel::Multi, marks_oops_alive: false
[11.565s][debug][gc,ref         ] GC(4) Skipped KeepAliveFinalRefsPhase of Reference Processing: no references
[11.566s][debug][gc,ref         ] GC(4) ReferenceProcessor::execute queues: 3, RefProcThreadModel::Multi, marks_oops_alive: false
[11.566s][debug][gc,phases      ] GC(4) Reference Processing 2.085ms
[11.566s][debug][gc,phases      ] GC(4)   VM Weak                        Min:  0.0, Avg:  0.0, Max:  0.0, Diff:  0.0, Sum:  0.0, Workers: 4
[11.566s][debug][gc,phases      ] GC(4)     Dead                           Min: 0, Avg:  0.0, Max: 0, Diff: 0, Sum: 0, Workers: 4
[11.566s][debug][gc,phases      ] GC(4)     Total                          Min: 0, Avg: 160.8, Max: 515, Diff: 515, Sum: 643, Workers: 4
[11.566s][debug][gc,phases      ] GC(4)   ObjectSynchronizer Weak        Min:  0.0, Avg:  0.0, Max:  0.0, Diff:  0.0, Sum:  0.0, Workers: 4
[11.566s][debug][gc,phases      ] GC(4)     Dead                           Min: 0, Avg:  0.2, Max: 1, Diff: 1, Sum: 1, Workers: 4
[11.566s][debug][gc,phases      ] GC(4)     Total                          Min: 0, Avg:  7.8, Max: 31, Diff: 31, Sum: 31, Workers: 4
[11.566s][debug][gc,phases      ] GC(4)   JVMTI Tag Weak OopStorage      Min:  0.0, Avg:  0.0, Max:  0.0, Diff:  0.0, Sum:  0.0, Workers: 4
[11.566s][debug][gc,phases      ] GC(4)     Dead                           Min: 0, Avg:  0.0, Max: 0, Diff: 0, Sum: 0, Workers: 4
[11.566s][debug][gc,phases      ] GC(4)     Total                          Min: 0, Avg:  0.0, Max: 0, Diff: 0, Sum: 0, Workers: 4
[11.566s][debug][gc,phases      ] GC(4)   StringTable Weak               Min:  0.2, Avg:  0.2, Max:  0.2, Diff:  0.0, Sum:  0.7, Workers: 4
[11.566s][debug][gc,phases      ] GC(4)     Dead                           Min: 1, Avg:  4.8, Max: 8, Diff: 7, Sum: 19, Workers: 4
[11.566s][debug][gc,phases      ] GC(4)     Total                          Min: 9408, Avg: 10008.2, Max: 10368, Diff: 960, Sum: 40033, Workers: 4
[11.566s][debug][gc,phases      ] GC(4)   ResolvedMethodTable Weak       Min:  0.0, Avg:  0.0, Max:  0.0, Diff:  0.0, Sum:  0.2, Workers: 4
[11.566s][debug][gc,phases      ] GC(4)     Dead                           Min: 310, Avg: 388.0, Max: 419, Diff: 109, Sum: 1552, Workers: 4
[11.566s][debug][gc,phases      ] GC(4)     Total                          Min: 2503, Avg: 2577.8, Max: 2624, Diff: 121, Sum: 10311, Workers: 4
[11.566s][debug][gc,phases      ] GC(4)   JNI Weak                       Min:  0.0, Avg:  0.0, Max:  0.0, Diff:  0.0, Sum:  0.0, Workers: 4
[11.566s][debug][gc,phases      ] GC(4)     Dead                           Min: 0, Avg:  0.0, Max: 0, Diff: 0, Sum: 0, Workers: 4
[11.566s][debug][gc,phases      ] GC(4)     Total                          Min: 0, Avg: 13.2, Max: 48, Diff: 48, Sum: 53, Workers: 4
[11.566s][debug][gc,phases      ] GC(4)   StringDedup Table Weak         Min:  0.0, Avg:  0.0, Max:  0.0, Diff:  0.0, Sum:  0.0, Workers: 4
[11.566s][debug][gc,phases      ] GC(4)     Dead                           Min: 0, Avg:  0.0, Max: 0, Diff: 0, Sum: 0, Workers: 4
[11.566s][debug][gc,phases      ] GC(4)     Total                          Min: 0, Avg:  0.0, Max: 0, Diff: 0, Sum: 0, Workers: 4
[11.566s][debug][gc,phases      ] GC(4)   StringDedup Requests0 Weak     Min:  0.0, Avg:  0.0, Max:  0.0, Diff:  0.0, Sum:  0.0, Workers: 4
[11.566s][debug][gc,phases      ] GC(4)     Dead                           Min: 0, Avg:  0.0, Max: 0, Diff: 0, Sum: 0, Workers: 4
[11.566s][debug][gc,phases      ] GC(4)     Total                          Min: 0, Avg:  0.0, Max: 0, Diff: 0, Sum: 0, Workers: 4
[11.566s][debug][gc,phases      ] GC(4)   StringDedup Requests1 Weak     Min:  0.0, Avg:  0.0, Max:  0.0, Diff:  0.0, Sum:  0.0, Workers: 4
[11.566s][debug][gc,phases      ] GC(4)     Dead                           Min: 0, Avg:  0.0, Max: 0, Diff: 0, Sum: 0, Workers: 4
[11.566s][debug][gc,phases      ] GC(4)     Total                          Min: 0, Avg:  0.0, Max: 0, Diff: 0, Sum: 0, Workers: 4
[11.566s][debug][gc,phases      ] GC(4)   Weak JFR Old Object Samples    Min:  0.0, Avg:  0.0, Max:  0.0, Diff:  0.0, Sum:  0.0, Workers: 4
[11.566s][debug][gc,phases      ] GC(4)     Dead                           Min: 0, Avg:  0.0, Max: 0, Diff: 0, Sum: 0, Workers: 4
[11.566s][debug][gc,phases      ] GC(4)     Total                          Min: 0, Avg:  0.0, Max: 0, Diff: 0, Sum: 0, Workers: 4
[11.566s][debug][gc,phases      ] GC(4) Weak Processing 0.412ms
[11.566s][debug][gc,phases      ] GC(4) ClassLoaderData 0.090ms
[11.566s][debug][gc,phases      ] GC(4) Trigger cleanups 0.000ms
[11.582s][debug][gc,phases      ] GC(4) Class Unloading 15.447ms
[11.582s][debug][gc,phases      ] GC(4) Report Object Count 0.001ms
[11.582s][info ][gc,phases      ] GC(4) Marking Phase 175.138ms
[11.582s][info ][gc,phases,start] GC(4) Summary Phase
[11.582s][info ][gc,phases      ] GC(4) Summary Phase 0.022ms
[11.582s][info ][gc,phases,start] GC(4) Adjust Roots
[11.593s][info ][gc,phases      ] GC(4) Adjust Roots 11.718ms
[11.593s][info ][gc,phases,start] GC(4) Compaction Phase
[11.970s][info ][gc,phases      ] GC(4) Compaction Phase 376.236ms
[11.970s][info ][gc,phases,start] GC(4) Post Compact
[11.976s][info ][gc,phases      ] GC(4) Post Compact 5.851ms
[11.976s][info ][gc,heap        ] GC(4) PSYoungGen: 1048576K(1572864K)->220777K(1572864K) Eden: 1048576K(1048576K)->220777K(1048576K) From: 0K(524288K)->0K(524288K)
[11.976s][info ][gc,heap        ] GC(4) ParOldGen: 6073K(6144K)->6041K(17920K)
[11.976s][info ][gc,metaspace   ] GC(4) Metaspace: 73744K(74688K)->73744K(74688K) NonClass: 62870K(63360K)->62870K(63360K) Class: 10874K(11328K)->10874K(11328K)
[11.976s][info ][gc             ] GC(4) Pause Full (Ergonomics) 1029M->221M(1553M) 569.193ms
[11.976s][info ][gc,cpu         ] GC(4) User=1.64s Sys=0.02s Real=0.56s
[11.976s][info ][safepoint      ] Safepoint "ParallelGCSystemGC", Time since last: 3406429 ns, Reaching safepoint: 5200 ns, Cleanup: 2600 ns, At safepoint: 569608092 ns, Total: 569615892 ns
[12.617s][info ][safepoint      ] Safepoint "ICBufferFull", Time since last: 640429864 ns, Reaching safepoint: 86504 ns, Cleanup: 148605 ns, At safepoint: 13401 ns, Total: 248510 ns
[12.867s][info ][safepoint      ] Safepoint "ICBufferFull", Time since last: 250013533 ns, Reaching safepoint: 77803 ns, Cleanup: 121205 ns, At safepoint: 8300 ns, Total: 207308 ns
[13.555s][info ][gc,start       ] GC(5) Pause Young (Allocation Failure)
[13.987s][debug][gc,phases      ] GC(5) Scavenge 432.030ms
[13.987s][debug][gc,ref         ] GC(5) ReferenceProcessor::execute queues: 4, RefProcThreadModel::Multi, marks_oops_alive: false
[13.988s][debug][gc,ref         ] GC(5) Skipped KeepAliveFinalRefsPhase of Reference Processing: no references
[13.988s][debug][gc,ref         ] GC(5) ReferenceProcessor::execute queues: 1, RefProcThreadModel::Single, marks_oops_alive: false
[13.988s][debug][gc,phases      ] GC(5) Reference Processing 0.807ms
[13.988s][debug][gc,phases      ] GC(5)   VM Weak                        Min:  0.0, Avg:  0.0, Max:  0.0, Diff:  0.0, Sum:  0.0, Workers: 4
[13.988s][debug][gc,phases      ] GC(5)     Dead                           Min: 0, Avg:  0.0, Max: 0, Diff: 0, Sum: 0, Workers: 4
[13.988s][debug][gc,phases      ] GC(5)     Total                          Min: 0, Avg: 164.5, Max: 320, Diff: 320, Sum: 658, Workers: 4
[13.988s][debug][gc,phases      ] GC(5)   ObjectSynchronizer Weak        Min:  0.0, Avg:  0.0, Max:  0.0, Diff:  0.0, Sum:  0.0, Workers: 4
[13.988s][debug][gc,phases      ] GC(5)     Dead                           Min: 0, Avg:  0.2, Max: 1, Diff: 1, Sum: 1, Workers: 4
[13.988s][debug][gc,phases      ] GC(5)     Total                          Min: 0, Avg:  7.8, Max: 31, Diff: 31, Sum: 31, Workers: 4
[13.988s][debug][gc,phases      ] GC(5)   JVMTI Tag Weak OopStorage      Min:  0.0, Avg:  0.0, Max:  0.0, Diff:  0.0, Sum:  0.0, Workers: 4
[13.988s][debug][gc,phases      ] GC(5)     Dead                           Min: 0, Avg:  0.0, Max: 0, Diff: 0, Sum: 0, Workers: 4
[13.988s][debug][gc,phases      ] GC(5)     Total                          Min: 0, Avg:  0.0, Max: 0, Diff: 0, Sum: 0, Workers: 4
[13.988s][debug][gc,phases      ] GC(5)   StringTable Weak               Min:  0.0, Avg:  0.4, Max:  0.5, Diff:  0.5, Sum:  1.4, Workers: 4
[13.988s][debug][gc,phases      ] GC(5)     Dead                           Min: 0, Avg:  1.2, Max: 4, Diff: 4, Sum: 5, Workers: 4
[13.988s][debug][gc,phases      ] GC(5)     Total                          Min: 0, Avg: 10085.2, Max: 18368, Diff: 18368, Sum: 40341, Workers: 4
[13.988s][debug][gc,phases      ] GC(5)   ResolvedMethodTable Weak       Min:  0.0, Avg:  0.1, Max:  0.1, Diff:  0.1, Sum:  0.4, Workers: 4
[13.988s][debug][gc,phases      ] GC(5)     Dead                           Min: 0, Avg: 21.0, Max: 39, Diff: 39, Sum: 84, Workers: 4
[13.988s][debug][gc,phases      ] GC(5)     Total                          Min: 0, Avg: 2251.8, Max: 4021, Diff: 4021, Sum: 9007, Workers: 4
[13.988s][debug][gc,phases      ] GC(5)   JNI Weak                       Min:  0.0, Avg:  0.0, Max:  0.0, Diff:  0.0, Sum:  0.0, Workers: 4
[13.988s][debug][gc,phases      ] GC(5)     Dead                           Min: 0, Avg:  0.0, Max: 0, Diff: 0, Sum: 0, Workers: 4
[13.988s][debug][gc,phases      ] GC(5)     Total                          Min: 0, Avg: 15.5, Max: 62, Diff: 62, Sum: 62, Workers: 4
[13.988s][debug][gc,phases      ] GC(5)   StringDedup Table Weak         Min:  0.0, Avg:  0.0, Max:  0.0, Diff:  0.0, Sum:  0.0, Workers: 4
[13.988s][debug][gc,phases      ] GC(5)     Dead                           Min: 0, Avg:  0.0, Max: 0, Diff: 0, Sum: 0, Workers: 4
[13.988s][debug][gc,phases      ] GC(5)     Total                          Min: 0, Avg:  0.0, Max: 0, Diff: 0, Sum: 0, Workers: 4
[13.988s][debug][gc,phases      ] GC(5)   StringDedup Requests0 Weak     Min:  0.0, Avg:  0.0, Max:  0.0, Diff:  0.0, Sum:  0.0, Workers: 4
[13.988s][debug][gc,phases      ] GC(5)     Dead                           Min: 0, Avg:  0.0, Max: 0, Diff: 0, Sum: 0, Workers: 4
[13.988s][debug][gc,phases      ] GC(5)     Total                          Min: 0, Avg:  0.0, Max: 0, Diff: 0, Sum: 0, Workers: 4
[13.988s][debug][gc,phases      ] GC(5)   StringDedup Requests1 Weak     Min:  0.0, Avg:  0.0, Max:  0.0, Diff:  0.0, Sum:  0.0, Workers: 4
[13.988s][debug][gc,phases      ] GC(5)     Dead                           Min: 0, Avg:  0.0, Max: 0, Diff: 0, Sum: 0, Workers: 4
[13.988s][debug][gc,phases      ] GC(5)     Total                          Min: 0, Avg:  0.0, Max: 0, Diff: 0, Sum: 0, Workers: 4
[13.988s][debug][gc,phases      ] GC(5)   Weak JFR Old Object Samples    Min:  0.0, Avg:  0.0, Max:  0.0, Diff:  0.0, Sum:  0.0, Workers: 4
[13.988s][debug][gc,phases      ] GC(5)     Dead                           Min: 0, Avg:  0.0, Max: 0, Diff: 0, Sum: 0, Workers: 4
[13.988s][debug][gc,phases      ] GC(5)     Total                          Min: 0, Avg:  0.0, Max: 0, Diff: 0, Sum: 0, Workers: 4
[13.988s][debug][gc,phases      ] GC(5) Weak Processing 0.780ms
[13.988s][debug][gc,age         ] GC(5) Desired survivor size 536870912 bytes, new threshold 7 (max threshold 15)
[13.988s][info ][gc,heap        ] GC(5) PSYoungGen: 1048576K(1572864K)->524265K(1572864K) Eden: 1048576K(1048576K)->0K(1048576K) From: 0K(524288K)->524265K(524288K)
[13.988s][info ][gc,heap        ] GC(5) ParOldGen: 6042K(17920K)->111947K(112128K)
[13.988s][info ][gc,metaspace   ] GC(5) Metaspace: 74837K(75776K)->74837K(75776K) NonClass: 63838K(64320K)->63838K(64320K) Class: 10999K(11456K)->10999K(11456K)
[13.988s][info ][gc             ] GC(5) Pause Young (Allocation Failure) 1029M->621M(1645M) 433.749ms
[13.988s][info ][gc,cpu         ] GC(5) User=1.29s Sys=0.16s Real=0.44s
[13.988s][debug][gc,phases      ] GC(6) Pre Compact 0.010ms
[13.988s][info ][gc,start       ] GC(6) Pause Full (Ergonomics)
[13.988s][info ][gc,phases,start] GC(6) Marking Phase
[14.287s][debug][gc,phases      ] GC(6) Par Mark 298.982ms
[14.288s][debug][gc,ref         ] GC(6) ReferenceProcessor::execute queues: 4, RefProcThreadModel::Multi, marks_oops_alive: false
[14.288s][debug][gc,ref         ] GC(6) ReferenceProcessor::execute queues: 4, RefProcThreadModel::Multi, marks_oops_alive: true
[14.288s][debug][gc,ref         ] GC(6) ReferenceProcessor::execute queues: 1, RefProcThreadModel::Single, marks_oops_alive: false
[14.288s][debug][gc,phases      ] GC(6) Reference Processing 0.486ms
[14.288s][debug][gc,phases      ] GC(6)   VM Weak                        Min:  0.0, Avg:  0.0, Max:  0.0, Diff:  0.0, Sum:  0.0, Workers: 4
[14.288s][debug][gc,phases      ] GC(6)     Dead                           Min: 0, Avg:  0.0, Max: 0, Diff: 0, Sum: 0, Workers: 4
[14.288s][debug][gc,phases      ] GC(6)     Total                          Min: 82, Avg: 164.5, Max: 256, Diff: 174, Sum: 658, Workers: 4
[14.288s][debug][gc,phases      ] GC(6)   ObjectSynchronizer Weak        Min:  0.0, Avg:  0.0, Max:  0.0, Diff:  0.0, Sum:  0.0, Workers: 4
[14.288s][debug][gc,phases      ] GC(6)     Dead                           Min: 0, Avg:  0.0, Max: 0, Diff: 0, Sum: 0, Workers: 4
[14.288s][debug][gc,phases      ] GC(6)     Total                          Min: 0, Avg:  7.8, Max: 31, Diff: 31, Sum: 31, Workers: 4
[14.288s][debug][gc,phases      ] GC(6)   JVMTI Tag Weak OopStorage      Min:  0.0, Avg:  0.0, Max:  0.0, Diff:  0.0, Sum:  0.0, Workers: 4
[14.288s][debug][gc,phases      ] GC(6)     Dead                           Min: 0, Avg:  0.0, Max: 0, Diff: 0, Sum: 0, Workers: 4
[14.288s][debug][gc,phases      ] GC(6)     Total                          Min: 0, Avg:  0.0, Max: 0, Diff: 0, Sum: 0, Workers: 4
[14.288s][debug][gc,phases      ] GC(6)   StringTable Weak               Min:  0.2, Avg:  0.2, Max:  0.2, Diff:  0.0, Sum:  0.6, Workers: 4
[14.288s][debug][gc,phases      ] GC(6)     Dead                           Min: 0, Avg:  0.0, Max: 0, Diff: 0, Sum: 0, Workers: 4
[14.288s][debug][gc,phases      ] GC(6)     Total                          Min: 9152, Avg: 10085.2, Max: 10581, Diff: 1429, Sum: 40341, Workers: 4
[14.288s][debug][gc,phases      ] GC(6)   ResolvedMethodTable Weak       Min:  0.0, Avg:  0.0, Max:  0.0, Diff:  0.0, Sum:  0.1, Workers: 4
[14.288s][debug][gc,phases      ] GC(6)     Dead                           Min: 0, Avg:  0.0, Max: 0, Diff: 0, Sum: 0, Workers: 4
[14.288s][debug][gc,phases      ] GC(6)     Total                          Min: 2119, Avg: 2251.8, Max: 2445, Diff: 326, Sum: 9007, Workers: 4
[14.288s][debug][gc,phases      ] GC(6)   JNI Weak                       Min:  0.0, Avg:  0.0, Max:  0.0, Diff:  0.0, Sum:  0.0, Workers: 4
[14.288s][debug][gc,phases      ] GC(6)     Dead                           Min: 0, Avg:  0.0, Max: 0, Diff: 0, Sum: 0, Workers: 4
[14.288s][debug][gc,phases      ] GC(6)     Total                          Min: 0, Avg: 15.5, Max: 48, Diff: 48, Sum: 62, Workers: 4
[14.288s][debug][gc,phases      ] GC(6)   StringDedup Table Weak         Min:  0.0, Avg:  0.0, Max:  0.0, Diff:  0.0, Sum:  0.0, Workers: 4
[14.288s][debug][gc,phases      ] GC(6)     Dead                           Min: 0, Avg:  0.0, Max: 0, Diff: 0, Sum: 0, Workers: 4
[14.288s][debug][gc,phases      ] GC(6)     Total                          Min: 0, Avg:  0.0, Max: 0, Diff: 0, Sum: 0, Workers: 4
[14.288s][debug][gc,phases      ] GC(6)   StringDedup Requests0 Weak     Min:  0.0, Avg:  0.0, Max:  0.0, Diff:  0.0, Sum:  0.0, Workers: 4
[14.288s][debug][gc,phases      ] GC(6)     Dead                           Min: 0, Avg:  0.0, Max: 0, Diff: 0, Sum: 0, Workers: 4
[14.288s][debug][gc,phases      ] GC(6)     Total                          Min: 0, Avg:  0.0, Max: 0, Diff: 0, Sum: 0, Workers: 4
[14.288s][debug][gc,phases      ] GC(6)   StringDedup Requests1 Weak     Min:  0.0, Avg:  0.0, Max:  0.0, Diff:  0.0, Sum:  0.0, Workers: 4
[14.288s][debug][gc,phases      ] GC(6)     Dead                           Min: 0, Avg:  0.0, Max: 0, Diff: 0, Sum: 0, Workers: 4
[14.288s][debug][gc,phases      ] GC(6)     Total                          Min: 0, Avg:  0.0, Max: 0, Diff: 0, Sum: 0, Workers: 4
[14.288s][debug][gc,phases      ] GC(6)   Weak JFR Old Object Samples    Min:  0.0, Avg:  0.0, Max:  0.0, Diff:  0.0, Sum:  0.0, Workers: 4
[14.288s][debug][gc,phases      ] GC(6)     Dead                           Min: 0, Avg:  0.0, Max: 0, Diff: 0, Sum: 0, Workers: 4
[14.288s][debug][gc,phases      ] GC(6)     Total                          Min: 0, Avg:  0.0, Max: 0, Diff: 0, Sum: 0, Workers: 4
[14.288s][debug][gc,phases      ] GC(6) Weak Processing 0.388ms
[14.288s][debug][gc,phases      ] GC(6) ClassLoaderData 0.093ms
[14.288s][debug][gc,phases      ] GC(6) Trigger cleanups 0.000ms
[14.307s][debug][gc,phases      ] GC(6) Class Unloading 18.233ms
[14.307s][debug][gc,phases      ] GC(6) Report Object Count 0.001ms
[14.307s][info ][gc,phases      ] GC(6) Marking Phase 318.191ms
[14.307s][info ][gc,phases,start] GC(6) Summary Phase
[14.307s][info ][gc,phases      ] GC(6) Summary Phase 0.014ms
[14.307s][info ][gc,phases,start] GC(6) Adjust Roots
[14.322s][info ][gc,phases      ] GC(6) Adjust Roots 15.635ms
[14.322s][info ][gc,phases,start] GC(6) Compaction Phase
[15.143s][info ][gc,phases      ] GC(6) Compaction Phase 820.479ms
[15.143s][info ][gc,phases,start] GC(6) Post Compact
[15.146s][info ][gc,phases      ] GC(6) Post Compact 3.369ms
[15.147s][info ][gc,heap        ] GC(6) PSYoungGen: 524265K(1572864K)->517542K(1572864K) Eden: 0K(1048576K)->0K(1048576K) From: 524265K(524288K)->517542K(524288K)
[15.147s][info ][gc,heap        ] GC(6) ParOldGen: 111947K(112128K)->112040K(267264K)
[15.147s][info ][gc,metaspace   ] GC(6) Metaspace: 74837K(75776K)->74837K(75776K) NonClass: 63838K(64320K)->63838K(64320K) Class: 10999K(11456K)->10999K(11456K)
[15.147s][info ][gc             ] GC(6) Pause Full (Ergonomics) 621M->614M(1797M) 1158.101ms
[15.147s][info ][gc,cpu         ] GC(6) User=4.03s Sys=0.04s Real=1.16s
[15.148s][info ][safepoint      ] Safepoint "ParallelGCFailedAllocation", Time since last: 687473173 ns, Reaching safepoint: 80903 ns, Cleanup: 117004 ns, At safepoint: 1593677716 ns, Total: 1593875623 ns
[15.804s][info ][safepoint      ] Safepoint "ICBufferFull", Time since last: 655239134 ns, Reaching safepoint: 82103 ns, Cleanup: 177907 ns, At safepoint: 10901 ns, Total: 270911 ns
[16.648s][info ][gc,start       ] GC(7) Pause Young (Allocation Failure)
[16.963s][debug][gc,phases      ] GC(7) Scavenge 314.603ms
[16.963s][debug][gc,ref         ] GC(7) ReferenceProcessor::execute queues: 4, RefProcThreadModel::Multi, marks_oops_alive: false
[16.964s][debug][gc,ref         ] GC(7) Skipped KeepAliveFinalRefsPhase of Reference Processing: no references
[16.964s][debug][gc,ref         ] GC(7) ReferenceProcessor::execute queues: 1, RefProcThreadModel::Single, marks_oops_alive: false
[16.964s][debug][gc,phases      ] GC(7) Reference Processing 1.121ms
[16.964s][debug][gc,phases      ] GC(7)   VM Weak                        Min:  0.0, Avg:  0.0, Max:  0.0, Diff:  0.0, Sum:  0.0, Workers: 4
[16.964s][debug][gc,phases      ] GC(7)     Dead                           Min: 0, Avg:  0.0, Max: 0, Diff: 0, Sum: 0, Workers: 4
[16.964s][debug][gc,phases      ] GC(7)     Total                          Min: 0, Avg: 165.0, Max: 384, Diff: 384, Sum: 660, Workers: 4
[16.964s][debug][gc,phases      ] GC(7)   ObjectSynchronizer Weak        Min:  0.0, Avg:  0.0, Max:  0.0, Diff:  0.0, Sum:  0.0, Workers: 4
[16.964s][debug][gc,phases      ] GC(7)     Dead                           Min: 0, Avg:  0.0, Max: 0, Diff: 0, Sum: 0, Workers: 4
[16.964s][debug][gc,phases      ] GC(7)     Total                          Min: 0, Avg:  7.8, Max: 31, Diff: 31, Sum: 31, Workers: 4
[16.964s][debug][gc,phases      ] GC(7)   JVMTI Tag Weak OopStorage      Min:  0.0, Avg:  0.0, Max:  0.0, Diff:  0.0, Sum:  0.0, Workers: 4
[16.964s][debug][gc,phases      ] GC(7)     Dead                           Min: 0, Avg:  0.0, Max: 0, Diff: 0, Sum: 0, Workers: 4
[16.965s][debug][gc,phases      ] GC(7)     Total                          Min: 0, Avg:  0.0, Max: 0, Diff: 0, Sum: 0, Workers: 4
[16.965s][debug][gc,phases      ] GC(7)   StringTable Weak               Min:  0.0, Avg:  0.3, Max:  0.4, Diff:  0.4, Sum:  1.3, Workers: 4
[16.965s][debug][gc,phases      ] GC(7)     Dead                           Min: 0, Avg:  1.0, Max: 3, Diff: 3, Sum: 4, Workers: 4
[16.965s][debug][gc,phases      ] GC(7)     Total                          Min: 0, Avg: 10135.2, Max: 16414, Diff: 16414, Sum: 40541, Workers: 4
[16.965s][debug][gc,phases      ] GC(7)   ResolvedMethodTable Weak       Min:  0.0, Avg:  0.1, Max:  0.1, Diff:  0.1, Sum:  0.3, Workers: 4
[16.965s][debug][gc,phases      ] GC(7)     Dead                           Min: 0, Avg:  9.8, Max: 28, Diff: 28, Sum: 39, Workers: 4
[16.965s][debug][gc,phases      ] GC(7)     Total                          Min: 0, Avg: 2274.2, Max: 3813, Diff: 3813, Sum: 9097, Workers: 4
[16.965s][debug][gc,phases      ] GC(7)   JNI Weak                       Min:  0.0, Avg:  0.0, Max:  0.0, Diff:  0.0, Sum:  0.0, Workers: 4
[16.965s][debug][gc,phases      ] GC(7)     Dead                           Min: 0, Avg:  0.0, Max: 0, Diff: 0, Sum: 0, Workers: 4
[16.965s][debug][gc,phases      ] GC(7)     Total                          Min: 0, Avg: 12.0, Max: 48, Diff: 48, Sum: 48, Workers: 4
[16.965s][debug][gc,phases      ] GC(7)   StringDedup Table Weak         Min:  0.0, Avg:  0.0, Max:  0.0, Diff:  0.0, Sum:  0.0, Workers: 4
[16.965s][debug][gc,phases      ] GC(7)     Dead                           Min: 0, Avg:  0.0, Max: 0, Diff: 0, Sum: 0, Workers: 4
[16.965s][debug][gc,phases      ] GC(7)     Total                          Min: 0, Avg:  0.0, Max: 0, Diff: 0, Sum: 0, Workers: 4
[16.965s][debug][gc,phases      ] GC(7)   StringDedup Requests0 Weak     Min:  0.0, Avg:  0.0, Max:  0.0, Diff:  0.0, Sum:  0.0, Workers: 4
[16.965s][debug][gc,phases      ] GC(7)     Dead                           Min: 0, Avg:  0.0, Max: 0, Diff: 0, Sum: 0, Workers: 4
[16.965s][debug][gc,phases      ] GC(7)     Total                          Min: 0, Avg:  0.0, Max: 0, Diff: 0, Sum: 0, Workers: 4
[16.965s][debug][gc,phases      ] GC(7)   StringDedup Requests1 Weak     Min:  0.0, Avg:  0.0, Max:  0.0, Diff:  0.0, Sum:  0.0, Workers: 4
[16.965s][debug][gc,phases      ] GC(7)     Dead                           Min: 0, Avg:  0.0, Max: 0, Diff: 0, Sum: 0, Workers: 4
[16.965s][debug][gc,phases      ] GC(7)     Total                          Min: 0, Avg:  0.0, Max: 0, Diff: 0, Sum: 0, Workers: 4
[16.965s][debug][gc,phases      ] GC(7)   Weak JFR Old Object Samples    Min:  0.0, Avg:  0.0, Max:  0.0, Diff:  0.0, Sum:  0.0, Workers: 4
[16.965s][debug][gc,phases      ] GC(7)     Dead                           Min: 0, Avg:  0.0, Max: 0, Diff: 0, Sum: 0, Workers: 4
[16.965s][debug][gc,phases      ] GC(7)     Total                          Min: 0, Avg:  0.0, Max: 0, Diff: 0, Sum: 0, Workers: 4
[16.965s][debug][gc,phases      ] GC(7) Weak Processing 0.733ms
[16.965s][debug][gc,age         ] GC(7) Desired survivor size 536870912 bytes, new threshold 7 (max threshold 15)
[16.965s][info ][gc,heap        ] GC(7) PSYoungGen: 1566118K(1572864K)->499631K(1572864K) Eden: 1048576K(1048576K)->0K(1048576K) From: 517542K(524288K)->499631K(524288K)
[16.965s][info ][gc,heap        ] GC(7) ParOldGen: 112040K(267264K)->112048K(267264K)
[16.965s][info ][gc,metaspace   ] GC(7) Metaspace: 75293K(76224K)->75293K(76224K) NonClass: 64238K(64768K)->64238K(64768K) Class: 11054K(11456K)->11054K(11456K)
[16.965s][info ][gc             ] GC(7) Pause Young (Allocation Failure) 1638M->597M(1797M) 316.597ms
[16.965s][info ][gc,cpu         ] GC(7) User=0.89s Sys=0.20s Real=0.31s
[16.965s][info ][safepoint      ] Safepoint "ParallelGCFailedAllocation", Time since last: 844098934 ns, Reaching safepoint: 86203 ns, Cleanup: 59503 ns, At safepoint: 316669405 ns, Total: 316815111 ns
[17.386s][info ][safepoint      ] Safepoint "ICBufferFull", Time since last: 420633114 ns, Reaching safepoint: 90304 ns, Cleanup: 125504 ns, At safepoint: 6801 ns, Total: 222609 ns
[17.860s][info ][safepoint      ] Safepoint "ICBufferFull", Time since last: 474016021 ns, Reaching safepoint: 7000 ns, Cleanup: 144505 ns, At safepoint: 2100 ns, Total: 153605 ns
[17.984s][info ][safepoint      ] Safepoint "ICBufferFull", Time since last: 124246772 ns, Reaching safepoint: 6200 ns, Cleanup: 127905 ns, At safepoint: 1900 ns, Total: 136005 ns
[18.126s][info ][safepoint      ] Safepoint "ICBufferFull", Time since last: 141974237 ns, Reaching safepoint: 5701 ns, Cleanup: 125204 ns, At safepoint: 2000 ns, Total: 132905 ns
[18.234s][info ][safepoint      ] Safepoint "ICBufferFull", Time since last: 107254833 ns, Reaching safepoint: 5600 ns, Cleanup: 146705 ns, At safepoint: 6101 ns, Total: 158406 ns
[18.327s][info ][safepoint      ] Safepoint "ICBufferFull", Time since last: 93223904 ns, Reaching safepoint: 76803 ns, Cleanup: 153806 ns, At safepoint: 5800 ns, Total: 236409 ns
[18.423s][info ][safepoint      ] Safepoint "ICBufferFull", Time since last: 96098913 ns, Reaching safepoint: 12201 ns, Cleanup: 142505 ns, At safepoint: 2000 ns, Total: 156706 ns
[18.651s][info ][safepoint      ] Safepoint "ICBufferFull", Time since last: 227784764 ns, Reaching safepoint: 86503 ns, Cleanup: 109804 ns, At safepoint: 10601 ns, Total: 206908 ns
[18.917s][info ][safepoint      ] Safepoint "ICBufferFull", Time since last: 265360876 ns, Reaching safepoint: 86603 ns, Cleanup: 142806 ns, At safepoint: 8800 ns, Total: 238209 ns
[19.047s][info ][safepoint      ] Safepoint "ICBufferFull", Time since last: 129628874 ns, Reaching safepoint: 7000 ns, Cleanup: 155706 ns, At safepoint: 7900 ns, Total: 170606 ns
[19.314s][info ][safepoint      ] Safepoint "ICBufferFull", Time since last: 266806331 ns, Reaching safepoint: 8200 ns, Cleanup: 171807 ns, At safepoint: 8200 ns, Total: 188207 ns
[19.913s][info ][safepoint      ] Safepoint "ICBufferFull", Time since last: 599169426 ns, Reaching safepoint: 81503 ns, Cleanup: 162306 ns, At safepoint: 10001 ns, Total: 253810 ns
[20.665s][info ][safepoint      ] Safepoint "ICBufferFull", Time since last: 751729762 ns, Reaching safepoint: 8200 ns, Cleanup: 153606 ns, At safepoint: 2500 ns, Total: 164306 ns
[21.650s][info ][safepoint      ] Safepoint "ICBufferFull", Time since last: 984733915 ns, Reaching safepoint: 6101 ns, Cleanup: 150605 ns, At safepoint: 2000 ns, Total: 158706 ns
[22.209s][info ][safepoint      ] Safepoint "ICBufferFull", Time since last: 558667495 ns, Reaching safepoint: 7400 ns, Cleanup: 164606 ns, At safepoint: 2900 ns, Total: 174906 ns
[22.891s][info ][safepoint      ] Safepoint "ICBufferFull", Time since last: 681782843 ns, Reaching safepoint: 5800 ns, Cleanup: 162806 ns, At safepoint: 6801 ns, Total: 175407 ns
[23.275s][info ][safepoint      ] Safepoint "ICBufferFull", Time since last: 384355212 ns, Reaching safepoint: 81203 ns, Cleanup: 140205 ns, At safepoint: 11601 ns, Total: 233009 ns
[23.406s][info ][safepoint      ] Safepoint "ICBufferFull", Time since last: 130427625 ns, Reaching safepoint: 88703 ns, Cleanup: 122805 ns, At safepoint: 3500 ns, Total: 215008 ns
[23.483s][info ][safepoint      ] Safepoint "ICBufferFull", Time since last: 76500588 ns, Reaching safepoint: 83703 ns, Cleanup: 133005 ns, At safepoint: 10801 ns, Total: 227509 ns
[23.544s][info ][safepoint      ] Safepoint "ICBufferFull", Time since last: 60765094 ns, Reaching safepoint: 158606 ns, Cleanup: 144906 ns, At safepoint: 9000 ns, Total: 312512 ns
[23.685s][info ][safepoint      ] Safepoint "ICBufferFull", Time since last: 140487005 ns, Reaching safepoint: 85103 ns, Cleanup: 148705 ns, At safepoint: 9101 ns, Total: 242909 ns
[23.960s][info ][safepoint      ] Safepoint "ICBufferFull", Time since last: 275606406 ns, Reaching safepoint: 80103 ns, Cleanup: 157206 ns, At safepoint: 7700 ns, Total: 245009 ns
[24.023s][info ][gc,start       ] GC(8) Pause Young (Allocation Failure)
[24.127s][debug][gc,phases      ] GC(8) Scavenge 103.653ms
[24.127s][debug][gc,ref         ] GC(8) ReferenceProcessor::execute queues: 4, RefProcThreadModel::Multi, marks_oops_alive: false
[24.128s][debug][gc,ref         ] GC(8) Skipped KeepAliveFinalRefsPhase of Reference Processing: no references
[24.128s][debug][gc,ref         ] GC(8) ReferenceProcessor::execute queues: 2, RefProcThreadModel::Multi, marks_oops_alive: false
[24.128s][debug][gc,phases      ] GC(8) Reference Processing 1.091ms
[24.129s][debug][gc,phases      ] GC(8)   VM Weak                        Min:  0.0, Avg:  0.0, Max:  0.0, Diff:  0.0, Sum:  0.0, Workers: 4
[24.129s][debug][gc,phases      ] GC(8)     Dead                           Min: 0, Avg:  0.0, Max: 0, Diff: 0, Sum: 0, Workers: 4
[24.129s][debug][gc,phases      ] GC(8)     Total                          Min: 0, Avg: 213.8, Max: 512, Diff: 512, Sum: 855, Workers: 4
[24.129s][debug][gc,phases      ] GC(8)   ObjectSynchronizer Weak        Min:  0.0, Avg:  0.0, Max:  0.0, Diff:  0.0, Sum:  0.0, Workers: 4
[24.129s][debug][gc,phases      ] GC(8)     Dead                           Min: 0, Avg:  0.2, Max: 1, Diff: 1, Sum: 1, Workers: 4
[24.129s][debug][gc,phases      ] GC(8)     Total                          Min: 0, Avg:  8.2, Max: 33, Diff: 33, Sum: 33, Workers: 4
[24.129s][debug][gc,phases      ] GC(8)   JVMTI Tag Weak OopStorage      Min:  0.0, Avg:  0.0, Max:  0.0, Diff:  0.0, Sum:  0.0, Workers: 4
[24.129s][debug][gc,phases      ] GC(8)     Dead                           Min: 0, Avg:  0.0, Max: 0, Diff: 0, Sum: 0, Workers: 4
[24.129s][debug][gc,phases      ] GC(8)     Total                          Min: 0, Avg:  0.0, Max: 0, Diff: 0, Sum: 0, Workers: 4
[24.129s][debug][gc,phases      ] GC(8)   StringTable Weak               Min:  0.0, Avg:  0.4, Max:  0.5, Diff:  0.5, Sum:  1.4, Workers: 4
[24.129s][debug][gc,phases      ] GC(8)     Dead                           Min: 0, Avg:  3.0, Max: 7, Diff: 7, Sum: 12, Workers: 4
[24.129s][debug][gc,phases      ] GC(8)     Total                          Min: 0, Avg: 10896.2, Max: 17985, Diff: 17985, Sum: 43585, Workers: 4
[24.129s][debug][gc,phases      ] GC(8)   ResolvedMethodTable Weak       Min:  0.0, Avg:  0.1, Max:  0.2, Diff:  0.2, Sum:  0.5, Workers: 4
[24.129s][debug][gc,phases      ] GC(8)     Dead                           Min: 0, Avg: 206.0, Max: 410, Diff: 410, Sum: 824, Workers: 4
[24.129s][debug][gc,phases      ] GC(8)     Total                          Min: 0, Avg: 2882.5, Max: 5184, Diff: 5184, Sum: 11530, Workers: 4
[24.129s][debug][gc,phases      ] GC(8)   JNI Weak                       Min:  0.0, Avg:  0.0, Max:  0.0, Diff:  0.0, Sum:  0.0, Workers: 4
[24.129s][debug][gc,phases      ] GC(8)     Dead                           Min: 0, Avg:  0.0, Max: 0, Diff: 0, Sum: 0, Workers: 4
[24.129s][debug][gc,phases      ] GC(8)     Total                          Min: 0, Avg: 23.2, Max: 48, Diff: 48, Sum: 93, Workers: 4
[24.129s][debug][gc,phases      ] GC(8)   StringDedup Table Weak         Min:  0.0, Avg:  0.0, Max:  0.0, Diff:  0.0, Sum:  0.0, Workers: 4
[24.129s][debug][gc,phases      ] GC(8)     Dead                           Min: 0, Avg:  0.0, Max: 0, Diff: 0, Sum: 0, Workers: 4
[24.129s][debug][gc,phases      ] GC(8)     Total                          Min: 0, Avg:  0.0, Max: 0, Diff: 0, Sum: 0, Workers: 4
[24.129s][debug][gc,phases      ] GC(8)   StringDedup Requests0 Weak     Min:  0.0, Avg:  0.0, Max:  0.0, Diff:  0.0, Sum:  0.0, Workers: 4
[24.129s][debug][gc,phases      ] GC(8)     Dead                           Min: 0, Avg:  0.0, Max: 0, Diff: 0, Sum: 0, Workers: 4
[24.129s][debug][gc,phases      ] GC(8)     Total                          Min: 0, Avg:  0.0, Max: 0, Diff: 0, Sum: 0, Workers: 4
[24.129s][debug][gc,phases      ] GC(8)   StringDedup Requests1 Weak     Min:  0.0, Avg:  0.0, Max:  0.0, Diff:  0.0, Sum:  0.0, Workers: 4
[24.129s][debug][gc,phases      ] GC(8)     Dead                           Min: 0, Avg:  0.0, Max: 0, Diff: 0, Sum: 0, Workers: 4
[24.129s][debug][gc,phases      ] GC(8)     Total                          Min: 0, Avg:  0.0, Max: 0, Diff: 0, Sum: 0, Workers: 4
[24.129s][debug][gc,phases      ] GC(8)   Weak JFR Old Object Samples    Min:  0.0, Avg:  0.0, Max:  0.0, Diff:  0.0, Sum:  0.0, Workers: 4
[24.129s][debug][gc,phases      ] GC(8)     Dead                           Min: 0, Avg:  0.0, Max: 0, Diff: 0, Sum: 0, Workers: 4
[24.129s][debug][gc,phases      ] GC(8)     Total                          Min: 0, Avg:  0.0, Max: 0, Diff: 0, Sum: 0, Workers: 4
[24.129s][debug][gc,phases      ] GC(8) Weak Processing 0.866ms
[24.129s][debug][gc,age         ] GC(8) Desired survivor size 536870912 bytes, new threshold 7 (max threshold 15)
[24.129s][info ][gc,heap        ] GC(8) PSYoungGen: 1548207K(1572864K)->251352K(1572864K) Eden: 1048576K(1048576K)->0K(1048576K) From: 499631K(524288K)->251352K(524288K)
[24.129s][info ][gc,heap        ] GC(8) ParOldGen: 112048K(267264K)->112064K(267264K)
[24.129s][info ][gc,metaspace   ] GC(8) Metaspace: 84650K(85824K)->84650K(85824K) NonClass: 72268K(72960K)->72268K(72960K) Class: 12382K(12864K)->12382K(12864K)
[24.129s][info ][gc             ] GC(8) Pause Young (Allocation Failure) 1621M->354M(1797M) 105.746ms
[24.129s][info ][gc,cpu         ] GC(8) User=0.37s Sys=0.00s Real=0.11s
[24.129s][info ][safepoint      ] Safepoint "ParallelGCFailedAllocation", Time since last: 62818972 ns, Reaching safepoint: 40302 ns, Cleanup: 55402 ns, At safepoint: 105843796 ns, Total: 105939500 ns
[24.392s][info ][safepoint      ] Safepoint "ICBufferFull", Time since last: 262446310 ns, Reaching safepoint: 82403 ns, Cleanup: 158306 ns, At safepoint: 12800 ns, Total: 253509 ns
[24.705s][info ][safepoint      ] Safepoint "ICBufferFull", Time since last: 312775410 ns, Reaching safepoint: 86903 ns, Cleanup: 134205 ns, At safepoint: 6401 ns, Total: 227509 ns
[25.163s][info ][safepoint      ] Safepoint "ICBufferFull", Time since last: 457593178 ns, Reaching safepoint: 10100 ns, Cleanup: 164606 ns, At safepoint: 2900 ns, Total: 177606 ns
[25.648s][info ][safepoint      ] Safepoint "ICBufferFull", Time since last: 485397828 ns, Reaching safepoint: 6300 ns, Cleanup: 165706 ns, At safepoint: 7301 ns, Total: 179307 ns
[26.251s][info ][safepoint      ] Safepoint "ICBufferFull", Time since last: 602488948 ns, Reaching safepoint: 86004 ns, Cleanup: 146705 ns, At safepoint: 6000 ns, Total: 238709 ns
[26.659s][info ][safepoint      ] Safepoint "ICBufferFull", Time since last: 408201013 ns, Reaching safepoint: 84804 ns, Cleanup: 132605 ns, At safepoint: 11400 ns, Total: 228809 ns
[27.500s][info ][safepoint      ] Safepoint "ICBufferFull", Time since last: 840488835 ns, Reaching safepoint: 9301 ns, Cleanup: 139105 ns, At safepoint: 2400 ns, Total: 150806 ns
[28.165s][info ][safepoint      ] Safepoint "ICBufferFull", Time since last: 665322021 ns, Reaching safepoint: 9901 ns, Cleanup: 187507 ns, At safepoint: 3200 ns, Total: 200608 ns
[29.059s][info ][safepoint      ] Safepoint "ICBufferFull", Time since last: 893384032 ns, Reaching safepoint: 9200 ns, Cleanup: 153206 ns, At safepoint: 2100 ns, Total: 164506 ns
[30.059s][info ][safepoint      ] Safepoint "Cleanup", Time since last: 1000118546 ns, Reaching safepoint: 8900 ns, Cleanup: 122405 ns, At safepoint: 9500 ns, Total: 140805 ns
[30.948s][info ][gc,start       ] GC(9) Pause Young (Allocation Failure)
[31.060s][debug][gc,phases      ] GC(9) Scavenge 112.348ms
[31.061s][debug][gc,ref         ] GC(9) ReferenceProcessor::execute queues: 4, RefProcThreadModel::Multi, marks_oops_alive: false
[31.062s][debug][gc,ref         ] GC(9) Skipped KeepAliveFinalRefsPhase of Reference Processing: no references
[31.062s][debug][gc,ref         ] GC(9) ReferenceProcessor::execute queues: 1, RefProcThreadModel::Single, marks_oops_alive: false
[31.062s][debug][gc,phases      ] GC(9) Reference Processing 1.260ms
[31.062s][debug][gc,phases      ] GC(9)   VM Weak                        Min:  0.0, Avg:  0.0, Max:  0.0, Diff:  0.0, Sum:  0.0, Workers: 4
[31.062s][debug][gc,phases      ] GC(9)     Dead                           Min: 0, Avg:  0.0, Max: 0, Diff: 0, Sum: 0, Workers: 4
[31.062s][debug][gc,phases      ] GC(9)     Total                          Min: 0, Avg: 214.8, Max: 512, Diff: 512, Sum: 859, Workers: 4
[31.062s][debug][gc,phases      ] GC(9)   ObjectSynchronizer Weak        Min:  0.0, Avg:  0.0, Max:  0.0, Diff:  0.0, Sum:  0.0, Workers: 4
[31.062s][debug][gc,phases      ] GC(9)     Dead                           Min: 0, Avg:  0.0, Max: 0, Diff: 0, Sum: 0, Workers: 4
[31.062s][debug][gc,phases      ] GC(9)     Total                          Min: 0, Avg:  8.2, Max: 33, Diff: 33, Sum: 33, Workers: 4
[31.062s][debug][gc,phases      ] GC(9)   JVMTI Tag Weak OopStorage      Min:  0.0, Avg:  0.0, Max:  0.0, Diff:  0.0, Sum:  0.0, Workers: 4
[31.062s][debug][gc,phases      ] GC(9)     Dead                           Min: 0, Avg:  0.0, Max: 0, Diff: 0, Sum: 0, Workers: 4
[31.062s][debug][gc,phases      ] GC(9)     Total                          Min: 0, Avg:  0.0, Max: 0, Diff: 0, Sum: 0, Workers: 4
[31.062s][debug][gc,phases      ] GC(9)   StringTable Weak               Min:  0.0, Avg:  0.4, Max:  0.5, Diff:  0.5, Sum:  1.6, Workers: 4
[31.062s][debug][gc,phases      ] GC(9)     Dead                           Min: 0, Avg:  1.2, Max: 4, Diff: 4, Sum: 5, Workers: 4
[31.062s][debug][gc,phases      ] GC(9)     Total                          Min: 0, Avg: 11011.0, Max: 15296, Diff: 15296, Sum: 44044, Workers: 4
[31.062s][debug][gc,phases      ] GC(9)   ResolvedMethodTable Weak       Min:  0.0, Avg:  0.1, Max:  0.1, Diff:  0.1, Sum:  0.4, Workers: 4
[31.062s][debug][gc,phases      ] GC(9)     Dead                           Min: 0, Avg: 12.5, Max: 38, Diff: 38, Sum: 50, Workers: 4
[31.062s][debug][gc,phases      ] GC(9)     Total                          Min: 0, Avg: 2916.2, Max: 3968, Diff: 3968, Sum: 11665, Workers: 4
[31.062s][debug][gc,phases      ] GC(9)   JNI Weak                       Min:  0.0, Avg:  0.0, Max:  0.0, Diff:  0.0, Sum:  0.0, Workers: 4
[31.062s][debug][gc,phases      ] GC(9)     Dead                           Min: 0, Avg:  0.0, Max: 0, Diff: 0, Sum: 0, Workers: 4
[31.063s][debug][gc,phases      ] GC(9)     Total                          Min: 0, Avg: 12.0, Max: 48, Diff: 48, Sum: 48, Workers: 4
[31.063s][debug][gc,phases      ] GC(9)   StringDedup Table Weak         Min:  0.0, Avg:  0.0, Max:  0.0, Diff:  0.0, Sum:  0.0, Workers: 4
[31.063s][debug][gc,phases      ] GC(9)     Dead                           Min: 0, Avg:  0.0, Max: 0, Diff: 0, Sum: 0, Workers: 4
[31.063s][debug][gc,phases      ] GC(9)     Total                          Min: 0, Avg:  0.0, Max: 0, Diff: 0, Sum: 0, Workers: 4
[31.063s][debug][gc,phases      ] GC(9)   StringDedup Requests0 Weak     Min:  0.0, Avg:  0.0, Max:  0.0, Diff:  0.0, Sum:  0.0, Workers: 4
[31.063s][debug][gc,phases      ] GC(9)     Dead                           Min: 0, Avg:  0.0, Max: 0, Diff: 0, Sum: 0, Workers: 4
[31.063s][debug][gc,phases      ] GC(9)     Total                          Min: 0, Avg:  0.0, Max: 0, Diff: 0, Sum: 0, Workers: 4
[31.063s][debug][gc,phases      ] GC(9)   StringDedup Requests1 Weak     Min:  0.0, Avg:  0.0, Max:  0.0, Diff:  0.0, Sum:  0.0, Workers: 4
[31.063s][debug][gc,phases      ] GC(9)     Dead                           Min: 0, Avg:  0.0, Max: 0, Diff: 0, Sum: 0, Workers: 4
[31.063s][debug][gc,phases      ] GC(9)     Total                          Min: 0, Avg:  0.0, Max: 0, Diff: 0, Sum: 0, Workers: 4
[31.063s][debug][gc,phases      ] GC(9)   Weak JFR Old Object Samples    Min:  0.0, Avg:  0.0, Max:  0.0, Diff:  0.0, Sum:  0.0, Workers: 4
[31.063s][debug][gc,phases      ] GC(9)     Dead                           Min: 0, Avg:  0.0, Max: 0, Diff: 0, Sum: 0, Workers: 4
[31.063s][debug][gc,phases      ] GC(9)     Total                          Min: 0, Avg:  0.0, Max: 0, Diff: 0, Sum: 0, Workers: 4
[31.063s][debug][gc,phases      ] GC(9) Weak Processing 0.945ms
[31.063s][debug][gc,age         ] GC(9) Desired survivor size 536870912 bytes, new threshold 6 (max threshold 15)
[31.063s][info ][gc,heap        ] GC(9) PSYoungGen: 1299928K(1572864K)->281418K(1572864K) Eden: 1048576K(1048576K)->0K(1048576K) From: 251352K(524288K)->281418K(524288K)
[31.063s][info ][gc,heap        ] GC(9) ParOldGen: 112064K(267264K)->112080K(267264K)
[31.063s][info ][gc,metaspace   ] GC(9) Metaspace: 85596K(86784K)->85596K(86784K) NonClass: 73155K(73856K)->73155K(73856K) Class: 12440K(12928K)->12440K(12928K)
[31.063s][info ][gc             ] GC(9) Pause Young (Allocation Failure) 1378M->384M(1797M) 114.705ms
[31.063s][info ][gc,cpu         ] GC(9) User=0.39s Sys=0.00s Real=0.11s
[31.063s][info ][safepoint      ] Safepoint "ParallelGCFailedAllocation", Time since last: 888523033 ns, Reaching safepoint: 7901 ns, Cleanup: 69902 ns, At safepoint: 114790332 ns, Total: 114868135 ns
[32.063s][info ][safepoint      ] Safepoint "Cleanup", Time since last: 1000086144 ns, Reaching safepoint: 7901 ns, Cleanup: 73502 ns, At safepoint: 7401 ns, Total: 88804 ns
[33.064s][info ][safepoint      ] Safepoint "Cleanup", Time since last: 1000896874 ns, Reaching safepoint: 9200 ns, Cleanup: 128005 ns, At safepoint: 9901 ns, Total: 147106 ns
[34.064s][info ][safepoint      ] Safepoint "Cleanup", Time since last: 1000100044 ns, Reaching safepoint: 6100 ns, Cleanup: 93004 ns, At safepoint: 2700 ns, Total: 101804 ns
[35.064s][info ][safepoint      ] Safepoint "Cleanup", Time since last: 1000113944 ns, Reaching safepoint: 8001 ns, Cleanup: 60002 ns, At safepoint: 2200 ns, Total: 70203 ns
[36.064s][info ][safepoint      ] Safepoint "Cleanup", Time since last: 1000114945 ns, Reaching safepoint: 10700 ns, Cleanup: 47102 ns, At safepoint: 6400 ns, Total: 64202 ns
[37.065s][info ][safepoint      ] Safepoint "Cleanup", Time since last: 1000107645 ns, Reaching safepoint: 7800 ns, Cleanup: 137305 ns, At safepoint: 5401 ns, Total: 150506 ns
[38.065s][info ][safepoint      ] Safepoint "Cleanup", Time since last: 1000058818 ns, Reaching safepoint: 6500 ns, Cleanup: 56202 ns, At safepoint: 7400 ns, Total: 70102 ns
[39.065s][info ][safepoint      ] Safepoint "Cleanup", Time since last: 1000114117 ns, Reaching safepoint: 8601 ns, Cleanup: 51202 ns, At safepoint: 5200 ns, Total: 65003 ns
[40.065s][info ][safepoint      ] Safepoint "Cleanup", Time since last: 1000124217 ns, Reaching safepoint: 7101 ns, Cleanup: 30301 ns, At safepoint: 2300 ns, Total: 39702 ns
[41.065s][info ][safepoint      ] Safepoint "Cleanup", Time since last: 1000107617 ns, Reaching safepoint: 7300 ns, Cleanup: 124905 ns, At safepoint: 5800 ns, Total: 138005 ns
[42.066s][info ][safepoint      ] Safepoint "Cleanup", Time since last: 1000117617 ns, Reaching safepoint: 7801 ns, Cleanup: 109704 ns, At safepoint: 5100 ns, Total: 122605 ns
[43.066s][info ][safepoint      ] Safepoint "Cleanup", Time since last: 1000104717 ns, Reaching safepoint: 7700 ns, Cleanup: 81503 ns, At safepoint: 2400 ns, Total: 91603 ns
[44.066s][info ][safepoint      ] Safepoint "Cleanup", Time since last: 1000099117 ns, Reaching safepoint: 7400 ns, Cleanup: 22901 ns, At safepoint: 2700 ns, Total: 33001 ns
[45.066s][info ][safepoint      ] Safepoint "Cleanup", Time since last: 1000113217 ns, Reaching safepoint: 7401 ns, Cleanup: 46502 ns, At safepoint: 2100 ns, Total: 56003 ns
[46.066s][info ][safepoint      ] Safepoint "Cleanup", Time since last: 1000115381 ns, Reaching safepoint: 7800 ns, Cleanup: 83703 ns, At safepoint: 5400 ns, Total: 96903 ns
[47.067s][info ][safepoint      ] Safepoint "Cleanup", Time since last: 1000117483 ns, Reaching safepoint: 8600 ns, Cleanup: 56902 ns, At safepoint: 2401 ns, Total: 67903 ns
[48.067s][info ][safepoint      ] Safepoint "Cleanup", Time since last: 1000119082 ns, Reaching safepoint: 6501 ns, Cleanup: 23401 ns, At safepoint: 2400 ns, Total: 32302 ns
[49.067s][info ][safepoint      ] Safepoint "Cleanup", Time since last: 1000077781 ns, Reaching safepoint: 8300 ns, Cleanup: 29501 ns, At safepoint: 2300 ns, Total: 40101 ns
[50.067s][info ][safepoint      ] Safepoint "Cleanup", Time since last: 1000113283 ns, Reaching safepoint: 8300 ns, Cleanup: 34202 ns, At safepoint: 2400 ns, Total: 44902 ns
[51.067s][info ][safepoint      ] Safepoint "Cleanup", Time since last: 1000095682 ns, Reaching safepoint: 7600 ns, Cleanup: 13601 ns, At safepoint: 2000 ns, Total: 23201 ns
[52.067s][info ][safepoint      ] Safepoint "Cleanup", Time since last: 1000107482 ns, Reaching safepoint: 7500 ns, Cleanup: 21601 ns, At safepoint: 2300 ns, Total: 31401 ns
[53.067s][info ][safepoint      ] Safepoint "Cleanup", Time since last: 1000112783 ns, Reaching safepoint: 7800 ns, Cleanup: 20001 ns, At safepoint: 2200 ns, Total: 30001 ns
[54.962s][info ][safepoint      ] Safepoint "Cleanup", Time since last: 1894459999 ns, Reaching safepoint: 6300 ns, Cleanup: 163006 ns, At safepoint: 6401 ns, Total: 175707 ns
[55.962s][info ][safepoint      ] Safepoint "Cleanup", Time since last: 1000118024 ns, Reaching safepoint: 7100 ns, Cleanup: 65402 ns, At safepoint: 6401 ns, Total: 78903 ns
[56.962s][info ][safepoint      ] Safepoint "Cleanup", Time since last: 1000074722 ns, Reaching safepoint: 7700 ns, Cleanup: 38402 ns, At safepoint: 2600 ns, Total: 48702 ns
[57.963s][info ][safepoint      ] Safepoint "Cleanup", Time since last: 1000130325 ns, Reaching safepoint: 9500 ns, Cleanup: 42802 ns, At safepoint: 3000 ns, Total: 55302 ns
[58.963s][info ][safepoint      ] Safepoint "Cleanup", Time since last: 1000124524 ns, Reaching safepoint: 9100 ns, Cleanup: 18101 ns, At safepoint: 2300 ns, Total: 29501 ns
[59.963s][info ][safepoint      ] Safepoint "Cleanup", Time since last: 1000078523 ns, Reaching safepoint: 6800 ns, Cleanup: 48002 ns, At safepoint: 2600 ns, Total: 57402 ns
[61.047s][info ][safepoint      ] Safepoint "Cleanup", Time since last: 1083986562 ns, Reaching safepoint: 78803 ns, Cleanup: 30101 ns, At safepoint: 6301 ns, Total: 115205 ns
[62.047s][info ][safepoint      ] Safepoint "Cleanup", Time since last: 1000118782 ns, Reaching safepoint: 56202 ns, Cleanup: 19600 ns, At safepoint: 6301 ns, Total: 82103 ns
[63.047s][info ][safepoint      ] Safepoint "Cleanup", Time since last: 1000121199 ns, Reaching safepoint: 83003 ns, Cleanup: 20901 ns, At safepoint: 5100 ns, Total: 109004 ns
[64.048s][info ][safepoint      ] Safepoint "Cleanup", Time since last: 1000117799 ns, Reaching safepoint: 77203 ns, Cleanup: 33002 ns, At safepoint: 5800 ns, Total: 116005 ns
[65.048s][info ][safepoint      ] Safepoint "Cleanup", Time since last: 1000118899 ns, Reaching safepoint: 82203 ns, Cleanup: 20301 ns, At safepoint: 5500 ns, Total: 108004 ns
[66.048s][info ][safepoint      ] Safepoint "Cleanup", Time since last: 1000104099 ns, Reaching safepoint: 75903 ns, Cleanup: 23101 ns, At safepoint: 5300 ns, Total: 104304 ns
[66.752s][info ][gc,start       ] GC(10) Pause Young (Allocation Failure)
[66.863s][debug][gc,phases      ] GC(10) Scavenge 111.017ms
[66.864s][debug][gc,ref         ] GC(10) ReferenceProcessor::execute queues: 4, RefProcThreadModel::Multi, marks_oops_alive: false
[66.864s][debug][gc,ref         ] GC(10) Skipped KeepAliveFinalRefsPhase of Reference Processing: no references
[66.864s][debug][gc,ref         ] GC(10) ReferenceProcessor::execute queues: 1, RefProcThreadModel::Single, marks_oops_alive: false
[66.864s][debug][gc,phases      ] GC(10) Reference Processing 1.121ms
[66.865s][debug][gc,phases      ] GC(10)   VM Weak                        Min:  0.0, Avg:  0.0, Max:  0.0, Diff:  0.0, Sum:  0.0, Workers: 4
[66.865s][debug][gc,phases      ] GC(10)     Dead                           Min: 0, Avg:  0.0, Max: 0, Diff: 0, Sum: 0, Workers: 4
[66.865s][debug][gc,phases      ] GC(10)     Total                          Min: 0, Avg: 217.8, Max: 512, Diff: 512, Sum: 871, Workers: 4
[66.865s][debug][gc,phases      ] GC(10)   ObjectSynchronizer Weak        Min:  0.0, Avg:  0.0, Max:  0.0, Diff:  0.0, Sum:  0.0, Workers: 4
[66.865s][debug][gc,phases      ] GC(10)     Dead                           Min: 0, Avg:  0.0, Max: 0, Diff: 0, Sum: 0, Workers: 4
[66.865s][debug][gc,phases      ] GC(10)     Total                          Min: 0, Avg:  0.8, Max: 3, Diff: 3, Sum: 3, Workers: 4
[66.865s][debug][gc,phases      ] GC(10)   JVMTI Tag Weak OopStorage      Min:  0.0, Avg:  0.0, Max:  0.0, Diff:  0.0, Sum:  0.0, Workers: 4
[66.865s][debug][gc,phases      ] GC(10)     Dead                           Min: 0, Avg:  0.0, Max: 0, Diff: 0, Sum: 0, Workers: 4
[66.865s][debug][gc,phases      ] GC(10)     Total                          Min: 0, Avg:  0.0, Max: 0, Diff: 0, Sum: 0, Workers: 4
[66.865s][debug][gc,phases      ] GC(10)   StringTable Weak               Min:  0.0, Avg:  0.4, Max:  0.6, Diff:  0.6, Sum:  1.6, Workers: 4
[66.865s][debug][gc,phases      ] GC(10)     Dead                           Min: 0, Avg:  1.0, Max: 2, Diff: 2, Sum: 4, Workers: 4
[66.865s][debug][gc,phases      ] GC(10)     Total                          Min: 0, Avg: 11097.8, Max: 18112, Diff: 18112, Sum: 44391, Workers: 4
[66.865s][debug][gc,phases      ] GC(10)   ResolvedMethodTable Weak       Min:  0.0, Avg:  0.1, Max:  0.1, Diff:  0.1, Sum:  0.4, Workers: 4
[66.865s][debug][gc,phases      ] GC(10)     Dead                           Min: 0, Avg: 11.0, Max: 36, Diff: 36, Sum: 44, Workers: 4
[66.865s][debug][gc,phases      ] GC(10)     Total                          Min: 0, Avg: 2949.5, Max: 4925, Diff: 4925, Sum: 11798, Workers: 4
[66.865s][debug][gc,phases      ] GC(10)   JNI Weak                       Min:  0.0, Avg:  0.0, Max:  0.0, Diff:  0.0, Sum:  0.0, Workers: 4
[66.865s][debug][gc,phases      ] GC(10)     Dead                           Min: 0, Avg:  0.0, Max: 0, Diff: 0, Sum: 0, Workers: 4
[66.865s][debug][gc,phases      ] GC(10)     Total                          Min: 0, Avg: 12.0, Max: 48, Diff: 48, Sum: 48, Workers: 4
[66.865s][debug][gc,phases      ] GC(10)   StringDedup Table Weak         Min:  0.0, Avg:  0.0, Max:  0.0, Diff:  0.0, Sum:  0.0, Workers: 4
[66.865s][debug][gc,phases      ] GC(10)     Dead                           Min: 0, Avg:  0.0, Max: 0, Diff: 0, Sum: 0, Workers: 4
[66.865s][debug][gc,phases      ] GC(10)     Total                          Min: 0, Avg:  0.0, Max: 0, Diff: 0, Sum: 0, Workers: 4
[66.865s][debug][gc,phases      ] GC(10)   StringDedup Requests0 Weak     Min:  0.0, Avg:  0.0, Max:  0.0, Diff:  0.0, Sum:  0.0, Workers: 4
[66.865s][debug][gc,phases      ] GC(10)     Dead                           Min: 0, Avg:  0.0, Max: 0, Diff: 0, Sum: 0, Workers: 4
[66.865s][debug][gc,phases      ] GC(10)     Total                          Min: 0, Avg:  0.0, Max: 0, Diff: 0, Sum: 0, Workers: 4
[66.865s][debug][gc,phases      ] GC(10)   StringDedup Requests1 Weak     Min:  0.0, Avg:  0.0, Max:  0.0, Diff:  0.0, Sum:  0.0, Workers: 4
[66.865s][debug][gc,phases      ] GC(10)     Dead                           Min: 0, Avg:  0.0, Max: 0, Diff: 0, Sum: 0, Workers: 4
[66.865s][debug][gc,phases      ] GC(10)     Total                          Min: 0, Avg:  0.0, Max: 0, Diff: 0, Sum: 0, Workers: 4
[66.865s][debug][gc,phases      ] GC(10)   Weak JFR Old Object Samples    Min:  0.0, Avg:  0.0, Max:  0.0, Diff:  0.0, Sum:  0.0, Workers: 4
[66.865s][debug][gc,phases      ] GC(10)     Dead                           Min: 0, Avg:  0.0, Max: 0, Diff: 0, Sum: 0, Workers: 4
[66.865s][debug][gc,phases      ] GC(10)     Total                          Min: 0, Avg:  0.0, Max: 0, Diff: 0, Sum: 0, Workers: 4
[66.865s][debug][gc,phases      ] GC(10) Weak Processing 0.951ms
[66.865s][debug][gc,age         ] GC(10) Desired survivor size 536870912 bytes, new threshold 5 (max threshold 15)
[66.865s][info ][gc,heap        ] GC(10) PSYoungGen: 1329994K(1572864K)->281679K(1572864K) Eden: 1048576K(1048576K)->0K(1048576K) From: 281418K(524288K)->281679K(524288K)
[66.865s][info ][gc,heap        ] GC(10) ParOldGen: 112080K(267264K)->112088K(267264K)
[66.865s][info ][gc,metaspace   ] GC(10) Metaspace: 86698K(87872K)->86698K(87872K) NonClass: 74173K(74816K)->74173K(74816K) Class: 12525K(13056K)->12525K(13056K)
[66.865s][info ][gc             ] GC(10) Pause Young (Allocation Failure) 1408M->384M(1797M) 113.236ms
[66.865s][info ][gc,cpu         ] GC(10) User=0.40s Sys=0.00s Real=0.11s
[66.865s][info ][safepoint      ] Safepoint "ParallelGCFailedAllocation", Time since last: 703966236 ns, Reaching safepoint: 9700 ns, Cleanup: 18701 ns, At safepoint: 113323671 ns, Total: 113352072 ns
[67.866s][info ][safepoint      ] Safepoint "Cleanup", Time since last: 1000083798 ns, Reaching safepoint: 6701 ns, Cleanup: 44201 ns, At safepoint: 2500 ns, Total: 53402 ns
[68.866s][info ][safepoint      ] Safepoint "Cleanup", Time since last: 1000109699 ns, Reaching safepoint: 7901 ns, Cleanup: 28501 ns, At safepoint: 2600 ns, Total: 39002 ns
[69.866s][info ][safepoint      ] Safepoint "Cleanup", Time since last: 1000105584 ns, Reaching safepoint: 7801 ns, Cleanup: 28401 ns, At safepoint: 2000 ns, Total: 38202 ns
[70.866s][info ][safepoint      ] Safepoint "Cleanup", Time since last: 1000098979 ns, Reaching safepoint: 7400 ns, Cleanup: 16401 ns, At safepoint: 2500 ns, Total: 26301 ns
[71.866s][info ][safepoint      ] Safepoint "Cleanup", Time since last: 1000111880 ns, Reaching safepoint: 6900 ns, Cleanup: 8300 ns, At safepoint: 2201 ns, Total: 17401 ns
[72.866s][info ][safepoint      ] Safepoint "Cleanup", Time since last: 1000103979 ns, Reaching safepoint: 9000 ns, Cleanup: 15501 ns, At safepoint: 2400 ns, Total: 26901 ns
[73.866s][info ][safepoint      ] Safepoint "Cleanup", Time since last: 1000110780 ns, Reaching safepoint: 7600 ns, Cleanup: 19201 ns, At safepoint: 2100 ns, Total: 28901 ns
[74.866s][info ][safepoint      ] Safepoint "Cleanup", Time since last: 1000103680 ns, Reaching safepoint: 7300 ns, Cleanup: 12300 ns, At safepoint: 2400 ns, Total: 22000 ns
[75.867s][info ][safepoint      ] Safepoint "Cleanup", Time since last: 1000120781 ns, Reaching safepoint: 7800 ns, Cleanup: 18401 ns, At safepoint: 2000 ns, Total: 28201 ns
[76.867s][info ][safepoint      ] Safepoint "Cleanup", Time since last: 1000105979 ns, Reaching safepoint: 6201 ns, Cleanup: 22000 ns, At safepoint: 5601 ns, Total: 33802 ns
[77.709s][info ][gc,start       ] GC(11) Pause Young (CodeCache GC Threshold)
[77.841s][debug][gc,phases      ] GC(11) Scavenge 131.792ms
[77.841s][debug][gc,ref         ] GC(11) ReferenceProcessor::execute queues: 3, RefProcThreadModel::Multi, marks_oops_alive: false
[77.841s][debug][gc,ref         ] GC(11) Skipped KeepAliveFinalRefsPhase of Reference Processing: no references
[77.841s][debug][gc,ref         ] GC(11) ReferenceProcessor::execute queues: 1, RefProcThreadModel::Single, marks_oops_alive: false
[77.841s][debug][gc,phases      ] GC(11) Reference Processing 0.268ms
[77.842s][debug][gc,phases      ] GC(11)   VM Weak                        Min:  0.0, Avg:  0.0, Max:  0.0, Diff:  0.0, Sum:  0.0, Workers: 4
[77.842s][debug][gc,phases      ] GC(11)     Dead                           Min: 0, Avg:  0.0, Max: 0, Diff: 0, Sum: 0, Workers: 4
[77.842s][debug][gc,phases      ] GC(11)     Total                          Min: 128, Avg: 217.8, Max: 359, Diff: 231, Sum: 871, Workers: 4
[77.842s][debug][gc,phases      ] GC(11)   ObjectSynchronizer Weak        Min:  0.0, Avg:  0.0, Max:  0.0, Diff:  0.0, Sum:  0.0, Workers: 4
[77.842s][debug][gc,phases      ] GC(11)     Dead                           Min: 0, Avg:  0.0, Max: 0, Diff: 0, Sum: 0, Workers: 4
[77.842s][debug][gc,phases      ] GC(11)     Total                          Min: 0, Avg:  1.0, Max: 4, Diff: 4, Sum: 4, Workers: 4
[77.842s][debug][gc,phases      ] GC(11)   JVMTI Tag Weak OopStorage      Min:  0.0, Avg:  0.0, Max:  0.0, Diff:  0.0, Sum:  0.0, Workers: 4
[77.842s][debug][gc,phases      ] GC(11)     Dead                           Min: 0, Avg:  0.0, Max: 0, Diff: 0, Sum: 0, Workers: 4
[77.842s][debug][gc,phases      ] GC(11)     Total                          Min: 0, Avg:  0.0, Max: 0, Diff: 0, Sum: 0, Workers: 4
[77.842s][debug][gc,phases      ] GC(11)   StringTable Weak               Min:  0.5, Avg:  0.5, Max:  0.5, Diff:  0.0, Sum:  1.9, Workers: 4
[77.842s][debug][gc,phases      ] GC(11)     Dead                           Min: 0, Avg:  0.0, Max: 0, Diff: 0, Sum: 0, Workers: 4
[77.842s][debug][gc,phases      ] GC(11)     Total                          Min: 10368, Avg: 11100.8, Max: 11584, Diff: 1216, Sum: 44403, Workers: 4
[77.842s][debug][gc,phases      ] GC(11)   ResolvedMethodTable Weak       Min:  0.1, Avg:  0.1, Max:  0.1, Diff:  0.0, Sum:  0.5, Workers: 4
[77.842s][debug][gc,phases      ] GC(11)     Dead                           Min: 0, Avg:  0.0, Max: 0, Diff: 0, Sum: 0, Workers: 4
[77.842s][debug][gc,phases      ] GC(11)     Total                          Min: 2586, Avg: 2949.5, Max: 3264, Diff: 678, Sum: 11798, Workers: 4
[77.842s][debug][gc,phases      ] GC(11)   JNI Weak                       Min:  0.0, Avg:  0.0, Max:  0.0, Diff:  0.0, Sum:  0.0, Workers: 4
[77.842s][debug][gc,phases      ] GC(11)     Dead                           Min: 0, Avg:  0.0, Max: 0, Diff: 0, Sum: 0, Workers: 4
[77.842s][debug][gc,phases      ] GC(11)     Total                          Min: 0, Avg: 12.0, Max: 48, Diff: 48, Sum: 48, Workers: 4
[77.842s][debug][gc,phases      ] GC(11)   StringDedup Table Weak         Min:  0.0, Avg:  0.0, Max:  0.0, Diff:  0.0, Sum:  0.0, Workers: 4
[77.842s][debug][gc,phases      ] GC(11)     Dead                           Min: 0, Avg:  0.0, Max: 0, Diff: 0, Sum: 0, Workers: 4
[77.842s][debug][gc,phases      ] GC(11)     Total                          Min: 0, Avg:  0.0, Max: 0, Diff: 0, Sum: 0, Workers: 4
[77.842s][debug][gc,phases      ] GC(11)   StringDedup Requests0 Weak     Min:  0.0, Avg:  0.0, Max:  0.0, Diff:  0.0, Sum:  0.0, Workers: 4
[77.842s][debug][gc,phases      ] GC(11)     Dead                           Min: 0, Avg:  0.0, Max: 0, Diff: 0, Sum: 0, Workers: 4
[77.842s][debug][gc,phases      ] GC(11)     Total                          Min: 0, Avg:  0.0, Max: 0, Diff: 0, Sum: 0, Workers: 4
[77.842s][debug][gc,phases      ] GC(11)   StringDedup Requests1 Weak     Min:  0.0, Avg:  0.0, Max:  0.0, Diff:  0.0, Sum:  0.0, Workers: 4
[77.842s][debug][gc,phases      ] GC(11)     Dead                           Min: 0, Avg:  0.0, Max: 0, Diff: 0, Sum: 0, Workers: 4
[77.842s][debug][gc,phases      ] GC(11)     Total                          Min: 0, Avg:  0.0, Max: 0, Diff: 0, Sum: 0, Workers: 4
[77.842s][debug][gc,phases      ] GC(11)   Weak JFR Old Object Samples    Min:  0.0, Avg:  0.0, Max:  0.0, Diff:  0.0, Sum:  0.0, Workers: 4
[77.842s][debug][gc,phases      ] GC(11)     Dead                           Min: 0, Avg:  0.0, Max: 0, Diff: 0, Sum: 0, Workers: 4
[77.842s][debug][gc,phases      ] GC(11)     Total                          Min: 0, Avg:  0.0, Max: 0, Diff: 0, Sum: 0, Workers: 4
[77.842s][debug][gc,phases      ] GC(11) Weak Processing 0.785ms
[77.842s][debug][gc,age         ] GC(11) Desired survivor size 536870912 bytes, new threshold 4 (max threshold 15)
[77.842s][info ][gc,heap        ] GC(11) PSYoungGen: 617644K(1572864K)->137059K(1572864K) Eden: 335965K(1048576K)->0K(1048576K) From: 281679K(524288K)->137059K(524288K)
[77.842s][info ][gc,heap        ] GC(11) ParOldGen: 112088K(267264K)->262346K(267264K)
[77.842s][info ][gc,metaspace   ] GC(11) Metaspace: 86807K(87936K)->86807K(87936K) NonClass: 74275K(74880K)->74275K(74880K) Class: 12531K(13056K)->12531K(13056K)
[77.842s][info ][gc             ] GC(11) Pause Young (CodeCache GC Threshold) 712M->390M(1797M) 132.991ms
[77.842s][info ][gc,cpu         ] GC(11) User=0.39s Sys=0.07s Real=0.13s
[77.842s][debug][gc,phases      ] GC(12) Pre Compact 0.015ms
[77.842s][info ][gc,start       ] GC(12) Pause Full (CodeCache GC Threshold)
[77.842s][info ][gc,phases,start] GC(12) Marking Phase
[77.958s][debug][gc,phases      ] GC(12) Par Mark 116.366ms
[77.959s][debug][gc,ref         ] GC(12) ReferenceProcessor::execute queues: 4, RefProcThreadModel::Multi, marks_oops_alive: false
[77.959s][debug][gc,ref         ] GC(12) Skipped KeepAliveFinalRefsPhase of Reference Processing: no references
[77.959s][debug][gc,ref         ] GC(12) ReferenceProcessor::execute queues: 1, RefProcThreadModel::Single, marks_oops_alive: false
[77.959s][debug][gc,phases      ] GC(12) Reference Processing 0.843ms
[77.960s][debug][gc,phases      ] GC(12)   VM Weak                        Min:  0.0, Avg:  0.0, Max:  0.0, Diff:  0.0, Sum:  0.0, Workers: 4
[77.960s][debug][gc,phases      ] GC(12)     Dead                           Min: 0, Avg:  0.0, Max: 0, Diff: 0, Sum: 0, Workers: 4
[77.960s][debug][gc,phases      ] GC(12)     Total                          Min: 0, Avg: 217.8, Max: 320, Diff: 320, Sum: 871, Workers: 4
[77.960s][debug][gc,phases      ] GC(12)   ObjectSynchronizer Weak        Min:  0.0, Avg:  0.0, Max:  0.0, Diff:  0.0, Sum:  0.0, Workers: 4
[77.960s][debug][gc,phases      ] GC(12)     Dead                           Min: 0, Avg:  0.0, Max: 0, Diff: 0, Sum: 0, Workers: 4
[77.960s][debug][gc,phases      ] GC(12)     Total                          Min: 0, Avg:  1.0, Max: 4, Diff: 4, Sum: 4, Workers: 4
[77.960s][debug][gc,phases      ] GC(12)   JVMTI Tag Weak OopStorage      Min:  0.0, Avg:  0.0, Max:  0.0, Diff:  0.0, Sum:  0.0, Workers: 4
[77.960s][debug][gc,phases      ] GC(12)     Dead                           Min: 0, Avg:  0.0, Max: 0, Diff: 0, Sum: 0, Workers: 4
[77.960s][debug][gc,phases      ] GC(12)     Total                          Min: 0, Avg:  0.0, Max: 0, Diff: 0, Sum: 0, Workers: 4
[77.960s][debug][gc,phases      ] GC(12)   StringTable Weak               Min:  0.0, Avg:  0.2, Max:  0.2, Diff:  0.2, Sum:  0.7, Workers: 4
[77.960s][debug][gc,phases      ] GC(12)     Dead                           Min: 0, Avg:  0.0, Max: 0, Diff: 0, Sum: 0, Workers: 4
[77.960s][debug][gc,phases      ] GC(12)     Total                          Min: 0, Avg: 11100.8, Max: 15168, Diff: 15168, Sum: 44403, Workers: 4
[77.960s][debug][gc,phases      ] GC(12)   ResolvedMethodTable Weak       Min:  0.0, Avg:  0.0, Max:  0.1, Diff:  0.1, Sum:  0.2, Workers: 4
[77.960s][debug][gc,phases      ] GC(12)     Dead                           Min: 0, Avg:  0.0, Max: 0, Diff: 0, Sum: 0, Workers: 4
[77.960s][debug][gc,phases      ] GC(12)     Total                          Min: 0, Avg: 2949.5, Max: 3968, Diff: 3968, Sum: 11798, Workers: 4
[77.960s][debug][gc,phases      ] GC(12)   JNI Weak                       Min:  0.0, Avg:  0.0, Max:  0.0, Diff:  0.0, Sum:  0.0, Workers: 4
[77.960s][debug][gc,phases      ] GC(12)     Dead                           Min: 0, Avg:  0.0, Max: 0, Diff: 0, Sum: 0, Workers: 4
[77.960s][debug][gc,phases      ] GC(12)     Total                          Min: 0, Avg: 12.0, Max: 48, Diff: 48, Sum: 48, Workers: 4
[77.960s][debug][gc,phases      ] GC(12)   StringDedup Table Weak         Min:  0.0, Avg:  0.0, Max:  0.0, Diff:  0.0, Sum:  0.0, Workers: 4
[77.960s][debug][gc,phases      ] GC(12)     Dead                           Min: 0, Avg:  0.0, Max: 0, Diff: 0, Sum: 0, Workers: 4
[77.960s][debug][gc,phases      ] GC(12)     Total                          Min: 0, Avg:  0.0, Max: 0, Diff: 0, Sum: 0, Workers: 4
[77.960s][debug][gc,phases      ] GC(12)   StringDedup Requests0 Weak     Min:  0.0, Avg:  0.0, Max:  0.0, Diff:  0.0, Sum:  0.0, Workers: 4
[77.960s][debug][gc,phases      ] GC(12)     Dead                           Min: 0, Avg:  0.0, Max: 0, Diff: 0, Sum: 0, Workers: 4
[77.960s][debug][gc,phases      ] GC(12)     Total                          Min: 0, Avg:  0.0, Max: 0, Diff: 0, Sum: 0, Workers: 4
[77.960s][debug][gc,phases      ] GC(12)   StringDedup Requests1 Weak     Min:  0.0, Avg:  0.0, Max:  0.0, Diff:  0.0, Sum:  0.0, Workers: 4
[77.960s][debug][gc,phases      ] GC(12)     Dead                           Min: 0, Avg:  0.0, Max: 0, Diff: 0, Sum: 0, Workers: 4
[77.960s][debug][gc,phases      ] GC(12)     Total                          Min: 0, Avg:  0.0, Max: 0, Diff: 0, Sum: 0, Workers: 4
[77.960s][debug][gc,phases      ] GC(12)   Weak JFR Old Object Samples    Min:  0.0, Avg:  0.0, Max:  0.0, Diff:  0.0, Sum:  0.0, Workers: 4
[77.960s][debug][gc,phases      ] GC(12)     Dead                           Min: 0, Avg:  0.0, Max: 0, Diff: 0, Sum: 0, Workers: 4
[77.960s][debug][gc,phases      ] GC(12)     Total                          Min: 0, Avg:  0.0, Max: 0, Diff: 0, Sum: 0, Workers: 4
[77.960s][debug][gc,phases      ] GC(12) Weak Processing 0.496ms
[77.960s][debug][gc,phases      ] GC(12) ClassLoaderData 0.125ms
[77.960s][debug][gc,phases      ] GC(12) Trigger cleanups 0.000ms
[77.995s][debug][gc,phases      ] GC(12) Class Unloading 34.727ms
[77.995s][debug][gc,phases      ] GC(12) Report Object Count 0.002ms
[77.995s][info ][gc,phases      ] GC(12) Marking Phase 152.546ms
[77.995s][info ][gc,phases,start] GC(12) Summary Phase
[77.995s][info ][gc,phases      ] GC(12) Summary Phase 0.010ms
[77.995s][info ][gc,phases,start] GC(12) Adjust Roots
[78.021s][info ][gc,phases      ] GC(12) Adjust Roots 26.069ms
[78.021s][info ][gc,phases,start] GC(12) Compaction Phase
[78.343s][info ][gc,phases      ] GC(12) Compaction Phase 322.452ms
[78.343s][info ][gc,phases,start] GC(12) Post Compact
[78.346s][info ][gc,phases      ] GC(12) Post Compact 3.063ms
[78.346s][info ][gc,heap        ] GC(12) PSYoungGen: 137059K(1572864K)->52395K(1572864K) Eden: 0K(1048576K)->0K(1048576K) From: 137059K(524288K)->52395K(524288K)
[78.346s][info ][gc,heap        ] GC(12) ParOldGen: 262346K(267264K)->266848K(267264K)
[78.346s][info ][gc,metaspace   ] GC(12) Metaspace: 86807K(87936K)->86807K(87936K) NonClass: 74275K(74880K)->74275K(74880K) Class: 12531K(13056K)->12531K(13056K)
[78.346s][info ][gc             ] GC(12) Pause Full (CodeCache GC Threshold) 390M->311M(1797M) 504.311ms
[78.346s][info ][gc,cpu         ] GC(12) User=1.63s Sys=0.03s Real=0.51s
[78.346s][info ][safepoint      ] Safepoint "ParallelGCSystemGC", Time since last: 842130089 ns, Reaching safepoint: 85003 ns, Cleanup: 28701 ns, At safepoint: 637473548 ns, Total: 637587252 ns
[79.347s][info ][safepoint      ] Safepoint "Cleanup", Time since last: 1000088000 ns, Reaching safepoint: 7000 ns, Cleanup: 67102 ns, At safepoint: 2601 ns, Total: 76703 ns
[80.347s][info ][safepoint      ] Safepoint "Cleanup", Time since last: 1000106100 ns, Reaching safepoint: 77503 ns, Cleanup: 16801 ns, At safepoint: 6100 ns, Total: 100404 ns
[81.347s][info ][safepoint      ] Safepoint "Cleanup", Time since last: 1000111600 ns, Reaching safepoint: 78303 ns, Cleanup: 19001 ns, At safepoint: 6200 ns, Total: 103504 ns
[82.347s][info ][safepoint      ] Safepoint "Cleanup", Time since last: 1000118701 ns, Reaching safepoint: 71103 ns, Cleanup: 21601 ns, At safepoint: 7100 ns, Total: 99804 ns
[83.347s][info ][safepoint      ] Safepoint "Cleanup", Time since last: 1000114601 ns, Reaching safepoint: 79703 ns, Cleanup: 29201 ns, At safepoint: 5300 ns, Total: 114204 ns
[84.348s][info ][safepoint      ] Safepoint "Cleanup", Time since last: 1000128501 ns, Reaching safepoint: 76503 ns, Cleanup: 13101 ns, At safepoint: 5400 ns, Total: 95004 ns
[85.348s][info ][safepoint      ] Safepoint "Cleanup", Time since last: 1000111623 ns, Reaching safepoint: 96704 ns, Cleanup: 22001 ns, At safepoint: 7700 ns, Total: 126405 ns
[86.348s][info ][safepoint      ] Safepoint "Cleanup", Time since last: 1000105868 ns, Reaching safepoint: 59402 ns, Cleanup: 51302 ns, At safepoint: 7101 ns, Total: 117805 ns
[87.348s][info ][safepoint      ] Safepoint "Cleanup", Time since last: 1000090467 ns, Reaching safepoint: 80903 ns, Cleanup: 73103 ns, At safepoint: 6700 ns, Total: 160706 ns
[88.349s][info ][safepoint      ] Safepoint "Cleanup", Time since last: 1000122969 ns, Reaching safepoint: 76303 ns, Cleanup: 54702 ns, At safepoint: 5900 ns, Total: 136905 ns
[89.349s][info ][safepoint      ] Safepoint "Cleanup", Time since last: 1000109268 ns, Reaching safepoint: 78003 ns, Cleanup: 13301 ns, At safepoint: 6100 ns, Total: 97404 ns
[90.349s][info ][safepoint      ] Safepoint "Cleanup", Time since last: 1000119268 ns, Reaching safepoint: 80003 ns, Cleanup: 50802 ns, At safepoint: 6501 ns, Total: 137306 ns
[91.349s][info ][safepoint      ] Safepoint "Cleanup", Time since last: 1000117968 ns, Reaching safepoint: 80603 ns, Cleanup: 29901 ns, At safepoint: 8000 ns, Total: 118504 ns
[92.350s][info ][safepoint      ] Safepoint "Cleanup", Time since last: 1000115069 ns, Reaching safepoint: 86603 ns, Cleanup: 24701 ns, At safepoint: 7200 ns, Total: 118504 ns
[93.350s][info ][safepoint      ] Safepoint "Cleanup", Time since last: 1000124320 ns, Reaching safepoint: 78603 ns, Cleanup: 34401 ns, At safepoint: 5400 ns, Total: 118404 ns
[94.350s][info ][safepoint      ] Safepoint "Cleanup", Time since last: 1000089265 ns, Reaching safepoint: 83803 ns, Cleanup: 13001 ns, At safepoint: 7100 ns, Total: 103904 ns
[95.350s][info ][safepoint      ] Safepoint "Cleanup", Time since last: 1000127366 ns, Reaching safepoint: 211308 ns, Cleanup: 16200 ns, At safepoint: 7201 ns, Total: 234709 ns
[96.351s][info ][safepoint      ] Safepoint "Cleanup", Time since last: 1000123466 ns, Reaching safepoint: 79003 ns, Cleanup: 12900 ns, At safepoint: 6400 ns, Total: 98303 ns
[97.351s][info ][safepoint      ] Safepoint "Cleanup", Time since last: 1000119066 ns, Reaching safepoint: 76803 ns, Cleanup: 18701 ns, At safepoint: 5900 ns, Total: 101404 ns
[98.351s][info ][safepoint      ] Safepoint "Cleanup", Time since last: 1000118466 ns, Reaching safepoint: 81303 ns, Cleanup: 51102 ns, At safepoint: 5800 ns, Total: 138205 ns
[99.351s][info ][safepoint      ] Safepoint "Cleanup", Time since last: 1000128166 ns, Reaching safepoint: 80503 ns, Cleanup: 20901 ns, At safepoint: 6700 ns, Total: 108104 ns
[100.352s][info ][safepoint      ] Safepoint "Cleanup", Time since last: 1000127366 ns, Reaching safepoint: 83003 ns, Cleanup: 33101 ns, At safepoint: 6801 ns, Total: 122905 ns
[101.352s][info ][safepoint      ] Safepoint "Cleanup", Time since last: 1000122993 ns, Reaching safepoint: 79703 ns, Cleanup: 14700 ns, At safepoint: 7601 ns, Total: 102004 ns
[102.352s][info ][safepoint      ] Safepoint "Cleanup", Time since last: 1000122376 ns, Reaching safepoint: 82203 ns, Cleanup: 20101 ns, At safepoint: 7400 ns, Total: 109704 ns
[103.352s][info ][safepoint      ] Safepoint "Cleanup", Time since last: 1000126777 ns, Reaching safepoint: 83303 ns, Cleanup: 14500 ns, At safepoint: 8101 ns, Total: 105904 ns
[103.751s][debug][gc,phases      ] GC(13) Pre Compact 0.022ms
[103.751s][info ][gc,start       ] GC(13) Pause Full (Ergonomics)
[103.751s][info ][gc,phases,start] GC(13) Marking Phase
[103.869s][debug][gc,phases      ] GC(13) Par Mark 117.579ms
[103.869s][debug][gc,ref         ] GC(13) ReferenceProcessor::execute queues: 4, RefProcThreadModel::Multi, marks_oops_alive: false
[103.869s][debug][gc,ref         ] GC(13) ReferenceProcessor::execute queues: 4, RefProcThreadModel::Multi, marks_oops_alive: true
[103.870s][debug][gc,ref         ] GC(13) ReferenceProcessor::execute queues: 1, RefProcThreadModel::Single, marks_oops_alive: false
[103.870s][debug][gc,phases      ] GC(13) Reference Processing 0.823ms
[103.870s][debug][gc,phases      ] GC(13)   VM Weak                        Min:  0.0, Avg:  0.0, Max:  0.0, Diff:  0.0, Sum:  0.0, Workers: 4
[103.870s][debug][gc,phases      ] GC(13)     Dead                           Min: 0, Avg:  0.0, Max: 0, Diff: 0, Sum: 0, Workers: 4
[103.870s][debug][gc,phases      ] GC(13)     Total                          Min: 0, Avg: 218.8, Max: 448, Diff: 448, Sum: 875, Workers: 4
[103.870s][debug][gc,phases      ] GC(13)   ObjectSynchronizer Weak        Min:  0.0, Avg:  0.0, Max:  0.0, Diff:  0.0, Sum:  0.0, Workers: 4
[103.870s][debug][gc,phases      ] GC(13)     Dead                           Min: 0, Avg:  0.0, Max: 0, Diff: 0, Sum: 0, Workers: 4
[103.870s][debug][gc,phases      ] GC(13)     Total                          Min: 0, Avg:  1.2, Max: 5, Diff: 5, Sum: 5, Workers: 4
[103.870s][debug][gc,phases      ] GC(13)   JVMTI Tag Weak OopStorage      Min:  0.0, Avg:  0.0, Max:  0.0, Diff:  0.0, Sum:  0.0, Workers: 4
[103.870s][debug][gc,phases      ] GC(13)     Dead                           Min: 0, Avg:  0.0, Max: 0, Diff: 0, Sum: 0, Workers: 4
[103.870s][debug][gc,phases      ] GC(13)     Total                          Min: 0, Avg:  0.0, Max: 0, Diff: 0, Sum: 0, Workers: 4
[103.870s][debug][gc,phases      ] GC(13)   StringTable Weak               Min:  0.2, Avg:  0.2, Max:  0.3, Diff:  0.0, Sum:  1.0, Workers: 4
[103.870s][debug][gc,phases      ] GC(13)     Dead                           Min: 0, Avg:  0.5, Max: 2, Diff: 2, Sum: 2, Workers: 4
[103.870s][debug][gc,phases      ] GC(13)     Total                          Min: 5120, Avg: 11123.0, Max: 16716, Diff: 11596, Sum: 44492, Workers: 4
[103.870s][debug][gc,phases      ] GC(13)   ResolvedMethodTable Weak       Min:  0.0, Avg:  0.0, Max:  0.1, Diff:  0.1, Sum:  0.2, Workers: 4
[103.870s][debug][gc,phases      ] GC(13)     Dead                           Min: 0, Avg:  1.5, Max: 6, Diff: 6, Sum: 6, Workers: 4
[103.870s][debug][gc,phases      ] GC(13)     Total                          Min: 0, Avg: 2957.8, Max: 4159, Diff: 4159, Sum: 11831, Workers: 4
[103.870s][debug][gc,phases      ] GC(13)   JNI Weak                       Min:  0.0, Avg:  0.0, Max:  0.0, Diff:  0.0, Sum:  0.0, Workers: 4
[103.870s][debug][gc,phases      ] GC(13)     Dead                           Min: 0, Avg:  0.0, Max: 0, Diff: 0, Sum: 0, Workers: 4
[103.870s][debug][gc,phases      ] GC(13)     Total                          Min: 0, Avg: 12.0, Max: 48, Diff: 48, Sum: 48, Workers: 4
[103.870s][debug][gc,phases      ] GC(13)   StringDedup Table Weak         Min:  0.0, Avg:  0.0, Max:  0.0, Diff:  0.0, Sum:  0.0, Workers: 4
[103.870s][debug][gc,phases      ] GC(13)     Dead                           Min: 0, Avg:  0.0, Max: 0, Diff: 0, Sum: 0, Workers: 4
[103.870s][debug][gc,phases      ] GC(13)     Total                          Min: 0, Avg:  0.0, Max: 0, Diff: 0, Sum: 0, Workers: 4
[103.870s][debug][gc,phases      ] GC(13)   StringDedup Requests0 Weak     Min:  0.0, Avg:  0.0, Max:  0.0, Diff:  0.0, Sum:  0.0, Workers: 4
[103.870s][debug][gc,phases      ] GC(13)     Dead                           Min: 0, Avg:  0.0, Max: 0, Diff: 0, Sum: 0, Workers: 4
[103.870s][debug][gc,phases      ] GC(13)     Total                          Min: 0, Avg:  0.0, Max: 0, Diff: 0, Sum: 0, Workers: 4
[103.870s][debug][gc,phases      ] GC(13)   StringDedup Requests1 Weak     Min:  0.0, Avg:  0.0, Max:  0.0, Diff:  0.0, Sum:  0.0, Workers: 4
[103.870s][debug][gc,phases      ] GC(13)     Dead                           Min: 0, Avg:  0.0, Max: 0, Diff: 0, Sum: 0, Workers: 4
[103.870s][debug][gc,phases      ] GC(13)     Total                          Min: 0, Avg:  0.0, Max: 0, Diff: 0, Sum: 0, Workers: 4
[103.870s][debug][gc,phases      ] GC(13)   Weak JFR Old Object Samples    Min:  0.0, Avg:  0.0, Max:  0.0, Diff:  0.0, Sum:  0.0, Workers: 4
[103.870s][debug][gc,phases      ] GC(13)     Dead                           Min: 0, Avg:  0.0, Max: 0, Diff: 0, Sum: 0, Workers: 4
[103.870s][debug][gc,phases      ] GC(13)     Total                          Min: 0, Avg:  0.0, Max: 0, Diff: 0, Sum: 0, Workers: 4
[103.870s][debug][gc,phases      ] GC(13) Weak Processing 0.506ms
[103.870s][debug][gc,phases      ] GC(13) ClassLoaderData 0.124ms
[103.870s][debug][gc,phases      ] GC(13) Trigger cleanups 0.000ms
[103.917s][debug][gc,phases      ] GC(13) Class Unloading 46.965ms
[103.917s][debug][gc,phases      ] GC(13) Report Object Count 0.001ms
[103.917s][info ][gc,phases      ] GC(13) Marking Phase 165.997ms
[103.917s][info ][gc,phases,start] GC(13) Summary Phase
[103.917s][info ][gc,phases      ] GC(13) Summary Phase 0.036ms
[103.917s][info ][gc,phases,start] GC(13) Adjust Roots
[103.930s][info ][gc,phases      ] GC(13) Adjust Roots 12.618ms
[103.930s][info ][gc,phases,start] GC(13) Compaction Phase
[104.087s][info ][gc,phases      ] GC(13) Compaction Phase 157.639ms
[104.087s][info ][gc,phases,start] GC(13) Post Compact
[104.092s][info ][gc,phases      ] GC(13) Post Compact 4.792ms
[104.093s][info ][gc,heap        ] GC(13) PSYoungGen: 1100971K(1572864K)->65508K(1572864K) Eden: 1048576K(1048576K)->65508K(1048576K) From: 52395K(524288K)->0K(524288K)
[104.093s][info ][gc,heap        ] GC(13) ParOldGen: 266848K(267264K)->267232K(453120K)
[104.093s][info ][gc,metaspace   ] GC(13) Metaspace: 87028K(88192K)->87028K(88192K) NonClass: 74485K(75136K)->74485K(75136K) Class: 12542K(13056K)->12542K(13056K)
[104.093s][info ][gc             ] GC(13) Pause Full (Ergonomics) 1335M->324M(1978M) 341.507ms
[104.093s][info ][gc,cpu         ] GC(13) User=1.07s Sys=0.00s Real=0.34s
[104.093s][info ][safepoint      ] Safepoint "ParallelGCFailedAllocation", Time since last: 398704780 ns, Reaching safepoint: 5900 ns, Cleanup: 16700 ns, At safepoint: 341626736 ns, Total: 341649336 ns
[105.093s][info ][safepoint      ] Safepoint "Cleanup", Time since last: 1000088875 ns, Reaching safepoint: 7800 ns, Cleanup: 148106 ns, At safepoint: 7500 ns, Total: 163406 ns
[106.093s][info ][safepoint      ] Safepoint "Cleanup", Time since last: 1000080875 ns, Reaching safepoint: 7300 ns, Cleanup: 36002 ns, At safepoint: 2200 ns, Total: 45502 ns
[107.093s][info ][safepoint      ] Safepoint "Cleanup", Time since last: 1000108675 ns, Reaching safepoint: 8301 ns, Cleanup: 26901 ns, At safepoint: 2400 ns, Total: 37602 ns
[108.093s][info ][safepoint      ] Safepoint "Cleanup", Time since last: 1000115576 ns, Reaching safepoint: 79803 ns, Cleanup: 15500 ns, At safepoint: 6701 ns, Total: 102004 ns
[109.094s][info ][safepoint      ] Safepoint "Cleanup", Time since last: 1000112076 ns, Reaching safepoint: 8700 ns, Cleanup: 33201 ns, At safepoint: 2300 ns, Total: 44201 ns
[110.094s][info ][safepoint      ] Safepoint "Cleanup", Time since last: 1000075089 ns, Reaching safepoint: 6800 ns, Cleanup: 15901 ns, At safepoint: 2300 ns, Total: 25001 ns
[111.094s][info ][safepoint      ] Safepoint "Cleanup", Time since last: 1000106090 ns, Reaching safepoint: 8601 ns, Cleanup: 16500 ns, At safepoint: 2300 ns, Total: 27401 ns
[112.094s][info ][safepoint      ] Safepoint "Cleanup", Time since last: 1000112591 ns, Reaching safepoint: 8101 ns, Cleanup: 22401 ns, At safepoint: 2600 ns, Total: 33102 ns
[113.094s][info ][safepoint      ] Safepoint "Cleanup", Time since last: 1000107790 ns, Reaching safepoint: 5301 ns, Cleanup: 17100 ns, At safepoint: 4900 ns, Total: 27301 ns
[114.094s][info ][safepoint      ] Safepoint "Cleanup", Time since last: 1000102091 ns, Reaching safepoint: 8000 ns, Cleanup: 11601 ns, At safepoint: 2000 ns, Total: 21601 ns
[116.094s][info ][safepoint      ] Safepoint "Cleanup", Time since last: 2000177180 ns, Reaching safepoint: 7900 ns, Cleanup: 23901 ns, At safepoint: 2200 ns, Total: 34001 ns
[117.095s][info ][safepoint      ] Safepoint "Cleanup", Time since last: 1000112591 ns, Reaching safepoint: 6900 ns, Cleanup: 21901 ns, At safepoint: 5600 ns, Total: 34401 ns
[118.095s][info ][safepoint      ] Safepoint "Cleanup", Time since last: 1000127123 ns, Reaching safepoint: 12000 ns, Cleanup: 32301 ns, At safepoint: 2401 ns, Total: 46702 ns
[119.095s][info ][safepoint      ] Safepoint "Cleanup", Time since last: 1000108889 ns, Reaching safepoint: 9301 ns, Cleanup: 35801 ns, At safepoint: 2700 ns, Total: 47802 ns
[121.075s][info ][safepoint      ] Safepoint "Cleanup", Time since last: 1979943528 ns, Reaching safepoint: 7500 ns, Cleanup: 22001 ns, At safepoint: 2000 ns, Total: 31501 ns
[122.075s][info ][safepoint      ] Safepoint "Cleanup", Time since last: 1000107290 ns, Reaching safepoint: 7500 ns, Cleanup: 14901 ns, At safepoint: 5300 ns, Total: 27701 ns
[123.075s][info ][safepoint      ] Safepoint "Cleanup", Time since last: 1000080889 ns, Reaching safepoint: 7000 ns, Cleanup: 10900 ns, At safepoint: 2000 ns, Total: 19900 ns
[124.075s][info ][safepoint      ] Safepoint "Cleanup", Time since last: 1000104990 ns, Reaching safepoint: 8200 ns, Cleanup: 28401 ns, At safepoint: 5801 ns, Total: 42402 ns
[125.075s][info ][safepoint      ] Safepoint "Cleanup", Time since last: 1000115090 ns, Reaching safepoint: 7400 ns, Cleanup: 16401 ns, At safepoint: 2300 ns, Total: 26101 ns
[126.076s][info ][safepoint      ] Safepoint "Cleanup", Time since last: 1000108358 ns, Reaching safepoint: 8400 ns, Cleanup: 13800 ns, At safepoint: 2101 ns, Total: 24301 ns
[127.076s][info ][safepoint      ] Safepoint "Cleanup", Time since last: 1000076502 ns, Reaching safepoint: 7401 ns, Cleanup: 10600 ns, At safepoint: 2300 ns, Total: 20301 ns
[128.076s][info ][safepoint      ] Safepoint "Cleanup", Time since last: 1000110804 ns, Reaching safepoint: 7200 ns, Cleanup: 27801 ns, At safepoint: 2301 ns, Total: 37302 ns
[129.076s][info ][safepoint      ] Safepoint "Cleanup", Time since last: 1000111004 ns, Reaching safepoint: 7900 ns, Cleanup: 22201 ns, At safepoint: 2400 ns, Total: 32501 ns
[130.076s][info ][safepoint      ] Safepoint "Cleanup", Time since last: 1000113604 ns, Reaching safepoint: 7400 ns, Cleanup: 20001 ns, At safepoint: 2300 ns, Total: 29701 ns
[131.076s][info ][safepoint      ] Safepoint "Cleanup", Time since last: 1000116904 ns, Reaching safepoint: 7601 ns, Cleanup: 10400 ns, At safepoint: 2300 ns, Total: 20301 ns
[132.076s][info ][safepoint      ] Safepoint "Cleanup", Time since last: 1000063802 ns, Reaching safepoint: 8201 ns, Cleanup: 13300 ns, At safepoint: 2500 ns, Total: 24001 ns
[134.076s][info ][safepoint      ] Safepoint "Cleanup", Time since last: 2000177034 ns, Reaching safepoint: 8300 ns, Cleanup: 11601 ns, At safepoint: 2200 ns, Total: 22101 ns
[135.077s][info ][safepoint      ] Safepoint "Cleanup", Time since last: 1000112281 ns, Reaching safepoint: 7801 ns, Cleanup: 11600 ns, At safepoint: 2500 ns, Total: 21901 ns
[136.077s][info ][safepoint      ] Safepoint "Cleanup", Time since last: 1000113082 ns, Reaching safepoint: 9500 ns, Cleanup: 17401 ns, At safepoint: 2300 ns, Total: 29201 ns
[136.649s][info ][gc,start       ] GC(14) Pause Young (Allocation Failure)
[136.708s][debug][gc,phases      ] GC(14) Scavenge 58.975ms
[136.708s][debug][gc,ref         ] GC(14) ReferenceProcessor::execute queues: 1, RefProcThreadModel::Single, marks_oops_alive: false
[136.708s][debug][gc,ref         ] GC(14) Skipped KeepAliveFinalRefsPhase of Reference Processing: no references
[136.708s][debug][gc,ref         ] GC(14) ReferenceProcessor::execute queues: 1, RefProcThreadModel::Single, marks_oops_alive: false
[136.708s][debug][gc,phases      ] GC(14) Reference Processing 0.158ms
[136.708s][debug][gc,phases      ] GC(14)   VM Weak                        Min:  0.0, Avg:  0.0, Max:  0.0, Diff:  0.0, Sum:  0.0, Workers: 4
[136.708s][debug][gc,phases      ] GC(14)     Dead                           Min: 0, Avg:  0.0, Max: 0, Diff: 0, Sum: 0, Workers: 4
[136.708s][debug][gc,phases      ] GC(14)     Total                          Min: 0, Avg: 221.2, Max: 704, Diff: 704, Sum: 885, Workers: 4
[136.708s][debug][gc,phases      ] GC(14)   ObjectSynchronizer Weak        Min:  0.0, Avg:  0.0, Max:  0.0, Diff:  0.0, Sum:  0.0, Workers: 4
[136.708s][debug][gc,phases      ] GC(14)     Dead                           Min: 0, Avg:  0.0, Max: 0, Diff: 0, Sum: 0, Workers: 4
[136.708s][debug][gc,phases      ] GC(14)     Total                          Min: 0, Avg:  1.0, Max: 4, Diff: 4, Sum: 4, Workers: 4
[136.708s][debug][gc,phases      ] GC(14)   JVMTI Tag Weak OopStorage      Min:  0.0, Avg:  0.0, Max:  0.0, Diff:  0.0, Sum:  0.0, Workers: 4
[136.708s][debug][gc,phases      ] GC(14)     Dead                           Min: 0, Avg:  0.0, Max: 0, Diff: 0, Sum: 0, Workers: 4
[136.708s][debug][gc,phases      ] GC(14)     Total                          Min: 0, Avg:  0.0, Max: 0, Diff: 0, Sum: 0, Workers: 4
[136.708s][debug][gc,phases      ] GC(14)   StringTable Weak               Min:  0.0, Avg:  0.1, Max:  0.2, Diff:  0.2, Sum:  0.5, Workers: 4
[136.708s][debug][gc,phases      ] GC(14)     Dead                           Min: 0, Avg:  0.8, Max: 2, Diff: 2, Sum: 3, Workers: 4
[136.708s][debug][gc,phases      ] GC(14)     Total                          Min: 0, Avg: 11153.5, Max: 15424, Diff: 15424, Sum: 44614, Workers: 4
[136.708s][debug][gc,phases      ] GC(14)   ResolvedMethodTable Weak       Min:  0.0, Avg:  0.0, Max:  0.1, Diff:  0.1, Sum:  0.2, Workers: 4
[136.708s][debug][gc,phases      ] GC(14)     Dead                           Min: 0, Avg:  4.5, Max: 13, Diff: 13, Sum: 18, Workers: 4
[136.708s][debug][gc,phases      ] GC(14)     Total                          Min: 0, Avg: 2979.0, Max: 4222, Diff: 4222, Sum: 11916, Workers: 4
[136.708s][debug][gc,phases      ] GC(14)   JNI Weak                       Min:  0.0, Avg:  0.0, Max:  0.0, Diff:  0.0, Sum:  0.0, Workers: 4
[136.708s][debug][gc,phases      ] GC(14)     Dead                           Min: 0, Avg:  0.0, Max: 0, Diff: 0, Sum: 0, Workers: 4
[136.708s][debug][gc,phases      ] GC(14)     Total                          Min: 0, Avg: 12.0, Max: 48, Diff: 48, Sum: 48, Workers: 4
[136.708s][debug][gc,phases      ] GC(14)   StringDedup Table Weak         Min:  0.0, Avg:  0.0, Max:  0.0, Diff:  0.0, Sum:  0.0, Workers: 4
[136.708s][debug][gc,phases      ] GC(14)     Dead                           Min: 0, Avg:  0.0, Max: 0, Diff: 0, Sum: 0, Workers: 4
[136.708s][debug][gc,phases      ] GC(14)     Total                          Min: 0, Avg:  0.0, Max: 0, Diff: 0, Sum: 0, Workers: 4
[136.708s][debug][gc,phases      ] GC(14)   StringDedup Requests0 Weak     Min:  0.0, Avg:  0.0, Max:  0.0, Diff:  0.0, Sum:  0.0, Workers: 4
[136.708s][debug][gc,phases      ] GC(14)     Dead                           Min: 0, Avg:  0.0, Max: 0, Diff: 0, Sum: 0, Workers: 4
[136.708s][debug][gc,phases      ] GC(14)     Total                          Min: 0, Avg:  0.0, Max: 0, Diff: 0, Sum: 0, Workers: 4
[136.708s][debug][gc,phases      ] GC(14)   StringDedup Requests1 Weak     Min:  0.0, Avg:  0.0, Max:  0.0, Diff:  0.0, Sum:  0.0, Workers: 4
[136.708s][debug][gc,phases      ] GC(14)     Dead                           Min: 0, Avg:  0.0, Max: 0, Diff: 0, Sum: 0, Workers: 4
[136.708s][debug][gc,phases      ] GC(14)     Total                          Min: 0, Avg:  0.0, Max: 0, Diff: 0, Sum: 0, Workers: 4
[136.708s][debug][gc,phases      ] GC(14)   Weak JFR Old Object Samples    Min:  0.0, Avg:  0.0, Max:  0.0, Diff:  0.0, Sum:  0.0, Workers: 4
[136.708s][debug][gc,phases      ] GC(14)     Dead                           Min: 0, Avg:  0.0, Max: 0, Diff: 0, Sum: 0, Workers: 4
[136.708s][debug][gc,phases      ] GC(14)     Total                          Min: 0, Avg:  0.0, Max: 0, Diff: 0, Sum: 0, Workers: 4
[136.708s][debug][gc,phases      ] GC(14) Weak Processing 0.473ms
[136.708s][debug][gc,age         ] GC(14) Desired survivor size 536870912 bytes, new threshold 3 (max threshold 15)
[136.708s][info ][gc,heap        ] GC(14) PSYoungGen: 1048576K(1572864K)->24592K(1572864K) Eden: 1048576K(1048576K)->0K(1048576K) From: 0K(524288K)->24592K(524288K)
[136.708s][info ][gc,heap        ] GC(14) ParOldGen: 267232K(453120K)->309560K(453120K)
[136.708s][info ][gc,metaspace   ] GC(14) Metaspace: 87392K(88512K)->87392K(88512K) NonClass: 74812K(75456K)->74812K(75456K) Class: 12579K(13056K)->12579K(13056K)
[136.708s][info ][gc             ] GC(14) Pause Young (Allocation Failure) 1284M->326M(1978M) 59.772ms
[136.708s][info ][gc,cpu         ] GC(14) User=0.19s Sys=0.02s Real=0.06s
[136.708s][info ][safepoint      ] Safepoint "ParallelGCFailedAllocation", Time since last: 571700897 ns, Reaching safepoint: 77403 ns, Cleanup: 17301 ns, At safepoint: 59866120 ns, Total: 59960824 ns
[137.708s][info ][safepoint      ] Safepoint "Cleanup", Time since last: 1000068380 ns, Reaching safepoint: 9000 ns, Cleanup: 13701 ns, At safepoint: 2600 ns, Total: 25301 ns
[138.709s][info ][safepoint      ] Safepoint "Cleanup", Time since last: 1000111781 ns, Reaching safepoint: 7601 ns, Cleanup: 17900 ns, At safepoint: 2100 ns, Total: 27601 ns
[140.709s][info ][safepoint      ] Safepoint "Cleanup", Time since last: 2000292866 ns, Reaching safepoint: 7801 ns, Cleanup: 14000 ns, At safepoint: 2700 ns, Total: 24501 ns
[141.709s][info ][safepoint      ] Safepoint "Cleanup", Time since last: 1000100918 ns, Reaching safepoint: 7100 ns, Cleanup: 16301 ns, At safepoint: 2000 ns, Total: 25401 ns
[142.709s][info ][safepoint      ] Safepoint "Cleanup", Time since last: 1000117227 ns, Reaching safepoint: 7300 ns, Cleanup: 11501 ns, At safepoint: 2200 ns, Total: 21001 ns
[144.709s][info ][safepoint      ] Safepoint "Cleanup", Time since last: 2000180452 ns, Reaching safepoint: 6700 ns, Cleanup: 30701 ns, At safepoint: 2400 ns, Total: 39801 ns
[145.710s][info ][safepoint      ] Safepoint "Cleanup", Time since last: 1000113127 ns, Reaching safepoint: 8301 ns, Cleanup: 11800 ns, At safepoint: 2200 ns, Total: 22301 ns
[146.710s][info ][safepoint      ] Safepoint "Cleanup", Time since last: 1000122727 ns, Reaching safepoint: 7601 ns, Cleanup: 15600 ns, At safepoint: 2000 ns, Total: 25201 ns
[147.710s][info ][safepoint      ] Safepoint "Cleanup", Time since last: 1000116027 ns, Reaching safepoint: 7301 ns, Cleanup: 11500 ns, At safepoint: 2200 ns, Total: 21001 ns
[148.710s][info ][safepoint      ] Safepoint "Cleanup", Time since last: 1000109627 ns, Reaching safepoint: 9300 ns, Cleanup: 12501 ns, At safepoint: 2300 ns, Total: 24101 ns
[150.710s][info ][safepoint      ] Safepoint "Cleanup", Time since last: 2000171802 ns, Reaching safepoint: 7700 ns, Cleanup: 12801 ns, At safepoint: 2100 ns, Total: 22601 ns
[151.710s][info ][safepoint      ] Safepoint "Cleanup", Time since last: 1000106260 ns, Reaching safepoint: 4700 ns, Cleanup: 6700 ns, At safepoint: 5100 ns, Total: 16500 ns
[153.710s][info ][safepoint      ] Safepoint "Cleanup", Time since last: 2000170118 ns, Reaching safepoint: 6700 ns, Cleanup: 10901 ns, At safepoint: 2400 ns, Total: 20001 ns
[154.711s][info ][safepoint      ] Safepoint "Cleanup", Time since last: 1000130161 ns, Reaching safepoint: 9200 ns, Cleanup: 20501 ns, At safepoint: 3100 ns, Total: 32801 ns
[155.711s][info ][safepoint      ] Safepoint "Cleanup", Time since last: 1000116060 ns, Reaching safepoint: 6400 ns, Cleanup: 10500 ns, At safepoint: 2401 ns, Total: 19301 ns
[156.711s][info ][safepoint      ] Safepoint "Cleanup", Time since last: 1000091859 ns, Reaching safepoint: 7800 ns, Cleanup: 14701 ns, At safepoint: 2200 ns, Total: 24701 ns
[158.711s][info ][safepoint      ] Safepoint "Cleanup", Time since last: 2000161103 ns, Reaching safepoint: 7401 ns, Cleanup: 11000 ns, At safepoint: 2400 ns, Total: 20801 ns
[160.711s][info ][safepoint      ] Safepoint "Cleanup", Time since last: 2000180737 ns, Reaching safepoint: 6500 ns, Cleanup: 13901 ns, At safepoint: 2200 ns, Total: 22601 ns
[161.711s][info ][safepoint      ] Safepoint "Cleanup", Time since last: 1000116319 ns, Reaching safepoint: 7800 ns, Cleanup: 13601 ns, At safepoint: 2200 ns, Total: 23601 ns
[164.712s][info ][safepoint      ] Safepoint "Cleanup", Time since last: 3000247254 ns, Reaching safepoint: 78603 ns, Cleanup: 11800 ns, At safepoint: 6601 ns, Total: 97004 ns
[165.712s][info ][safepoint      ] Safepoint "Cleanup", Time since last: 1000115558 ns, Reaching safepoint: 7701 ns, Cleanup: 11400 ns, At safepoint: 2300 ns, Total: 21401 ns
[167.712s][info ][safepoint      ] Safepoint "Cleanup", Time since last: 2000184090 ns, Reaching safepoint: 6700 ns, Cleanup: 24901 ns, At safepoint: 2300 ns, Total: 33901 ns
[168.712s][info ][safepoint      ] Safepoint "Cleanup", Time since last: 1000119096 ns, Reaching safepoint: 6700 ns, Cleanup: 17001 ns, At safepoint: 2700 ns, Total: 26401 ns
[169.712s][info ][safepoint      ] Safepoint "Cleanup", Time since last: 1000112496 ns, Reaching safepoint: 6400 ns, Cleanup: 28201 ns, At safepoint: 3100 ns, Total: 37701 ns
[171.713s][info ][safepoint      ] Safepoint "Cleanup", Time since last: 2000155389 ns, Reaching safepoint: 7500 ns, Cleanup: 14500 ns, At safepoint: 2701 ns, Total: 24701 ns
[172.713s][info ][safepoint      ] Safepoint "Cleanup", Time since last: 1000116495 ns, Reaching safepoint: 7401 ns, Cleanup: 11000 ns, At safepoint: 2600 ns, Total: 21001 ns
[173.713s][info ][safepoint      ] Safepoint "Cleanup", Time since last: 1000126960 ns, Reaching safepoint: 7900 ns, Cleanup: 30701 ns, At safepoint: 2400 ns, Total: 41001 ns
[174.713s][info ][safepoint      ] Safepoint "Cleanup", Time since last: 1000111433 ns, Reaching safepoint: 6701 ns, Cleanup: 9700 ns, At safepoint: 2200 ns, Total: 18601 ns
[175.306s][info ][gc,start       ] GC(15) Pause Young (Allocation Failure)
[175.319s][debug][gc,phases      ] GC(15) Scavenge 12.858ms
[175.320s][debug][gc,ref         ] GC(15) ReferenceProcessor::execute queues: 1, RefProcThreadModel::Single, marks_oops_alive: false
[175.320s][debug][gc,ref         ] GC(15) Skipped KeepAliveFinalRefsPhase of Reference Processing: no references
[175.320s][debug][gc,ref         ] GC(15) ReferenceProcessor::execute queues: 1, RefProcThreadModel::Single, marks_oops_alive: false
[175.320s][debug][gc,phases      ] GC(15) Reference Processing 0.118ms
[175.320s][debug][gc,phases      ] GC(15)   VM Weak                        Min:  0.0, Avg:  0.0, Max:  0.0, Diff:  0.0, Sum:  0.0, Workers: 4
[175.320s][debug][gc,phases      ] GC(15)     Dead                           Min: 0, Avg:  0.0, Max: 0, Diff: 0, Sum: 0, Workers: 4
[175.320s][debug][gc,phases      ] GC(15)     Total                          Min: 0, Avg: 221.2, Max: 565, Diff: 565, Sum: 885, Workers: 4
[175.320s][debug][gc,phases      ] GC(15)   ObjectSynchronizer Weak        Min:  0.0, Avg:  0.0, Max:  0.0, Diff:  0.0, Sum:  0.0, Workers: 4
[175.320s][debug][gc,phases      ] GC(15)     Dead                           Min: 0, Avg:  0.0, Max: 0, Diff: 0, Sum: 0, Workers: 4
[175.320s][debug][gc,phases      ] GC(15)     Total                          Min: 0, Avg:  1.0, Max: 4, Diff: 4, Sum: 4, Workers: 4
[175.320s][debug][gc,phases      ] GC(15)   JVMTI Tag Weak OopStorage      Min:  0.0, Avg:  0.0, Max:  0.0, Diff:  0.0, Sum:  0.0, Workers: 4
[175.320s][debug][gc,phases      ] GC(15)     Dead                           Min: 0, Avg:  0.0, Max: 0, Diff: 0, Sum: 0, Workers: 4
[175.320s][debug][gc,phases      ] GC(15)     Total                          Min: 0, Avg:  0.0, Max: 0, Diff: 0, Sum: 0, Workers: 4
[175.320s][debug][gc,phases      ] GC(15)   StringTable Weak               Min:  0.0, Avg:  0.1, Max:  0.2, Diff:  0.2, Sum:  0.5, Workers: 4
[175.320s][debug][gc,phases      ] GC(15)     Dead                           Min: 0, Avg:  0.0, Max: 0, Diff: 0, Sum: 0, Workers: 4
[175.320s][debug][gc,phases      ] GC(15)     Total                          Min: 0, Avg: 11158.8, Max: 15296, Diff: 15296, Sum: 44635, Workers: 4
[175.320s][debug][gc,phases      ] GC(15)   ResolvedMethodTable Weak       Min:  0.0, Avg:  0.0, Max:  0.0, Diff:  0.0, Sum:  0.1, Workers: 4
[175.320s][debug][gc,phases      ] GC(15)     Dead                           Min: 0, Avg:  0.0, Max: 0, Diff: 0, Sum: 0, Workers: 4
[175.320s][debug][gc,phases      ] GC(15)     Total                          Min: 0, Avg: 2979.0, Max: 4173, Diff: 4173, Sum: 11916, Workers: 4
[175.320s][debug][gc,phases      ] GC(15)   JNI Weak                       Min:  0.0, Avg:  0.0, Max:  0.0, Diff:  0.0, Sum:  0.0, Workers: 4
[175.320s][debug][gc,phases      ] GC(15)     Dead                           Min: 0, Avg:  0.0, Max: 0, Diff: 0, Sum: 0, Workers: 4
[175.320s][debug][gc,phases      ] GC(15)     Total                          Min: 0, Avg: 12.0, Max: 48, Diff: 48, Sum: 48, Workers: 4
[175.320s][debug][gc,phases      ] GC(15)   StringDedup Table Weak         Min:  0.0, Avg:  0.0, Max:  0.0, Diff:  0.0, Sum:  0.0, Workers: 4
[175.320s][debug][gc,phases      ] GC(15)     Dead                           Min: 0, Avg:  0.0, Max: 0, Diff: 0, Sum: 0, Workers: 4
[175.320s][debug][gc,phases      ] GC(15)     Total                          Min: 0, Avg:  0.0, Max: 0, Diff: 0, Sum: 0, Workers: 4
[175.320s][debug][gc,phases      ] GC(15)   StringDedup Requests0 Weak     Min:  0.0, Avg:  0.0, Max:  0.0, Diff:  0.0, Sum:  0.0, Workers: 4
[175.320s][debug][gc,phases      ] GC(15)     Dead                           Min: 0, Avg:  0.0, Max: 0, Diff: 0, Sum: 0, Workers: 4
[175.320s][debug][gc,phases      ] GC(15)     Total                          Min: 0, Avg:  0.0, Max: 0, Diff: 0, Sum: 0, Workers: 4
[175.320s][debug][gc,phases      ] GC(15)   StringDedup Requests1 Weak     Min:  0.0, Avg:  0.0, Max:  0.0, Diff:  0.0, Sum:  0.0, Workers: 4
[175.320s][debug][gc,phases      ] GC(15)     Dead                           Min: 0, Avg:  0.0, Max: 0, Diff: 0, Sum: 0, Workers: 4
[175.320s][debug][gc,phases      ] GC(15)     Total                          Min: 0, Avg:  0.0, Max: 0, Diff: 0, Sum: 0, Workers: 4
[175.320s][debug][gc,phases      ] GC(15)   Weak JFR Old Object Samples    Min:  0.0, Avg:  0.0, Max:  0.0, Diff:  0.0, Sum:  0.0, Workers: 4
[175.320s][debug][gc,phases      ] GC(15)     Dead                           Min: 0, Avg:  0.0, Max: 0, Diff: 0, Sum: 0, Workers: 4
[175.320s][debug][gc,phases      ] GC(15)     Total                          Min: 0, Avg:  0.0, Max: 0, Diff: 0, Sum: 0, Workers: 4
[175.320s][debug][gc,phases      ] GC(15) Weak Processing 0.406ms
[175.320s][debug][gc,age         ] GC(15) Desired survivor size 536870912 bytes, new threshold 2 (max threshold 15)
[175.320s][info ][gc,heap        ] GC(15) PSYoungGen: 1073168K(1572864K)->14208K(1572864K) Eden: 1048576K(1048576K)->0K(1048576K) From: 24592K(524288K)->14208K(524288K)
[175.320s][info ][gc,heap        ] GC(15) ParOldGen: 309560K(453120K)->320476K(453120K)
[175.320s][info ][gc,metaspace   ] GC(15) Metaspace: 87467K(88640K)->87467K(88640K) NonClass: 74887K(75584K)->74887K(75584K) Class: 12580K(13056K)->12580K(13056K)
[175.320s][info ][gc             ] GC(15) Pause Young (Allocation Failure) 1350M->326M(1978M) 13.529ms
[175.320s][info ][gc,cpu         ] GC(15) User=0.03s Sys=0.00s Real=0.01s
[175.320s][debug][gc,phases      ] GC(16) Pre Compact 0.009ms
[175.320s][info ][gc,start       ] GC(16) Pause Full (Ergonomics)
[175.320s][info ][gc,phases,start] GC(16) Marking Phase
[175.428s][debug][gc,phases      ] GC(16) Par Mark 107.704ms
[175.428s][debug][gc,ref         ] GC(16) ReferenceProcessor::execute queues: 4, RefProcThreadModel::Multi, marks_oops_alive: false
[175.429s][debug][gc,ref         ] GC(16) Skipped KeepAliveFinalRefsPhase of Reference Processing: no references
[175.429s][debug][gc,ref         ] GC(16) ReferenceProcessor::execute queues: 1, RefProcThreadModel::Single, marks_oops_alive: false
[175.429s][debug][gc,phases      ] GC(16) Reference Processing 0.772ms
[175.429s][debug][gc,phases      ] GC(16)   VM Weak                        Min:  0.0, Avg:  0.0, Max:  0.0, Diff:  0.0, Sum:  0.0, Workers: 4
[175.429s][debug][gc,phases      ] GC(16)     Dead                           Min: 0, Avg:  0.0, Max: 0, Diff: 0, Sum: 0, Workers: 4
[175.429s][debug][gc,phases      ] GC(16)     Total                          Min: 0, Avg: 221.2, Max: 448, Diff: 448, Sum: 885, Workers: 4
[175.429s][debug][gc,phases      ] GC(16)   ObjectSynchronizer Weak        Min:  0.0, Avg:  0.0, Max:  0.0, Diff:  0.0, Sum:  0.0, Workers: 4
[175.429s][debug][gc,phases      ] GC(16)     Dead                           Min: 0, Avg:  0.0, Max: 0, Diff: 0, Sum: 0, Workers: 4
[175.429s][debug][gc,phases      ] GC(16)     Total                          Min: 0, Avg:  1.0, Max: 4, Diff: 4, Sum: 4, Workers: 4
[175.429s][debug][gc,phases      ] GC(16)   JVMTI Tag Weak OopStorage      Min:  0.0, Avg:  0.0, Max:  0.0, Diff:  0.0, Sum:  0.0, Workers: 4
[175.429s][debug][gc,phases      ] GC(16)     Dead                           Min: 0, Avg:  0.0, Max: 0, Diff: 0, Sum: 0, Workers: 4
[175.429s][debug][gc,phases      ] GC(16)     Total                          Min: 0, Avg:  0.0, Max: 0, Diff: 0, Sum: 0, Workers: 4
[175.429s][debug][gc,phases      ] GC(16)   StringTable Weak               Min:  0.0, Avg:  0.2, Max:  0.2, Diff:  0.2, Sum:  0.7, Workers: 4
[175.429s][debug][gc,phases      ] GC(16)     Dead                           Min: 0, Avg:  0.0, Max: 0, Diff: 0, Sum: 0, Workers: 4
[175.429s][debug][gc,phases      ] GC(16)     Total                          Min: 0, Avg: 11158.8, Max: 17472, Diff: 17472, Sum: 44635, Workers: 4
[175.429s][debug][gc,phases      ] GC(16)   ResolvedMethodTable Weak       Min:  0.0, Avg:  0.0, Max:  0.1, Diff:  0.1, Sum:  0.2, Workers: 4
[175.429s][debug][gc,phases      ] GC(16)     Dead                           Min: 0, Avg:  0.0, Max: 0, Diff: 0, Sum: 0, Workers: 4
[175.429s][debug][gc,phases      ] GC(16)     Total                          Min: 0, Avg: 2979.0, Max: 4813, Diff: 4813, Sum: 11916, Workers: 4
[175.429s][debug][gc,phases      ] GC(16)   JNI Weak                       Min:  0.0, Avg:  0.0, Max:  0.0, Diff:  0.0, Sum:  0.0, Workers: 4
[175.429s][debug][gc,phases      ] GC(16)     Dead                           Min: 0, Avg:  0.0, Max: 0, Diff: 0, Sum: 0, Workers: 4
[175.429s][debug][gc,phases      ] GC(16)     Total                          Min: 0, Avg: 12.0, Max: 48, Diff: 48, Sum: 48, Workers: 4
[175.429s][debug][gc,phases      ] GC(16)   StringDedup Table Weak         Min:  0.0, Avg:  0.0, Max:  0.0, Diff:  0.0, Sum:  0.0, Workers: 4
[175.429s][debug][gc,phases      ] GC(16)     Dead                           Min: 0, Avg:  0.0, Max: 0, Diff: 0, Sum: 0, Workers: 4
[175.429s][debug][gc,phases      ] GC(16)     Total                          Min: 0, Avg:  0.0, Max: 0, Diff: 0, Sum: 0, Workers: 4
[175.429s][debug][gc,phases      ] GC(16)   StringDedup Requests0 Weak     Min:  0.0, Avg:  0.0, Max:  0.0, Diff:  0.0, Sum:  0.0, Workers: 4
[175.429s][debug][gc,phases      ] GC(16)     Dead                           Min: 0, Avg:  0.0, Max: 0, Diff: 0, Sum: 0, Workers: 4
[175.429s][debug][gc,phases      ] GC(16)     Total                          Min: 0, Avg:  0.0, Max: 0, Diff: 0, Sum: 0, Workers: 4
[175.429s][debug][gc,phases      ] GC(16)   StringDedup Requests1 Weak     Min:  0.0, Avg:  0.0, Max:  0.0, Diff:  0.0, Sum:  0.0, Workers: 4
[175.429s][debug][gc,phases      ] GC(16)     Dead                           Min: 0, Avg:  0.0, Max: 0, Diff: 0, Sum: 0, Workers: 4
[175.429s][debug][gc,phases      ] GC(16)     Total                          Min: 0, Avg:  0.0, Max: 0, Diff: 0, Sum: 0, Workers: 4
[175.429s][debug][gc,phases      ] GC(16)   Weak JFR Old Object Samples    Min:  0.0, Avg:  0.0, Max:  0.0, Diff:  0.0, Sum:  0.0, Workers: 4
[175.429s][debug][gc,phases      ] GC(16)     Dead                           Min: 0, Avg:  0.0, Max: 0, Diff: 0, Sum: 0, Workers: 4
[175.429s][debug][gc,phases      ] GC(16)     Total                          Min: 0, Avg:  0.0, Max: 0, Diff: 0, Sum: 0, Workers: 4
[175.429s][debug][gc,phases      ] GC(16) Weak Processing 0.480ms
[175.429s][debug][gc,phases      ] GC(16) ClassLoaderData 0.121ms
[175.429s][debug][gc,phases      ] GC(16) Trigger cleanups 0.000ms
[175.454s][debug][gc,phases      ] GC(16) Class Unloading 24.531ms
[175.454s][debug][gc,phases      ] GC(16) Report Object Count 0.001ms
[175.454s][info ][gc,phases      ] GC(16) Marking Phase 133.591ms
[175.454s][info ][gc,phases,start] GC(16) Summary Phase
[175.454s][info ][gc,phases      ] GC(16) Summary Phase 0.014ms
[175.454s][info ][gc,phases,start] GC(16) Adjust Roots
[175.466s][info ][gc,phases      ] GC(16) Adjust Roots 11.816ms
[175.466s][info ][gc,phases,start] GC(16) Compaction Phase
[175.581s][info ][gc,phases      ] GC(16) Compaction Phase 115.132ms
[175.581s][info ][gc,phases,start] GC(16) Post Compact
[175.582s][info ][gc,phases      ] GC(16) Post Compact 1.314ms
[175.582s][info ][gc,heap        ] GC(16) PSYoungGen: 14208K(1572864K)->0K(1572864K) Eden: 0K(1048576K)->0K(1048576K) From: 14208K(524288K)->0K(524288K)
[175.582s][info ][gc,heap        ] GC(16) ParOldGen: 320476K(453120K)->323129K(510464K)
[175.582s][info ][gc,metaspace   ] GC(16) Metaspace: 87467K(88640K)->87467K(88640K) NonClass: 74887K(75584K)->74887K(75584K) Class: 12580K(13056K)->12580K(13056K)
[175.582s][info ][gc             ] GC(16) Pause Full (Ergonomics) 326M->315M(2034M) 262.148ms
[175.582s][info ][gc,cpu         ] GC(16) User=0.86s Sys=0.00s Real=0.26s
[175.582s][info ][safepoint      ] Safepoint "ParallelGCFailedAllocation", Time since last: 593396017 ns, Reaching safepoint: 5600 ns, Cleanup: 13201 ns, At safepoint: 275839648 ns, Total: 275858449 ns
[176.582s][info ][safepoint      ] Safepoint "Cleanup", Time since last: 1000112334 ns, Reaching safepoint: 7700 ns, Cleanup: 28401 ns, At safepoint: 2200 ns, Total: 38301 ns
[177.583s][info ][safepoint      ] Safepoint "Cleanup", Time since last: 1000096533 ns, Reaching safepoint: 7400 ns, Cleanup: 10201 ns, At safepoint: 6000 ns, Total: 23601 ns
[179.583s][info ][safepoint      ] Safepoint "Cleanup", Time since last: 2000173365 ns, Reaching safepoint: 7700 ns, Cleanup: 19101 ns, At safepoint: 2300 ns, Total: 29101 ns
[182.090s][info ][safepoint      ] Safepoint "Cleanup", Time since last: 2507245502 ns, Reaching safepoint: 7901 ns, Cleanup: 23501 ns, At safepoint: 2500 ns, Total: 33902 ns
[183.090s][info ][safepoint      ] Safepoint "Cleanup", Time since last: 1000105378 ns, Reaching safepoint: 13000 ns, Cleanup: 13801 ns, At safepoint: 2300 ns, Total: 29101 ns
[186.090s][info ][safepoint      ] Safepoint "Cleanup", Time since last: 3000219030 ns, Reaching safepoint: 9100 ns, Cleanup: 26601 ns, At safepoint: 2400 ns, Total: 38101 ns
[187.091s][info ][safepoint      ] Safepoint "Cleanup", Time since last: 1000106478 ns, Reaching safepoint: 7401 ns, Cleanup: 13600 ns, At safepoint: 3500 ns, Total: 24501 ns
[188.091s][info ][safepoint      ] Safepoint "Cleanup", Time since last: 1000117979 ns, Reaching safepoint: 8300 ns, Cleanup: 11600 ns, At safepoint: 2300 ns, Total: 22200 ns
[190.091s][info ][safepoint      ] Safepoint "Cleanup", Time since last: 2000167063 ns, Reaching safepoint: 8500 ns, Cleanup: 12700 ns, At safepoint: 2200 ns, Total: 23400 ns
[192.091s][info ][safepoint      ] Safepoint "Cleanup", Time since last: 2000135911 ns, Reaching safepoint: 6601 ns, Cleanup: 13300 ns, At safepoint: 2300 ns, Total: 22201 ns
[193.091s][info ][safepoint      ] Safepoint "Cleanup", Time since last: 1000114257 ns, Reaching safepoint: 10301 ns, Cleanup: 16400 ns, At safepoint: 6100 ns, Total: 32801 ns
[195.091s][info ][safepoint      ] Safepoint "Cleanup", Time since last: 2000183313 ns, Reaching safepoint: 7700 ns, Cleanup: 17101 ns, At safepoint: 2500 ns, Total: 27301 ns
[198.092s][info ][safepoint      ] Safepoint "Cleanup", Time since last: 3000262060 ns, Reaching safepoint: 7601 ns, Cleanup: 8900 ns, At safepoint: 2200 ns, Total: 18701 ns
[199.092s][info ][safepoint      ] Safepoint "Cleanup", Time since last: 1000142717 ns, Reaching safepoint: 8600 ns, Cleanup: 26601 ns, At safepoint: 3201 ns, Total: 38402 ns
[200.092s][info ][safepoint      ] Safepoint "Cleanup", Time since last: 1000078114 ns, Reaching safepoint: 6700 ns, Cleanup: 10401 ns, At safepoint: 2200 ns, Total: 19301 ns
[201.092s][info ][safepoint      ] Safepoint "Cleanup", Time since last: 1000108216 ns, Reaching safepoint: 8200 ns, Cleanup: 15200 ns, At safepoint: 2101 ns, Total: 25501 ns
[202.092s][info ][safepoint      ] Safepoint "Cleanup", Time since last: 1000113015 ns, Reaching safepoint: 8901 ns, Cleanup: 16600 ns, At safepoint: 2000 ns, Total: 27501 ns
[204.092s][info ][safepoint      ] Safepoint "Cleanup", Time since last: 2000165730 ns, Reaching safepoint: 8100 ns, Cleanup: 15801 ns, At safepoint: 2600 ns, Total: 26501 ns
[205.093s][info ][safepoint      ] Safepoint "Cleanup", Time since last: 1000118316 ns, Reaching safepoint: 7500 ns, Cleanup: 10801 ns, At safepoint: 2200 ns, Total: 20501 ns
[206.093s][info ][safepoint      ] Safepoint "Cleanup", Time since last: 1000125139 ns, Reaching safepoint: 7500 ns, Cleanup: 12101 ns, At safepoint: 2400 ns, Total: 22001 ns
[207.093s][info ][safepoint      ] Safepoint "Cleanup", Time since last: 1000107675 ns, Reaching safepoint: 6900 ns, Cleanup: 17101 ns, At safepoint: 2100 ns, Total: 26101 ns
[208.093s][info ][safepoint      ] Safepoint "Cleanup", Time since last: 1000116576 ns, Reaching safepoint: 8000 ns, Cleanup: 19101 ns, At safepoint: 2300 ns, Total: 29401 ns
[209.093s][info ][safepoint      ] Safepoint "Cleanup", Time since last: 1000109775 ns, Reaching safepoint: 6200 ns, Cleanup: 13601 ns, At safepoint: 2200 ns, Total: 22001 ns
[210.093s][info ][safepoint      ] Safepoint "Cleanup", Time since last: 1000129276 ns, Reaching safepoint: 7100 ns, Cleanup: 18901 ns, At safepoint: 2600 ns, Total: 28601 ns
[211.093s][info ][safepoint      ] Safepoint "Cleanup", Time since last: 1000102875 ns, Reaching safepoint: 6901 ns, Cleanup: 13000 ns, At safepoint: 2000 ns, Total: 21901 ns
[212.094s][info ][safepoint      ] Safepoint "Cleanup", Time since last: 1000094275 ns, Reaching safepoint: 6700 ns, Cleanup: 16001 ns, At safepoint: 2000 ns, Total: 24701 ns
[213.094s][info ][safepoint      ] Safepoint "Cleanup", Time since last: 1000106375 ns, Reaching safepoint: 7400 ns, Cleanup: 13001 ns, At safepoint: 2300 ns, Total: 22701 ns
[213.849s][info ][gc,start       ] GC(17) Pause Young (Allocation Failure)
[213.852s][debug][gc,phases      ] GC(17) Scavenge 2.876ms
[213.852s][debug][gc,ref         ] GC(17) ReferenceProcessor::execute queues: 1, RefProcThreadModel::Single, marks_oops_alive: false
[213.852s][debug][gc,ref         ] GC(17) Skipped KeepAliveFinalRefsPhase of Reference Processing: no references
[213.852s][debug][gc,ref         ] GC(17) ReferenceProcessor::execute queues: 1, RefProcThreadModel::Single, marks_oops_alive: false
[213.852s][debug][gc,phases      ] GC(17) Reference Processing 0.127ms
[213.852s][debug][gc,phases      ] GC(17)   VM Weak                        Min:  0.0, Avg:  0.0, Max:  0.0, Diff:  0.0, Sum:  0.0, Workers: 4
[213.852s][debug][gc,phases      ] GC(17)     Dead                           Min: 0, Avg:  0.0, Max: 0, Diff: 0, Sum: 0, Workers: 4
[213.852s][debug][gc,phases      ] GC(17)     Total                          Min: 0, Avg: 221.2, Max: 576, Diff: 576, Sum: 885, Workers: 4
[213.852s][debug][gc,phases      ] GC(17)   ObjectSynchronizer Weak        Min:  0.0, Avg:  0.0, Max:  0.0, Diff:  0.0, Sum:  0.0, Workers: 4
[213.852s][debug][gc,phases      ] GC(17)     Dead                           Min: 0, Avg:  0.0, Max: 0, Diff: 0, Sum: 0, Workers: 4
[213.852s][debug][gc,phases      ] GC(17)     Total                          Min: 0, Avg:  1.0, Max: 4, Diff: 4, Sum: 4, Workers: 4
[213.852s][debug][gc,phases      ] GC(17)   JVMTI Tag Weak OopStorage      Min:  0.0, Avg:  0.0, Max:  0.0, Diff:  0.0, Sum:  0.0, Workers: 4
[213.852s][debug][gc,phases      ] GC(17)     Dead                           Min: 0, Avg:  0.0, Max: 0, Diff: 0, Sum: 0, Workers: 4
[213.852s][debug][gc,phases      ] GC(17)     Total                          Min: 0, Avg:  0.0, Max: 0, Diff: 0, Sum: 0, Workers: 4
[213.852s][debug][gc,phases      ] GC(17)   StringTable Weak               Min:  0.0, Avg:  0.1, Max:  0.2, Diff:  0.2, Sum:  0.4, Workers: 4
[213.852s][debug][gc,phases      ] GC(17)     Dead                           Min: 0, Avg:  0.0, Max: 0, Diff: 0, Sum: 0, Workers: 4
[213.853s][debug][gc,phases      ] GC(17)     Total                          Min: 0, Avg: 11175.2, Max: 22813, Diff: 22813, Sum: 44701, Workers: 4
[213.853s][debug][gc,phases      ] GC(17)   ResolvedMethodTable Weak       Min:  0.0, Avg:  0.0, Max:  0.1, Diff:  0.1, Sum:  0.1, Workers: 4
[213.853s][debug][gc,phases      ] GC(17)     Dead                           Min: 0, Avg:  0.0, Max: 0, Diff: 0, Sum: 0, Workers: 4
[213.853s][debug][gc,phases      ] GC(17)     Total                          Min: 0, Avg: 2979.8, Max: 6161, Diff: 6161, Sum: 11919, Workers: 4
[213.853s][debug][gc,phases      ] GC(17)   JNI Weak                       Min:  0.0, Avg:  0.0, Max:  0.0, Diff:  0.0, Sum:  0.0, Workers: 4
[213.853s][debug][gc,phases      ] GC(17)     Dead                           Min: 0, Avg:  0.0, Max: 0, Diff: 0, Sum: 0, Workers: 4
[213.853s][debug][gc,phases      ] GC(17)     Total                          Min: 0, Avg: 12.0, Max: 48, Diff: 48, Sum: 48, Workers: 4
[213.853s][debug][gc,phases      ] GC(17)   StringDedup Table Weak         Min:  0.0, Avg:  0.0, Max:  0.0, Diff:  0.0, Sum:  0.0, Workers: 4
[213.853s][debug][gc,phases      ] GC(17)     Dead                           Min: 0, Avg:  0.0, Max: 0, Diff: 0, Sum: 0, Workers: 4
[213.853s][debug][gc,phases      ] GC(17)     Total                          Min: 0, Avg:  0.0, Max: 0, Diff: 0, Sum: 0, Workers: 4
[213.853s][debug][gc,phases      ] GC(17)   StringDedup Requests0 Weak     Min:  0.0, Avg:  0.0, Max:  0.0, Diff:  0.0, Sum:  0.0, Workers: 4
[213.853s][debug][gc,phases      ] GC(17)     Dead                           Min: 0, Avg:  0.0, Max: 0, Diff: 0, Sum: 0, Workers: 4
[213.853s][debug][gc,phases      ] GC(17)     Total                          Min: 0, Avg:  0.0, Max: 0, Diff: 0, Sum: 0, Workers: 4
[213.853s][debug][gc,phases      ] GC(17)   StringDedup Requests1 Weak     Min:  0.0, Avg:  0.0, Max:  0.0, Diff:  0.0, Sum:  0.0, Workers: 4
[213.853s][debug][gc,phases      ] GC(17)     Dead                           Min: 0, Avg:  0.0, Max: 0, Diff: 0, Sum: 0, Workers: 4
[213.853s][debug][gc,phases      ] GC(17)     Total                          Min: 0, Avg:  0.0, Max: 0, Diff: 0, Sum: 0, Workers: 4
[213.853s][debug][gc,phases      ] GC(17)   Weak JFR Old Object Samples    Min:  0.0, Avg:  0.0, Max:  0.0, Diff:  0.0, Sum:  0.0, Workers: 4
[213.853s][debug][gc,phases      ] GC(17)     Dead                           Min: 0, Avg:  0.0, Max: 0, Diff: 0, Sum: 0, Workers: 4
[213.853s][debug][gc,phases      ] GC(17)     Total                          Min: 0, Avg:  0.0, Max: 0, Diff: 0, Sum: 0, Workers: 4
[213.853s][debug][gc,phases      ] GC(17) Weak Processing 0.499ms
[213.853s][debug][gc,age         ] GC(17) Desired survivor size 536870912 bytes, new threshold 1 (max threshold 15)
[213.853s][info ][gc,heap        ] GC(17) PSYoungGen: 1048576K(1572864K)->3328K(1572864K) Eden: 1048576K(1048576K)->0K(1048576K) From: 0K(524288K)->3328K(524288K)
[213.853s][info ][gc,heap        ] GC(17) ParOldGen: 323129K(510464K)->323129K(510464K)
[213.853s][info ][gc,metaspace   ] GC(17) Metaspace: 87536K(88640K)->87536K(88640K) NonClass: 74954K(75584K)->74954K(75584K) Class: 12582K(13056K)->12582K(13056K)
[213.853s][info ][gc             ] GC(17) Pause Young (Allocation Failure) 1339M->318M(2034M) 3.642ms
[213.853s][info ][gc,cpu         ] GC(17) User=0.01s Sys=0.00s Real=0.00s
[213.853s][info ][safepoint      ] Safepoint "ParallelGCFailedAllocation", Time since last: 755315398 ns, Reaching safepoint: 7500 ns, Cleanup: 4500 ns, At safepoint: 3719839 ns, Total: 3731839 ns
[214.853s][info ][safepoint      ] Safepoint "Cleanup", Time since last: 1000092262 ns, Reaching safepoint: 8900 ns, Cleanup: 7800 ns, At safepoint: 2200 ns, Total: 18900 ns
[218.853s][info ][safepoint      ] Safepoint "Cleanup", Time since last: 4000320546 ns, Reaching safepoint: 8800 ns, Cleanup: 15001 ns, At safepoint: 2400 ns, Total: 26201 ns
[219.853s][info ][safepoint      ] Safepoint "Cleanup", Time since last: 1000119763 ns, Reaching safepoint: 78903 ns, Cleanup: 15301 ns, At safepoint: 6300 ns, Total: 100504 ns
[220.854s][info ][safepoint      ] Safepoint "Cleanup", Time since last: 1000460875 ns, Reaching safepoint: 7501 ns, Cleanup: 11700 ns, At safepoint: 2000 ns, Total: 21201 ns
[224.854s][info ][safepoint      ] Safepoint "Cleanup", Time since last: 4000295030 ns, Reaching safepoint: 7500 ns, Cleanup: 10601 ns, At safepoint: 2400 ns, Total: 20501 ns
[225.854s][info ][safepoint      ] Safepoint "Cleanup", Time since last: 1000127292 ns, Reaching safepoint: 72002 ns, Cleanup: 24701 ns, At safepoint: 6600 ns, Total: 103303 ns
[226.855s][info ][safepoint      ] Safepoint "Cleanup", Time since last: 1000122092 ns, Reaching safepoint: 7900 ns, Cleanup: 11401 ns, At safepoint: 25201 ns, Total: 44502 ns
[227.855s][info ][safepoint      ] Safepoint "Cleanup", Time since last: 1000132992 ns, Reaching safepoint: 84703 ns, Cleanup: 12900 ns, At safepoint: 7201 ns, Total: 104804 ns
[228.855s][info ][safepoint      ] Safepoint "Cleanup", Time since last: 1000125591 ns, Reaching safepoint: 8301 ns, Cleanup: 15400 ns, At safepoint: 2400 ns, Total: 26101 ns
[230.855s][info ][safepoint      ] Safepoint "Cleanup", Time since last: 2000208034 ns, Reaching safepoint: 10201 ns, Cleanup: 14800 ns, At safepoint: 2800 ns, Total: 27801 ns
[232.855s][info ][safepoint      ] Safepoint "Cleanup", Time since last: 2000211697 ns, Reaching safepoint: 6500 ns, Cleanup: 9501 ns, At safepoint: 2200 ns, Total: 18201 ns
[233.856s][info ][safepoint      ] Safepoint "Cleanup", Time since last: 1000121899 ns, Reaching safepoint: 77203 ns, Cleanup: 12300 ns, At safepoint: 6300 ns, Total: 95803 ns
[234.856s][info ][safepoint      ] Safepoint "Cleanup", Time since last: 1000111099 ns, Reaching safepoint: 6800 ns, Cleanup: 11001 ns, At safepoint: 2100 ns, Total: 19901 ns
[235.856s][info ][safepoint      ] Safepoint "Cleanup", Time since last: 1000123799 ns, Reaching safepoint: 9500 ns, Cleanup: 15201 ns, At safepoint: 6300 ns, Total: 31001 ns
[238.856s][info ][safepoint      ] Safepoint "Cleanup", Time since last: 3000286518 ns, Reaching safepoint: 7700 ns, Cleanup: 11100 ns, At safepoint: 2500 ns, Total: 21300 ns
[239.856s][info ][safepoint      ] Safepoint "Cleanup", Time since last: 1000112500 ns, Reaching safepoint: 6300 ns, Cleanup: 11500 ns, At safepoint: 2100 ns, Total: 19900 ns
[241.106s][info ][safepoint      ] Safepoint "Cleanup", Time since last: 1249493251 ns, Reaching safepoint: 7300 ns, Cleanup: 12800 ns, At safepoint: 2500 ns, Total: 22600 ns
[242.106s][info ][safepoint      ] Safepoint "Cleanup", Time since last: 1000118400 ns, Reaching safepoint: 6700 ns, Cleanup: 20601 ns, At safepoint: 9000 ns, Total: 36301 ns
[243.106s][info ][safepoint      ] Safepoint "Cleanup", Time since last: 1000133900 ns, Reaching safepoint: 9201 ns, Cleanup: 15500 ns, At safepoint: 2600 ns, Total: 27301 ns
[244.106s][info ][safepoint      ] Safepoint "Cleanup", Time since last: 1000123200 ns, Reaching safepoint: 8800 ns, Cleanup: 38502 ns, At safepoint: 2600 ns, Total: 49902 ns
[245.107s][info ][safepoint      ] Safepoint "Cleanup", Time since last: 1000114699 ns, Reaching safepoint: 6601 ns, Cleanup: 17500 ns, At safepoint: 2100 ns, Total: 26201 ns
[246.107s][info ][safepoint      ] Safepoint "Cleanup", Time since last: 1000117914 ns, Reaching safepoint: 8801 ns, Cleanup: 82103 ns, At safepoint: 3400 ns, Total: 94304 ns
[247.107s][info ][safepoint      ] Safepoint "Cleanup", Time since last: 1000118377 ns, Reaching safepoint: 6900 ns, Cleanup: 52702 ns, At safepoint: 2200 ns, Total: 61802 ns
[248.107s][info ][safepoint      ] Safepoint "Cleanup", Time since last: 1000129277 ns, Reaching safepoint: 8200 ns, Cleanup: 38302 ns, At safepoint: 2900 ns, Total: 49402 ns
[249.107s][info ][safepoint      ] Safepoint "Cleanup", Time since last: 1000115376 ns, Reaching safepoint: 6301 ns, Cleanup: 18200 ns, At safepoint: 2200 ns, Total: 26701 ns
[250.107s][info ][safepoint      ] Safepoint "Cleanup", Time since last: 1000124577 ns, Reaching safepoint: 9300 ns, Cleanup: 22201 ns, At safepoint: 2800 ns, Total: 34301 ns
[255.055s][info ][gc,start       ] GC(18) Pause Young (Allocation Failure)
[255.059s][debug][gc,phases      ] GC(18) Scavenge 4.482ms
[255.059s][debug][gc,ref         ] GC(18) ReferenceProcessor::execute queues: 1, RefProcThreadModel::Single, marks_oops_alive: false
[255.059s][debug][gc,ref         ] GC(18) Skipped KeepAliveFinalRefsPhase of Reference Processing: no references
[255.059s][debug][gc,ref         ] GC(18) Skipped PhantomRefsPhase of Reference Processing: no references
[255.059s][debug][gc,phases      ] GC(18) Reference Processing 0.101ms
[255.060s][debug][gc,phases      ] GC(18)   VM Weak                        Min:  0.0, Avg:  0.0, Max:  0.0, Diff:  0.0, Sum:  0.0, Workers: 4
[255.060s][debug][gc,phases      ] GC(18)     Dead                           Min: 0, Avg:  0.0, Max: 0, Diff: 0, Sum: 0, Workers: 4
[255.060s][debug][gc,phases      ] GC(18)     Total                          Min: 0, Avg: 221.2, Max: 885, Diff: 885, Sum: 885, Workers: 4
[255.060s][debug][gc,phases      ] GC(18)   ObjectSynchronizer Weak        Min:  0.0, Avg:  0.0, Max:  0.0, Diff:  0.0, Sum:  0.0, Workers: 4
[255.060s][debug][gc,phases      ] GC(18)     Dead                           Min: 0, Avg:  0.0, Max: 0, Diff: 0, Sum: 0, Workers: 4
[255.060s][debug][gc,phases      ] GC(18)     Total                          Min: 0, Avg:  1.0, Max: 4, Diff: 4, Sum: 4, Workers: 4
[255.060s][debug][gc,phases      ] GC(18)   JVMTI Tag Weak OopStorage      Min:  0.0, Avg:  0.0, Max:  0.0, Diff:  0.0, Sum:  0.0, Workers: 4
[255.060s][debug][gc,phases      ] GC(18)     Dead                           Min: 0, Avg:  0.0, Max: 0, Diff: 0, Sum: 0, Workers: 4
[255.060s][debug][gc,phases      ] GC(18)     Total                          Min: 0, Avg:  0.0, Max: 0, Diff: 0, Sum: 0, Workers: 4
[255.060s][debug][gc,phases      ] GC(18)   StringTable Weak               Min:  0.0, Avg:  0.1, Max:  0.2, Diff:  0.2, Sum:  0.4, Workers: 4
[255.060s][debug][gc,phases      ] GC(18)     Dead                           Min: 0, Avg:  0.0, Max: 0, Diff: 0, Sum: 0, Workers: 4
[255.060s][debug][gc,phases      ] GC(18)     Total                          Min: 0, Avg: 11181.0, Max: 22708, Diff: 22708, Sum: 44724, Workers: 4
[255.060s][debug][gc,phases      ] GC(18)   ResolvedMethodTable Weak       Min:  0.0, Avg:  0.0, Max:  0.1, Diff:  0.1, Sum:  0.1, Workers: 4
[255.060s][debug][gc,phases      ] GC(18)     Dead                           Min: 0, Avg:  0.0, Max: 0, Diff: 0, Sum: 0, Workers: 4
[255.060s][debug][gc,phases      ] GC(18)     Total                          Min: 0, Avg: 2979.8, Max: 6527, Diff: 6527, Sum: 11919, Workers: 4
[255.060s][debug][gc,phases      ] GC(18)   JNI Weak                       Min:  0.0, Avg:  0.0, Max:  0.0, Diff:  0.0, Sum:  0.0, Workers: 4
[255.060s][debug][gc,phases      ] GC(18)     Dead                           Min: 0, Avg:  0.0, Max: 0, Diff: 0, Sum: 0, Workers: 4
[255.060s][debug][gc,phases      ] GC(18)     Total                          Min: 0, Avg: 12.0, Max: 48, Diff: 48, Sum: 48, Workers: 4
[255.060s][debug][gc,phases      ] GC(18)   StringDedup Table Weak         Min:  0.0, Avg:  0.0, Max:  0.0, Diff:  0.0, Sum:  0.0, Workers: 4
[255.060s][debug][gc,phases      ] GC(18)     Dead                           Min: 0, Avg:  0.0, Max: 0, Diff: 0, Sum: 0, Workers: 4
[255.060s][debug][gc,phases      ] GC(18)     Total                          Min: 0, Avg:  0.0, Max: 0, Diff: 0, Sum: 0, Workers: 4
[255.060s][debug][gc,phases      ] GC(18)   StringDedup Requests0 Weak     Min:  0.0, Avg:  0.0, Max:  0.0, Diff:  0.0, Sum:  0.0, Workers: 4
[255.060s][debug][gc,phases      ] GC(18)     Dead                           Min: 0, Avg:  0.0, Max: 0, Diff: 0, Sum: 0, Workers: 4
[255.060s][debug][gc,phases      ] GC(18)     Total                          Min: 0, Avg:  0.0, Max: 0, Diff: 0, Sum: 0, Workers: 4
[255.060s][debug][gc,phases      ] GC(18)   StringDedup Requests1 Weak     Min:  0.0, Avg:  0.0, Max:  0.0, Diff:  0.0, Sum:  0.0, Workers: 4
[255.060s][debug][gc,phases      ] GC(18)     Dead                           Min: 0, Avg:  0.0, Max: 0, Diff: 0, Sum: 0, Workers: 4
[255.060s][debug][gc,phases      ] GC(18)     Total                          Min: 0, Avg:  0.0, Max: 0, Diff: 0, Sum: 0, Workers: 4
[255.060s][debug][gc,phases      ] GC(18)   Weak JFR Old Object Samples    Min:  0.0, Avg:  0.0, Max:  0.0, Diff:  0.0, Sum:  0.0, Workers: 4
[255.060s][debug][gc,phases      ] GC(18)     Dead                           Min: 0, Avg:  0.0, Max: 0, Diff: 0, Sum: 0, Workers: 4
[255.060s][debug][gc,phases      ] GC(18)     Total                          Min: 0, Avg:  0.0, Max: 0, Diff: 0, Sum: 0, Workers: 4
[255.060s][debug][gc,phases      ] GC(18) Weak Processing 0.448ms
[255.060s][debug][gc,age         ] GC(18) Desired survivor size 536870912 bytes, new threshold 1 (max threshold 15)
[255.060s][info ][gc,heap        ] GC(18) PSYoungGen: 1051904K(1572864K)->2448K(1572864K) Eden: 1048576K(1048576K)->0K(1048576K) From: 3328K(524288K)->2448K(524288K)
[255.060s][info ][gc,heap        ] GC(18) ParOldGen: 323129K(510464K)->324909K(510464K)
[255.060s][info ][gc,metaspace   ] GC(18) Metaspace: 87601K(88704K)->87601K(88704K) NonClass: 75019K(75648K)->75019K(75648K) Class: 12582K(13056K)->12582K(13056K)
[255.060s][info ][gc             ] GC(18) Pause Young (Allocation Failure) 1342M->319M(2034M) 5.176ms
[255.060s][info ][gc,cpu         ] GC(18) User=0.01s Sys=0.00s Real=0.01s
[255.060s][info ][safepoint      ] Safepoint "ParallelGCFailedAllocation", Time since last: 4947359219 ns, Reaching safepoint: 7200 ns, Cleanup: 5000 ns, At safepoint: 5253696 ns, Total: 5265896 ns
[258.060s][info ][safepoint      ] Safepoint "Cleanup", Time since last: 3000216099 ns, Reaching safepoint: 6200 ns, Cleanup: 15101 ns, At safepoint: 2000 ns, Total: 23301 ns
[260.060s][info ][safepoint      ] Safepoint "Cleanup", Time since last: 2000192235 ns, Reaching safepoint: 9800 ns, Cleanup: 12701 ns, At safepoint: 3000 ns, Total: 25501 ns
[262.061s][info ][safepoint      ] Safepoint "Cleanup", Time since last: 2000175683 ns, Reaching safepoint: 7901 ns, Cleanup: 17400 ns, At safepoint: 2400 ns, Total: 27701 ns
[265.061s][info ][safepoint      ] Safepoint "Cleanup", Time since last: 3000244079 ns, Reaching safepoint: 7601 ns, Cleanup: 12700 ns, At safepoint: 2200 ns, Total: 22501 ns
[266.061s][info ][safepoint      ] Safepoint "Cleanup", Time since last: 1000121661 ns, Reaching safepoint: 7601 ns, Cleanup: 11900 ns, At safepoint: 2600 ns, Total: 22101 ns
[267.061s][info ][safepoint      ] Safepoint "Cleanup", Time since last: 1000078660 ns, Reaching safepoint: 7500 ns, Cleanup: 39902 ns, At safepoint: 2700 ns, Total: 50102 ns
[268.061s][info ][safepoint      ] Safepoint "Cleanup", Time since last: 1000118661 ns, Reaching safepoint: 7600 ns, Cleanup: 16601 ns, At safepoint: 2200 ns, Total: 26401 ns
[269.062s][info ][safepoint      ] Safepoint "Cleanup", Time since last: 1000111461 ns, Reaching safepoint: 7500 ns, Cleanup: 34101 ns, At safepoint: 2400 ns, Total: 44001 ns
[270.062s][info ][safepoint      ] Safepoint "Cleanup", Time since last: 1000107471 ns, Reaching safepoint: 6901 ns, Cleanup: 32801 ns, At safepoint: 2200 ns, Total: 41902 ns
[271.062s][info ][safepoint      ] Safepoint "Cleanup", Time since last: 1000111774 ns, Reaching safepoint: 7401 ns, Cleanup: 13400 ns, At safepoint: 2700 ns, Total: 23501 ns
[274.062s][info ][safepoint      ] Safepoint "Cleanup", Time since last: 3000226019 ns, Reaching safepoint: 6600 ns, Cleanup: 10101 ns, At safepoint: 2100 ns, Total: 18801 ns
[275.062s][info ][safepoint      ] Safepoint "Cleanup", Time since last: 1000111774 ns, Reaching safepoint: 7401 ns, Cleanup: 14400 ns, At safepoint: 2200 ns, Total: 24001 ns
[276.062s][info ][safepoint      ] Safepoint "Cleanup", Time since last: 1000111374 ns, Reaching safepoint: 7501 ns, Cleanup: 12300 ns, At safepoint: 2500 ns, Total: 22301 ns
[278.063s][info ][safepoint      ] Safepoint "Cleanup", Time since last: 2000189449 ns, Reaching safepoint: 80003 ns, Cleanup: 10500 ns, At safepoint: 5700 ns, Total: 96203 ns
[279.063s][info ][safepoint      ] Safepoint "Cleanup", Time since last: 1000112945 ns, Reaching safepoint: 7501 ns, Cleanup: 13800 ns, At safepoint: 6200 ns, Total: 27501 ns
[280.063s][info ][safepoint      ] Safepoint "Cleanup", Time since last: 1000110245 ns, Reaching safepoint: 7801 ns, Cleanup: 12200 ns, At safepoint: 2500 ns, Total: 22501 ns
[282.063s][info ][safepoint      ] Safepoint "Cleanup", Time since last: 2000174188 ns, Reaching safepoint: 7300 ns, Cleanup: 14601 ns, At safepoint: 2400 ns, Total: 24301 ns
[283.063s][info ][safepoint      ] Safepoint "Cleanup", Time since last: 1000117245 ns, Reaching safepoint: 8800 ns, Cleanup: 12201 ns, At safepoint: 2400 ns, Total: 23401 ns
[284.063s][info ][safepoint      ] Safepoint "Cleanup", Time since last: 1000116745 ns, Reaching safepoint: 7500 ns, Cleanup: 16101 ns, At safepoint: 2400 ns, Total: 26001 ns
[285.064s][info ][safepoint      ] Safepoint "Cleanup", Time since last: 1000135746 ns, Reaching safepoint: 8500 ns, Cleanup: 43902 ns, At safepoint: 2300 ns, Total: 54702 ns
[286.064s][info ][safepoint      ] Safepoint "Cleanup", Time since last: 1000103822 ns, Reaching safepoint: 8201 ns, Cleanup: 55702 ns, At safepoint: 6200 ns, Total: 70103 ns
[287.064s][info ][safepoint      ] Safepoint "Cleanup", Time since last: 1000113548 ns, Reaching safepoint: 8100 ns, Cleanup: 42702 ns, At safepoint: 2200 ns, Total: 53002 ns
[288.064s][info ][safepoint      ] Safepoint "Cleanup", Time since last: 1000111648 ns, Reaching safepoint: 7600 ns, Cleanup: 12801 ns, At safepoint: 2600 ns, Total: 23001 ns
[289.064s][info ][safepoint      ] Safepoint "Cleanup", Time since last: 1000109447 ns, Reaching safepoint: 5801 ns, Cleanup: 17200 ns, At safepoint: 2000 ns, Total: 25001 ns
[290.064s][info ][safepoint      ] Safepoint "Cleanup", Time since last: 1000106648 ns, Reaching safepoint: 7000 ns, Cleanup: 19401 ns, At safepoint: 2200 ns, Total: 28601 ns
[292.064s][info ][safepoint      ] Safepoint "Cleanup", Time since last: 2000164794 ns, Reaching safepoint: 7700 ns, Cleanup: 10600 ns, At safepoint: 2200 ns, Total: 20500 ns
[293.050s][info ][gc,start       ] GC(19) Pause Young (Allocation Failure)
[293.055s][debug][gc,phases      ] GC(19) Scavenge 4.851ms
[293.055s][debug][gc,ref         ] GC(19) ReferenceProcessor::execute queues: 1, RefProcThreadModel::Single, marks_oops_alive: false
[293.055s][debug][gc,ref         ] GC(19) Skipped KeepAliveFinalRefsPhase of Reference Processing: no references
[293.055s][debug][gc,ref         ] GC(19) ReferenceProcessor::execute queues: 1, RefProcThreadModel::Single, marks_oops_alive: false
[293.055s][debug][gc,phases      ] GC(19) Reference Processing 0.107ms
[293.055s][debug][gc,phases      ] GC(19)   VM Weak                        Min:  0.0, Avg:  0.0, Max:  0.0, Diff:  0.0, Sum:  0.0, Workers: 4
[293.055s][debug][gc,phases      ] GC(19)     Dead                           Min: 0, Avg:  0.0, Max: 0, Diff: 0, Sum: 0, Workers: 4
[293.055s][debug][gc,phases      ] GC(19)     Total                          Min: 0, Avg: 222.8, Max: 891, Diff: 891, Sum: 891, Workers: 4
[293.055s][debug][gc,phases      ] GC(19)   ObjectSynchronizer Weak        Min:  0.0, Avg:  0.0, Max:  0.0, Diff:  0.0, Sum:  0.0, Workers: 4
[293.055s][debug][gc,phases      ] GC(19)     Dead                           Min: 0, Avg:  0.0, Max: 0, Diff: 0, Sum: 0, Workers: 4
[293.055s][debug][gc,phases      ] GC(19)     Total                          Min: 0, Avg:  1.0, Max: 4, Diff: 4, Sum: 4, Workers: 4
[293.055s][debug][gc,phases      ] GC(19)   JVMTI Tag Weak OopStorage      Min:  0.0, Avg:  0.0, Max:  0.0, Diff:  0.0, Sum:  0.0, Workers: 4
[293.055s][debug][gc,phases      ] GC(19)     Dead                           Min: 0, Avg:  0.0, Max: 0, Diff: 0, Sum: 0, Workers: 4
[293.055s][debug][gc,phases      ] GC(19)     Total                          Min: 0, Avg:  0.0, Max: 0, Diff: 0, Sum: 0, Workers: 4
[293.055s][debug][gc,phases      ] GC(19)   StringTable Weak               Min:  0.0, Avg:  0.1, Max:  0.2, Diff:  0.2, Sum:  0.4, Workers: 4
[293.055s][debug][gc,phases      ] GC(19)     Dead                           Min: 0, Avg:  0.2, Max: 1, Diff: 1, Sum: 1, Workers: 4
[293.055s][debug][gc,phases      ] GC(19)     Total                          Min: 0, Avg: 11197.0, Max: 24128, Diff: 24128, Sum: 44788, Workers: 4
[293.055s][debug][gc,phases      ] GC(19)   ResolvedMethodTable Weak       Min:  0.0, Avg:  0.0, Max:  0.1, Diff:  0.1, Sum:  0.1, Workers: 4
[293.055s][debug][gc,phases      ] GC(19)     Dead                           Min: 0, Avg:  0.2, Max: 1, Diff: 1, Sum: 1, Workers: 4
[293.055s][debug][gc,phases      ] GC(19)     Total                          Min: 0, Avg: 2987.2, Max: 6463, Diff: 6463, Sum: 11949, Workers: 4
[293.055s][debug][gc,phases      ] GC(19)   JNI Weak                       Min:  0.0, Avg:  0.0, Max:  0.0, Diff:  0.0, Sum:  0.0, Workers: 4
[293.055s][debug][gc,phases      ] GC(19)     Dead                           Min: 0, Avg:  0.0, Max: 0, Diff: 0, Sum: 0, Workers: 4
[293.055s][debug][gc,phases      ] GC(19)     Total                          Min: 0, Avg: 12.0, Max: 48, Diff: 48, Sum: 48, Workers: 4
[293.056s][debug][gc,phases      ] GC(19)   StringDedup Table Weak         Min:  0.0, Avg:  0.0, Max:  0.0, Diff:  0.0, Sum:  0.0, Workers: 4
[293.056s][debug][gc,phases      ] GC(19)     Dead                           Min: 0, Avg:  0.0, Max: 0, Diff: 0, Sum: 0, Workers: 4
[293.056s][debug][gc,phases      ] GC(19)     Total                          Min: 0, Avg:  0.0, Max: 0, Diff: 0, Sum: 0, Workers: 4
[293.056s][debug][gc,phases      ] GC(19)   StringDedup Requests0 Weak     Min:  0.0, Avg:  0.0, Max:  0.0, Diff:  0.0, Sum:  0.0, Workers: 4
[293.056s][debug][gc,phases      ] GC(19)     Dead                           Min: 0, Avg:  0.0, Max: 0, Diff: 0, Sum: 0, Workers: 4
[293.056s][debug][gc,phases      ] GC(19)     Total                          Min: 0, Avg:  0.0, Max: 0, Diff: 0, Sum: 0, Workers: 4
[293.056s][debug][gc,phases      ] GC(19)   StringDedup Requests1 Weak     Min:  0.0, Avg:  0.0, Max:  0.0, Diff:  0.0, Sum:  0.0, Workers: 4
[293.056s][debug][gc,phases      ] GC(19)     Dead                           Min: 0, Avg:  0.0, Max: 0, Diff: 0, Sum: 0, Workers: 4
[293.056s][debug][gc,phases      ] GC(19)     Total                          Min: 0, Avg:  0.0, Max: 0, Diff: 0, Sum: 0, Workers: 4
[293.056s][debug][gc,phases      ] GC(19)   Weak JFR Old Object Samples    Min:  0.0, Avg:  0.0, Max:  0.0, Diff:  0.0, Sum:  0.0, Workers: 4
[293.056s][debug][gc,phases      ] GC(19)     Dead                           Min: 0, Avg:  0.0, Max: 0, Diff: 0, Sum: 0, Workers: 4
[293.056s][debug][gc,phases      ] GC(19)     Total                          Min: 0, Avg:  0.0, Max: 0, Diff: 0, Sum: 0, Workers: 4
[293.056s][debug][gc,phases      ] GC(19) Weak Processing 0.457ms
[293.056s][debug][gc,age         ] GC(19) Desired survivor size 536870912 bytes, new threshold 1 (max threshold 15)
[293.056s][info ][gc,heap        ] GC(19) PSYoungGen: 1051024K(1572864K)->2848K(1572864K) Eden: 1048576K(1048576K)->0K(1048576K) From: 2448K(524288K)->2848K(524288K)
[293.056s][info ][gc,heap        ] GC(19) ParOldGen: 324909K(510464K)->325581K(510464K)
[293.056s][info ][gc,metaspace   ] GC(19) Metaspace: 87835K(89088K)->87835K(89088K) NonClass: 75231K(75968K)->75231K(75968K) Class: 12604K(13120K)->12604K(13120K)
[293.056s][info ][gc             ] GC(19) Pause Young (Allocation Failure) 1343M->320M(2034M) 5.546ms
[293.056s][info ][gc,cpu         ] GC(19) User=0.01s Sys=0.01s Real=0.00s
[293.056s][info ][safepoint      ] Safepoint "ParallelGCFailedAllocation", Time since last: 985507201 ns, Reaching safepoint: 6401 ns, Cleanup: 8600 ns, At safepoint: 5617310 ns, Total: 5632311 ns
[294.056s][info ][safepoint      ] Safepoint "Cleanup", Time since last: 1000088854 ns, Reaching safepoint: 7000 ns, Cleanup: 10600 ns, At safepoint: 2700 ns, Total: 20300 ns
[296.056s][info ][safepoint      ] Safepoint "Cleanup", Time since last: 2000187912 ns, Reaching safepoint: 7500 ns, Cleanup: 16501 ns, At safepoint: 2200 ns, Total: 26201 ns
[297.056s][info ][safepoint      ] Safepoint "Cleanup", Time since last: 1000129157 ns, Reaching safepoint: 82503 ns, Cleanup: 14200 ns, At safepoint: 8901 ns, Total: 105604 ns
[298.056s][info ][safepoint      ] Safepoint "Cleanup", Time since last: 1000138157 ns, Reaching safepoint: 7500 ns, Cleanup: 14701 ns, At safepoint: 2300 ns, Total: 24501 ns
[304.122s][info ][safepoint      ] Safepoint "Cleanup", Time since last: 6065375189 ns, Reaching safepoint: 8200 ns, Cleanup: 12000 ns, At safepoint: 2501 ns, Total: 22701 ns
[305.122s][info ][safepoint      ] Safepoint "Cleanup", Time since last: 1000116373 ns, Reaching safepoint: 7800 ns, Cleanup: 12101 ns, At safepoint: 2000 ns, Total: 21901 ns
[306.122s][info ][safepoint      ] Safepoint "Cleanup", Time since last: 1000115273 ns, Reaching safepoint: 8300 ns, Cleanup: 13901 ns, At safepoint: 8000 ns, Total: 30201 ns
[313.123s][info ][safepoint      ] Safepoint "Cleanup", Time since last: 7000526666 ns, Reaching safepoint: 8101 ns, Cleanup: 11100 ns, At safepoint: 2200 ns, Total: 21401 ns
[317.123s][info ][safepoint      ] Safepoint "Cleanup", Time since last: 4000303249 ns, Reaching safepoint: 7100 ns, Cleanup: 11600 ns, At safepoint: 2101 ns, Total: 20801 ns
[318.883s][info ][safepoint      ] Safepoint "Cleanup", Time since last: 1760105995 ns, Reaching safepoint: 7700 ns, Cleanup: 114805 ns, At safepoint: 5800 ns, Total: 128305 ns
[319.883s][info ][safepoint      ] Safepoint "Cleanup", Time since last: 1000117420 ns, Reaching safepoint: 7500 ns, Cleanup: 19901 ns, At safepoint: 3300 ns, Total: 30701 ns
[320.883s][info ][safepoint      ] Safepoint "Cleanup", Time since last: 1000070218 ns, Reaching safepoint: 7400 ns, Cleanup: 17001 ns, At safepoint: 2300 ns, Total: 26701 ns
[321.884s][info ][safepoint      ] Safepoint "Cleanup", Time since last: 1000112820 ns, Reaching safepoint: 7600 ns, Cleanup: 12600 ns, At safepoint: 2800 ns, Total: 23000 ns
[324.884s][info ][safepoint      ] Safepoint "Cleanup", Time since last: 3000229255 ns, Reaching safepoint: 6701 ns, Cleanup: 14200 ns, At safepoint: 2300 ns, Total: 23201 ns
[326.884s][info ][safepoint      ] Safepoint "Cleanup", Time since last: 2000179215 ns, Reaching safepoint: 7700 ns, Cleanup: 13201 ns, At safepoint: 5700 ns, Total: 26601 ns
[328.884s][info ][safepoint      ] Safepoint "Cleanup", Time since last: 2000135407 ns, Reaching safepoint: 6900 ns, Cleanup: 11800 ns, At safepoint: 2000 ns, Total: 20700 ns
[329.884s][info ][safepoint      ] Safepoint "Cleanup", Time since last: 1000114905 ns, Reaching safepoint: 7601 ns, Cleanup: 10700 ns, At safepoint: 2200 ns, Total: 20501 ns
[332.884s][info ][safepoint      ] Safepoint "Cleanup", Time since last: 3000198110 ns, Reaching safepoint: 7900 ns, Cleanup: 14200 ns, At safepoint: 2301 ns, Total: 24401 ns
[333.885s][info ][safepoint      ] Safepoint "Cleanup", Time since last: 1000116641 ns, Reaching safepoint: 7900 ns, Cleanup: 10601 ns, At safepoint: 2200 ns, Total: 20701 ns
[334.401s][info ][gc,start       ] GC(20) Pause Young (Allocation Failure)
[334.413s][debug][gc,phases      ] GC(20) Scavenge 11.857ms
[334.413s][debug][gc,ref         ] GC(20) ReferenceProcessor::execute queues: 1, RefProcThreadModel::Single, marks_oops_alive: false
[334.413s][debug][gc,ref         ] GC(20) Skipped KeepAliveFinalRefsPhase of Reference Processing: no references
[334.413s][debug][gc,ref         ] GC(20) ReferenceProcessor::execute queues: 1, RefProcThreadModel::Single, marks_oops_alive: false
[334.413s][debug][gc,phases      ] GC(20) Reference Processing 0.103ms
[334.413s][debug][gc,phases      ] GC(20)   VM Weak                        Min:  0.0, Avg:  0.0, Max:  0.0, Diff:  0.0, Sum:  0.0, Workers: 4
[334.413s][debug][gc,phases      ] GC(20)     Dead                           Min: 0, Avg:  0.0, Max: 0, Diff: 0, Sum: 0, Workers: 4
[334.413s][debug][gc,phases      ] GC(20)     Total                          Min: 0, Avg: 223.0, Max: 636, Diff: 636, Sum: 892, Workers: 4
[334.413s][debug][gc,phases      ] GC(20)   ObjectSynchronizer Weak        Min:  0.0, Avg:  0.0, Max:  0.0, Diff:  0.0, Sum:  0.0, Workers: 4
[334.413s][debug][gc,phases      ] GC(20)     Dead                           Min: 0, Avg:  0.2, Max: 1, Diff: 1, Sum: 1, Workers: 4
[334.413s][debug][gc,phases      ] GC(20)     Total                          Min: 0, Avg:  1.2, Max: 5, Diff: 5, Sum: 5, Workers: 4
[334.413s][debug][gc,phases      ] GC(20)   JVMTI Tag Weak OopStorage      Min:  0.0, Avg:  0.0, Max:  0.0, Diff:  0.0, Sum:  0.0, Workers: 4
[334.413s][debug][gc,phases      ] GC(20)     Dead                           Min: 0, Avg:  0.0, Max: 0, Diff: 0, Sum: 0, Workers: 4
[334.413s][debug][gc,phases      ] GC(20)     Total                          Min: 0, Avg:  0.0, Max: 0, Diff: 0, Sum: 0, Workers: 4
[334.413s][debug][gc,phases      ] GC(20)   StringTable Weak               Min:  0.1, Avg:  0.1, Max:  0.1, Diff:  0.0, Sum:  0.4, Workers: 4
[334.413s][debug][gc,phases      ] GC(20)     Dead                           Min: 0, Avg:  0.5, Max: 1, Diff: 1, Sum: 2, Workers: 4
[334.413s][debug][gc,phases      ] GC(20)     Total                          Min: 10368, Avg: 11210.2, Max: 12393, Diff: 2025, Sum: 44841, Workers: 4
[334.413s][debug][gc,phases      ] GC(20)   ResolvedMethodTable Weak       Min:  0.0, Avg:  0.0, Max:  0.0, Diff:  0.0, Sum:  0.2, Workers: 4
[334.413s][debug][gc,phases      ] GC(20)     Dead                           Min: 0, Avg:  1.8, Max: 3, Diff: 3, Sum: 7, Workers: 4
[334.413s][debug][gc,phases      ] GC(20)     Total                          Min: 1754, Avg: 2997.2, Max: 3456, Diff: 1702, Sum: 11989, Workers: 4
[334.413s][debug][gc,phases      ] GC(20)   JNI Weak                       Min:  0.0, Avg:  0.0, Max:  0.0, Diff:  0.0, Sum:  0.0, Workers: 4
[334.413s][debug][gc,phases      ] GC(20)     Dead                           Min: 0, Avg:  0.0, Max: 0, Diff: 0, Sum: 0, Workers: 4
[334.413s][debug][gc,phases      ] GC(20)     Total                          Min: 0, Avg: 12.0, Max: 48, Diff: 48, Sum: 48, Workers: 4
[334.413s][debug][gc,phases      ] GC(20)   StringDedup Table Weak         Min:  0.0, Avg:  0.0, Max:  0.0, Diff:  0.0, Sum:  0.0, Workers: 4
[334.413s][debug][gc,phases      ] GC(20)     Dead                           Min: 0, Avg:  0.0, Max: 0, Diff: 0, Sum: 0, Workers: 4
[334.413s][debug][gc,phases      ] GC(20)     Total                          Min: 0, Avg:  0.0, Max: 0, Diff: 0, Sum: 0, Workers: 4
[334.413s][debug][gc,phases      ] GC(20)   StringDedup Requests0 Weak     Min:  0.0, Avg:  0.0, Max:  0.0, Diff:  0.0, Sum:  0.0, Workers: 4
[334.413s][debug][gc,phases      ] GC(20)     Dead                           Min: 0, Avg:  0.0, Max: 0, Diff: 0, Sum: 0, Workers: 4
[334.413s][debug][gc,phases      ] GC(20)     Total                          Min: 0, Avg:  0.0, Max: 0, Diff: 0, Sum: 0, Workers: 4
[334.413s][debug][gc,phases      ] GC(20)   StringDedup Requests1 Weak     Min:  0.0, Avg:  0.0, Max:  0.0, Diff:  0.0, Sum:  0.0, Workers: 4
[334.413s][debug][gc,phases      ] GC(20)     Dead                           Min: 0, Avg:  0.0, Max: 0, Diff: 0, Sum: 0, Workers: 4
[334.413s][debug][gc,phases      ] GC(20)     Total                          Min: 0, Avg:  0.0, Max: 0, Diff: 0, Sum: 0, Workers: 4
[334.413s][debug][gc,phases      ] GC(20)   Weak JFR Old Object Samples    Min:  0.0, Avg:  0.0, Max:  0.0, Diff:  0.0, Sum:  0.0, Workers: 4
[334.413s][debug][gc,phases      ] GC(20)     Dead                           Min: 0, Avg:  0.0, Max: 0, Diff: 0, Sum: 0, Workers: 4
[334.413s][debug][gc,phases      ] GC(20)     Total                          Min: 0, Avg:  0.0, Max: 0, Diff: 0, Sum: 0, Workers: 4
[334.413s][debug][gc,phases      ] GC(20) Weak Processing 0.349ms
[334.413s][debug][gc,age         ] GC(20) Desired survivor size 536870912 bytes, new threshold 1 (max threshold 15)
[334.413s][info ][gc,heap        ] GC(20) PSYoungGen: 1051424K(1572864K)->2304K(1572864K) Eden: 1048576K(1048576K)->0K(1048576K) From: 2848K(524288K)->2304K(524288K)
[334.413s][info ][gc,heap        ] GC(20) ParOldGen: 325581K(510464K)->326994K(510464K)
[334.413s][info ][gc,metaspace   ] GC(20) Metaspace: 88058K(89216K)->88058K(89216K) NonClass: 75430K(76096K)->75430K(76096K) Class: 12628K(13120K)->12628K(13120K)
[334.413s][info ][gc             ] GC(20) Pause Young (Allocation Failure) 1344M->321M(2034M) 12.446ms
[334.413s][info ][gc,cpu         ] GC(20) User=0.00s Sys=0.01s Real=0.01s
[334.413s][info ][safepoint      ] Safepoint "ParallelGCFailedAllocation", Time since last: 516056439 ns, Reaching safepoint: 7400 ns, Cleanup: 12701 ns, At safepoint: 12520971 ns, Total: 12541072 ns
[335.413s][info ][safepoint      ] Safepoint "Cleanup", Time since last: 1000085472 ns, Reaching safepoint: 7200 ns, Cleanup: 17101 ns, At safepoint: 2500 ns, Total: 26801 ns
[337.414s][info ][safepoint      ] Safepoint "Cleanup", Time since last: 2000180444 ns, Reaching safepoint: 8700 ns, Cleanup: 14601 ns, At safepoint: 2400 ns, Total: 25701 ns
[338.414s][info ][safepoint      ] Safepoint "Cleanup", Time since last: 1000113673 ns, Reaching safepoint: 7700 ns, Cleanup: 15601 ns, At safepoint: 2300 ns, Total: 25601 ns
[352.415s][info ][safepoint      ] Safepoint "Cleanup", Time since last: 14000972121 ns, Reaching safepoint: 7400 ns, Cleanup: 12601 ns, At safepoint: 2500 ns, Total: 22501 ns
[358.415s][info ][safepoint      ] Safepoint "Cleanup", Time since last: 6000356458 ns, Reaching safepoint: 6501 ns, Cleanup: 10600 ns, At safepoint: 2300 ns, Total: 19401 ns
[359.415s][info ][safepoint      ] Safepoint "Cleanup", Time since last: 1000113409 ns, Reaching safepoint: 6500 ns, Cleanup: 13601 ns, At safepoint: 2500 ns, Total: 22601 ns
[361.137s][info ][safepoint      ] Safepoint "Cleanup", Time since last: 1721311855 ns, Reaching safepoint: 7900 ns, Cleanup: 29902 ns, At safepoint: 2300 ns, Total: 40102 ns
[362.137s][info ][safepoint      ] Safepoint "Cleanup", Time since last: 1000101708 ns, Reaching safepoint: 8000 ns, Cleanup: 57103 ns, At safepoint: 2200 ns, Total: 67303 ns
[363.137s][info ][safepoint      ] Safepoint "Cleanup", Time since last: 1000123946 ns, Reaching safepoint: 7301 ns, Cleanup: 27701 ns, At safepoint: 2400 ns, Total: 37402 ns
[364.137s][info ][safepoint      ] Safepoint "Cleanup", Time since last: 1000110744 ns, Reaching safepoint: 5800 ns, Cleanup: 21401 ns, At safepoint: 2000 ns, Total: 29201 ns
[365.137s][info ][safepoint      ] Safepoint "Cleanup", Time since last: 1000107944 ns, Reaching safepoint: 7000 ns, Cleanup: 13301 ns, At safepoint: 2300 ns, Total: 22601 ns
[367.137s][info ][safepoint      ] Safepoint "Cleanup", Time since last: 2000188715 ns, Reaching safepoint: 8400 ns, Cleanup: 10801 ns, At safepoint: 2700 ns, Total: 21901 ns
[368.137s][info ][safepoint      ] Safepoint "Cleanup", Time since last: 1000111112 ns, Reaching safepoint: 8101 ns, Cleanup: 14600 ns, At safepoint: 2600 ns, Total: 25301 ns
[369.138s][info ][safepoint      ] Safepoint "Cleanup", Time since last: 1000105012 ns, Reaching safepoint: 6701 ns, Cleanup: 14800 ns, At safepoint: 1900 ns, Total: 23401 ns
[370.138s][info ][safepoint      ] Safepoint "Cleanup", Time since last: 1000109013 ns, Reaching safepoint: 6300 ns, Cleanup: 10400 ns, At safepoint: 2500 ns, Total: 19200 ns
[371.138s][info ][safepoint      ] Safepoint "Cleanup", Time since last: 1000127114 ns, Reaching safepoint: 6800 ns, Cleanup: 12500 ns, At safepoint: 2300 ns, Total: 21600 ns
[372.138s][info ][safepoint      ] Safepoint "Cleanup", Time since last: 1000091112 ns, Reaching safepoint: 5700 ns, Cleanup: 28701 ns, At safepoint: 2300 ns, Total: 36701 ns
[374.138s][info ][safepoint      ] Safepoint "Cleanup", Time since last: 2000133983 ns, Reaching safepoint: 7500 ns, Cleanup: 28101 ns, At safepoint: 2101 ns, Total: 37702 ns
[375.138s][info ][safepoint      ] Safepoint "Cleanup", Time since last: 1000110496 ns, Reaching safepoint: 7400 ns, Cleanup: 23101 ns, At safepoint: 2100 ns, Total: 32601 ns
[375.404s][info ][gc,start       ] GC(21) Pause Young (Allocation Failure)
[375.409s][debug][gc,phases      ] GC(21) Scavenge 4.517ms
[375.409s][debug][gc,ref         ] GC(21) ReferenceProcessor::execute queues: 1, RefProcThreadModel::Single, marks_oops_alive: false
[375.409s][debug][gc,ref         ] GC(21) Skipped KeepAliveFinalRefsPhase of Reference Processing: no references
[375.409s][debug][gc,ref         ] GC(21) ReferenceProcessor::execute queues: 1, RefProcThreadModel::Single, marks_oops_alive: false
[375.409s][debug][gc,phases      ] GC(21) Reference Processing 0.107ms
[375.409s][debug][gc,phases      ] GC(21)   VM Weak                        Min:  0.0, Avg:  0.0, Max:  0.0, Diff:  0.0, Sum:  0.0, Workers: 4
[375.409s][debug][gc,phases      ] GC(21)     Dead                           Min: 0, Avg:  0.0, Max: 0, Diff: 0, Sum: 0, Workers: 4
[375.409s][debug][gc,phases      ] GC(21)     Total                          Min: 0, Avg: 224.0, Max: 512, Diff: 512, Sum: 896, Workers: 4
[375.409s][debug][gc,phases      ] GC(21)   ObjectSynchronizer Weak        Min:  0.0, Avg:  0.0, Max:  0.0, Diff:  0.0, Sum:  0.0, Workers: 4
[375.409s][debug][gc,phases      ] GC(21)     Dead                           Min: 0, Avg:  0.0, Max: 0, Diff: 0, Sum: 0, Workers: 4
[375.409s][debug][gc,phases      ] GC(21)     Total                          Min: 0, Avg:  1.0, Max: 4, Diff: 4, Sum: 4, Workers: 4
[375.409s][debug][gc,phases      ] GC(21)   JVMTI Tag Weak OopStorage      Min:  0.0, Avg:  0.0, Max:  0.0, Diff:  0.0, Sum:  0.0, Workers: 4
[375.409s][debug][gc,phases      ] GC(21)     Dead                           Min: 0, Avg:  0.0, Max: 0, Diff: 0, Sum: 0, Workers: 4
[375.409s][debug][gc,phases      ] GC(21)     Total                          Min: 0, Avg:  0.0, Max: 0, Diff: 0, Sum: 0, Workers: 4
[375.409s][debug][gc,phases      ] GC(21)   StringTable Weak               Min:  0.0, Avg:  0.1, Max:  0.2, Diff:  0.2, Sum:  0.4, Workers: 4
[375.409s][debug][gc,phases      ] GC(21)     Dead                           Min: 0, Avg:  0.0, Max: 0, Diff: 0, Sum: 0, Workers: 4
[375.409s][debug][gc,phases      ] GC(21)     Total                          Min: 0, Avg: 11214.5, Max: 23354, Diff: 23354, Sum: 44858, Workers: 4
[375.409s][debug][gc,phases      ] GC(21)   ResolvedMethodTable Weak       Min:  0.0, Avg:  0.0, Max:  0.1, Diff:  0.1, Sum:  0.1, Workers: 4
[375.409s][debug][gc,phases      ] GC(21)     Dead                           Min: 0, Avg:  0.0, Max: 0, Diff: 0, Sum: 0, Workers: 4
[375.409s][debug][gc,phases      ] GC(21)     Total                          Min: 0, Avg: 3000.0, Max: 6630, Diff: 6630, Sum: 12000, Workers: 4
[375.409s][debug][gc,phases      ] GC(21)   JNI Weak                       Min:  0.0, Avg:  0.0, Max:  0.0, Diff:  0.0, Sum:  0.0, Workers: 4
[375.409s][debug][gc,phases      ] GC(21)     Dead                           Min: 0, Avg:  0.0, Max: 0, Diff: 0, Sum: 0, Workers: 4
[375.409s][debug][gc,phases      ] GC(21)     Total                          Min: 0, Avg: 12.0, Max: 48, Diff: 48, Sum: 48, Workers: 4
[375.409s][debug][gc,phases      ] GC(21)   StringDedup Table Weak         Min:  0.0, Avg:  0.0, Max:  0.0, Diff:  0.0, Sum:  0.0, Workers: 4
[375.409s][debug][gc,phases      ] GC(21)     Dead                           Min: 0, Avg:  0.0, Max: 0, Diff: 0, Sum: 0, Workers: 4
[375.409s][debug][gc,phases      ] GC(21)     Total                          Min: 0, Avg:  0.0, Max: 0, Diff: 0, Sum: 0, Workers: 4
[375.409s][debug][gc,phases      ] GC(21)   StringDedup Requests0 Weak     Min:  0.0, Avg:  0.0, Max:  0.0, Diff:  0.0, Sum:  0.0, Workers: 4
[375.409s][debug][gc,phases      ] GC(21)     Dead                           Min: 0, Avg:  0.0, Max: 0, Diff: 0, Sum: 0, Workers: 4
[375.409s][debug][gc,phases      ] GC(21)     Total                          Min: 0, Avg:  0.0, Max: 0, Diff: 0, Sum: 0, Workers: 4
[375.409s][debug][gc,phases      ] GC(21)   StringDedup Requests1 Weak     Min:  0.0, Avg:  0.0, Max:  0.0, Diff:  0.0, Sum:  0.0, Workers: 4
[375.409s][debug][gc,phases      ] GC(21)     Dead                           Min: 0, Avg:  0.0, Max: 0, Diff: 0, Sum: 0, Workers: 4
[375.409s][debug][gc,phases      ] GC(21)     Total                          Min: 0, Avg:  0.0, Max: 0, Diff: 0, Sum: 0, Workers: 4
[375.409s][debug][gc,phases      ] GC(21)   Weak JFR Old Object Samples    Min:  0.0, Avg:  0.0, Max:  0.0, Diff:  0.0, Sum:  0.0, Workers: 4
[375.409s][debug][gc,phases      ] GC(21)     Dead                           Min: 0, Avg:  0.0, Max: 0, Diff: 0, Sum: 0, Workers: 4
[375.409s][debug][gc,phases      ] GC(21)     Total                          Min: 0, Avg:  0.0, Max: 0, Diff: 0, Sum: 0, Workers: 4
[375.409s][debug][gc,phases      ] GC(21) Weak Processing 0.435ms
[375.409s][debug][gc,age         ] GC(21) Desired survivor size 536870912 bytes, new threshold 1 (max threshold 15)
[375.409s][info ][gc,heap        ] GC(21) PSYoungGen: 1050880K(1572864K)->3344K(1572864K) Eden: 1048576K(1048576K)->0K(1048576K) From: 2304K(524288K)->3344K(524288K)
[375.409s][info ][gc,heap        ] GC(21) ParOldGen: 326994K(510464K)->327558K(510464K)
[375.409s][info ][gc,metaspace   ] GC(21) Metaspace: 88164K(89344K)->88164K(89344K) NonClass: 75532K(76224K)->75532K(76224K) Class: 12632K(13120K)->12632K(13120K)
[375.410s][info ][gc             ] GC(21) Pause Young (Allocation Failure) 1345M->323M(2034M) 5.188ms
[375.410s][info ][gc,cpu         ] GC(21) User=0.01s Sys=0.00s Real=0.01s
[375.410s][info ][safepoint      ] Safepoint "ParallelGCFailedAllocation", Time since last: 265926579 ns, Reaching safepoint: 7401 ns, Cleanup: 7500 ns, At safepoint: 5259525 ns, Total: 5274426 ns
[376.410s][info ][safepoint      ] Safepoint "Cleanup", Time since last: 1000069394 ns, Reaching safepoint: 6401 ns, Cleanup: 27301 ns, At safepoint: 2500 ns, Total: 36202 ns
[377.410s][info ][safepoint      ] Safepoint "Cleanup", Time since last: 1000110996 ns, Reaching safepoint: 7100 ns, Cleanup: 8901 ns, At safepoint: 2500 ns, Total: 18501 ns
[378.410s][info ][safepoint      ] Safepoint "Cleanup", Time since last: 1000118596 ns, Reaching safepoint: 75504 ns, Cleanup: 7800 ns, At safepoint: 5200 ns, Total: 88504 ns
[379.410s][info ][safepoint      ] Safepoint "Cleanup", Time since last: 1000118797 ns, Reaching safepoint: 8500 ns, Cleanup: 14801 ns, At safepoint: 2800 ns, Total: 26101 ns
[380.410s][info ][safepoint      ] Safepoint "Cleanup", Time since last: 1000114196 ns, Reaching safepoint: 7800 ns, Cleanup: 22701 ns, At safepoint: 2300 ns, Total: 32801 ns
[381.410s][info ][safepoint      ] Safepoint "Cleanup", Time since last: 1000118399 ns, Reaching safepoint: 7500 ns, Cleanup: 22601 ns, At safepoint: 2300 ns, Total: 32401 ns
[383.411s][info ][safepoint      ] Safepoint "Cleanup", Time since last: 2000190100 ns, Reaching safepoint: 7400 ns, Cleanup: 17301 ns, At safepoint: 2600 ns, Total: 27301 ns
[384.411s][info ][safepoint      ] Safepoint "Cleanup", Time since last: 1000109000 ns, Reaching safepoint: 7800 ns, Cleanup: 14701 ns, At safepoint: 2300 ns, Total: 24801 ns
[385.411s][info ][safepoint      ] Safepoint "Cleanup", Time since last: 1000122901 ns, Reaching safepoint: 53302 ns, Cleanup: 10700 ns, At safepoint: 6901 ns, Total: 70903 ns
[387.411s][info ][safepoint      ] Safepoint "Cleanup", Time since last: 2000185599 ns, Reaching safepoint: 7100 ns, Cleanup: 11200 ns, At safepoint: 6201 ns, Total: 24501 ns
[388.411s][info ][safepoint      ] Safepoint "Cleanup", Time since last: 1000119100 ns, Reaching safepoint: 7801 ns, Cleanup: 19700 ns, At safepoint: 2201 ns, Total: 29702 ns
[390.412s][info ][safepoint      ] Safepoint "Cleanup", Time since last: 2000180174 ns, Reaching safepoint: 7300 ns, Cleanup: 11201 ns, At safepoint: 2500 ns, Total: 21001 ns
[391.412s][info ][safepoint      ] Safepoint "Cleanup", Time since last: 1000115679 ns, Reaching safepoint: 6300 ns, Cleanup: 23801 ns, At safepoint: 2501 ns, Total: 32602 ns
[392.412s][info ][safepoint      ] Safepoint "Cleanup", Time since last: 1000112579 ns, Reaching safepoint: 6400 ns, Cleanup: 20501 ns, At safepoint: 2100 ns, Total: 29001 ns
[394.412s][info ][safepoint      ] Safepoint "Cleanup", Time since last: 2000172756 ns, Reaching safepoint: 7100 ns, Cleanup: 12401 ns, At safepoint: 2200 ns, Total: 21701 ns
[397.412s][info ][safepoint      ] Safepoint "Cleanup", Time since last: 3000278132 ns, Reaching safepoint: 7501 ns, Cleanup: 13600 ns, At safepoint: 2200 ns, Total: 23301 ns
[398.412s][info ][safepoint      ] Safepoint "Cleanup", Time since last: 1000116235 ns, Reaching safepoint: 7400 ns, Cleanup: 20501 ns, At safepoint: 6200 ns, Total: 34101 ns
[406.413s][info ][safepoint      ] Safepoint "Cleanup", Time since last: 8000474769 ns, Reaching safepoint: 6801 ns, Cleanup: 16500 ns, At safepoint: 2801 ns, Total: 26102 ns
[408.413s][info ][safepoint      ] Safepoint "Cleanup", Time since last: 2000181388 ns, Reaching safepoint: 7001 ns, Cleanup: 13700 ns, At safepoint: 2400 ns, Total: 23101 ns
[411.413s][info ][safepoint      ] Safepoint "Cleanup", Time since last: 3000246833 ns, Reaching safepoint: 6400 ns, Cleanup: 10400 ns, At safepoint: 2500 ns, Total: 19300 ns
[412.414s][info ][safepoint      ] Safepoint "Cleanup", Time since last: 1000107546 ns, Reaching safepoint: 7400 ns, Cleanup: 23301 ns, At safepoint: 2300 ns, Total: 33001 ns
[413.414s][info ][safepoint      ] Safepoint "Cleanup", Time since last: 1000109245 ns, Reaching safepoint: 7601 ns, Cleanup: 12800 ns, At safepoint: 2100 ns, Total: 22501 ns
[413.634s][info ][gc,start       ] GC(22) Pause Young (Allocation Failure)
[413.638s][debug][gc,phases      ] GC(22) Scavenge 3.317ms
[413.638s][debug][gc,ref         ] GC(22) ReferenceProcessor::execute queues: 1, RefProcThreadModel::Single, marks_oops_alive: false
[413.638s][debug][gc,ref         ] GC(22) Skipped KeepAliveFinalRefsPhase of Reference Processing: no references
[413.638s][debug][gc,ref         ] GC(22) ReferenceProcessor::execute queues: 1, RefProcThreadModel::Single, marks_oops_alive: false
[413.638s][debug][gc,phases      ] GC(22) Reference Processing 0.120ms
[413.638s][debug][gc,phases      ] GC(22)   VM Weak                        Min:  0.0, Avg:  0.0, Max:  0.0, Diff:  0.0, Sum:  0.0, Workers: 4
[413.638s][debug][gc,phases      ] GC(22)     Dead                           Min: 0, Avg:  0.0, Max: 0, Diff: 0, Sum: 0, Workers: 4
[413.638s][debug][gc,phases      ] GC(22)     Total                          Min: 0, Avg: 226.0, Max: 768, Diff: 768, Sum: 904, Workers: 4
[413.638s][debug][gc,phases      ] GC(22)   ObjectSynchronizer Weak        Min:  0.0, Avg:  0.0, Max:  0.0, Diff:  0.0, Sum:  0.0, Workers: 4
[413.638s][debug][gc,phases      ] GC(22)     Dead                           Min: 0, Avg:  0.0, Max: 0, Diff: 0, Sum: 0, Workers: 4
[413.638s][debug][gc,phases      ] GC(22)     Total                          Min: 0, Avg:  1.0, Max: 4, Diff: 4, Sum: 4, Workers: 4
[413.638s][debug][gc,phases      ] GC(22)   JVMTI Tag Weak OopStorage      Min:  0.0, Avg:  0.0, Max:  0.0, Diff:  0.0, Sum:  0.0, Workers: 4
[413.638s][debug][gc,phases      ] GC(22)     Dead                           Min: 0, Avg:  0.0, Max: 0, Diff: 0, Sum: 0, Workers: 4
[413.638s][debug][gc,phases      ] GC(22)     Total                          Min: 0, Avg:  0.0, Max: 0, Diff: 0, Sum: 0, Workers: 4
[413.638s][debug][gc,phases      ] GC(22)   StringTable Weak               Min:  0.0, Avg:  0.1, Max:  0.1, Diff:  0.1, Sum:  0.4, Workers: 4
[413.638s][debug][gc,phases      ] GC(22)     Dead                           Min: 0, Avg:  0.2, Max: 1, Diff: 1, Sum: 1, Workers: 4
[413.638s][debug][gc,phases      ] GC(22)     Total                          Min: 0, Avg: 11219.0, Max: 15872, Diff: 15872, Sum: 44876, Workers: 4
[413.638s][debug][gc,phases      ] GC(22)   ResolvedMethodTable Weak       Min:  0.0, Avg:  0.0, Max:  0.0, Diff:  0.0, Sum:  0.1, Workers: 4
[413.638s][debug][gc,phases      ] GC(22)     Dead                           Min: 0, Avg:  0.0, Max: 0, Diff: 0, Sum: 0, Workers: 4
[413.638s][debug][gc,phases      ] GC(22)     Total                          Min: 0, Avg: 3005.0, Max: 4348, Diff: 4348, Sum: 12020, Workers: 4
[413.638s][debug][gc,phases      ] GC(22)   JNI Weak                       Min:  0.0, Avg:  0.0, Max:  0.0, Diff:  0.0, Sum:  0.0, Workers: 4
[413.638s][debug][gc,phases      ] GC(22)     Dead                           Min: 0, Avg:  0.0, Max: 0, Diff: 0, Sum: 0, Workers: 4
[413.638s][debug][gc,phases      ] GC(22)     Total                          Min: 0, Avg: 12.0, Max: 48, Diff: 48, Sum: 48, Workers: 4
[413.638s][debug][gc,phases      ] GC(22)   StringDedup Table Weak         Min:  0.0, Avg:  0.0, Max:  0.0, Diff:  0.0, Sum:  0.0, Workers: 4
[413.638s][debug][gc,phases      ] GC(22)     Dead                           Min: 0, Avg:  0.0, Max: 0, Diff: 0, Sum: 0, Workers: 4
[413.638s][debug][gc,phases      ] GC(22)     Total                          Min: 0, Avg:  0.0, Max: 0, Diff: 0, Sum: 0, Workers: 4
[413.638s][debug][gc,phases      ] GC(22)   StringDedup Requests0 Weak     Min:  0.0, Avg:  0.0, Max:  0.0, Diff:  0.0, Sum:  0.0, Workers: 4
[413.638s][debug][gc,phases      ] GC(22)     Dead                           Min: 0, Avg:  0.0, Max: 0, Diff: 0, Sum: 0, Workers: 4
[413.638s][debug][gc,phases      ] GC(22)     Total                          Min: 0, Avg:  0.0, Max: 0, Diff: 0, Sum: 0, Workers: 4
[413.638s][debug][gc,phases      ] GC(22)   StringDedup Requests1 Weak     Min:  0.0, Avg:  0.0, Max:  0.0, Diff:  0.0, Sum:  0.0, Workers: 4
[413.638s][debug][gc,phases      ] GC(22)     Dead                           Min: 0, Avg:  0.0, Max: 0, Diff: 0, Sum: 0, Workers: 4
[413.638s][debug][gc,phases      ] GC(22)     Total                          Min: 0, Avg:  0.0, Max: 0, Diff: 0, Sum: 0, Workers: 4
[413.638s][debug][gc,phases      ] GC(22)   Weak JFR Old Object Samples    Min:  0.0, Avg:  0.0, Max:  0.0, Diff:  0.0, Sum:  0.0, Workers: 4
[413.638s][debug][gc,phases      ] GC(22)     Dead                           Min: 0, Avg:  0.0, Max: 0, Diff: 0, Sum: 0, Workers: 4
[413.638s][debug][gc,phases      ] GC(22)     Total                          Min: 0, Avg:  0.0, Max: 0, Diff: 0, Sum: 0, Workers: 4
[413.638s][debug][gc,phases      ] GC(22) Weak Processing 0.389ms
[413.638s][debug][gc,age         ] GC(22) Desired survivor size 536870912 bytes, new threshold 1 (max threshold 15)
[413.638s][info ][gc,heap        ] GC(22) PSYoungGen: 1051920K(1572864K)->2528K(1572864K) Eden: 1048576K(1048576K)->0K(1048576K) From: 3344K(524288K)->2528K(524288K)
[413.638s][info ][gc,heap        ] GC(22) ParOldGen: 327558K(510464K)->329294K(510464K)
[413.638s][info ][gc,metaspace   ] GC(22) Metaspace: 88244K(89408K)->88244K(89408K) NonClass: 75605K(76288K)->75605K(76288K) Class: 12638K(13120K)->12638K(13120K)
[413.638s][info ][gc             ] GC(22) Pause Young (Allocation Failure) 1347M->324M(2034M) 3.946ms
[413.638s][info ][gc,cpu         ] GC(22) User=0.01s Sys=0.00s Real=0.00s
[413.638s][info ][safepoint      ] Safepoint "ParallelGCFailedAllocation", Time since last: 220525149 ns, Reaching safepoint: 6200 ns, Cleanup: 3300 ns, At safepoint: 4022758 ns, Total: 4032258 ns
[415.638s][info ][safepoint      ] Safepoint "Cleanup", Time since last: 2000114999 ns, Reaching safepoint: 7000 ns, Cleanup: 11401 ns, At safepoint: 1900 ns, Total: 20301 ns
[416.639s][info ][safepoint      ] Safepoint "Cleanup", Time since last: 1000099551 ns, Reaching safepoint: 5800 ns, Cleanup: 9501 ns, At safepoint: 2100 ns, Total: 17401 ns
[419.639s][info ][safepoint      ] Safepoint "Cleanup", Time since last: 3000201367 ns, Reaching safepoint: 7501 ns, Cleanup: 11600 ns, At safepoint: 1900 ns, Total: 21001 ns
[423.152s][info ][safepoint      ] Safepoint "Cleanup", Time since last: 3513417117 ns, Reaching safepoint: 78203 ns, Cleanup: 9601 ns, At safepoint: 6100 ns, Total: 93904 ns
[424.152s][info ][safepoint      ] Safepoint "Cleanup", Time since last: 1000129955 ns, Reaching safepoint: 7500 ns, Cleanup: 11401 ns, At safepoint: 2100 ns, Total: 21001 ns
[426.153s][info ][safepoint      ] Safepoint "Cleanup", Time since last: 2000177806 ns, Reaching safepoint: 76703 ns, Cleanup: 25601 ns, At safepoint: 5400 ns, Total: 107704 ns
[427.153s][info ][safepoint      ] Safepoint "Cleanup", Time since last: 1000131855 ns, Reaching safepoint: 81904 ns, Cleanup: 17400 ns, At safepoint: 6201 ns, Total: 105505 ns
[428.153s][info ][safepoint      ] Safepoint "Cleanup", Time since last: 1000124554 ns, Reaching safepoint: 5700 ns, Cleanup: 13201 ns, At safepoint: 2300 ns, Total: 21201 ns
[429.153s][info ][safepoint      ] Safepoint "Cleanup", Time since last: 1000107954 ns, Reaching safepoint: 74603 ns, Cleanup: 9501 ns, At safepoint: 6400 ns, Total: 90504 ns
[432.154s][info ][safepoint      ] Safepoint "Cleanup", Time since last: 3000244822 ns, Reaching safepoint: 6801 ns, Cleanup: 6800 ns, At safepoint: 2300 ns, Total: 15901 ns
[433.154s][info ][safepoint      ] Safepoint "Cleanup", Time since last: 1000118074 ns, Reaching safepoint: 76703 ns, Cleanup: 42402 ns, At safepoint: 5600 ns, Total: 124705 ns
[434.154s][info ][safepoint      ] Safepoint "Cleanup", Time since last: 1000106874 ns, Reaching safepoint: 6600 ns, Cleanup: 12400 ns, At safepoint: 2501 ns, Total: 21501 ns
[435.154s][info ][safepoint      ] Safepoint "Cleanup", Time since last: 1000124274 ns, Reaching safepoint: 81203 ns, Cleanup: 12901 ns, At safepoint: 7100 ns, Total: 101204 ns
[438.154s][info ][safepoint      ] Safepoint "Cleanup", Time since last: 3000274425 ns, Reaching safepoint: 6700 ns, Cleanup: 12700 ns, At safepoint: 2200 ns, Total: 21600 ns
[443.155s][info ][safepoint      ] Safepoint "Cleanup", Time since last: 5000421419 ns, Reaching safepoint: 82804 ns, Cleanup: 18001 ns, At safepoint: 7800 ns, Total: 108605 ns
[449.156s][info ][safepoint      ] Safepoint "Cleanup", Time since last: 6000469217 ns, Reaching safepoint: 81003 ns, Cleanup: 11501 ns, At safepoint: 7300 ns, Total: 99804 ns
[450.156s][info ][safepoint      ] Safepoint "Cleanup", Time since last: 1000121619 ns, Reaching safepoint: 8801 ns, Cleanup: 17500 ns, At safepoint: 3200 ns, Total: 29501 ns
[452.156s][info ][safepoint      ] Safepoint "Cleanup", Time since last: 2000203937 ns, Reaching safepoint: 9201 ns, Cleanup: 21100 ns, At safepoint: 2601 ns, Total: 32902 ns
[453.156s][info ][safepoint      ] Safepoint "Cleanup", Time since last: 1000122519 ns, Reaching safepoint: 75303 ns, Cleanup: 8400 ns, At safepoint: 5601 ns, Total: 89304 ns
[453.455s][info ][gc,start       ] GC(23) Pause Young (Allocation Failure)
[453.459s][debug][gc,phases      ] GC(23) Scavenge 4.549ms
[453.460s][debug][gc,ref         ] GC(23) ReferenceProcessor::execute queues: 1, RefProcThreadModel::Single, marks_oops_alive: false
[453.460s][debug][gc,ref         ] GC(23) Skipped KeepAliveFinalRefsPhase of Reference Processing: no references
[453.460s][debug][gc,ref         ] GC(23) ReferenceProcessor::execute queues: 1, RefProcThreadModel::Single, marks_oops_alive: false
[453.460s][debug][gc,phases      ] GC(23) Reference Processing 0.105ms
[453.460s][debug][gc,phases      ] GC(23)   VM Weak                        Min:  0.0, Avg:  0.0, Max:  0.0, Diff:  0.0, Sum:  0.0, Workers: 4
[453.460s][debug][gc,phases      ] GC(23)     Dead                           Min: 0, Avg:  0.0, Max: 0, Diff: 0, Sum: 0, Workers: 4
[453.460s][debug][gc,phases      ] GC(23)     Total                          Min: 0, Avg: 228.2, Max: 576, Diff: 576, Sum: 913, Workers: 4
[453.460s][debug][gc,phases      ] GC(23)   ObjectSynchronizer Weak        Min:  0.0, Avg:  0.0, Max:  0.0, Diff:  0.0, Sum:  0.0, Workers: 4
[453.460s][debug][gc,phases      ] GC(23)     Dead                           Min: 0, Avg:  0.0, Max: 0, Diff: 0, Sum: 0, Workers: 4
[453.460s][debug][gc,phases      ] GC(23)     Total                          Min: 0, Avg:  1.0, Max: 4, Diff: 4, Sum: 4, Workers: 4
[453.460s][debug][gc,phases      ] GC(23)   JVMTI Tag Weak OopStorage      Min:  0.0, Avg:  0.0, Max:  0.0, Diff:  0.0, Sum:  0.0, Workers: 4
[453.460s][debug][gc,phases      ] GC(23)     Dead                           Min: 0, Avg:  0.0, Max: 0, Diff: 0, Sum: 0, Workers: 4
[453.460s][debug][gc,phases      ] GC(23)     Total                          Min: 0, Avg:  0.0, Max: 0, Diff: 0, Sum: 0, Workers: 4
[453.460s][debug][gc,phases      ] GC(23)   StringTable Weak               Min:  0.0, Avg:  0.1, Max:  0.1, Diff:  0.1, Sum:  0.4, Workers: 4
[453.460s][debug][gc,phases      ] GC(23)     Dead                           Min: 0, Avg:  0.2, Max: 1, Diff: 1, Sum: 1, Workers: 4
[453.460s][debug][gc,phases      ] GC(23)     Total                          Min: 0, Avg: 11228.8, Max: 15488, Diff: 15488, Sum: 44915, Workers: 4
[453.460s][debug][gc,phases      ] GC(23)   ResolvedMethodTable Weak       Min:  0.0, Avg:  0.0, Max:  0.0, Diff:  0.0, Sum:  0.1, Workers: 4
[453.460s][debug][gc,phases      ] GC(23)     Dead                           Min: 0, Avg:  1.5, Max: 5, Diff: 5, Sum: 6, Workers: 4
[453.460s][debug][gc,phases      ] GC(23)     Total                          Min: 0, Avg: 3019.8, Max: 4272, Diff: 4272, Sum: 12079, Workers: 4
[453.460s][debug][gc,phases      ] GC(23)   JNI Weak                       Min:  0.0, Avg:  0.0, Max:  0.0, Diff:  0.0, Sum:  0.0, Workers: 4
[453.460s][debug][gc,phases      ] GC(23)     Dead                           Min: 0, Avg:  0.0, Max: 0, Diff: 0, Sum: 0, Workers: 4
[453.460s][debug][gc,phases      ] GC(23)     Total                          Min: 0, Avg: 12.0, Max: 48, Diff: 48, Sum: 48, Workers: 4
[453.460s][debug][gc,phases      ] GC(23)   StringDedup Table Weak         Min:  0.0, Avg:  0.0, Max:  0.0, Diff:  0.0, Sum:  0.0, Workers: 4
[453.460s][debug][gc,phases      ] GC(23)     Dead                           Min: 0, Avg:  0.0, Max: 0, Diff: 0, Sum: 0, Workers: 4
[453.460s][debug][gc,phases      ] GC(23)     Total                          Min: 0, Avg:  0.0, Max: 0, Diff: 0, Sum: 0, Workers: 4
[453.460s][debug][gc,phases      ] GC(23)   StringDedup Requests0 Weak     Min:  0.0, Avg:  0.0, Max:  0.0, Diff:  0.0, Sum:  0.0, Workers: 4
[453.460s][debug][gc,phases      ] GC(23)     Dead                           Min: 0, Avg:  0.0, Max: 0, Diff: 0, Sum: 0, Workers: 4
[453.460s][debug][gc,phases      ] GC(23)     Total                          Min: 0, Avg:  0.0, Max: 0, Diff: 0, Sum: 0, Workers: 4
[453.460s][debug][gc,phases      ] GC(23)   StringDedup Requests1 Weak     Min:  0.0, Avg:  0.0, Max:  0.0, Diff:  0.0, Sum:  0.0, Workers: 4
[453.460s][debug][gc,phases      ] GC(23)     Dead                           Min: 0, Avg:  0.0, Max: 0, Diff: 0, Sum: 0, Workers: 4
[453.460s][debug][gc,phases      ] GC(23)     Total                          Min: 0, Avg:  0.0, Max: 0, Diff: 0, Sum: 0, Workers: 4
[453.460s][debug][gc,phases      ] GC(23)   Weak JFR Old Object Samples    Min:  0.0, Avg:  0.0, Max:  0.0, Diff:  0.0, Sum:  0.0, Workers: 4
[453.460s][debug][gc,phases      ] GC(23)     Dead                           Min: 0, Avg:  0.0, Max: 0, Diff: 0, Sum: 0, Workers: 4
[453.460s][debug][gc,phases      ] GC(23)     Total                          Min: 0, Avg:  0.0, Max: 0, Diff: 0, Sum: 0, Workers: 4
[453.460s][debug][gc,phases      ] GC(23) Weak Processing 0.390ms
[453.460s][debug][gc,age         ] GC(23) Desired survivor size 536870912 bytes, new threshold 1 (max threshold 15)
[453.460s][info ][gc,heap        ] GC(23) PSYoungGen: 1051104K(1572864K)->2416K(1572864K) Eden: 1048576K(1048576K)->0K(1048576K) From: 2528K(524288K)->2416K(524288K)
[453.460s][info ][gc,heap        ] GC(23) ParOldGen: 329294K(510464K)->330154K(510464K)
[453.460s][info ][gc,metaspace   ] GC(23) Metaspace: 88344K(89536K)->88344K(89536K) NonClass: 75684K(76352K)->75684K(76352K) Class: 12660K(13184K)->12660K(13184K)
[453.460s][info ][gc             ] GC(23) Pause Young (Allocation Failure) 1348M->324M(2034M) 5.176ms
[453.460s][info ][gc,cpu         ] GC(23) User=0.01s Sys=0.00s Real=0.01s
[453.460s][info ][safepoint      ] Safepoint "ParallelGCFailedAllocation", Time since last: 298677334 ns, Reaching safepoint: 7600 ns, Cleanup: 5300 ns, At safepoint: 5248718 ns, Total: 5261618 ns
[455.460s][info ][safepoint      ] Safepoint "Cleanup", Time since last: 2000164188 ns, Reaching safepoint: 7500 ns, Cleanup: 15401 ns, At safepoint: 2600 ns, Total: 25501 ns
[456.460s][info ][safepoint      ] Safepoint "Cleanup", Time since last: 1000116796 ns, Reaching safepoint: 7600 ns, Cleanup: 9601 ns, At safepoint: 11900 ns, Total: 29101 ns
[457.461s][info ][safepoint      ] Safepoint "Cleanup", Time since last: 1000111296 ns, Reaching safepoint: 7500 ns, Cleanup: 20001 ns, At safepoint: 2100 ns, Total: 29601 ns
[458.461s][info ][safepoint      ] Safepoint "Cleanup", Time since last: 1000277402 ns, Reaching safepoint: 8400 ns, Cleanup: 25101 ns, At safepoint: 2701 ns, Total: 36202 ns
[459.461s][info ][safepoint      ] Safepoint "Cleanup", Time since last: 1000119095 ns, Reaching safepoint: 6701 ns, Cleanup: 20301 ns, At safepoint: 2100 ns, Total: 29102 ns
[463.461s][info ][safepoint      ] Safepoint "Cleanup", Time since last: 4000306078 ns, Reaching safepoint: 7701 ns, Cleanup: 11300 ns, At safepoint: 2300 ns, Total: 21301 ns
[464.461s][info ][safepoint      ] Safepoint "Cleanup", Time since last: 1000108546 ns, Reaching safepoint: 7700 ns, Cleanup: 21201 ns, At safepoint: 2400 ns, Total: 31301 ns
[465.462s][info ][safepoint      ] Safepoint "Cleanup", Time since last: 1000115347 ns, Reaching safepoint: 9600 ns, Cleanup: 8500 ns, At safepoint: 2701 ns, Total: 20801 ns
[467.462s][info ][safepoint      ] Safepoint "Cleanup", Time since last: 2000189590 ns, Reaching safepoint: 8801 ns, Cleanup: 13600 ns, At safepoint: 2600 ns, Total: 25001 ns
[471.462s][info ][safepoint      ] Safepoint "Cleanup", Time since last: 4000201562 ns, Reaching safepoint: 6400 ns, Cleanup: 10300 ns, At safepoint: 2300 ns, Total: 19000 ns
[473.462s][info ][safepoint      ] Safepoint "Cleanup", Time since last: 2000220780 ns, Reaching safepoint: 7800 ns, Cleanup: 39702 ns, At safepoint: 2900 ns, Total: 50402 ns
[475.463s][info ][safepoint      ] Safepoint "Cleanup", Time since last: 2000178277 ns, Reaching safepoint: 6800 ns, Cleanup: 12801 ns, At safepoint: 2100 ns, Total: 21701 ns
[479.463s][info ][safepoint      ] Safepoint "Cleanup", Time since last: 4000313695 ns, Reaching safepoint: 8301 ns, Cleanup: 12500 ns, At safepoint: 5700 ns, Total: 26501 ns
[482.169s][info ][safepoint      ] Safepoint "Cleanup", Time since last: 2705697597 ns, Reaching safepoint: 7300 ns, Cleanup: 14701 ns, At safepoint: 2000 ns, Total: 24001 ns
[486.169s][info ][safepoint      ] Safepoint "Cleanup", Time since last: 4000319532 ns, Reaching safepoint: 9901 ns, Cleanup: 16100 ns, At safepoint: 2400 ns, Total: 28401 ns
[487.169s][info ][safepoint      ] Safepoint "Cleanup", Time since last: 1000108704 ns, Reaching safepoint: 75003 ns, Cleanup: 7300 ns, At safepoint: 5001 ns, Total: 87304 ns
[488.169s][info ][safepoint      ] Safepoint "Cleanup", Time since last: 1000107203 ns, Reaching safepoint: 7500 ns, Cleanup: 13301 ns, At safepoint: 2600 ns, Total: 23401 ns
[489.169s][info ][safepoint      ] Safepoint "Cleanup", Time since last: 1000075902 ns, Reaching safepoint: 7301 ns, Cleanup: 21600 ns, At safepoint: 2101 ns, Total: 31002 ns
[491.170s][info ][safepoint      ] Safepoint "Cleanup", Time since last: 2000179405 ns, Reaching safepoint: 6300 ns, Cleanup: 12901 ns, At safepoint: 2500 ns, Total: 21701 ns
[493.004s][info ][gc,start       ] GC(24) Pause Young (Allocation Failure)
[493.008s][debug][gc,phases      ] GC(24) Scavenge 3.891ms
[493.008s][debug][gc,ref         ] GC(24) ReferenceProcessor::execute queues: 1, RefProcThreadModel::Single, marks_oops_alive: false
[493.008s][debug][gc,ref         ] GC(24) Skipped KeepAliveFinalRefsPhase of Reference Processing: no references
[493.008s][debug][gc,ref         ] GC(24) ReferenceProcessor::execute queues: 1, RefProcThreadModel::Single, marks_oops_alive: false
[493.008s][debug][gc,phases      ] GC(24) Reference Processing 0.104ms
[493.009s][debug][gc,phases      ] GC(24)   VM Weak                        Min:  0.0, Avg:  0.0, Max:  0.0, Diff:  0.0, Sum:  0.0, Workers: 4
[493.009s][debug][gc,phases      ] GC(24)     Dead                           Min: 0, Avg:  0.0, Max: 0, Diff: 0, Sum: 0, Workers: 4
[493.009s][debug][gc,phases      ] GC(24)     Total                          Min: 0, Avg: 228.2, Max: 768, Diff: 768, Sum: 913, Workers: 4
[493.009s][debug][gc,phases      ] GC(24)   ObjectSynchronizer Weak        Min:  0.0, Avg:  0.0, Max:  0.0, Diff:  0.0, Sum:  0.0, Workers: 4
[493.009s][debug][gc,phases      ] GC(24)     Dead                           Min: 0, Avg:  0.0, Max: 0, Diff: 0, Sum: 0, Workers: 4
[493.009s][debug][gc,phases      ] GC(24)     Total                          Min: 0, Avg:  1.0, Max: 4, Diff: 4, Sum: 4, Workers: 4
[493.009s][debug][gc,phases      ] GC(24)   JVMTI Tag Weak OopStorage      Min:  0.0, Avg:  0.0, Max:  0.0, Diff:  0.0, Sum:  0.0, Workers: 4
[493.009s][debug][gc,phases      ] GC(24)     Dead                           Min: 0, Avg:  0.0, Max: 0, Diff: 0, Sum: 0, Workers: 4
[493.009s][debug][gc,phases      ] GC(24)     Total                          Min: 0, Avg:  0.0, Max: 0, Diff: 0, Sum: 0, Workers: 4
[493.009s][debug][gc,phases      ] GC(24)   StringTable Weak               Min:  0.0, Avg:  0.1, Max:  0.2, Diff:  0.2, Sum:  0.4, Workers: 4
[493.009s][debug][gc,phases      ] GC(24)     Dead                           Min: 0, Avg:  0.0, Max: 0, Diff: 0, Sum: 0, Workers: 4
[493.009s][debug][gc,phases      ] GC(24)     Total                          Min: 0, Avg: 11229.5, Max: 23415, Diff: 23415, Sum: 44918, Workers: 4
[493.009s][debug][gc,phases      ] GC(24)   ResolvedMethodTable Weak       Min:  0.0, Avg:  0.0, Max:  0.1, Diff:  0.1, Sum:  0.1, Workers: 4
[493.009s][debug][gc,phases      ] GC(24)     Dead                           Min: 0, Avg:  0.0, Max: 0, Diff: 0, Sum: 0, Workers: 4
[493.009s][debug][gc,phases      ] GC(24)     Total                          Min: 0, Avg: 3019.8, Max: 6463, Diff: 6463, Sum: 12079, Workers: 4
[493.009s][debug][gc,phases      ] GC(24)   JNI Weak                       Min:  0.0, Avg:  0.0, Max:  0.0, Diff:  0.0, Sum:  0.0, Workers: 4
[493.009s][debug][gc,phases      ] GC(24)     Dead                           Min: 0, Avg:  0.0, Max: 0, Diff: 0, Sum: 0, Workers: 4
[493.009s][debug][gc,phases      ] GC(24)     Total                          Min: 0, Avg: 12.0, Max: 48, Diff: 48, Sum: 48, Workers: 4
[493.009s][debug][gc,phases      ] GC(24)   StringDedup Table Weak         Min:  0.0, Avg:  0.0, Max:  0.0, Diff:  0.0, Sum:  0.0, Workers: 4
[493.009s][debug][gc,phases      ] GC(24)     Dead                           Min: 0, Avg:  0.0, Max: 0, Diff: 0, Sum: 0, Workers: 4
[493.009s][debug][gc,phases      ] GC(24)     Total                          Min: 0, Avg:  0.0, Max: 0, Diff: 0, Sum: 0, Workers: 4
[493.009s][debug][gc,phases      ] GC(24)   StringDedup Requests0 Weak     Min:  0.0, Avg:  0.0, Max:  0.0, Diff:  0.0, Sum:  0.0, Workers: 4
[493.009s][debug][gc,phases      ] GC(24)     Dead                           Min: 0, Avg:  0.0, Max: 0, Diff: 0, Sum: 0, Workers: 4
[493.009s][debug][gc,phases      ] GC(24)     Total                          Min: 0, Avg:  0.0, Max: 0, Diff: 0, Sum: 0, Workers: 4
[493.009s][debug][gc,phases      ] GC(24)   StringDedup Requests1 Weak     Min:  0.0, Avg:  0.0, Max:  0.0, Diff:  0.0, Sum:  0.0, Workers: 4
[493.009s][debug][gc,phases      ] GC(24)     Dead                           Min: 0, Avg:  0.0, Max: 0, Diff: 0, Sum: 0, Workers: 4
[493.009s][debug][gc,phases      ] GC(24)     Total                          Min: 0, Avg:  0.0, Max: 0, Diff: 0, Sum: 0, Workers: 4
[493.009s][debug][gc,phases      ] GC(24)   Weak JFR Old Object Samples    Min:  0.0, Avg:  0.0, Max:  0.0, Diff:  0.0, Sum:  0.0, Workers: 4
[493.009s][debug][gc,phases      ] GC(24)     Dead                           Min: 0, Avg:  0.0, Max: 0, Diff: 0, Sum: 0, Workers: 4
[493.009s][debug][gc,phases      ] GC(24)     Total                          Min: 0, Avg:  0.0, Max: 0, Diff: 0, Sum: 0, Workers: 4
[493.009s][debug][gc,phases      ] GC(24) Weak Processing 0.451ms
[493.009s][debug][gc,age         ] GC(24) Desired survivor size 536870912 bytes, new threshold 1 (max threshold 15)
[493.009s][info ][gc,heap        ] GC(24) PSYoungGen: 1050992K(1572864K)->2672K(1572864K) Eden: 1048576K(1048576K)->0K(1048576K) From: 2416K(524288K)->2672K(524288K)
[493.009s][info ][gc,heap        ] GC(24) ParOldGen: 330154K(510464K)->330963K(510464K)
[493.009s][info ][gc,metaspace   ] GC(24) Metaspace: 88372K(89600K)->88372K(89600K) NonClass: 75712K(76416K)->75712K(76416K) Class: 12660K(13184K)->12660K(13184K)
[493.009s][info ][gc             ] GC(24) Pause Young (Allocation Failure) 1348M->325M(2034M) 4.575ms
[493.009s][info ][gc,cpu         ] GC(24) User=0.01s Sys=0.00s Real=0.01s
[493.009s][info ][safepoint      ] Safepoint "ParallelGCFailedAllocation", Time since last: 1834648820 ns, Reaching safepoint: 6601 ns, Cleanup: 10900 ns, At safepoint: 4644496 ns, Total: 4661997 ns
[498.009s][info ][safepoint      ] Safepoint "Cleanup", Time since last: 5000381115 ns, Reaching safepoint: 7201 ns, Cleanup: 12100 ns, At safepoint: 2500 ns, Total: 21801 ns
[499.009s][info ][safepoint      ] Safepoint "Cleanup", Time since last: 1000123076 ns, Reaching safepoint: 9900 ns, Cleanup: 29401 ns, At safepoint: 3000 ns, Total: 42301 ns
[500.010s][info ][safepoint      ] Safepoint "Cleanup", Time since last: 1000114575 ns, Reaching safepoint: 6301 ns, Cleanup: 13100 ns, At safepoint: 2400 ns, Total: 21801 ns
[504.010s][info ][safepoint      ] Safepoint "Cleanup", Time since last: 4000315576 ns, Reaching safepoint: 8500 ns, Cleanup: 19001 ns, At safepoint: 2600 ns, Total: 30101 ns
[510.010s][info ][safepoint      ] Safepoint "Cleanup", Time since last: 6000475882 ns, Reaching safepoint: 9601 ns, Cleanup: 13600 ns, At safepoint: 2600 ns, Total: 25801 ns
[516.011s][info ][safepoint      ] Safepoint "Cleanup", Time since last: 6000520965 ns, Reaching safepoint: 7800 ns, Cleanup: 11101 ns, At safepoint: 2500 ns, Total: 21401 ns
[518.011s][info ][safepoint      ] Safepoint "Cleanup", Time since last: 2000178006 ns, Reaching safepoint: 7201 ns, Cleanup: 18101 ns, At safepoint: 2200 ns, Total: 27502 ns
[520.011s][info ][safepoint      ] Safepoint "Cleanup", Time since last: 2000156065 ns, Reaching safepoint: 10001 ns, Cleanup: 18800 ns, At safepoint: 2700 ns, Total: 31501 ns
[522.012s][info ][safepoint      ] Safepoint "Cleanup", Time since last: 2000171167 ns, Reaching safepoint: 8000 ns, Cleanup: 12500 ns, At safepoint: 2201 ns, Total: 22701 ns
[524.012s][info ][safepoint      ] Safepoint "Cleanup", Time since last: 2000175466 ns, Reaching safepoint: 7100 ns, Cleanup: 12601 ns, At safepoint: 2200 ns, Total: 21901 ns
[527.012s][info ][safepoint      ] Safepoint "Cleanup", Time since last: 3000257215 ns, Reaching safepoint: 10201 ns, Cleanup: 17001 ns, At safepoint: 6300 ns, Total: 33502 ns
[530.012s][info ][safepoint      ] Safepoint "Cleanup", Time since last: 3000245591 ns, Reaching safepoint: 7501 ns, Cleanup: 15300 ns, At safepoint: 2100 ns, Total: 24901 ns
[531.012s][info ][safepoint      ] Safepoint "Cleanup", Time since last: 1000113732 ns, Reaching safepoint: 7101 ns, Cleanup: 12100 ns, At safepoint: 2300 ns, Total: 21501 ns
[532.655s][info ][gc,start       ] GC(25) Pause Young (Allocation Failure)
[532.659s][debug][gc,phases      ] GC(25) Scavenge 4.122ms
[532.659s][debug][gc,ref         ] GC(25) ReferenceProcessor::execute queues: 1, RefProcThreadModel::Single, marks_oops_alive: false
[532.659s][debug][gc,ref         ] GC(25) Skipped KeepAliveFinalRefsPhase of Reference Processing: no references
[532.659s][debug][gc,ref         ] GC(25) ReferenceProcessor::execute queues: 1, RefProcThreadModel::Single, marks_oops_alive: false
[532.659s][debug][gc,phases      ] GC(25) Reference Processing 0.104ms
[532.659s][debug][gc,phases      ] GC(25)   VM Weak                        Min:  0.0, Avg:  0.0, Max:  0.0, Diff:  0.0, Sum:  0.0, Workers: 4
[532.659s][debug][gc,phases      ] GC(25)     Dead                           Min: 0, Avg:  0.0, Max: 0, Diff: 0, Sum: 0, Workers: 4
[532.659s][debug][gc,phases      ] GC(25)     Total                          Min: 0, Avg: 228.2, Max: 576, Diff: 576, Sum: 913, Workers: 4
[532.659s][debug][gc,phases      ] GC(25)   ObjectSynchronizer Weak        Min:  0.0, Avg:  0.0, Max:  0.0, Diff:  0.0, Sum:  0.0, Workers: 4
[532.659s][debug][gc,phases      ] GC(25)     Dead                           Min: 0, Avg:  0.0, Max: 0, Diff: 0, Sum: 0, Workers: 4
[532.659s][debug][gc,phases      ] GC(25)     Total                          Min: 0, Avg:  1.0, Max: 4, Diff: 4, Sum: 4, Workers: 4
[532.659s][debug][gc,phases      ] GC(25)   JVMTI Tag Weak OopStorage      Min:  0.0, Avg:  0.0, Max:  0.0, Diff:  0.0, Sum:  0.0, Workers: 4
[532.659s][debug][gc,phases      ] GC(25)     Dead                           Min: 0, Avg:  0.0, Max: 0, Diff: 0, Sum: 0, Workers: 4
[532.659s][debug][gc,phases      ] GC(25)     Total                          Min: 0, Avg:  0.0, Max: 0, Diff: 0, Sum: 0, Workers: 4
[532.659s][debug][gc,phases      ] GC(25)   StringTable Weak               Min:  0.0, Avg:  0.1, Max:  0.2, Diff:  0.2, Sum:  0.4, Workers: 4
[532.659s][debug][gc,phases      ] GC(25)     Dead                           Min: 0, Avg:  0.0, Max: 0, Diff: 0, Sum: 0, Workers: 4
[532.659s][debug][gc,phases      ] GC(25)     Total                          Min: 0, Avg: 11230.5, Max: 23295, Diff: 23295, Sum: 44922, Workers: 4
[532.659s][debug][gc,phases      ] GC(25)   ResolvedMethodTable Weak       Min:  0.0, Avg:  0.0, Max:  0.1, Diff:  0.1, Sum:  0.1, Workers: 4
[532.659s][debug][gc,phases      ] GC(25)     Dead                           Min: 0, Avg:  0.0, Max: 0, Diff: 0, Sum: 0, Workers: 4
[532.659s][debug][gc,phases      ] GC(25)     Total                          Min: 0, Avg: 3019.8, Max: 6513, Diff: 6513, Sum: 12079, Workers: 4
[532.659s][debug][gc,phases      ] GC(25)   JNI Weak                       Min:  0.0, Avg:  0.0, Max:  0.0, Diff:  0.0, Sum:  0.0, Workers: 4
[532.659s][debug][gc,phases      ] GC(25)     Dead                           Min: 0, Avg:  0.0, Max: 0, Diff: 0, Sum: 0, Workers: 4
[532.659s][debug][gc,phases      ] GC(25)     Total                          Min: 0, Avg: 12.0, Max: 48, Diff: 48, Sum: 48, Workers: 4
[532.659s][debug][gc,phases      ] GC(25)   StringDedup Table Weak         Min:  0.0, Avg:  0.0, Max:  0.0, Diff:  0.0, Sum:  0.0, Workers: 4
[532.659s][debug][gc,phases      ] GC(25)     Dead                           Min: 0, Avg:  0.0, Max: 0, Diff: 0, Sum: 0, Workers: 4
[532.659s][debug][gc,phases      ] GC(25)     Total                          Min: 0, Avg:  0.0, Max: 0, Diff: 0, Sum: 0, Workers: 4
[532.659s][debug][gc,phases      ] GC(25)   StringDedup Requests0 Weak     Min:  0.0, Avg:  0.0, Max:  0.0, Diff:  0.0, Sum:  0.0, Workers: 4
[532.659s][debug][gc,phases      ] GC(25)     Dead                           Min: 0, Avg:  0.0, Max: 0, Diff: 0, Sum: 0, Workers: 4
[532.659s][debug][gc,phases      ] GC(25)     Total                          Min: 0, Avg:  0.0, Max: 0, Diff: 0, Sum: 0, Workers: 4
[532.659s][debug][gc,phases      ] GC(25)   StringDedup Requests1 Weak     Min:  0.0, Avg:  0.0, Max:  0.0, Diff:  0.0, Sum:  0.0, Workers: 4
[532.659s][debug][gc,phases      ] GC(25)     Dead                           Min: 0, Avg:  0.0, Max: 0, Diff: 0, Sum: 0, Workers: 4
[532.660s][debug][gc,phases      ] GC(25)     Total                          Min: 0, Avg:  0.0, Max: 0, Diff: 0, Sum: 0, Workers: 4
[532.660s][debug][gc,phases      ] GC(25)   Weak JFR Old Object Samples    Min:  0.0, Avg:  0.0, Max:  0.0, Diff:  0.0, Sum:  0.0, Workers: 4
[532.660s][debug][gc,phases      ] GC(25)     Dead                           Min: 0, Avg:  0.0, Max: 0, Diff: 0, Sum: 0, Workers: 4
[532.660s][debug][gc,phases      ] GC(25)     Total                          Min: 0, Avg:  0.0, Max: 0, Diff: 0, Sum: 0, Workers: 4
[532.660s][debug][gc,phases      ] GC(25) Weak Processing 0.458ms
[532.660s][debug][gc,age         ] GC(25) Desired survivor size 519045120 bytes, new threshold 2 (max threshold 15)
[532.660s][info ][gc,heap        ] GC(25) PSYoungGen: 1051248K(1572864K)->2432K(1572864K) Eden: 1048576K(1048576K)->0K(1048576K) From: 2672K(524288K)->2432K(524288K)
[532.660s][info ][gc,heap        ] GC(25) ParOldGen: 330963K(510464K)->331587K(510464K)
[532.660s][info ][gc,metaspace   ] GC(25) Metaspace: 88396K(89600K)->88396K(89600K) NonClass: 75736K(76416K)->75736K(76416K) Class: 12660K(13184K)->12660K(13184K)
[532.660s][info ][gc             ] GC(25) Pause Young (Allocation Failure) 1349M->326M(2034M) 4.810ms
[532.660s][info ][gc,cpu         ] GC(25) User=0.01s Sys=0.00s Real=0.01s
[532.660s][info ][safepoint      ] Safepoint "ParallelGCFailedAllocation", Time since last: 1642256784 ns, Reaching safepoint: 6900 ns, Cleanup: 4800 ns, At safepoint: 4888506 ns, Total: 4900206 ns
[536.660s][info ][safepoint      ] Safepoint "Cleanup", Time since last: 4000266730 ns, Reaching safepoint: 6800 ns, Cleanup: 12401 ns, At safepoint: 2500 ns, Total: 21701 ns
[538.660s][info ][safepoint      ] Safepoint "Cleanup", Time since last: 2000178055 ns, Reaching safepoint: 6200 ns, Cleanup: 12601 ns, At safepoint: 2000 ns, Total: 20801 ns
[542.184s][info ][safepoint      ] Safepoint "Cleanup", Time since last: 3523965304 ns, Reaching safepoint: 7400 ns, Cleanup: 23501 ns, At safepoint: 2301 ns, Total: 33202 ns
[543.184s][info ][safepoint      ] Safepoint "Cleanup", Time since last: 1000120418 ns, Reaching safepoint: 6700 ns, Cleanup: 13801 ns, At safepoint: 2700 ns, Total: 23201 ns
[549.185s][info ][safepoint      ] Safepoint "Cleanup", Time since last: 6000433097 ns, Reaching safepoint: 9600 ns, Cleanup: 12001 ns, At safepoint: 2400 ns, Total: 24001 ns
[552.185s][info ][safepoint      ] Safepoint "Cleanup", Time since last: 3000217594 ns, Reaching safepoint: 9401 ns, Cleanup: 13500 ns, At safepoint: 6000 ns, Total: 28901 ns
[556.185s][info ][safepoint      ] Safepoint "Cleanup", Time since last: 4000305039 ns, Reaching safepoint: 7400 ns, Cleanup: 13701 ns, At safepoint: 2400 ns, Total: 23501 ns
[558.185s][info ][safepoint      ] Safepoint "Cleanup", Time since last: 2000193780 ns, Reaching safepoint: 7000 ns, Cleanup: 12701 ns, At safepoint: 2000 ns, Total: 21701 ns
[559.186s][info ][safepoint      ] Safepoint "Cleanup", Time since last: 1000116819 ns, Reaching safepoint: 7600 ns, Cleanup: 38501 ns, At safepoint: 2400 ns, Total: 48501 ns
[560.186s][info ][safepoint      ] Safepoint "Cleanup", Time since last: 1000114019 ns, Reaching safepoint: 7100 ns, Cleanup: 33902 ns, At safepoint: 5600 ns, Total: 46602 ns
[561.186s][info ][safepoint      ] Safepoint "Cleanup", Time since last: 1000115019 ns, Reaching safepoint: 7100 ns, Cleanup: 16201 ns, At safepoint: 2500 ns, Total: 25801 ns
[563.186s][info ][safepoint      ] Safepoint "Cleanup", Time since last: 2000183635 ns, Reaching safepoint: 9501 ns, Cleanup: 15000 ns, At safepoint: 6100 ns, Total: 30601 ns
[567.186s][info ][safepoint      ] Safepoint "Cleanup", Time since last: 4000292692 ns, Reaching safepoint: 7200 ns, Cleanup: 10500 ns, At safepoint: 2200 ns, Total: 19900 ns
[569.187s][info ][safepoint      ] Safepoint "Cleanup", Time since last: 2000180341 ns, Reaching safepoint: 8201 ns, Cleanup: 10600 ns, At safepoint: 2100 ns, Total: 20901 ns
[570.002s][info ][gc,start       ] GC(26) Pause Young (Allocation Failure)
[570.007s][debug][gc,phases      ] GC(26) Scavenge 4.510ms
[570.007s][debug][gc,ref         ] GC(26) ReferenceProcessor::execute queues: 1, RefProcThreadModel::Single, marks_oops_alive: false
[570.007s][debug][gc,ref         ] GC(26) Skipped KeepAliveFinalRefsPhase of Reference Processing: no references
[570.007s][debug][gc,ref         ] GC(26) ReferenceProcessor::execute queues: 1, RefProcThreadModel::Single, marks_oops_alive: false
[570.007s][debug][gc,phases      ] GC(26) Reference Processing 0.102ms
[570.007s][debug][gc,phases      ] GC(26)   VM Weak                        Min:  0.0, Avg:  0.0, Max:  0.0, Diff:  0.0, Sum:  0.0, Workers: 4
[570.007s][debug][gc,phases      ] GC(26)     Dead                           Min: 0, Avg:  0.0, Max: 0, Diff: 0, Sum: 0, Workers: 4
[570.007s][debug][gc,phases      ] GC(26)     Total                          Min: 0, Avg: 228.2, Max: 465, Diff: 465, Sum: 913, Workers: 4
[570.007s][debug][gc,phases      ] GC(26)   ObjectSynchronizer Weak        Min:  0.0, Avg:  0.0, Max:  0.0, Diff:  0.0, Sum:  0.0, Workers: 4
[570.007s][debug][gc,phases      ] GC(26)     Dead                           Min: 0, Avg:  0.0, Max: 0, Diff: 0, Sum: 0, Workers: 4
[570.007s][debug][gc,phases      ] GC(26)     Total                          Min: 0, Avg:  1.0, Max: 4, Diff: 4, Sum: 4, Workers: 4
[570.007s][debug][gc,phases      ] GC(26)   JVMTI Tag Weak OopStorage      Min:  0.0, Avg:  0.0, Max:  0.0, Diff:  0.0, Sum:  0.0, Workers: 4
[570.007s][debug][gc,phases      ] GC(26)     Dead                           Min: 0, Avg:  0.0, Max: 0, Diff: 0, Sum: 0, Workers: 4
[570.007s][debug][gc,phases      ] GC(26)     Total                          Min: 0, Avg:  0.0, Max: 0, Diff: 0, Sum: 0, Workers: 4
[570.007s][debug][gc,phases      ] GC(26)   StringTable Weak               Min:  0.0, Avg:  0.1, Max:  0.2, Diff:  0.2, Sum:  0.4, Workers: 4
[570.007s][debug][gc,phases      ] GC(26)     Dead                           Min: 0, Avg:  0.0, Max: 0, Diff: 0, Sum: 0, Workers: 4
[570.007s][debug][gc,phases      ] GC(26)     Total                          Min: 0, Avg: 11235.2, Max: 22912, Diff: 22912, Sum: 44941, Workers: 4
[570.007s][debug][gc,phases      ] GC(26)   ResolvedMethodTable Weak       Min:  0.0, Avg:  0.0, Max:  0.1, Diff:  0.1, Sum:  0.1, Workers: 4
[570.007s][debug][gc,phases      ] GC(26)     Dead                           Min: 0, Avg:  0.0, Max: 0, Diff: 0, Sum: 0, Workers: 4
[570.007s][debug][gc,phases      ] GC(26)     Total                          Min: 0, Avg: 3020.2, Max: 6079, Diff: 6079, Sum: 12081, Workers: 4
[570.007s][debug][gc,phases      ] GC(26)   JNI Weak                       Min:  0.0, Avg:  0.0, Max:  0.0, Diff:  0.0, Sum:  0.0, Workers: 4
[570.007s][debug][gc,phases      ] GC(26)     Dead                           Min: 0, Avg:  0.0, Max: 0, Diff: 0, Sum: 0, Workers: 4
[570.007s][debug][gc,phases      ] GC(26)     Total                          Min: 0, Avg: 12.0, Max: 48, Diff: 48, Sum: 48, Workers: 4
[570.007s][debug][gc,phases      ] GC(26)   StringDedup Table Weak         Min:  0.0, Avg:  0.0, Max:  0.0, Diff:  0.0, Sum:  0.0, Workers: 4
[570.007s][debug][gc,phases      ] GC(26)     Dead                           Min: 0, Avg:  0.0, Max: 0, Diff: 0, Sum: 0, Workers: 4
[570.007s][debug][gc,phases      ] GC(26)     Total                          Min: 0, Avg:  0.0, Max: 0, Diff: 0, Sum: 0, Workers: 4
[570.007s][debug][gc,phases      ] GC(26)   StringDedup Requests0 Weak     Min:  0.0, Avg:  0.0, Max:  0.0, Diff:  0.0, Sum:  0.0, Workers: 4
[570.007s][debug][gc,phases      ] GC(26)     Dead                           Min: 0, Avg:  0.0, Max: 0, Diff: 0, Sum: 0, Workers: 4
[570.007s][debug][gc,phases      ] GC(26)     Total                          Min: 0, Avg:  0.0, Max: 0, Diff: 0, Sum: 0, Workers: 4
[570.007s][debug][gc,phases      ] GC(26)   StringDedup Requests1 Weak     Min:  0.0, Avg:  0.0, Max:  0.0, Diff:  0.0, Sum:  0.0, Workers: 4
[570.007s][debug][gc,phases      ] GC(26)     Dead                           Min: 0, Avg:  0.0, Max: 0, Diff: 0, Sum: 0, Workers: 4
[570.007s][debug][gc,phases      ] GC(26)     Total                          Min: 0, Avg:  0.0, Max: 0, Diff: 0, Sum: 0, Workers: 4
[570.007s][debug][gc,phases      ] GC(26)   Weak JFR Old Object Samples    Min:  0.0, Avg:  0.0, Max:  0.0, Diff:  0.0, Sum:  0.0, Workers: 4
[570.007s][debug][gc,phases      ] GC(26)     Dead                           Min: 0, Avg:  0.0, Max: 0, Diff: 0, Sum: 0, Workers: 4
[570.007s][debug][gc,phases      ] GC(26)     Total                          Min: 0, Avg:  0.0, Max: 0, Diff: 0, Sum: 0, Workers: 4
[570.007s][debug][gc,phases      ] GC(26) Weak Processing 0.465ms
[570.007s][debug][gc,age         ] GC(26) Desired survivor size 492830720 bytes, new threshold 3 (max threshold 15)
[570.007s][info ][gc,heap        ] GC(26) PSYoungGen: 1051008K(1572864K)->3104K(1615872K) Eden: 1048576K(1048576K)->0K(1108992K) From: 2432K(524288K)->3104K(506880K)
[570.007s][info ][gc,heap        ] GC(26) ParOldGen: 331587K(510464K)->331587K(510464K)
[570.007s][info ][gc,metaspace   ] GC(26) Metaspace: 88424K(89600K)->88424K(89600K) NonClass: 75762K(76416K)->75762K(76416K) Class: 12661K(13184K)->12661K(13184K)
[570.007s][info ][gc             ] GC(26) Pause Young (Allocation Failure) 1350M->326M(2076M) 5.227ms
[570.007s][info ][gc,cpu         ] GC(26) User=0.01s Sys=0.00s Real=0.01s
[570.007s][info ][safepoint      ] Safepoint "ParallelGCFailedAllocation", Time since last: 815449450 ns, Reaching safepoint: 8900 ns, Cleanup: 4300 ns, At safepoint: 5311722 ns, Total: 5324922 ns
[571.008s][info ][safepoint      ] Safepoint "Cleanup", Time since last: 1000094060 ns, Reaching safepoint: 76203 ns, Cleanup: 14700 ns, At safepoint: 6201 ns, Total: 97104 ns
[572.008s][info ][safepoint      ] Safepoint "Cleanup", Time since last: 1000109960 ns, Reaching safepoint: 6000 ns, Cleanup: 13601 ns, At safepoint: 2400 ns, Total: 22001 ns
[575.008s][info ][safepoint      ] Safepoint "Cleanup", Time since last: 3000229699 ns, Reaching safepoint: 6401 ns, Cleanup: 14700 ns, At safepoint: 2300 ns, Total: 23401 ns
[578.008s][info ][safepoint      ] Safepoint "Cleanup", Time since last: 3000249468 ns, Reaching safepoint: 7500 ns, Cleanup: 73103 ns, At safepoint: 8400 ns, Total: 89003 ns
[579.009s][info ][safepoint      ] Safepoint "Cleanup", Time since last: 1000137908 ns, Reaching safepoint: 9400 ns, Cleanup: 48502 ns, At safepoint: 3000 ns, Total: 60902 ns
[580.009s][info ][safepoint      ] Safepoint "Cleanup", Time since last: 1000131593 ns, Reaching safepoint: 8400 ns, Cleanup: 76704 ns, At safepoint: 2700 ns, Total: 87804 ns
[581.009s][info ][safepoint      ] Safepoint "Cleanup", Time since last: 1000128493 ns, Reaching safepoint: 84303 ns, Cleanup: 19501 ns, At safepoint: 7400 ns, Total: 111204 ns
[582.009s][info ][safepoint      ] Safepoint "Cleanup", Time since last: 1000137371 ns, Reaching safepoint: 6900 ns, Cleanup: 13901 ns, At safepoint: 2600 ns, Total: 23401 ns
[583.009s][info ][safepoint      ] Safepoint "Cleanup", Time since last: 1000108115 ns, Reaching safepoint: 7200 ns, Cleanup: 11201 ns, At safepoint: 2400 ns, Total: 20801 ns
[584.009s][info ][safepoint      ] Safepoint "Cleanup", Time since last: 1000127016 ns, Reaching safepoint: 7200 ns, Cleanup: 16201 ns, At safepoint: 3300 ns, Total: 26701 ns
[585.010s][info ][safepoint      ] Safepoint "Cleanup", Time since last: 1000118115 ns, Reaching safepoint: 7001 ns, Cleanup: 16000 ns, At safepoint: 2600 ns, Total: 25601 ns
[586.010s][info ][safepoint      ] Safepoint "Cleanup", Time since last: 1000119116 ns, Reaching safepoint: 78503 ns, Cleanup: 22301 ns, At safepoint: 5700 ns, Total: 106504 ns
[589.010s][info ][safepoint      ] Safepoint "Cleanup", Time since last: 3000265043 ns, Reaching safepoint: 5700 ns, Cleanup: 11201 ns, At safepoint: 2000 ns, Total: 18901 ns
[591.010s][info ][safepoint      ] Safepoint "Cleanup", Time since last: 2000166023 ns, Reaching safepoint: 6501 ns, Cleanup: 9300 ns, At safepoint: 2300 ns, Total: 18101 ns
[592.010s][info ][safepoint      ] Safepoint "Cleanup", Time since last: 1000138741 ns, Reaching safepoint: 7101 ns, Cleanup: 11600 ns, At safepoint: 2200 ns, Total: 20901 ns
[596.011s][info ][safepoint      ] Safepoint "Cleanup", Time since last: 4000308556 ns, Reaching safepoint: 6800 ns, Cleanup: 11500 ns, At safepoint: 2600 ns, Total: 20900 ns
[597.011s][info ][safepoint      ] Safepoint "Cleanup", Time since last: 1000111341 ns, Reaching safepoint: 6100 ns, Cleanup: 22201 ns, At safepoint: 2100 ns, Total: 30401 ns
[598.011s][info ][safepoint      ] Safepoint "Cleanup", Time since last: 1000102210 ns, Reaching safepoint: 7700 ns, Cleanup: 24601 ns, At safepoint: 2200 ns, Total: 34501 ns
[599.011s][info ][safepoint      ] Safepoint "Cleanup", Time since last: 1000111022 ns, Reaching safepoint: 7400 ns, Cleanup: 21801 ns, At safepoint: 2500 ns, Total: 31701 ns
[600.011s][info ][safepoint      ] Safepoint "Cleanup", Time since last: 1000110521 ns, Reaching safepoint: 6600 ns, Cleanup: 13201 ns, At safepoint: 2000 ns, Total: 21801 ns
[601.199s][info ][safepoint      ] Safepoint "Cleanup", Time since last: 1187553110 ns, Reaching safepoint: 76603 ns, Cleanup: 11700 ns, At safepoint: 5300 ns, Total: 93603 ns
[602.199s][info ][safepoint      ] Safepoint "Cleanup", Time since last: 1000111421 ns, Reaching safepoint: 78404 ns, Cleanup: 7800 ns, At safepoint: 6100 ns, Total: 92304 ns
[603.199s][info ][safepoint      ] Safepoint "Cleanup", Time since last: 1000140022 ns, Reaching safepoint: 80704 ns, Cleanup: 14000 ns, At safepoint: 5800 ns, Total: 100504 ns
[604.200s][info ][safepoint      ] Safepoint "Cleanup", Time since last: 1000122022 ns, Reaching safepoint: 77603 ns, Cleanup: 15601 ns, At safepoint: 5800 ns, Total: 99004 ns
[605.200s][info ][safepoint      ] Safepoint "Cleanup", Time since last: 1000130322 ns, Reaching safepoint: 98304 ns, Cleanup: 13200 ns, At safepoint: 8101 ns, Total: 119605 ns
[606.200s][info ][safepoint      ] Safepoint "Cleanup", Time since last: 1000113726 ns, Reaching safepoint: 75003 ns, Cleanup: 17401 ns, At safepoint: 5300 ns, Total: 97704 ns
[607.308s][info ][gc,start       ] GC(27) Pause Young (Allocation Failure)
[607.314s][debug][gc,phases      ] GC(27) Scavenge 6.058ms
[607.314s][debug][gc,ref         ] GC(27) ReferenceProcessor::execute queues: 1, RefProcThreadModel::Single, marks_oops_alive: false
[607.314s][debug][gc,ref         ] GC(27) Skipped KeepAliveFinalRefsPhase of Reference Processing: no references
[607.314s][debug][gc,ref         ] GC(27) ReferenceProcessor::execute queues: 1, RefProcThreadModel::Single, marks_oops_alive: false
[607.314s][debug][gc,phases      ] GC(27) Reference Processing 0.111ms
[607.314s][debug][gc,phases      ] GC(27)   VM Weak                        Min:  0.0, Avg:  0.0, Max:  0.0, Diff:  0.0, Sum:  0.0, Workers: 4
[607.314s][debug][gc,phases      ] GC(27)     Dead                           Min: 0, Avg:  0.0, Max: 0, Diff: 0, Sum: 0, Workers: 4
[607.314s][debug][gc,phases      ] GC(27)     Total                          Min: 0, Avg: 229.5, Max: 854, Diff: 854, Sum: 918, Workers: 4
[607.314s][debug][gc,phases      ] GC(27)   ObjectSynchronizer Weak        Min:  0.0, Avg:  0.0, Max:  0.0, Diff:  0.0, Sum:  0.0, Workers: 4
[607.314s][debug][gc,phases      ] GC(27)     Dead                           Min: 0, Avg:  0.0, Max: 0, Diff: 0, Sum: 0, Workers: 4
[607.314s][debug][gc,phases      ] GC(27)     Total                          Min: 0, Avg:  1.0, Max: 4, Diff: 4, Sum: 4, Workers: 4
[607.314s][debug][gc,phases      ] GC(27)   JVMTI Tag Weak OopStorage      Min:  0.0, Avg:  0.0, Max:  0.0, Diff:  0.0, Sum:  0.0, Workers: 4
[607.314s][debug][gc,phases      ] GC(27)     Dead                           Min: 0, Avg:  0.0, Max: 0, Diff: 0, Sum: 0, Workers: 4
[607.314s][debug][gc,phases      ] GC(27)     Total                          Min: 0, Avg:  0.0, Max: 0, Diff: 0, Sum: 0, Workers: 4
[607.314s][debug][gc,phases      ] GC(27)   StringTable Weak               Min:  0.1, Avg:  0.1, Max:  0.1, Diff:  0.1, Sum:  0.4, Workers: 4
[607.314s][debug][gc,phases      ] GC(27)     Dead                           Min: 0, Avg:  0.0, Max: 0, Diff: 0, Sum: 0, Workers: 4
[607.314s][debug][gc,phases      ] GC(27)     Total                          Min: 5791, Avg: 11239.8, Max: 13376, Diff: 7585, Sum: 44959, Workers: 4
[607.314s][debug][gc,phases      ] GC(27)   ResolvedMethodTable Weak       Min:  0.0, Avg:  0.0, Max:  0.0, Diff:  0.0, Sum:  0.1, Workers: 4
[607.314s][debug][gc,phases      ] GC(27)     Dead                           Min: 0, Avg:  1.2, Max: 4, Diff: 4, Sum: 5, Workers: 4
[607.314s][debug][gc,phases      ] GC(27)     Total                          Min: 2816, Avg: 3026.5, Max: 3135, Diff: 319, Sum: 12106, Workers: 4
[607.314s][debug][gc,phases      ] GC(27)   JNI Weak                       Min:  0.0, Avg:  0.0, Max:  0.0, Diff:  0.0, Sum:  0.0, Workers: 4
[607.314s][debug][gc,phases      ] GC(27)     Dead                           Min: 0, Avg:  0.0, Max: 0, Diff: 0, Sum: 0, Workers: 4
[607.314s][debug][gc,phases      ] GC(27)     Total                          Min: 0, Avg: 12.0, Max: 48, Diff: 48, Sum: 48, Workers: 4
[607.314s][debug][gc,phases      ] GC(27)   StringDedup Table Weak         Min:  0.0, Avg:  0.0, Max:  0.0, Diff:  0.0, Sum:  0.0, Workers: 4
[607.314s][debug][gc,phases      ] GC(27)     Dead                           Min: 0, Avg:  0.0, Max: 0, Diff: 0, Sum: 0, Workers: 4
[607.314s][debug][gc,phases      ] GC(27)     Total                          Min: 0, Avg:  0.0, Max: 0, Diff: 0, Sum: 0, Workers: 4
[607.314s][debug][gc,phases      ] GC(27)   StringDedup Requests0 Weak     Min:  0.0, Avg:  0.0, Max:  0.0, Diff:  0.0, Sum:  0.0, Workers: 4
[607.314s][debug][gc,phases      ] GC(27)     Dead                           Min: 0, Avg:  0.0, Max: 0, Diff: 0, Sum: 0, Workers: 4
[607.314s][debug][gc,phases      ] GC(27)     Total                          Min: 0, Avg:  0.0, Max: 0, Diff: 0, Sum: 0, Workers: 4
[607.314s][debug][gc,phases      ] GC(27)   StringDedup Requests1 Weak     Min:  0.0, Avg:  0.0, Max:  0.0, Diff:  0.0, Sum:  0.0, Workers: 4
[607.315s][debug][gc,phases      ] GC(27)     Dead                           Min: 0, Avg:  0.0, Max: 0, Diff: 0, Sum: 0, Workers: 4
[607.315s][debug][gc,phases      ] GC(27)     Total                          Min: 0, Avg:  0.0, Max: 0, Diff: 0, Sum: 0, Workers: 4
[607.315s][debug][gc,phases      ] GC(27)   Weak JFR Old Object Samples    Min:  0.0, Avg:  0.0, Max:  0.0, Diff:  0.0, Sum:  0.0, Workers: 4
[607.315s][debug][gc,phases      ] GC(27)     Dead                           Min: 0, Avg:  0.0, Max: 0, Diff: 0, Sum: 0, Workers: 4
[607.315s][debug][gc,phases      ] GC(27)     Total                          Min: 0, Avg:  0.0, Max: 0, Diff: 0, Sum: 0, Workers: 4
[607.315s][debug][gc,phases      ] GC(27) Weak Processing 0.365ms
[607.315s][debug][gc,age         ] GC(27) Desired survivor size 466616320 bytes, new threshold 4 (max threshold 15)
[607.315s][info ][gc,heap        ] GC(27) PSYoungGen: 1112096K(1615872K)->4752K(1590272K) Eden: 1108992K(1108992K)->0K(1108992K) From: 3104K(506880K)->4752K(481280K)
[607.315s][info ][gc,heap        ] GC(27) ParOldGen: 331587K(510464K)->331587K(510464K)
[607.315s][info ][gc,metaspace   ] GC(27) Metaspace: 88485K(89664K)->88485K(89664K) NonClass: 75813K(76480K)->75813K(76480K) Class: 12672K(13184K)->12672K(13184K)
[607.315s][info ][gc             ] GC(27) Pause Young (Allocation Failure) 1409M->328M(2051M) 6.690ms
[607.315s][info ][gc,cpu         ] GC(27) User=0.01s Sys=0.01s Real=0.00s
[607.315s][info ][safepoint      ] Safepoint "ParallelGCFailedAllocation", Time since last: 1107694548 ns, Reaching safepoint: 8200 ns, Cleanup: 12201 ns, At safepoint: 6771973 ns, Total: 6792374 ns
[608.315s][info ][safepoint      ] Safepoint "Cleanup", Time since last: 1000088601 ns, Reaching safepoint: 6300 ns, Cleanup: 17301 ns, At safepoint: 2200 ns, Total: 25801 ns
[609.315s][info ][safepoint      ] Safepoint "Cleanup", Time since last: 1000112902 ns, Reaching safepoint: 7300 ns, Cleanup: 22201 ns, At safepoint: 5300 ns, Total: 34801 ns
[610.315s][info ][safepoint      ] Safepoint "Cleanup", Time since last: 1000092902 ns, Reaching safepoint: 7400 ns, Cleanup: 12800 ns, At safepoint: 24101 ns, Total: 44301 ns
[613.315s][info ][safepoint      ] Safepoint "Cleanup", Time since last: 3000225902 ns, Reaching safepoint: 78103 ns, Cleanup: 49802 ns, At safepoint: 18801 ns, Total: 146706 ns
[614.147s][info ][safepoint      ] Safepoint "ICBufferFull", Time since last: 831672565 ns, Reaching safepoint: 82303 ns, Cleanup: 170306 ns, At safepoint: 11300 ns, Total: 263909 ns
[614.440s][info ][safepoint      ] Safepoint "ICBufferFull", Time since last: 292608264 ns, Reaching safepoint: 82503 ns, Cleanup: 166006 ns, At safepoint: 7400 ns, Total: 255909 ns
[615.100s][info ][safepoint      ] Safepoint "ICBufferFull", Time since last: 659448109 ns, Reaching safepoint: 9200 ns, Cleanup: 207308 ns, At safepoint: 2900 ns, Total: 219408 ns
[615.445s][info ][gc,start       ] GC(28) Pause Young (Allocation Failure)
[615.484s][debug][gc,phases      ] GC(28) Scavenge 39.086ms
[615.484s][debug][gc,ref         ] GC(28) ReferenceProcessor::execute queues: 1, RefProcThreadModel::Single, marks_oops_alive: false
[615.484s][debug][gc,ref         ] GC(28) Skipped KeepAliveFinalRefsPhase of Reference Processing: no references
[615.484s][debug][gc,ref         ] GC(28) ReferenceProcessor::execute queues: 1, RefProcThreadModel::Single, marks_oops_alive: false
[615.484s][debug][gc,phases      ] GC(28) Reference Processing 0.151ms
[615.484s][debug][gc,phases      ] GC(28)   VM Weak                        Min:  0.0, Avg:  0.0, Max:  0.0, Diff:  0.0, Sum:  0.0, Workers: 4
[615.484s][debug][gc,phases      ] GC(28)     Dead                           Min: 0, Avg:  0.0, Max: 0, Diff: 0, Sum: 0, Workers: 4
[615.484s][debug][gc,phases      ] GC(28)     Total                          Min: 0, Avg: 235.0, Max: 940, Diff: 940, Sum: 940, Workers: 4
[615.484s][debug][gc,phases      ] GC(28)   ObjectSynchronizer Weak        Min:  0.0, Avg:  0.0, Max:  0.0, Diff:  0.0, Sum:  0.0, Workers: 4
[615.484s][debug][gc,phases      ] GC(28)     Dead                           Min: 0, Avg:  0.0, Max: 0, Diff: 0, Sum: 0, Workers: 4
[615.484s][debug][gc,phases      ] GC(28)     Total                          Min: 0, Avg:  1.8, Max: 7, Diff: 7, Sum: 7, Workers: 4
[615.484s][debug][gc,phases      ] GC(28)   JVMTI Tag Weak OopStorage      Min:  0.0, Avg:  0.0, Max:  0.0, Diff:  0.0, Sum:  0.0, Workers: 4
[615.484s][debug][gc,phases      ] GC(28)     Dead                           Min: 0, Avg:  0.0, Max: 0, Diff: 0, Sum: 0, Workers: 4
[615.484s][debug][gc,phases      ] GC(28)     Total                          Min: 0, Avg:  0.0, Max: 0, Diff: 0, Sum: 0, Workers: 4
[615.484s][debug][gc,phases      ] GC(28)   StringTable Weak               Min:  0.0, Avg:  0.1, Max:  0.2, Diff:  0.2, Sum:  0.5, Workers: 4
[615.484s][debug][gc,phases      ] GC(28)     Dead                           Min: 0, Avg:  0.8, Max: 3, Diff: 3, Sum: 3, Workers: 4
[615.484s][debug][gc,phases      ] GC(28)     Total                          Min: 0, Avg: 11284.5, Max: 15488, Diff: 15488, Sum: 45138, Workers: 4
[615.484s][debug][gc,phases      ] GC(28)   ResolvedMethodTable Weak       Min:  0.0, Avg:  0.0, Max:  0.0, Diff:  0.0, Sum:  0.1, Workers: 4
[615.484s][debug][gc,phases      ] GC(28)     Dead                           Min: 0, Avg: 11.8, Max: 20, Diff: 20, Sum: 47, Workers: 4
[615.484s][debug][gc,phases      ] GC(28)     Total                          Min: 0, Avg: 3085.8, Max: 4350, Diff: 4350, Sum: 12343, Workers: 4
[615.484s][debug][gc,phases      ] GC(28)   JNI Weak                       Min:  0.0, Avg:  0.0, Max:  0.0, Diff:  0.0, Sum:  0.0, Workers: 4
[615.484s][debug][gc,phases      ] GC(28)     Dead                           Min: 0, Avg:  0.0, Max: 0, Diff: 0, Sum: 0, Workers: 4
[615.484s][debug][gc,phases      ] GC(28)     Total                          Min: 0, Avg: 14.0, Max: 56, Diff: 56, Sum: 56, Workers: 4
[615.484s][debug][gc,phases      ] GC(28)   StringDedup Table Weak         Min:  0.0, Avg:  0.0, Max:  0.0, Diff:  0.0, Sum:  0.0, Workers: 4
[615.484s][debug][gc,phases      ] GC(28)     Dead                           Min: 0, Avg:  0.0, Max: 0, Diff: 0, Sum: 0, Workers: 4
[615.484s][debug][gc,phases      ] GC(28)     Total                          Min: 0, Avg:  0.0, Max: 0, Diff: 0, Sum: 0, Workers: 4
[615.484s][debug][gc,phases      ] GC(28)   StringDedup Requests0 Weak     Min:  0.0, Avg:  0.0, Max:  0.0, Diff:  0.0, Sum:  0.0, Workers: 4
[615.484s][debug][gc,phases      ] GC(28)     Dead                           Min: 0, Avg:  0.0, Max: 0, Diff: 0, Sum: 0, Workers: 4
[615.484s][debug][gc,phases      ] GC(28)     Total                          Min: 0, Avg:  0.0, Max: 0, Diff: 0, Sum: 0, Workers: 4
[615.484s][debug][gc,phases      ] GC(28)   StringDedup Requests1 Weak     Min:  0.0, Avg:  0.0, Max:  0.0, Diff:  0.0, Sum:  0.0, Workers: 4
[615.484s][debug][gc,phases      ] GC(28)     Dead                           Min: 0, Avg:  0.0, Max: 0, Diff: 0, Sum: 0, Workers: 4
[615.484s][debug][gc,phases      ] GC(28)     Total                          Min: 0, Avg:  0.0, Max: 0, Diff: 0, Sum: 0, Workers: 4
[615.484s][debug][gc,phases      ] GC(28)   Weak JFR Old Object Samples    Min:  0.0, Avg:  0.0, Max:  0.0, Diff:  0.0, Sum:  0.0, Workers: 4
[615.484s][debug][gc,phases      ] GC(28)     Dead                           Min: 0, Avg:  0.0, Max: 0, Diff: 0, Sum: 0, Workers: 4
[615.484s][debug][gc,phases      ] GC(28)     Total                          Min: 0, Avg:  0.0, Max: 0, Diff: 0, Sum: 0, Workers: 4
[615.484s][debug][gc,phases      ] GC(28) Weak Processing 0.409ms
[615.484s][debug][gc,age         ] GC(28) Desired survivor size 437256192 bytes, new threshold 5 (max threshold 15)
[615.484s][info ][gc,heap        ] GC(28) PSYoungGen: 1113744K(1590272K)->102819K(1670144K) Eden: 1108992K(1108992K)->0K(1214464K) From: 4752K(481280K)->102819K(455680K)
[615.484s][info ][gc,heap        ] GC(28) ParOldGen: 331587K(510464K)->331595K(510464K)
[615.484s][info ][gc,metaspace   ] GC(28) Metaspace: 89067K(90368K)->89067K(90368K) NonClass: 76297K(77056K)->76297K(77056K) Class: 12770K(13312K)->12770K(13312K)
[615.484s][info ][gc             ] GC(28) Pause Young (Allocation Failure) 1411M->424M(2129M) 39.784ms
[615.484s][info ][gc,cpu         ] GC(28) User=0.14s Sys=0.00s Real=0.04s
[615.484s][info ][safepoint      ] Safepoint "ParallelGCFailedAllocation", Time since last: 344473006 ns, Reaching safepoint: 79903 ns, Cleanup: 151606 ns, At safepoint: 39868094 ns, Total: 40099603 ns
[616.410s][info ][safepoint      ] Safepoint "ICBufferFull", Time since last: 925381172 ns, Reaching safepoint: 8500 ns, Cleanup: 182907 ns, At safepoint: 2700 ns, Total: 194107 ns
[617.410s][info ][safepoint      ] Safepoint "Cleanup", Time since last: 1000128173 ns, Reaching safepoint: 82003 ns, Cleanup: 142705 ns, At safepoint: 9201 ns, Total: 233909 ns
[618.411s][info ][safepoint      ] Safepoint "Cleanup", Time since last: 1000138373 ns, Reaching safepoint: 76502 ns, Cleanup: 154706 ns, At safepoint: 6100 ns, Total: 237308 ns
[619.411s][info ][safepoint      ] Safepoint "Cleanup", Time since last: 1000140174 ns, Reaching safepoint: 82503 ns, Cleanup: 43801 ns, At safepoint: 9801 ns, Total: 136105 ns
[619.557s][info ][gc,start       ] GC(29) Pause Young (Allocation Failure)
[619.595s][debug][gc,phases      ] GC(29) Scavenge 37.825ms
[619.595s][debug][gc,ref         ] GC(29) ReferenceProcessor::execute queues: 1, RefProcThreadModel::Single, marks_oops_alive: false
[619.595s][debug][gc,ref         ] GC(29) Skipped KeepAliveFinalRefsPhase of Reference Processing: no references
[619.595s][debug][gc,ref         ] GC(29) ReferenceProcessor::execute queues: 1, RefProcThreadModel::Single, marks_oops_alive: false
[619.595s][debug][gc,phases      ] GC(29) Reference Processing 0.133ms
[619.595s][debug][gc,phases      ] GC(29)   VM Weak                        Min:  0.0, Avg:  0.0, Max:  0.0, Diff:  0.0, Sum:  0.0, Workers: 4
[619.595s][debug][gc,phases      ] GC(29)     Dead                           Min: 0, Avg:  0.0, Max: 0, Diff: 0, Sum: 0, Workers: 4
[619.595s][debug][gc,phases      ] GC(29)     Total                          Min: 0, Avg: 235.2, Max: 493, Diff: 493, Sum: 941, Workers: 4
[619.595s][debug][gc,phases      ] GC(29)   ObjectSynchronizer Weak        Min:  0.0, Avg:  0.0, Max:  0.0, Diff:  0.0, Sum:  0.0, Workers: 4
[619.595s][debug][gc,phases      ] GC(29)     Dead                           Min: 0, Avg:  0.0, Max: 0, Diff: 0, Sum: 0, Workers: 4
[619.595s][debug][gc,phases      ] GC(29)     Total                          Min: 0, Avg:  1.8, Max: 7, Diff: 7, Sum: 7, Workers: 4
[619.595s][debug][gc,phases      ] GC(29)   JVMTI Tag Weak OopStorage      Min:  0.0, Avg:  0.0, Max:  0.0, Diff:  0.0, Sum:  0.0, Workers: 4
[619.595s][debug][gc,phases      ] GC(29)     Dead                           Min: 0, Avg:  0.0, Max: 0, Diff: 0, Sum: 0, Workers: 4
[619.595s][debug][gc,phases      ] GC(29)     Total                          Min: 0, Avg:  0.0, Max: 0, Diff: 0, Sum: 0, Workers: 4
[619.595s][debug][gc,phases      ] GC(29)   StringTable Weak               Min:  0.1, Avg:  0.1, Max:  0.1, Diff:  0.0, Sum:  0.5, Workers: 4
[619.595s][debug][gc,phases      ] GC(29)     Dead                           Min: 0, Avg:  0.2, Max: 1, Diff: 1, Sum: 1, Workers: 4
[619.595s][debug][gc,phases      ] GC(29)     Total                          Min: 9088, Avg: 11291.0, Max: 14016, Diff: 4928, Sum: 45164, Workers: 4
[619.595s][debug][gc,phases      ] GC(29)   ResolvedMethodTable Weak       Min:  0.0, Avg:  0.0, Max:  0.0, Diff:  0.0, Sum:  0.1, Workers: 4
[619.595s][debug][gc,phases      ] GC(29)     Dead                           Min: 0, Avg:  0.2, Max: 1, Diff: 1, Sum: 1, Workers: 4
[619.595s][debug][gc,phases      ] GC(29)     Total                          Min: 2880, Avg: 3088.5, Max: 3520, Diff: 640, Sum: 12354, Workers: 4
[619.595s][debug][gc,phases      ] GC(29)   JNI Weak                       Min:  0.0, Avg:  0.0, Max:  0.0, Diff:  0.0, Sum:  0.0, Workers: 4
[619.595s][debug][gc,phases      ] GC(29)     Dead                           Min: 0, Avg:  0.0, Max: 0, Diff: 0, Sum: 0, Workers: 4
[619.595s][debug][gc,phases      ] GC(29)     Total                          Min: 0, Avg: 12.0, Max: 48, Diff: 48, Sum: 48, Workers: 4
[619.595s][debug][gc,phases      ] GC(29)   StringDedup Table Weak         Min:  0.0, Avg:  0.0, Max:  0.0, Diff:  0.0, Sum:  0.0, Workers: 4
[619.595s][debug][gc,phases      ] GC(29)     Dead                           Min: 0, Avg:  0.0, Max: 0, Diff: 0, Sum: 0, Workers: 4
[619.595s][debug][gc,phases      ] GC(29)     Total                          Min: 0, Avg:  0.0, Max: 0, Diff: 0, Sum: 0, Workers: 4
[619.595s][debug][gc,phases      ] GC(29)   StringDedup Requests0 Weak     Min:  0.0, Avg:  0.0, Max:  0.0, Diff:  0.0, Sum:  0.0, Workers: 4
[619.595s][debug][gc,phases      ] GC(29)     Dead                           Min: 0, Avg:  0.0, Max: 0, Diff: 0, Sum: 0, Workers: 4
[619.595s][debug][gc,phases      ] GC(29)     Total                          Min: 0, Avg:  0.0, Max: 0, Diff: 0, Sum: 0, Workers: 4
[619.595s][debug][gc,phases      ] GC(29)   StringDedup Requests1 Weak     Min:  0.0, Avg:  0.0, Max:  0.0, Diff:  0.0, Sum:  0.0, Workers: 4
[619.595s][debug][gc,phases      ] GC(29)     Dead                           Min: 0, Avg:  0.0, Max: 0, Diff: 0, Sum: 0, Workers: 4
[619.595s][debug][gc,phases      ] GC(29)     Total                          Min: 0, Avg:  0.0, Max: 0, Diff: 0, Sum: 0, Workers: 4
[619.595s][debug][gc,phases      ] GC(29)   Weak JFR Old Object Samples    Min:  0.0, Avg:  0.0, Max:  0.0, Diff:  0.0, Sum:  0.0, Workers: 4
[619.595s][debug][gc,phases      ] GC(29)     Dead                           Min: 0, Avg:  0.0, Max: 0, Diff: 0, Sum: 0, Workers: 4
[619.595s][debug][gc,phases      ] GC(29)     Total                          Min: 0, Avg:  0.0, Max: 0, Diff: 0, Sum: 0, Workers: 4
[619.595s][debug][gc,phases      ] GC(29) Weak Processing 0.399ms
[619.595s][debug][gc,age         ] GC(29) Desired survivor size 419954688 bytes, new threshold 6 (max threshold 15)
[619.595s][info ][gc,heap        ] GC(29) PSYoungGen: 1317283K(1670144K)->128116K(1641472K) Eden: 1214464K(1214464K)->0K(1214464K) From: 102819K(455680K)->128116K(427008K)
[619.595s][info ][gc,heap        ] GC(29) ParOldGen: 331595K(510464K)->331595K(510464K)
[619.595s][info ][gc,metaspace   ] GC(29) Metaspace: 89151K(90432K)->89151K(90432K) NonClass: 76376K(77120K)->76376K(77120K) Class: 12775K(13312K)->12775K(13312K)
[619.595s][info ][gc             ] GC(29) Pause Young (Allocation Failure) 1610M->448M(2101M) 38.509ms
[619.595s][info ][gc,cpu         ] GC(29) User=0.14s Sys=0.00s Real=0.04s
[619.596s][info ][safepoint      ] Safepoint "ParallelGCFailedAllocation", Time since last: 145801562 ns, Reaching safepoint: 82304 ns, Cleanup: 21900 ns, At safepoint: 38599247 ns, Total: 38703451 ns
[620.596s][info ][safepoint      ] Safepoint "Cleanup", Time since last: 1000088763 ns, Reaching safepoint: 6501 ns, Cleanup: 83203 ns, At safepoint: 5300 ns, Total: 95004 ns
[621.596s][info ][safepoint      ] Safepoint "Cleanup", Time since last: 1000103507 ns, Reaching safepoint: 10300 ns, Cleanup: 82704 ns, At safepoint: 5900 ns, Total: 98904 ns
[622.596s][info ][safepoint      ] Safepoint "Cleanup", Time since last: 1000100112 ns, Reaching safepoint: 8700 ns, Cleanup: 50102 ns, At safepoint: 2200 ns, Total: 61002 ns
[623.596s][info ][safepoint      ] Safepoint "Cleanup", Time since last: 1000066911 ns, Reaching safepoint: 81503 ns, Cleanup: 26901 ns, At safepoint: 6400 ns, Total: 114804 ns
[624.596s][info ][safepoint      ] Safepoint "Cleanup", Time since last: 1000114913 ns, Reaching safepoint: 7700 ns, Cleanup: 73503 ns, At safepoint: 2700 ns, Total: 83903 ns
[625.597s][info ][safepoint      ] Safepoint "Cleanup", Time since last: 1000062910 ns, Reaching safepoint: 9201 ns, Cleanup: 15600 ns, At safepoint: 2601 ns, Total: 27402 ns
[626.597s][info ][safepoint      ] Safepoint "Cleanup", Time since last: 1000112312 ns, Reaching safepoint: 8100 ns, Cleanup: 11001 ns, At safepoint: 5800 ns, Total: 24901 ns
[627.597s][info ][safepoint      ] Safepoint "Cleanup", Time since last: 1000089411 ns, Reaching safepoint: 78703 ns, Cleanup: 31802 ns, At safepoint: 4800 ns, Total: 115305 ns
[628.597s][info ][safepoint      ] Safepoint "Cleanup", Time since last: 1000078611 ns, Reaching safepoint: 80503 ns, Cleanup: 28401 ns, At safepoint: 6801 ns, Total: 115705 ns
[629.597s][info ][safepoint      ] Safepoint "Cleanup", Time since last: 1000116512 ns, Reaching safepoint: 78803 ns, Cleanup: 16001 ns, At safepoint: 5600 ns, Total: 100404 ns
[630.598s][info ][safepoint      ] Safepoint "Cleanup", Time since last: 1000121704 ns, Reaching safepoint: 80503 ns, Cleanup: 41702 ns, At safepoint: 6900 ns, Total: 129105 ns
[631.598s][info ][safepoint      ] Safepoint "Cleanup", Time since last: 1000120003 ns, Reaching safepoint: 80603 ns, Cleanup: 86404 ns, At safepoint: 6600 ns, Total: 173607 ns
[632.598s][info ][safepoint      ] Safepoint "Cleanup", Time since last: 1000078202 ns, Reaching safepoint: 81903 ns, Cleanup: 66102 ns, At safepoint: 7801 ns, Total: 155806 ns
[633.499s][info ][gc,start       ] GC(30) Pause Young (Allocation Failure)
[633.521s][debug][gc,phases      ] GC(30) Scavenge 22.165ms
[633.521s][debug][gc,ref         ] GC(30) ReferenceProcessor::execute queues: 1, RefProcThreadModel::Single, marks_oops_alive: false
[633.521s][debug][gc,ref         ] GC(30) Skipped KeepAliveFinalRefsPhase of Reference Processing: no references
[633.521s][debug][gc,ref         ] GC(30) ReferenceProcessor::execute queues: 1, RefProcThreadModel::Single, marks_oops_alive: false
[633.521s][debug][gc,phases      ] GC(30) Reference Processing 0.138ms
[633.522s][debug][gc,phases      ] GC(30)   VM Weak                        Min:  0.0, Avg:  0.0, Max:  0.0, Diff:  0.0, Sum:  0.0, Workers: 4
[633.522s][debug][gc,phases      ] GC(30)     Dead                           Min: 0, Avg:  0.0, Max: 0, Diff: 0, Sum: 0, Workers: 4
[633.522s][debug][gc,phases      ] GC(30)     Total                          Min: 0, Avg: 236.5, Max: 768, Diff: 768, Sum: 946, Workers: 4
[633.522s][debug][gc,phases      ] GC(30)   ObjectSynchronizer Weak        Min:  0.0, Avg:  0.0, Max:  0.0, Diff:  0.0, Sum:  0.0, Workers: 4
[633.522s][debug][gc,phases      ] GC(30)     Dead                           Min: 0, Avg:  0.5, Max: 2, Diff: 2, Sum: 2, Workers: 4
[633.522s][debug][gc,phases      ] GC(30)     Total                          Min: 0, Avg:  2.2, Max: 9, Diff: 9, Sum: 9, Workers: 4
[633.522s][debug][gc,phases      ] GC(30)   JVMTI Tag Weak OopStorage      Min:  0.0, Avg:  0.0, Max:  0.0, Diff:  0.0, Sum:  0.0, Workers: 4
[633.522s][debug][gc,phases      ] GC(30)     Dead                           Min: 0, Avg:  0.0, Max: 0, Diff: 0, Sum: 0, Workers: 4
[633.522s][debug][gc,phases      ] GC(30)     Total                          Min: 0, Avg:  0.0, Max: 0, Diff: 0, Sum: 0, Workers: 4
[633.522s][debug][gc,phases      ] GC(30)   StringTable Weak               Min:  0.0, Avg:  0.1, Max:  0.1, Diff:  0.1, Sum:  0.4, Workers: 4
[633.522s][debug][gc,phases      ] GC(30)     Dead                           Min: 0, Avg:  0.5, Max: 1, Diff: 1, Sum: 2, Workers: 4
[633.522s][debug][gc,phases      ] GC(30)     Total                          Min: 0, Avg: 11301.2, Max: 15830, Diff: 15830, Sum: 45205, Workers: 4
[633.522s][debug][gc,phases      ] GC(30)   ResolvedMethodTable Weak       Min:  0.0, Avg:  0.0, Max:  0.0, Diff:  0.0, Sum:  0.1, Workers: 4
[633.522s][debug][gc,phases      ] GC(30)     Dead                           Min: 0, Avg:  2.5, Max: 10, Diff: 10, Sum: 10, Workers: 4
[633.522s][debug][gc,phases      ] GC(30)     Total                          Min: 0, Avg: 3100.8, Max: 4479, Diff: 4479, Sum: 12403, Workers: 4
[633.522s][debug][gc,phases      ] GC(30)   JNI Weak                       Min:  0.0, Avg:  0.0, Max:  0.0, Diff:  0.0, Sum:  0.0, Workers: 4
[633.522s][debug][gc,phases      ] GC(30)     Dead                           Min: 0, Avg:  0.0, Max: 0, Diff: 0, Sum: 0, Workers: 4
[633.522s][debug][gc,phases      ] GC(30)     Total                          Min: 0, Avg: 12.0, Max: 48, Diff: 48, Sum: 48, Workers: 4
[633.522s][debug][gc,phases      ] GC(30)   StringDedup Table Weak         Min:  0.0, Avg:  0.0, Max:  0.0, Diff:  0.0, Sum:  0.0, Workers: 4
[633.522s][debug][gc,phases      ] GC(30)     Dead                           Min: 0, Avg:  0.0, Max: 0, Diff: 0, Sum: 0, Workers: 4
[633.522s][debug][gc,phases      ] GC(30)     Total                          Min: 0, Avg:  0.0, Max: 0, Diff: 0, Sum: 0, Workers: 4
[633.522s][debug][gc,phases      ] GC(30)   StringDedup Requests0 Weak     Min:  0.0, Avg:  0.0, Max:  0.0, Diff:  0.0, Sum:  0.0, Workers: 4
[633.522s][debug][gc,phases      ] GC(30)     Dead                           Min: 0, Avg:  0.0, Max: 0, Diff: 0, Sum: 0, Workers: 4
[633.522s][debug][gc,phases      ] GC(30)     Total                          Min: 0, Avg:  0.0, Max: 0, Diff: 0, Sum: 0, Workers: 4
[633.522s][debug][gc,phases      ] GC(30)   StringDedup Requests1 Weak     Min:  0.0, Avg:  0.0, Max:  0.0, Diff:  0.0, Sum:  0.0, Workers: 4
[633.522s][debug][gc,phases      ] GC(30)     Dead                           Min: 0, Avg:  0.0, Max: 0, Diff: 0, Sum: 0, Workers: 4
[633.522s][debug][gc,phases      ] GC(30)     Total                          Min: 0, Avg:  0.0, Max: 0, Diff: 0, Sum: 0, Workers: 4
[633.522s][debug][gc,phases      ] GC(30)   Weak JFR Old Object Samples    Min:  0.0, Avg:  0.0, Max:  0.0, Diff:  0.0, Sum:  0.0, Workers: 4
[633.522s][debug][gc,phases      ] GC(30)     Dead                           Min: 0, Avg:  0.0, Max: 0, Diff: 0, Sum: 0, Workers: 4
[633.522s][debug][gc,phases      ] GC(30)     Total                          Min: 0, Avg:  0.0, Max: 0, Diff: 0, Sum: 0, Workers: 4
[633.522s][debug][gc,phases      ] GC(30) Weak Processing 0.407ms
[633.522s][debug][gc,age         ] GC(30) Desired survivor size 392167424 bytes, new threshold 7 (max threshold 15)
[633.522s][info ][gc,heap        ] GC(30) PSYoungGen: 1342580K(1641472K)->54692K(1714176K) Eden: 1214464K(1214464K)->0K(1304064K) From: 128116K(427008K)->54692K(410112K)
[633.522s][info ][gc,heap        ] GC(30) ParOldGen: 331595K(510464K)->331603K(510464K)
[633.522s][info ][gc,metaspace   ] GC(30) Metaspace: 89334K(90560K)->89334K(90560K) NonClass: 76535K(77248K)->76535K(77248K) Class: 12798K(13312K)->12798K(13312K)
[633.522s][info ][gc             ] GC(30) Pause Young (Allocation Failure) 1634M->377M(2172M) 22.849ms
[633.522s][info ][gc,cpu         ] GC(30) User=0.08s Sys=0.00s Real=0.02s
[633.522s][info ][safepoint      ] Safepoint "ParallelGCFailedAllocation", Time since last: 900783500 ns, Reaching safepoint: 76003 ns, Cleanup: 10100 ns, At safepoint: 22926924 ns, Total: 23013027 ns
[634.522s][info ][safepoint      ] Safepoint "Cleanup", Time since last: 1000086302 ns, Reaching safepoint: 6800 ns, Cleanup: 34301 ns, At safepoint: 2500 ns, Total: 43601 ns
[635.522s][info ][safepoint      ] Safepoint "Cleanup", Time since last: 1000085302 ns, Reaching safepoint: 6500 ns, Cleanup: 14601 ns, At safepoint: 2200 ns, Total: 23301 ns
[636.522s][info ][safepoint      ] Safepoint "Cleanup", Time since last: 1000113303 ns, Reaching safepoint: 7600 ns, Cleanup: 32901 ns, At safepoint: 2500 ns, Total: 43001 ns
[637.522s][info ][safepoint      ] Safepoint "Cleanup", Time since last: 1000075002 ns, Reaching safepoint: 10200 ns, Cleanup: 15301 ns, At safepoint: 2500 ns, Total: 28001 ns
[638.522s][info ][safepoint      ] Safepoint "Cleanup", Time since last: 1000112912 ns, Reaching safepoint: 8500 ns, Cleanup: 13501 ns, At safepoint: 2800 ns, Total: 24801 ns
[639.523s][info ][safepoint      ] Safepoint "Cleanup", Time since last: 1000108472 ns, Reaching safepoint: 9601 ns, Cleanup: 19501 ns, At safepoint: 2500 ns, Total: 31602 ns
[640.523s][info ][safepoint      ] Safepoint "Cleanup", Time since last: 1000095172 ns, Reaching safepoint: 8900 ns, Cleanup: 21601 ns, At safepoint: 2000 ns, Total: 32501 ns
[645.523s][info ][safepoint      ] Safepoint "Cleanup", Time since last: 5000359057 ns, Reaching safepoint: 8400 ns, Cleanup: 17401 ns, At safepoint: 2600 ns, Total: 28401 ns
[646.523s][info ][safepoint      ] Safepoint "Cleanup", Time since last: 1000123507 ns, Reaching safepoint: 11100 ns, Cleanup: 12601 ns, At safepoint: 2700 ns, Total: 26401 ns
[647.523s][info ][safepoint      ] Safepoint "Cleanup", Time since last: 1000112977 ns, Reaching safepoint: 8201 ns, Cleanup: 19000 ns, At safepoint: 3000 ns, Total: 30201 ns
[648.524s][info ][safepoint      ] Safepoint "Cleanup", Time since last: 1000080477 ns, Reaching safepoint: 10800 ns, Cleanup: 12700 ns, At safepoint: 2701 ns, Total: 26201 ns
[649.524s][info ][safepoint      ] Safepoint "Cleanup", Time since last: 1000113277 ns, Reaching safepoint: 7600 ns, Cleanup: 13001 ns, At safepoint: 2000 ns, Total: 22601 ns
[650.524s][info ][safepoint      ] Safepoint "Cleanup", Time since last: 1000074176 ns, Reaching safepoint: 7800 ns, Cleanup: 22101 ns, At safepoint: 2100 ns, Total: 32001 ns
[652.524s][info ][safepoint      ] Safepoint "Cleanup", Time since last: 2000174353 ns, Reaching safepoint: 8100 ns, Cleanup: 20101 ns, At safepoint: 4600 ns, Total: 32801 ns
[658.524s][info ][safepoint      ] Safepoint "Cleanup", Time since last: 6000457829 ns, Reaching safepoint: 7500 ns, Cleanup: 15700 ns, At safepoint: 2100 ns, Total: 25300 ns
[659.525s][info ][safepoint      ] Safepoint "Cleanup", Time since last: 1000106936 ns, Reaching safepoint: 7801 ns, Cleanup: 15000 ns, At safepoint: 2400 ns, Total: 25201 ns
[661.226s][info ][safepoint      ] Safepoint "Cleanup", Time since last: 1700978329 ns, Reaching safepoint: 6300 ns, Cleanup: 15301 ns, At safepoint: 2500 ns, Total: 24101 ns
[662.226s][info ][safepoint      ] Safepoint "Cleanup", Time since last: 1000087908 ns, Reaching safepoint: 9900 ns, Cleanup: 12400 ns, At safepoint: 2101 ns, Total: 24401 ns
[663.226s][info ][safepoint      ] Safepoint "Cleanup", Time since last: 1000107867 ns, Reaching safepoint: 7001 ns, Cleanup: 20201 ns, At safepoint: 5600 ns, Total: 32802 ns
[665.226s][info ][safepoint      ] Safepoint "Cleanup", Time since last: 2000175134 ns, Reaching safepoint: 6800 ns, Cleanup: 11001 ns, At safepoint: 2300 ns, Total: 20101 ns
[672.227s][info ][safepoint      ] Safepoint "Cleanup", Time since last: 7000518904 ns, Reaching safepoint: 7801 ns, Cleanup: 12900 ns, At safepoint: 2300 ns, Total: 23001 ns
[674.227s][info ][safepoint      ] Safepoint "Cleanup", Time since last: 2000167669 ns, Reaching safepoint: 8400 ns, Cleanup: 11700 ns, At safepoint: 2100 ns, Total: 22200 ns
[681.504s][info ][gc,start       ] GC(31) Pause Young (Allocation Failure)
[681.522s][debug][gc,phases      ] GC(31) Scavenge 18.261ms
[681.522s][debug][gc,ref         ] GC(31) ReferenceProcessor::execute queues: 1, RefProcThreadModel::Single, marks_oops_alive: false
[681.522s][debug][gc,ref         ] GC(31) Skipped KeepAliveFinalRefsPhase of Reference Processing: no references
[681.522s][debug][gc,ref         ] GC(31) ReferenceProcessor::execute queues: 1, RefProcThreadModel::Single, marks_oops_alive: false
[681.522s][debug][gc,phases      ] GC(31) Reference Processing 0.122ms
[681.522s][debug][gc,phases      ] GC(31)   VM Weak                        Min:  0.0, Avg:  0.0, Max:  0.0, Diff:  0.0, Sum:  0.0, Workers: 4
[681.523s][debug][gc,phases      ] GC(31)     Dead                           Min: 0, Avg:  0.0, Max: 0, Diff: 0, Sum: 0, Workers: 4
[681.523s][debug][gc,phases      ] GC(31)     Total                          Min: 0, Avg: 236.5, Max: 384, Diff: 384, Sum: 946, Workers: 4
[681.523s][debug][gc,phases      ] GC(31)   ObjectSynchronizer Weak        Min:  0.0, Avg:  0.0, Max:  0.0, Diff:  0.0, Sum:  0.0, Workers: 4
[681.523s][debug][gc,phases      ] GC(31)     Dead                           Min: 0, Avg:  0.0, Max: 0, Diff: 0, Sum: 0, Workers: 4
[681.523s][debug][gc,phases      ] GC(31)     Total                          Min: 0, Avg:  1.0, Max: 4, Diff: 4, Sum: 4, Workers: 4
[681.523s][debug][gc,phases      ] GC(31)   JVMTI Tag Weak OopStorage      Min:  0.0, Avg:  0.0, Max:  0.0, Diff:  0.0, Sum:  0.0, Workers: 4
[681.523s][debug][gc,phases      ] GC(31)     Dead                           Min: 0, Avg:  0.0, Max: 0, Diff: 0, Sum: 0, Workers: 4
[681.523s][debug][gc,phases      ] GC(31)     Total                          Min: 0, Avg:  0.0, Max: 0, Diff: 0, Sum: 0, Workers: 4
[681.523s][debug][gc,phases      ] GC(31)   StringTable Weak               Min:  0.1, Avg:  0.1, Max:  0.1, Diff:  0.0, Sum:  0.5, Workers: 4
[681.523s][debug][gc,phases      ] GC(31)     Dead                           Min: 0, Avg:  0.0, Max: 0, Diff: 0, Sum: 0, Workers: 4
[681.523s][debug][gc,phases      ] GC(31)     Total                          Min: 10048, Avg: 11304.2, Max: 12130, Diff: 2082, Sum: 45217, Workers: 4
[681.523s][debug][gc,phases      ] GC(31)   ResolvedMethodTable Weak       Min:  0.0, Avg:  0.0, Max:  0.0, Diff:  0.0, Sum:  0.1, Workers: 4
[681.523s][debug][gc,phases      ] GC(31)     Dead                           Min: 0, Avg:  0.0, Max: 0, Diff: 0, Sum: 0, Workers: 4
[681.523s][debug][gc,phases      ] GC(31)     Total                          Min: 2877, Avg: 3100.8, Max: 3261, Diff: 384, Sum: 12403, Workers: 4
[681.523s][debug][gc,phases      ] GC(31)   JNI Weak                       Min:  0.0, Avg:  0.0, Max:  0.0, Diff:  0.0, Sum:  0.0, Workers: 4
[681.523s][debug][gc,phases      ] GC(31)     Dead                           Min: 0, Avg:  0.0, Max: 0, Diff: 0, Sum: 0, Workers: 4
[681.523s][debug][gc,phases      ] GC(31)     Total                          Min: 0, Avg: 12.0, Max: 48, Diff: 48, Sum: 48, Workers: 4
[681.523s][debug][gc,phases      ] GC(31)   StringDedup Table Weak         Min:  0.0, Avg:  0.0, Max:  0.0, Diff:  0.0, Sum:  0.0, Workers: 4
[681.523s][debug][gc,phases      ] GC(31)     Dead                           Min: 0, Avg:  0.0, Max: 0, Diff: 0, Sum: 0, Workers: 4
[681.523s][debug][gc,phases      ] GC(31)     Total                          Min: 0, Avg:  0.0, Max: 0, Diff: 0, Sum: 0, Workers: 4
[681.523s][debug][gc,phases      ] GC(31)   StringDedup Requests0 Weak     Min:  0.0, Avg:  0.0, Max:  0.0, Diff:  0.0, Sum:  0.0, Workers: 4
[681.523s][debug][gc,phases      ] GC(31)     Dead                           Min: 0, Avg:  0.0, Max: 0, Diff: 0, Sum: 0, Workers: 4
[681.523s][debug][gc,phases      ] GC(31)     Total                          Min: 0, Avg:  0.0, Max: 0, Diff: 0, Sum: 0, Workers: 4
[681.523s][debug][gc,phases      ] GC(31)   StringDedup Requests1 Weak     Min:  0.0, Avg:  0.0, Max:  0.0, Diff:  0.0, Sum:  0.0, Workers: 4
[681.523s][debug][gc,phases      ] GC(31)     Dead                           Min: 0, Avg:  0.0, Max: 0, Diff: 0, Sum: 0, Workers: 4
[681.523s][debug][gc,phases      ] GC(31)     Total                          Min: 0, Avg:  0.0, Max: 0, Diff: 0, Sum: 0, Workers: 4
[681.523s][debug][gc,phases      ] GC(31)   Weak JFR Old Object Samples    Min:  0.0, Avg:  0.0, Max:  0.0, Diff:  0.0, Sum:  0.0, Workers: 4
[681.523s][debug][gc,phases      ] GC(31)     Dead                           Min: 0, Avg:  0.0, Max: 0, Diff: 0, Sum: 0, Workers: 4
[681.523s][debug][gc,phases      ] GC(31)     Total                          Min: 0, Avg:  0.0, Max: 0, Diff: 0, Sum: 0, Workers: 4
[681.523s][debug][gc,phases      ] GC(31) Weak Processing 0.371ms
[681.523s][debug][gc,age         ] GC(31) Desired survivor size 365953024 bytes, new threshold 8 (max threshold 15)
[681.523s][info ][gc,heap        ] GC(31) PSYoungGen: 1358756K(1714176K)->55188K(1687040K) Eden: 1304064K(1304064K)->0K(1304064K) From: 54692K(410112K)->55188K(382976K)
[681.523s][info ][gc,heap        ] GC(31) ParOldGen: 331603K(510464K)->331603K(510464K)
[681.523s][info ][gc,metaspace   ] GC(31) Metaspace: 89370K(90624K)->89370K(90624K) NonClass: 76571K(77312K)->76571K(77312K) Class: 12798K(13312K)->12798K(13312K)
[681.523s][info ][gc             ] GC(31) Pause Young (Allocation Failure) 1650M->377M(2146M) 18.894ms
[681.523s][info ][gc,cpu         ] GC(31) User=0.05s Sys=0.00s Real=0.02s
[681.523s][info ][safepoint      ] Safepoint "ParallelGCFailedAllocation", Time since last: 7276868647 ns, Reaching safepoint: 84804 ns, Cleanup: 4400 ns, At safepoint: 18977544 ns, Total: 19066748 ns
[683.523s][info ][safepoint      ] Safepoint "Cleanup", Time since last: 2000152717 ns, Reaching safepoint: 7700 ns, Cleanup: 12301 ns, At safepoint: 2300 ns, Total: 22301 ns
[685.523s][info ][safepoint      ] Safepoint "Cleanup", Time since last: 2000134016 ns, Reaching safepoint: 7600 ns, Cleanup: 17701 ns, At safepoint: 2100 ns, Total: 27401 ns
[694.524s][info ][safepoint      ] Safepoint "Cleanup", Time since last: 9000632054 ns, Reaching safepoint: 7200 ns, Cleanup: 15401 ns, At safepoint: 2300 ns, Total: 24901 ns
[700.524s][info ][safepoint      ] Safepoint "Cleanup", Time since last: 6000439423 ns, Reaching safepoint: 8000 ns, Cleanup: 14801 ns, At safepoint: 2500 ns, Total: 25301 ns
[701.524s][info ][safepoint      ] Safepoint "Cleanup", Time since last: 1000110018 ns, Reaching safepoint: 6100 ns, Cleanup: 10801 ns, At safepoint: 2300 ns, Total: 19201 ns
[703.525s][info ][safepoint      ] Safepoint "Cleanup", Time since last: 2000174924 ns, Reaching safepoint: 7701 ns, Cleanup: 11500 ns, At safepoint: 2100 ns, Total: 21301 ns
[704.525s][info ][safepoint      ] Safepoint "Cleanup", Time since last: 1000113696 ns, Reaching safepoint: 6900 ns, Cleanup: 16801 ns, At safepoint: 6800 ns, Total: 30501 ns
[706.525s][info ][safepoint      ] Safepoint "Cleanup", Time since last: 2000154189 ns, Reaching safepoint: 7901 ns, Cleanup: 14200 ns, At safepoint: 3000 ns, Total: 25101 ns
[707.525s][info ][safepoint      ] Safepoint "Cleanup", Time since last: 1000110496 ns, Reaching safepoint: 5800 ns, Cleanup: 10501 ns, At safepoint: 24001 ns, Total: 40302 ns
[708.525s][info ][safepoint      ] Safepoint "Cleanup", Time since last: 1000106595 ns, Reaching safepoint: 5901 ns, Cleanup: 9700 ns, At safepoint: 1900 ns, Total: 17501 ns
[711.525s][info ][safepoint      ] Safepoint "Cleanup", Time since last: 3000234559 ns, Reaching safepoint: 9301 ns, Cleanup: 12100 ns, At safepoint: 2800 ns, Total: 24201 ns
[712.526s][info ][safepoint      ] Safepoint "Cleanup", Time since last: 1000103721 ns, Reaching safepoint: 77703 ns, Cleanup: 13200 ns, At safepoint: 7301 ns, Total: 98204 ns
[714.526s][info ][safepoint      ] Safepoint "Cleanup", Time since last: 2000165138 ns, Reaching safepoint: 10601 ns, Cleanup: 23001 ns, At safepoint: 2500 ns, Total: 36102 ns
[719.526s][info ][safepoint      ] Safepoint "Cleanup", Time since last: 5000320048 ns, Reaching safepoint: 11301 ns, Cleanup: 21600 ns, At safepoint: 2400 ns, Total: 35301 ns
[728.648s][info ][gc,start       ] GC(32) Pause Young (Allocation Failure)
[728.667s][debug][gc,phases      ] GC(32) Scavenge 18.880ms
[728.667s][debug][gc,ref         ] GC(32) ReferenceProcessor::execute queues: 1, RefProcThreadModel::Single, marks_oops_alive: false
[728.667s][debug][gc,ref         ] GC(32) Skipped KeepAliveFinalRefsPhase of Reference Processing: no references
[728.667s][debug][gc,ref         ] GC(32) ReferenceProcessor::execute queues: 1, RefProcThreadModel::Single, marks_oops_alive: false
[728.667s][debug][gc,phases      ] GC(32) Reference Processing 0.128ms
[728.668s][debug][gc,phases      ] GC(32)   VM Weak                        Min:  0.0, Avg:  0.0, Max:  0.0, Diff:  0.0, Sum:  0.0, Workers: 4
[728.668s][debug][gc,phases      ] GC(32)     Dead                           Min: 0, Avg:  0.0, Max: 0, Diff: 0, Sum: 0, Workers: 4
[728.668s][debug][gc,phases      ] GC(32)     Total                          Min: 0, Avg: 236.5, Max: 626, Diff: 626, Sum: 946, Workers: 4
[728.668s][debug][gc,phases      ] GC(32)   ObjectSynchronizer Weak        Min:  0.0, Avg:  0.0, Max:  0.0, Diff:  0.0, Sum:  0.0, Workers: 4
[728.668s][debug][gc,phases      ] GC(32)     Dead                           Min: 0, Avg:  0.0, Max: 0, Diff: 0, Sum: 0, Workers: 4
[728.668s][debug][gc,phases      ] GC(32)     Total                          Min: 0, Avg:  1.0, Max: 4, Diff: 4, Sum: 4, Workers: 4
[728.668s][debug][gc,phases      ] GC(32)   JVMTI Tag Weak OopStorage      Min:  0.0, Avg:  0.0, Max:  0.0, Diff:  0.0, Sum:  0.0, Workers: 4
[728.668s][debug][gc,phases      ] GC(32)     Dead                           Min: 0, Avg:  0.0, Max: 0, Diff: 0, Sum: 0, Workers: 4
[728.668s][debug][gc,phases      ] GC(32)     Total                          Min: 0, Avg:  0.0, Max: 0, Diff: 0, Sum: 0, Workers: 4
[728.668s][debug][gc,phases      ] GC(32)   StringTable Weak               Min:  0.0, Avg:  0.1, Max:  0.2, Diff:  0.2, Sum:  0.4, Workers: 4
[728.668s][debug][gc,phases      ] GC(32)     Dead                           Min: 0, Avg:  0.0, Max: 0, Diff: 0, Sum: 0, Workers: 4
[728.668s][debug][gc,phases      ] GC(32)     Total                          Min: 0, Avg: 11310.5, Max: 24127, Diff: 24127, Sum: 45242, Workers: 4
[728.668s][debug][gc,phases      ] GC(32)   ResolvedMethodTable Weak       Min:  0.0, Avg:  0.0, Max:  0.1, Diff:  0.1, Sum:  0.1, Workers: 4
[728.668s][debug][gc,phases      ] GC(32)     Dead                           Min: 0, Avg:  0.2, Max: 1, Diff: 1, Sum: 1, Workers: 4
[728.668s][debug][gc,phases      ] GC(32)     Total                          Min: 0, Avg: 3101.0, Max: 6647, Diff: 6647, Sum: 12404, Workers: 4
[728.668s][debug][gc,phases      ] GC(32)   JNI Weak                       Min:  0.0, Avg:  0.0, Max:  0.0, Diff:  0.0, Sum:  0.0, Workers: 4
[728.668s][debug][gc,phases      ] GC(32)     Dead                           Min: 0, Avg:  0.0, Max: 0, Diff: 0, Sum: 0, Workers: 4
[728.668s][debug][gc,phases      ] GC(32)     Total                          Min: 0, Avg: 12.0, Max: 48, Diff: 48, Sum: 48, Workers: 4
[728.668s][debug][gc,phases      ] GC(32)   StringDedup Table Weak         Min:  0.0, Avg:  0.0, Max:  0.0, Diff:  0.0, Sum:  0.0, Workers: 4
[728.668s][debug][gc,phases      ] GC(32)     Dead                           Min: 0, Avg:  0.0, Max: 0, Diff: 0, Sum: 0, Workers: 4
[728.668s][debug][gc,phases      ] GC(32)     Total                          Min: 0, Avg:  0.0, Max: 0, Diff: 0, Sum: 0, Workers: 4
[728.668s][debug][gc,phases      ] GC(32)   StringDedup Requests0 Weak     Min:  0.0, Avg:  0.0, Max:  0.0, Diff:  0.0, Sum:  0.0, Workers: 4
[728.668s][debug][gc,phases      ] GC(32)     Dead                           Min: 0, Avg:  0.0, Max: 0, Diff: 0, Sum: 0, Workers: 4
[728.668s][debug][gc,phases      ] GC(32)     Total                          Min: 0, Avg:  0.0, Max: 0, Diff: 0, Sum: 0, Workers: 4
[728.668s][debug][gc,phases      ] GC(32)   StringDedup Requests1 Weak     Min:  0.0, Avg:  0.0, Max:  0.0, Diff:  0.0, Sum:  0.0, Workers: 4
[728.668s][debug][gc,phases      ] GC(32)     Dead                           Min: 0, Avg:  0.0, Max: 0, Diff: 0, Sum: 0, Workers: 4
[728.668s][debug][gc,phases      ] GC(32)     Total                          Min: 0, Avg:  0.0, Max: 0, Diff: 0, Sum: 0, Workers: 4
[728.668s][debug][gc,phases      ] GC(32)   Weak JFR Old Object Samples    Min:  0.0, Avg:  0.0, Max:  0.0, Diff:  0.0, Sum:  0.0, Workers: 4
[728.668s][debug][gc,phases      ] GC(32)     Dead                           Min: 0, Avg:  0.0, Max: 0, Diff: 0, Sum: 0, Workers: 4
[728.668s][debug][gc,phases      ] GC(32)     Total                          Min: 0, Avg:  0.0, Max: 0, Diff: 0, Sum: 0, Workers: 4
[728.668s][debug][gc,phases      ] GC(32) Weak Processing 0.479ms
[728.668s][debug][gc,age         ] GC(32) Desired survivor size 341835776 bytes, new threshold 9 (max threshold 15)
[728.668s][info ][gc,heap        ] GC(32) PSYoungGen: 1359252K(1687040K)->55156K(1763328K) Eden: 1304064K(1304064K)->0K(1405952K) From: 55188K(382976K)->55156K(357376K)
[728.668s][info ][gc,heap        ] GC(32) ParOldGen: 331603K(510464K)->331603K(510464K)
[728.668s][info ][gc,metaspace   ] GC(32) Metaspace: 89410K(90624K)->89410K(90624K) NonClass: 76611K(77312K)->76611K(77312K) Class: 12798K(13312K)->12798K(13312K)
[728.668s][info ][gc             ] GC(32) Pause Young (Allocation Failure) 1651M->377M(2220M) 19.641ms
[728.668s][info ][gc,cpu         ] GC(32) User=0.07s Sys=0.00s Real=0.02s
[728.668s][info ][safepoint      ] Safepoint "ParallelGCFailedAllocation", Time since last: 9122206264 ns, Reaching safepoint: 7300 ns, Cleanup: 4100 ns, At safepoint: 19714580 ns, Total: 19725980 ns
[735.669s][info ][safepoint      ] Safepoint "Cleanup", Time since last: 7000452936 ns, Reaching safepoint: 6601 ns, Cleanup: 11100 ns, At safepoint: 2000 ns, Total: 19701 ns
[739.669s][info ][safepoint      ] Safepoint "Cleanup", Time since last: 4000228763 ns, Reaching safepoint: 7400 ns, Cleanup: 12101 ns, At safepoint: 2500 ns, Total: 22001 ns
[743.669s][info ][safepoint      ] Safepoint "Cleanup", Time since last: 4000310100 ns, Reaching safepoint: 7501 ns, Cleanup: 12300 ns, At safepoint: 2100 ns, Total: 21901 ns
[744.669s][info ][safepoint      ] Safepoint "Cleanup", Time since last: 1000120826 ns, Reaching safepoint: 8800 ns, Cleanup: 13201 ns, At safepoint: 2400 ns, Total: 24401 ns
[748.670s][info ][safepoint      ] Safepoint "Cleanup", Time since last: 4000304896 ns, Reaching safepoint: 7701 ns, Cleanup: 16900 ns, At safepoint: 2300 ns, Total: 26901 ns
[749.670s][info ][safepoint      ] Safepoint "Cleanup", Time since last: 1000134227 ns, Reaching safepoint: 7800 ns, Cleanup: 15001 ns, At safepoint: 2100 ns, Total: 24901 ns
[760.671s][info ][safepoint      ] Safepoint "Cleanup", Time since last: 11000731061 ns, Reaching safepoint: 7400 ns, Cleanup: 14801 ns, At safepoint: 2200 ns, Total: 24401 ns
[763.671s][info ][safepoint      ] Safepoint "Cleanup", Time since last: 3000261969 ns, Reaching safepoint: 10801 ns, Cleanup: 14100 ns, At safepoint: 2200 ns, Total: 27101 ns
[765.671s][info ][safepoint      ] Safepoint "Cleanup", Time since last: 2000175480 ns, Reaching safepoint: 7700 ns, Cleanup: 15301 ns, At safepoint: 2200 ns, Total: 25201 ns
[770.671s][info ][safepoint      ] Safepoint "Cleanup", Time since last: 5000374058 ns, Reaching safepoint: 6900 ns, Cleanup: 16401 ns, At safepoint: 2200 ns, Total: 25501 ns
[773.672s][info ][safepoint      ] Safepoint "Cleanup", Time since last: 3000244891 ns, Reaching safepoint: 9200 ns, Cleanup: 12800 ns, At safepoint: 2300 ns, Total: 24300 ns
[782.204s][info ][gc,start       ] GC(33) Pause Young (Allocation Failure)
[782.221s][debug][gc,phases      ] GC(33) Scavenge 16.751ms
[782.221s][debug][gc,ref         ] GC(33) ReferenceProcessor::execute queues: 1, RefProcThreadModel::Single, marks_oops_alive: false
[782.221s][debug][gc,ref         ] GC(33) Skipped KeepAliveFinalRefsPhase of Reference Processing: no references
[782.221s][debug][gc,ref         ] GC(33) ReferenceProcessor::execute queues: 1, RefProcThreadModel::Single, marks_oops_alive: false
[782.221s][debug][gc,phases      ] GC(33) Reference Processing 0.140ms
[782.221s][debug][gc,phases      ] GC(33)   VM Weak                        Min:  0.0, Avg:  0.0, Max:  0.0, Diff:  0.0, Sum:  0.0, Workers: 4
[782.221s][debug][gc,phases      ] GC(33)     Dead                           Min: 0, Avg:  0.0, Max: 0, Diff: 0, Sum: 0, Workers: 4
[782.221s][debug][gc,phases      ] GC(33)     Total                          Min: 0, Avg: 236.5, Max: 626, Diff: 626, Sum: 946, Workers: 4
[782.221s][debug][gc,phases      ] GC(33)   ObjectSynchronizer Weak        Min:  0.0, Avg:  0.0, Max:  0.0, Diff:  0.0, Sum:  0.0, Workers: 4
[782.221s][debug][gc,phases      ] GC(33)     Dead                           Min: 0, Avg:  0.0, Max: 0, Diff: 0, Sum: 0, Workers: 4
[782.221s][debug][gc,phases      ] GC(33)     Total                          Min: 0, Avg:  0.8, Max: 3, Diff: 3, Sum: 3, Workers: 4
[782.221s][debug][gc,phases      ] GC(33)   JVMTI Tag Weak OopStorage      Min:  0.0, Avg:  0.0, Max:  0.0, Diff:  0.0, Sum:  0.0, Workers: 4
[782.221s][debug][gc,phases      ] GC(33)     Dead                           Min: 0, Avg:  0.0, Max: 0, Diff: 0, Sum: 0, Workers: 4
[782.221s][debug][gc,phases      ] GC(33)     Total                          Min: 0, Avg:  0.0, Max: 0, Diff: 0, Sum: 0, Workers: 4
[782.221s][debug][gc,phases      ] GC(33)   StringTable Weak               Min:  0.0, Avg:  0.1, Max:  0.2, Diff:  0.2, Sum:  0.5, Workers: 4
[782.221s][debug][gc,phases      ] GC(33)     Dead                           Min: 0, Avg:  0.2, Max: 1, Diff: 1, Sum: 1, Workers: 4
[782.221s][debug][gc,phases      ] GC(33)     Total                          Min: 0, Avg: 11312.2, Max: 15808, Diff: 15808, Sum: 45249, Workers: 4
[782.221s][debug][gc,phases      ] GC(33)   ResolvedMethodTable Weak       Min:  0.0, Avg:  0.0, Max:  0.0, Diff:  0.0, Sum:  0.1, Workers: 4
[782.221s][debug][gc,phases      ] GC(33)     Dead                           Min: 0, Avg:  0.0, Max: 0, Diff: 0, Sum: 0, Workers: 4
[782.221s][debug][gc,phases      ] GC(33)     Total                          Min: 0, Avg: 3103.2, Max: 4351, Diff: 4351, Sum: 12413, Workers: 4
[782.221s][debug][gc,phases      ] GC(33)   JNI Weak                       Min:  0.0, Avg:  0.0, Max:  0.0, Diff:  0.0, Sum:  0.0, Workers: 4
[782.221s][debug][gc,phases      ] GC(33)     Dead                           Min: 0, Avg:  0.0, Max: 0, Diff: 0, Sum: 0, Workers: 4
[782.221s][debug][gc,phases      ] GC(33)     Total                          Min: 0, Avg: 12.0, Max: 48, Diff: 48, Sum: 48, Workers: 4
[782.221s][debug][gc,phases      ] GC(33)   StringDedup Table Weak         Min:  0.0, Avg:  0.0, Max:  0.0, Diff:  0.0, Sum:  0.0, Workers: 4
[782.221s][debug][gc,phases      ] GC(33)     Dead                           Min: 0, Avg:  0.0, Max: 0, Diff: 0, Sum: 0, Workers: 4
[782.221s][debug][gc,phases      ] GC(33)     Total                          Min: 0, Avg:  0.0, Max: 0, Diff: 0, Sum: 0, Workers: 4
[782.221s][debug][gc,phases      ] GC(33)   StringDedup Requests0 Weak     Min:  0.0, Avg:  0.0, Max:  0.0, Diff:  0.0, Sum:  0.0, Workers: 4
[782.221s][debug][gc,phases      ] GC(33)     Dead                           Min: 0, Avg:  0.0, Max: 0, Diff: 0, Sum: 0, Workers: 4
[782.221s][debug][gc,phases      ] GC(33)     Total                          Min: 0, Avg:  0.0, Max: 0, Diff: 0, Sum: 0, Workers: 4
[782.221s][debug][gc,phases      ] GC(33)   StringDedup Requests1 Weak     Min:  0.0, Avg:  0.0, Max:  0.0, Diff:  0.0, Sum:  0.0, Workers: 4
[782.221s][debug][gc,phases      ] GC(33)     Dead                           Min: 0, Avg:  0.0, Max: 0, Diff: 0, Sum: 0, Workers: 4
[782.221s][debug][gc,phases      ] GC(33)     Total                          Min: 0, Avg:  0.0, Max: 0, Diff: 0, Sum: 0, Workers: 4
[782.221s][debug][gc,phases      ] GC(33)   Weak JFR Old Object Samples    Min:  0.0, Avg:  0.0, Max:  0.0, Diff:  0.0, Sum:  0.0, Workers: 4
[782.221s][debug][gc,phases      ] GC(33)     Dead                           Min: 0, Avg:  0.0, Max: 0, Diff: 0, Sum: 0, Workers: 4
[782.221s][debug][gc,phases      ] GC(33)     Total                          Min: 0, Avg:  0.0, Max: 0, Diff: 0, Sum: 0, Workers: 4
[782.221s][debug][gc,phases      ] GC(33) Weak Processing 0.418ms
[782.221s][debug][gc,age         ] GC(33) Desired survivor size 319291392 bytes, new threshold 10 (max threshold 15)
[782.221s][info ][gc,heap        ] GC(33) PSYoungGen: 1461108K(1763328K)->55140K(1739776K) Eden: 1405952K(1405952K)->0K(1405952K) From: 55156K(357376K)->55140K(333824K)
[782.221s][info ][gc,heap        ] GC(33) ParOldGen: 331603K(510464K)->331603K(510464K)
[782.221s][info ][gc,metaspace   ] GC(33) Metaspace: 89449K(90688K)->89449K(90688K) NonClass: 76648K(77376K)->76648K(77376K) Class: 12801K(13312K)->12801K(13312K)
[782.221s][info ][gc             ] GC(33) Pause Young (Allocation Failure) 1750M->377M(2197M) 17.456ms
[782.221s][info ][gc,cpu         ] GC(33) User=0.06s Sys=0.00s Real=0.02s
[782.221s][info ][safepoint      ] Safepoint "ParallelGCFailedAllocation", Time since last: 8532209347 ns, Reaching safepoint: 8800 ns, Cleanup: 5200 ns, At safepoint: 17547569 ns, Total: 17561569 ns
[786.222s][info ][safepoint      ] Safepoint "Cleanup", Time since last: 4000270284 ns, Reaching safepoint: 9501 ns, Cleanup: 24801 ns, At safepoint: 2100 ns, Total: 36402 ns
[788.222s][info ][safepoint      ] Safepoint "Cleanup", Time since last: 2000182894 ns, Reaching safepoint: 7000 ns, Cleanup: 15400 ns, At safepoint: 2301 ns, Total: 24701 ns
[790.222s][info ][safepoint      ] Safepoint "Cleanup", Time since last: 2000158401 ns, Reaching safepoint: 7900 ns, Cleanup: 15601 ns, At safepoint: 3400 ns, Total: 26901 ns
[791.222s][info ][safepoint      ] Safepoint "Cleanup", Time since last: 1000111433 ns, Reaching safepoint: 7400 ns, Cleanup: 11001 ns, At safepoint: 2200 ns, Total: 20601 ns
[792.222s][info ][safepoint      ] Safepoint "Cleanup", Time since last: 1000090532 ns, Reaching safepoint: 14501 ns, Cleanup: 26501 ns, At safepoint: 5100 ns, Total: 46102 ns
[796.223s][info ][safepoint      ] Safepoint "Cleanup", Time since last: 4000314028 ns, Reaching safepoint: 9501 ns, Cleanup: 11300 ns, At safepoint: 6000 ns, Total: 26801 ns
[798.223s][info ][safepoint      ] Safepoint "Cleanup", Time since last: 2000126761 ns, Reaching safepoint: 7501 ns, Cleanup: 17900 ns, At safepoint: 2200 ns, Total: 27601 ns
[799.223s][info ][safepoint      ] Safepoint "Cleanup", Time since last: 1000111980 ns, Reaching safepoint: 6501 ns, Cleanup: 15300 ns, At safepoint: 2200 ns, Total: 24001 ns
[800.223s][info ][safepoint      ] Safepoint "Cleanup", Time since last: 1000105980 ns, Reaching safepoint: 6000 ns, Cleanup: 10901 ns, At safepoint: 2100 ns, Total: 19001 ns
[803.223s][info ][safepoint      ] Safepoint "Cleanup", Time since last: 3000235736 ns, Reaching safepoint: 5500 ns, Cleanup: 9001 ns, At safepoint: 2100 ns, Total: 16601 ns
[804.224s][info ][safepoint      ] Safepoint "Cleanup", Time since last: 1000127680 ns, Reaching safepoint: 8101 ns, Cleanup: 14500 ns, At safepoint: 2300 ns, Total: 24901 ns
[805.224s][info ][safepoint      ] Safepoint "Cleanup", Time since last: 1000117180 ns, Reaching safepoint: 7401 ns, Cleanup: 12600 ns, At safepoint: 7401 ns, Total: 27402 ns
[807.224s][info ][safepoint      ] Safepoint "Cleanup", Time since last: 2000155021 ns, Reaching safepoint: 7500 ns, Cleanup: 13901 ns, At safepoint: 2100 ns, Total: 23501 ns
[809.224s][info ][safepoint      ] Safepoint "Cleanup", Time since last: 2000173442 ns, Reaching safepoint: 7801 ns, Cleanup: 13600 ns, At safepoint: 5400 ns, Total: 26801 ns
[810.224s][info ][safepoint      ] Safepoint "Cleanup", Time since last: 1000109372 ns, Reaching safepoint: 5901 ns, Cleanup: 7600 ns, At safepoint: 1900 ns, Total: 15401 ns
[811.224s][info ][safepoint      ] Safepoint "Cleanup", Time since last: 1000109372 ns, Reaching safepoint: 7800 ns, Cleanup: 10801 ns, At safepoint: 5600 ns, Total: 24201 ns
[812.224s][info ][safepoint      ] Safepoint "Cleanup", Time since last: 1000108372 ns, Reaching safepoint: 6200 ns, Cleanup: 12101 ns, At safepoint: 2600 ns, Total: 20901 ns
[814.225s][info ][safepoint      ] Safepoint "Cleanup", Time since last: 2000170838 ns, Reaching safepoint: 7500 ns, Cleanup: 20101 ns, At safepoint: 3100 ns, Total: 30701 ns
[815.225s][info ][safepoint      ] Safepoint "Cleanup", Time since last: 1000120662 ns, Reaching safepoint: 8901 ns, Cleanup: 12200 ns, At safepoint: 6100 ns, Total: 27201 ns
[816.225s][info ][safepoint      ] Safepoint "Cleanup", Time since last: 1000109662 ns, Reaching safepoint: 5601 ns, Cleanup: 8000 ns, At safepoint: 1800 ns, Total: 15401 ns
[817.225s][info ][safepoint      ] Safepoint "Cleanup", Time since last: 1000103062 ns, Reaching safepoint: 6400 ns, Cleanup: 12201 ns, At safepoint: 2300 ns, Total: 20901 ns
[818.225s][info ][safepoint      ] Safepoint "Cleanup", Time since last: 1000108362 ns, Reaching safepoint: 6600 ns, Cleanup: 17201 ns, At safepoint: 2300 ns, Total: 26101 ns
[820.225s][info ][safepoint      ] Safepoint "Cleanup", Time since last: 2000167022 ns, Reaching safepoint: 6900 ns, Cleanup: 16001 ns, At safepoint: 2000 ns, Total: 24901 ns
[821.226s][info ][safepoint      ] Safepoint "Cleanup", Time since last: 1000111562 ns, Reaching safepoint: 6400 ns, Cleanup: 10701 ns, At safepoint: 2000 ns, Total: 19101 ns
[822.226s][info ][safepoint      ] Safepoint "Cleanup", Time since last: 1000103145 ns, Reaching safepoint: 6700 ns, Cleanup: 11600 ns, At safepoint: 2700 ns, Total: 21000 ns
[823.226s][info ][safepoint      ] Safepoint "Cleanup", Time since last: 1000107514 ns, Reaching safepoint: 7300 ns, Cleanup: 11601 ns, At safepoint: 2000 ns, Total: 20901 ns
[825.226s][info ][safepoint      ] Safepoint "Cleanup", Time since last: 2000133824 ns, Reaching safepoint: 7400 ns, Cleanup: 11601 ns, At safepoint: 2100 ns, Total: 21101 ns
[826.226s][info ][safepoint      ] Safepoint "Cleanup", Time since last: 1000115614 ns, Reaching safepoint: 6600 ns, Cleanup: 14601 ns, At safepoint: 2200 ns, Total: 23401 ns
[827.198s][info ][gc,start       ] GC(34) Pause Young (Allocation Failure)
[827.219s][debug][gc,phases      ] GC(34) Scavenge 20.294ms
[827.219s][debug][gc,ref         ] GC(34) ReferenceProcessor::execute queues: 1, RefProcThreadModel::Single, marks_oops_alive: false
[827.219s][debug][gc,ref         ] GC(34) Skipped KeepAliveFinalRefsPhase of Reference Processing: no references
[827.219s][debug][gc,ref         ] GC(34) ReferenceProcessor::execute queues: 1, RefProcThreadModel::Single, marks_oops_alive: false
[827.219s][debug][gc,phases      ] GC(34) Reference Processing 0.136ms
[827.219s][debug][gc,phases      ] GC(34)   VM Weak                        Min:  0.0, Avg:  0.0, Max:  0.0, Diff:  0.0, Sum:  0.0, Workers: 4
[827.219s][debug][gc,phases      ] GC(34)     Dead                           Min: 0, Avg:  0.0, Max: 0, Diff: 0, Sum: 0, Workers: 4
[827.219s][debug][gc,phases      ] GC(34)     Total                          Min: 0, Avg: 236.5, Max: 818, Diff: 818, Sum: 946, Workers: 4
[827.219s][debug][gc,phases      ] GC(34)   ObjectSynchronizer Weak        Min:  0.0, Avg:  0.0, Max:  0.0, Diff:  0.0, Sum:  0.0, Workers: 4
[827.219s][debug][gc,phases      ] GC(34)     Dead                           Min: 0, Avg:  0.0, Max: 0, Diff: 0, Sum: 0, Workers: 4
[827.219s][debug][gc,phases      ] GC(34)     Total                          Min: 0, Avg:  1.0, Max: 4, Diff: 4, Sum: 4, Workers: 4
[827.219s][debug][gc,phases      ] GC(34)   JVMTI Tag Weak OopStorage      Min:  0.0, Avg:  0.0, Max:  0.0, Diff:  0.0, Sum:  0.0, Workers: 4
[827.219s][debug][gc,phases      ] GC(34)     Dead                           Min: 0, Avg:  0.0, Max: 0, Diff: 0, Sum: 0, Workers: 4
[827.219s][debug][gc,phases      ] GC(34)     Total                          Min: 0, Avg:  0.0, Max: 0, Diff: 0, Sum: 0, Workers: 4
[827.219s][debug][gc,phases      ] GC(34)   StringTable Weak               Min:  0.0, Avg:  0.1, Max:  0.1, Diff:  0.1, Sum:  0.4, Workers: 4
[827.219s][debug][gc,phases      ] GC(34)     Dead                           Min: 0, Avg:  0.0, Max: 0, Diff: 0, Sum: 0, Workers: 4
[827.219s][debug][gc,phases      ] GC(34)     Total                          Min: 0, Avg: 11313.5, Max: 15814, Diff: 15814, Sum: 45254, Workers: 4
[827.219s][debug][gc,phases      ] GC(34)   ResolvedMethodTable Weak       Min:  0.0, Avg:  0.0, Max:  0.0, Diff:  0.0, Sum:  0.1, Workers: 4
[827.219s][debug][gc,phases      ] GC(34)     Dead                           Min: 0, Avg:  0.0, Max: 0, Diff: 0, Sum: 0, Workers: 4
[827.219s][debug][gc,phases      ] GC(34)     Total                          Min: 0, Avg: 3103.2, Max: 4351, Diff: 4351, Sum: 12413, Workers: 4
[827.219s][debug][gc,phases      ] GC(34)   JNI Weak                       Min:  0.0, Avg:  0.0, Max:  0.0, Diff:  0.0, Sum:  0.0, Workers: 4
[827.219s][debug][gc,phases      ] GC(34)     Dead                           Min: 0, Avg:  0.0, Max: 0, Diff: 0, Sum: 0, Workers: 4
[827.219s][debug][gc,phases      ] GC(34)     Total                          Min: 0, Avg: 12.0, Max: 48, Diff: 48, Sum: 48, Workers: 4
[827.219s][debug][gc,phases      ] GC(34)   StringDedup Table Weak         Min:  0.0, Avg:  0.0, Max:  0.0, Diff:  0.0, Sum:  0.0, Workers: 4
[827.219s][debug][gc,phases      ] GC(34)     Dead                           Min: 0, Avg:  0.0, Max: 0, Diff: 0, Sum: 0, Workers: 4
[827.219s][debug][gc,phases      ] GC(34)     Total                          Min: 0, Avg:  0.0, Max: 0, Diff: 0, Sum: 0, Workers: 4
[827.219s][debug][gc,phases      ] GC(34)   StringDedup Requests0 Weak     Min:  0.0, Avg:  0.0, Max:  0.0, Diff:  0.0, Sum:  0.0, Workers: 4
[827.219s][debug][gc,phases      ] GC(34)     Dead                           Min: 0, Avg:  0.0, Max: 0, Diff: 0, Sum: 0, Workers: 4
[827.219s][debug][gc,phases      ] GC(34)     Total                          Min: 0, Avg:  0.0, Max: 0, Diff: 0, Sum: 0, Workers: 4
[827.219s][debug][gc,phases      ] GC(34)   StringDedup Requests1 Weak     Min:  0.0, Avg:  0.0, Max:  0.0, Diff:  0.0, Sum:  0.0, Workers: 4
[827.219s][debug][gc,phases      ] GC(34)     Dead                           Min: 0, Avg:  0.0, Max: 0, Diff: 0, Sum: 0, Workers: 4
[827.219s][debug][gc,phases      ] GC(34)     Total                          Min: 0, Avg:  0.0, Max: 0, Diff: 0, Sum: 0, Workers: 4
[827.219s][debug][gc,phases      ] GC(34)   Weak JFR Old Object Samples    Min:  0.0, Avg:  0.0, Max:  0.0, Diff:  0.0, Sum:  0.0, Workers: 4
[827.219s][debug][gc,phases      ] GC(34)     Dead                           Min: 0, Avg:  0.0, Max: 0, Diff: 0, Sum: 0, Workers: 4
[827.219s][debug][gc,phases      ] GC(34)     Total                          Min: 0, Avg:  0.0, Max: 0, Diff: 0, Sum: 0, Workers: 4
[827.219s][debug][gc,phases      ] GC(34) Weak Processing 0.395ms
[827.219s][debug][gc,age         ] GC(34) Desired survivor size 299368448 bytes, new threshold 11 (max threshold 15)
[827.219s][info ][gc,heap        ] GC(34) PSYoungGen: 1461092K(1739776K)->49492K(1804800K) Eden: 1405952K(1405952K)->0K(1492992K) From: 55140K(333824K)->49492K(311808K)
[827.219s][info ][gc,heap        ] GC(34) ParOldGen: 331603K(510464K)->331603K(510464K)
[827.219s][info ][gc,metaspace   ] GC(34) Metaspace: 89481K(90688K)->89481K(90688K) NonClass: 76679K(77376K)->76679K(77376K) Class: 12801K(13312K)->12801K(13312K)
[827.219s][info ][gc             ] GC(34) Pause Young (Allocation Failure) 1750M->372M(2261M) 20.973ms
[827.219s][info ][gc,cpu         ] GC(34) User=0.06s Sys=0.00s Real=0.02s
[827.219s][info ][safepoint      ] Safepoint "ParallelGCFailedAllocation", Time since last: 972273717 ns, Reaching safepoint: 78503 ns, Cleanup: 4100 ns, At safepoint: 21047829 ns, Total: 21130432 ns
[828.220s][info ][safepoint      ] Safepoint "Cleanup", Time since last: 1000082913 ns, Reaching safepoint: 8100 ns, Cleanup: 21601 ns, At safepoint: 2400 ns, Total: 32101 ns
[829.220s][info ][safepoint      ] Safepoint "Cleanup", Time since last: 1000114014 ns, Reaching safepoint: 77703 ns, Cleanup: 19701 ns, At safepoint: 6100 ns, Total: 103504 ns
[858.274s][info ][safepoint      ] Safepoint "Cleanup", Time since last: 29053918028 ns, Reaching safepoint: 6901 ns, Cleanup: 11500 ns, At safepoint: 2100 ns, Total: 20501 ns
[864.274s][info ][safepoint      ] Safepoint "Cleanup", Time since last: 6000438811 ns, Reaching safepoint: 7000 ns, Cleanup: 10700 ns, At safepoint: 1900 ns, Total: 19600 ns
[868.275s][info ][safepoint      ] Safepoint "Cleanup", Time since last: 4000314255 ns, Reaching safepoint: 6000 ns, Cleanup: 10300 ns, At safepoint: 2100 ns, Total: 18400 ns
[870.275s][info ][safepoint      ] Safepoint "Cleanup", Time since last: 2000171790 ns, Reaching safepoint: 7700 ns, Cleanup: 22101 ns, At safepoint: 2400 ns, Total: 32201 ns
[872.275s][info ][safepoint      ] Safepoint "Cleanup", Time since last: 2000205725 ns, Reaching safepoint: 8100 ns, Cleanup: 17501 ns, At safepoint: 2400 ns, Total: 28001 ns
[874.275s][info ][safepoint      ] Safepoint "Cleanup", Time since last: 2000185524 ns, Reaching safepoint: 6600 ns, Cleanup: 10400 ns, At safepoint: 2500 ns, Total: 19500 ns
[875.275s][info ][safepoint      ] Safepoint "Cleanup", Time since last: 1000105813 ns, Reaching safepoint: 7000 ns, Cleanup: 11200 ns, At safepoint: 2101 ns, Total: 20301 ns
[876.275s][info ][safepoint      ] Safepoint "Cleanup", Time since last: 1000114012 ns, Reaching safepoint: 26601 ns, Cleanup: 12401 ns, At safepoint: 3900 ns, Total: 42902 ns
[878.276s][info ][safepoint      ] Safepoint "Cleanup", Time since last: 2000177261 ns, Reaching safepoint: 7300 ns, Cleanup: 9700 ns, At safepoint: 2501 ns, Total: 19501 ns
[880.276s][info ][safepoint      ] Safepoint "Cleanup", Time since last: 2000175548 ns, Reaching safepoint: 6800 ns, Cleanup: 10801 ns, At safepoint: 2000 ns, Total: 19601 ns
[880.905s][info ][gc,start       ] GC(35) Pause Young (Allocation Failure)
[880.923s][debug][gc,phases      ] GC(35) Scavenge 17.935ms
[880.923s][debug][gc,ref         ] GC(35) ReferenceProcessor::execute queues: 1, RefProcThreadModel::Single, marks_oops_alive: false
[880.923s][debug][gc,ref         ] GC(35) Skipped KeepAliveFinalRefsPhase of Reference Processing: no references
[880.923s][debug][gc,ref         ] GC(35) ReferenceProcessor::execute queues: 1, RefProcThreadModel::Single, marks_oops_alive: false
[880.923s][debug][gc,phases      ] GC(35) Reference Processing 0.128ms
[880.923s][debug][gc,phases      ] GC(35)   VM Weak                        Min:  0.0, Avg:  0.0, Max:  0.0, Diff:  0.0, Sum:  0.0, Workers: 4
[880.923s][debug][gc,phases      ] GC(35)     Dead                           Min: 0, Avg:  0.0, Max: 0, Diff: 0, Sum: 0, Workers: 4
[880.923s][debug][gc,phases      ] GC(35)     Total                          Min: 0, Avg: 236.5, Max: 754, Diff: 754, Sum: 946, Workers: 4
[880.923s][debug][gc,phases      ] GC(35)   ObjectSynchronizer Weak        Min:  0.0, Avg:  0.0, Max:  0.0, Diff:  0.0, Sum:  0.0, Workers: 4
[880.923s][debug][gc,phases      ] GC(35)     Dead                           Min: 0, Avg:  0.0, Max: 0, Diff: 0, Sum: 0, Workers: 4
[880.923s][debug][gc,phases      ] GC(35)     Total                          Min: 0, Avg:  1.0, Max: 4, Diff: 4, Sum: 4, Workers: 4
[880.923s][debug][gc,phases      ] GC(35)   JVMTI Tag Weak OopStorage      Min:  0.0, Avg:  0.0, Max:  0.0, Diff:  0.0, Sum:  0.0, Workers: 4
[880.923s][debug][gc,phases      ] GC(35)     Dead                           Min: 0, Avg:  0.0, Max: 0, Diff: 0, Sum: 0, Workers: 4
[880.923s][debug][gc,phases      ] GC(35)     Total                          Min: 0, Avg:  0.0, Max: 0, Diff: 0, Sum: 0, Workers: 4
[880.923s][debug][gc,phases      ] GC(35)   StringTable Weak               Min:  0.0, Avg:  0.1, Max:  0.1, Diff:  0.1, Sum:  0.4, Workers: 4
[880.923s][debug][gc,phases      ] GC(35)     Dead                           Min: 0, Avg:  0.0, Max: 0, Diff: 0, Sum: 0, Workers: 4
[880.923s][debug][gc,phases      ] GC(35)     Total                          Min: 0, Avg: 11315.2, Max: 16512, Diff: 16512, Sum: 45261, Workers: 4
[880.923s][debug][gc,phases      ] GC(35)   ResolvedMethodTable Weak       Min:  0.0, Avg:  0.0, Max:  0.0, Diff:  0.0, Sum:  0.1, Workers: 4
[880.923s][debug][gc,phases      ] GC(35)     Dead                           Min: 0, Avg:  0.0, Max: 0, Diff: 0, Sum: 0, Workers: 4
[880.923s][debug][gc,phases      ] GC(35)     Total                          Min: 0, Avg: 3103.8, Max: 4352, Diff: 4352, Sum: 12415, Workers: 4
[880.923s][debug][gc,phases      ] GC(35)   JNI Weak                       Min:  0.0, Avg:  0.0, Max:  0.0, Diff:  0.0, Sum:  0.0, Workers: 4
[880.923s][debug][gc,phases      ] GC(35)     Dead                           Min: 0, Avg:  0.0, Max: 0, Diff: 0, Sum: 0, Workers: 4
[880.923s][debug][gc,phases      ] GC(35)     Total                          Min: 0, Avg: 12.0, Max: 48, Diff: 48, Sum: 48, Workers: 4
[880.923s][debug][gc,phases      ] GC(35)   StringDedup Table Weak         Min:  0.0, Avg:  0.0, Max:  0.0, Diff:  0.0, Sum:  0.0, Workers: 4
[880.923s][debug][gc,phases      ] GC(35)     Dead                           Min: 0, Avg:  0.0, Max: 0, Diff: 0, Sum: 0, Workers: 4
[880.923s][debug][gc,phases      ] GC(35)     Total                          Min: 0, Avg:  0.0, Max: 0, Diff: 0, Sum: 0, Workers: 4
[880.923s][debug][gc,phases      ] GC(35)   StringDedup Requests0 Weak     Min:  0.0, Avg:  0.0, Max:  0.0, Diff:  0.0, Sum:  0.0, Workers: 4
[880.923s][debug][gc,phases      ] GC(35)     Dead                           Min: 0, Avg:  0.0, Max: 0, Diff: 0, Sum: 0, Workers: 4
[880.923s][debug][gc,phases      ] GC(35)     Total                          Min: 0, Avg:  0.0, Max: 0, Diff: 0, Sum: 0, Workers: 4
[880.923s][debug][gc,phases      ] GC(35)   StringDedup Requests1 Weak     Min:  0.0, Avg:  0.0, Max:  0.0, Diff:  0.0, Sum:  0.0, Workers: 4
[880.923s][debug][gc,phases      ] GC(35)     Dead                           Min: 0, Avg:  0.0, Max: 0, Diff: 0, Sum: 0, Workers: 4
[880.923s][debug][gc,phases      ] GC(35)     Total                          Min: 0, Avg:  0.0, Max: 0, Diff: 0, Sum: 0, Workers: 4
[880.923s][debug][gc,phases      ] GC(35)   Weak JFR Old Object Samples    Min:  0.0, Avg:  0.0, Max:  0.0, Diff:  0.0, Sum:  0.0, Workers: 4
[880.923s][debug][gc,phases      ] GC(35)     Dead                           Min: 0, Avg:  0.0, Max: 0, Diff: 0, Sum: 0, Workers: 4
[880.923s][debug][gc,phases      ] GC(35)     Total                          Min: 0, Avg:  0.0, Max: 0, Diff: 0, Sum: 0, Workers: 4
[880.923s][debug][gc,phases      ] GC(35) Weak Processing 0.390ms
[880.923s][debug][gc,age         ] GC(35) Desired survivor size 281018368 bytes, new threshold 12 (max threshold 15)
[880.923s][info ][gc,heap        ] GC(35) PSYoungGen: 1542484K(1804800K)->49844K(1785344K) Eden: 1492992K(1492992K)->0K(1492992K) From: 49492K(311808K)->49844K(292352K)
[880.923s][info ][gc,heap        ] GC(35) ParOldGen: 331603K(510464K)->331603K(510464K)
[880.923s][info ][gc,metaspace   ] GC(35) Metaspace: 89512K(90752K)->89512K(90752K) NonClass: 76710K(77440K)->76710K(77440K) Class: 12802K(13312K)->12802K(13312K)
[880.923s][info ][gc             ] GC(35) Pause Young (Allocation Failure) 1830M->372M(2242M) 18.602ms
[880.923s][info ][gc,cpu         ] GC(35) User=0.05s Sys=0.00s Real=0.02s
[880.923s][info ][safepoint      ] Safepoint "ParallelGCFailedAllocation", Time since last: 628587393 ns, Reaching safepoint: 6901 ns, Cleanup: 9100 ns, At safepoint: 18676713 ns, Total: 18692714 ns
[881.923s][info ][safepoint      ] Safepoint "Cleanup", Time since last: 1000087574 ns, Reaching safepoint: 10200 ns, Cleanup: 12201 ns, At safepoint: 6500 ns, Total: 28901 ns
[882.923s][info ][safepoint      ] Safepoint "Cleanup", Time since last: 1000117475 ns, Reaching safepoint: 7101 ns, Cleanup: 18100 ns, At safepoint: 2700 ns, Total: 27901 ns
[883.923s][info ][safepoint      ] Safepoint "Cleanup", Time since last: 1000062274 ns, Reaching safepoint: 7300 ns, Cleanup: 12500 ns, At safepoint: 2100 ns, Total: 21900 ns
[886.924s][info ][safepoint      ] Safepoint "Cleanup", Time since last: 3000247634 ns, Reaching safepoint: 9600 ns, Cleanup: 13000 ns, At safepoint: 2501 ns, Total: 25101 ns
[892.924s][info ][safepoint      ] Safepoint "Cleanup", Time since last: 6000446652 ns, Reaching safepoint: 8700 ns, Cleanup: 17201 ns, At safepoint: 2800 ns, Total: 28701 ns
[893.924s][info ][safepoint      ] Safepoint "Cleanup", Time since last: 1000114091 ns, Reaching safepoint: 8100 ns, Cleanup: 13401 ns, At safepoint: 2100 ns, Total: 23601 ns
[896.925s][info ][safepoint      ] Safepoint "Cleanup", Time since last: 3000242167 ns, Reaching safepoint: 8000 ns, Cleanup: 12500 ns, At safepoint: 2501 ns, Total: 23001 ns
[901.287s][info ][safepoint      ] Safepoint "Cleanup", Time since last: 4362773415 ns, Reaching safepoint: 7300 ns, Cleanup: 12301 ns, At safepoint: 2200 ns, Total: 21801 ns
[904.288s][info ][safepoint      ] Safepoint "Cleanup", Time since last: 3000182451 ns, Reaching safepoint: 7901 ns, Cleanup: 11400 ns, At safepoint: 2000 ns, Total: 21301 ns
[906.288s][info ][safepoint      ] Safepoint "Cleanup", Time since last: 2000177097 ns, Reaching safepoint: 6500 ns, Cleanup: 13901 ns, At safepoint: 2100 ns, Total: 22501 ns
[907.288s][info ][safepoint      ] Safepoint "Cleanup", Time since last: 1000108799 ns, Reaching safepoint: 7500 ns, Cleanup: 58703 ns, At safepoint: 5400 ns, Total: 71603 ns
[908.288s][info ][safepoint      ] Safepoint "Cleanup", Time since last: 1000111999 ns, Reaching safepoint: 10901 ns, Cleanup: 27901 ns, At safepoint: 6600 ns, Total: 45402 ns
[909.288s][info ][safepoint      ] Safepoint "Cleanup", Time since last: 1000119399 ns, Reaching safepoint: 7301 ns, Cleanup: 54202 ns, At safepoint: 5700 ns, Total: 67203 ns
[910.289s][info ][safepoint      ] Safepoint "Cleanup", Time since last: 1000141498 ns, Reaching safepoint: 8201 ns, Cleanup: 12700 ns, At safepoint: 2300 ns, Total: 23201 ns
[911.289s][info ][safepoint      ] Safepoint "Cleanup", Time since last: 1000111994 ns, Reaching safepoint: 7701 ns, Cleanup: 13100 ns, At safepoint: 2100 ns, Total: 22901 ns
[912.289s][info ][safepoint      ] Safepoint "Cleanup", Time since last: 1000105894 ns, Reaching safepoint: 7001 ns, Cleanup: 9700 ns, At safepoint: 4700 ns, Total: 21401 ns
[913.289s][info ][safepoint      ] Safepoint "Cleanup", Time since last: 1000088994 ns, Reaching safepoint: 7200 ns, Cleanup: 15400 ns, At safepoint: 2401 ns, Total: 25001 ns
[914.289s][info ][safepoint      ] Safepoint "Cleanup", Time since last: 1000120294 ns, Reaching safepoint: 7600 ns, Cleanup: 17601 ns, At safepoint: 2500 ns, Total: 27701 ns
[916.289s][info ][safepoint      ] Safepoint "Cleanup", Time since last: 2000129185 ns, Reaching safepoint: 6200 ns, Cleanup: 10701 ns, At safepoint: 2300 ns, Total: 19201 ns
[918.289s][info ][safepoint      ] Safepoint "Cleanup", Time since last: 2000177657 ns, Reaching safepoint: 5401 ns, Cleanup: 33801 ns, At safepoint: 1400 ns, Total: 40602 ns
[920.290s][info ][safepoint      ] Safepoint "Cleanup", Time since last: 2000157650 ns, Reaching safepoint: 5900 ns, Cleanup: 10000 ns, At safepoint: 2000 ns, Total: 17900 ns
[930.290s][info ][safepoint      ] Safepoint "Cleanup", Time since last: 10000633903 ns, Reaching safepoint: 7801 ns, Cleanup: 14400 ns, At safepoint: 2300 ns, Total: 24501 ns
[932.290s][info ][safepoint      ] Safepoint "Cleanup", Time since last: 2000151806 ns, Reaching safepoint: 7400 ns, Cleanup: 14000 ns, At safepoint: 2001 ns, Total: 23401 ns
[936.291s][info ][safepoint      ] Safepoint "Cleanup", Time since last: 4000304811 ns, Reaching safepoint: 5900 ns, Cleanup: 8001 ns, At safepoint: 1900 ns, Total: 15801 ns
[937.291s][info ][safepoint      ] Safepoint "Cleanup", Time since last: 1000087470 ns, Reaching safepoint: 7700 ns, Cleanup: 17801 ns, At safepoint: 2200 ns, Total: 27701 ns
[938.291s][info ][safepoint      ] Safepoint "Cleanup", Time since last: 1000114871 ns, Reaching safepoint: 7000 ns, Cleanup: 17100 ns, At safepoint: 2100 ns, Total: 26200 ns
[939.650s][info ][safepoint      ] Safepoint "ParallelGCFailedAllocation", Time since last: 1358523756 ns, Reaching safepoint: 79003 ns, Cleanup: 3800 ns, At safepoint: 12101 ns, Total: 94904 ns
[939.650s][info ][gc,start       ] GC(36) Pause Young (GCLocker Initiated GC)
[939.668s][debug][gc,phases      ] GC(36) Scavenge 17.684ms
[939.668s][debug][gc,ref         ] GC(36) ReferenceProcessor::execute queues: 1, RefProcThreadModel::Single, marks_oops_alive: false
[939.668s][debug][gc,ref         ] GC(36) Skipped KeepAliveFinalRefsPhase of Reference Processing: no references
[939.668s][debug][gc,ref         ] GC(36) ReferenceProcessor::execute queues: 1, RefProcThreadModel::Single, marks_oops_alive: false
[939.668s][debug][gc,phases      ] GC(36) Reference Processing 0.136ms
[939.668s][debug][gc,phases      ] GC(36)   VM Weak                        Min:  0.0, Avg:  0.0, Max:  0.0, Diff:  0.0, Sum:  0.0, Workers: 4
[939.668s][debug][gc,phases      ] GC(36)     Dead                           Min: 0, Avg:  0.0, Max: 0, Diff: 0, Sum: 0, Workers: 4
[939.668s][debug][gc,phases      ] GC(36)     Total                          Min: 0, Avg: 238.5, Max: 704, Diff: 704, Sum: 954, Workers: 4
[939.668s][debug][gc,phases      ] GC(36)   ObjectSynchronizer Weak        Min:  0.0, Avg:  0.0, Max:  0.0, Diff:  0.0, Sum:  0.0, Workers: 4
[939.668s][debug][gc,phases      ] GC(36)     Dead                           Min: 0, Avg:  0.0, Max: 0, Diff: 0, Sum: 0, Workers: 4
[939.668s][debug][gc,phases      ] GC(36)     Total                          Min: 0, Avg:  1.0, Max: 4, Diff: 4, Sum: 4, Workers: 4
[939.668s][debug][gc,phases      ] GC(36)   JVMTI Tag Weak OopStorage      Min:  0.0, Avg:  0.0, Max:  0.0, Diff:  0.0, Sum:  0.0, Workers: 4
[939.668s][debug][gc,phases      ] GC(36)     Dead                           Min: 0, Avg:  0.0, Max: 0, Diff: 0, Sum: 0, Workers: 4
[939.668s][debug][gc,phases      ] GC(36)     Total                          Min: 0, Avg:  0.0, Max: 0, Diff: 0, Sum: 0, Workers: 4
[939.668s][debug][gc,phases      ] GC(36)   StringTable Weak               Min:  0.0, Avg:  0.1, Max:  0.2, Diff:  0.2, Sum:  0.4, Workers: 4
[939.668s][debug][gc,phases      ] GC(36)     Dead                           Min: 0, Avg:  0.0, Max: 0, Diff: 0, Sum: 0, Workers: 4
[939.668s][debug][gc,phases      ] GC(36)     Total                          Min: 0, Avg: 11317.2, Max: 24085, Diff: 24085, Sum: 45269, Workers: 4
[939.668s][debug][gc,phases      ] GC(36)   ResolvedMethodTable Weak       Min:  0.0, Avg:  0.0, Max:  0.1, Diff:  0.1, Sum:  0.1, Workers: 4
[939.668s][debug][gc,phases      ] GC(36)     Dead                           Min: 0, Avg:  0.0, Max: 0, Diff: 0, Sum: 0, Workers: 4
[939.668s][debug][gc,phases      ] GC(36)     Total                          Min: 0, Avg: 3108.0, Max: 6847, Diff: 6847, Sum: 12432, Workers: 4
[939.668s][debug][gc,phases      ] GC(36)   JNI Weak                       Min:  0.0, Avg:  0.0, Max:  0.0, Diff:  0.0, Sum:  0.0, Workers: 4
[939.668s][debug][gc,phases      ] GC(36)     Dead                           Min: 0, Avg:  0.0, Max: 0, Diff: 0, Sum: 0, Workers: 4
[939.668s][debug][gc,phases      ] GC(36)     Total                          Min: 0, Avg: 12.0, Max: 48, Diff: 48, Sum: 48, Workers: 4
[939.668s][debug][gc,phases      ] GC(36)   StringDedup Table Weak         Min:  0.0, Avg:  0.0, Max:  0.0, Diff:  0.0, Sum:  0.0, Workers: 4
[939.668s][debug][gc,phases      ] GC(36)     Dead                           Min: 0, Avg:  0.0, Max: 0, Diff: 0, Sum: 0, Workers: 4
[939.668s][debug][gc,phases      ] GC(36)     Total                          Min: 0, Avg:  0.0, Max: 0, Diff: 0, Sum: 0, Workers: 4
[939.668s][debug][gc,phases      ] GC(36)   StringDedup Requests0 Weak     Min:  0.0, Avg:  0.0, Max:  0.0, Diff:  0.0, Sum:  0.0, Workers: 4
[939.668s][debug][gc,phases      ] GC(36)     Dead                           Min: 0, Avg:  0.0, Max: 0, Diff: 0, Sum: 0, Workers: 4
[939.668s][debug][gc,phases      ] GC(36)     Total                          Min: 0, Avg:  0.0, Max: 0, Diff: 0, Sum: 0, Workers: 4
[939.668s][debug][gc,phases      ] GC(36)   StringDedup Requests1 Weak     Min:  0.0, Avg:  0.0, Max:  0.0, Diff:  0.0, Sum:  0.0, Workers: 4
[939.668s][debug][gc,phases      ] GC(36)     Dead                           Min: 0, Avg:  0.0, Max: 0, Diff: 0, Sum: 0, Workers: 4
[939.668s][debug][gc,phases      ] GC(36)     Total                          Min: 0, Avg:  0.0, Max: 0, Diff: 0, Sum: 0, Workers: 4
[939.668s][debug][gc,phases      ] GC(36)   Weak JFR Old Object Samples    Min:  0.0, Avg:  0.0, Max:  0.0, Diff:  0.0, Sum:  0.0, Workers: 4
[939.668s][debug][gc,phases      ] GC(36)     Dead                           Min: 0, Avg:  0.0, Max: 0, Diff: 0, Sum: 0, Workers: 4
[939.668s][debug][gc,phases      ] GC(36)     Total                          Min: 0, Avg:  0.0, Max: 0, Diff: 0, Sum: 0, Workers: 4
[939.668s][debug][gc,phases      ] GC(36) Weak Processing 0.475ms
[939.668s][debug][gc,age         ] GC(36) Desired survivor size 263192576 bytes, new threshold 13 (max threshold 15)
[939.668s][info ][gc,heap        ] GC(36) PSYoungGen: 1542836K(1785344K)->49823K(1840128K) Eden: 1492992K(1492992K)->0K(1565696K) From: 49844K(292352K)->49823K(274432K)
[939.668s][info ][gc,heap        ] GC(36) ParOldGen: 331603K(510464K)->331603K(510464K)
[939.668s][info ][gc,metaspace   ] GC(36) Metaspace: 89568K(90880K)->89568K(90880K) NonClass: 76760K(77504K)->76760K(77504K) Class: 12808K(13376K)->12808K(13376K)
[939.668s][info ][gc             ] GC(36) Pause Young (GCLocker Initiated GC) 1830M->372M(2295M) 18.410ms
[939.668s][info ][gc,cpu         ] GC(36) User=0.05s Sys=0.00s Real=0.02s
[939.668s][info ][safepoint      ] Safepoint "ParallelGCSystemGC", Time since last: 76603 ns, Reaching safepoint: 71602 ns, Cleanup: 600 ns, At safepoint: 18478885 ns, Total: 18551087 ns
[940.668s][info ][safepoint      ] Safepoint "Cleanup", Time since last: 1000094370 ns, Reaching safepoint: 8001 ns, Cleanup: 15100 ns, At safepoint: 2200 ns, Total: 25301 ns
[945.669s][info ][safepoint      ] Safepoint "Cleanup", Time since last: 5000373808 ns, Reaching safepoint: 7300 ns, Cleanup: 11400 ns, At safepoint: 2400 ns, Total: 21100 ns
[946.669s][info ][safepoint      ] Safepoint "Cleanup", Time since last: 1000083177 ns, Reaching safepoint: 8000 ns, Cleanup: 11500 ns, At safepoint: 2700 ns, Total: 22200 ns
[947.669s][info ][safepoint      ] Safepoint "Cleanup", Time since last: 1000113778 ns, Reaching safepoint: 7900 ns, Cleanup: 11400 ns, At safepoint: 2500 ns, Total: 21800 ns
[955.670s][info ][safepoint      ] Safepoint "Cleanup", Time since last: 8000573237 ns, Reaching safepoint: 6500 ns, Cleanup: 11000 ns, At safepoint: 2500 ns, Total: 20000 ns
[956.670s][info ][safepoint      ] Safepoint "Cleanup", Time since last: 1000126980 ns, Reaching safepoint: 7500 ns, Cleanup: 12501 ns, At safepoint: 2400 ns, Total: 22401 ns
[957.670s][info ][safepoint      ] Safepoint "Cleanup", Time since last: 1000093878 ns, Reaching safepoint: 14700 ns, Cleanup: 13501 ns, At safepoint: 2100 ns, Total: 30301 ns
[958.670s][info ][safepoint      ] Safepoint "Cleanup", Time since last: 1000109635 ns, Reaching safepoint: 6700 ns, Cleanup: 12000 ns, At safepoint: 2200 ns, Total: 20900 ns
[962.303s][info ][safepoint      ] Safepoint "Cleanup", Time since last: 3633223624 ns, Reaching safepoint: 9200 ns, Cleanup: 12700 ns, At safepoint: 3301 ns, Total: 25201 ns
[964.304s][info ][safepoint      ] Safepoint "Cleanup", Time since last: 2000194785 ns, Reaching safepoint: 76503 ns, Cleanup: 11101 ns, At safepoint: 6600 ns, Total: 94204 ns
[965.304s][info ][safepoint      ] Safepoint "Cleanup", Time since last: 1000130494 ns, Reaching safepoint: 7400 ns, Cleanup: 9601 ns, At safepoint: 2200 ns, Total: 19201 ns
[969.304s][info ][safepoint      ] Safepoint "Cleanup", Time since last: 4000326816 ns, Reaching safepoint: 19001 ns, Cleanup: 13101 ns, At safepoint: 6000 ns, Total: 38102 ns
[970.304s][info ][safepoint      ] Safepoint "Cleanup", Time since last: 1000127425 ns, Reaching safepoint: 80103 ns, Cleanup: 6401 ns, At safepoint: 9900 ns, Total: 96404 ns
[977.305s][info ][safepoint      ] Safepoint "Cleanup", Time since last: 7000558460 ns, Reaching safepoint: 7000 ns, Cleanup: 12101 ns, At safepoint: 2500 ns, Total: 21601 ns
[985.306s][info ][safepoint      ] Safepoint "Cleanup", Time since last: 8000633737 ns, Reaching safepoint: 8300 ns, Cleanup: 11000 ns, At safepoint: 2600 ns, Total: 21900 ns
[990.306s][info ][safepoint      ] Safepoint "Cleanup", Time since last: 5000395875 ns, Reaching safepoint: 6800 ns, Cleanup: 11600 ns, At safepoint: 2101 ns, Total: 20501 ns
[994.306s][info ][safepoint      ] Safepoint "Cleanup", Time since last: 4000332004 ns, Reaching safepoint: 6300 ns, Cleanup: 11001 ns, At safepoint: 4500 ns, Total: 21801 ns
[998.751s][info ][gc,start       ] GC(37) Pause Young (Allocation Failure)
[998.770s][debug][gc,phases      ] GC(37) Scavenge 19.184ms
[998.771s][debug][gc,ref         ] GC(37) ReferenceProcessor::execute queues: 1, RefProcThreadModel::Single, marks_oops_alive: false
[998.771s][debug][gc,ref         ] GC(37) Skipped KeepAliveFinalRefsPhase of Reference Processing: no references
[998.771s][debug][gc,ref         ] GC(37) ReferenceProcessor::execute queues: 1, RefProcThreadModel::Single, marks_oops_alive: false
[998.771s][debug][gc,phases      ] GC(37) Reference Processing 0.137ms
[998.771s][debug][gc,phases      ] GC(37)   VM Weak                        Min:  0.0, Avg:  0.0, Max:  0.0, Diff:  0.0, Sum:  0.0, Workers: 4
[998.771s][debug][gc,phases      ] GC(37)     Dead                           Min: 0, Avg:  0.0, Max: 0, Diff: 0, Sum: 0, Workers: 4
[998.771s][debug][gc,phases      ] GC(37)     Total                          Min: 0, Avg: 238.5, Max: 698, Diff: 698, Sum: 954, Workers: 4
[998.771s][debug][gc,phases      ] GC(37)   ObjectSynchronizer Weak        Min:  0.0, Avg:  0.0, Max:  0.0, Diff:  0.0, Sum:  0.0, Workers: 4
[998.771s][debug][gc,phases      ] GC(37)     Dead                           Min: 0, Avg:  0.0, Max: 0, Diff: 0, Sum: 0, Workers: 4
[998.771s][debug][gc,phases      ] GC(37)     Total                          Min: 0, Avg:  1.0, Max: 4, Diff: 4, Sum: 4, Workers: 4
[998.771s][debug][gc,phases      ] GC(37)   JVMTI Tag Weak OopStorage      Min:  0.0, Avg:  0.0, Max:  0.0, Diff:  0.0, Sum:  0.0, Workers: 4
[998.771s][debug][gc,phases      ] GC(37)     Dead                           Min: 0, Avg:  0.0, Max: 0, Diff: 0, Sum: 0, Workers: 4
[998.771s][debug][gc,phases      ] GC(37)     Total                          Min: 0, Avg:  0.0, Max: 0, Diff: 0, Sum: 0, Workers: 4
[998.771s][debug][gc,phases      ] GC(37)   StringTable Weak               Min:  0.0, Avg:  0.1, Max:  0.1, Diff:  0.1, Sum:  0.4, Workers: 4
[998.771s][debug][gc,phases      ] GC(37)     Dead                           Min: 0, Avg:  0.0, Max: 0, Diff: 0, Sum: 0, Workers: 4
[998.771s][debug][gc,phases      ] GC(37)     Total                          Min: 0, Avg: 11317.8, Max: 16832, Diff: 16832, Sum: 45271, Workers: 4
[998.771s][debug][gc,phases      ] GC(37)   ResolvedMethodTable Weak       Min:  0.0, Avg:  0.0, Max:  0.0, Diff:  0.0, Sum:  0.1, Workers: 4
[998.771s][debug][gc,phases      ] GC(37)     Dead                           Min: 0, Avg:  0.0, Max: 0, Diff: 0, Sum: 0, Workers: 4
[998.771s][debug][gc,phases      ] GC(37)     Total                          Min: 0, Avg: 3108.0, Max: 4351, Diff: 4351, Sum: 12432, Workers: 4
[998.771s][debug][gc,phases      ] GC(37)   JNI Weak                       Min:  0.0, Avg:  0.0, Max:  0.0, Diff:  0.0, Sum:  0.0, Workers: 4
[998.771s][debug][gc,phases      ] GC(37)     Dead                           Min: 0, Avg:  0.0, Max: 0, Diff: 0, Sum: 0, Workers: 4
[998.771s][debug][gc,phases      ] GC(37)     Total                          Min: 0, Avg: 12.0, Max: 48, Diff: 48, Sum: 48, Workers: 4
[998.771s][debug][gc,phases      ] GC(37)   StringDedup Table Weak         Min:  0.0, Avg:  0.0, Max:  0.0, Diff:  0.0, Sum:  0.0, Workers: 4
[998.771s][debug][gc,phases      ] GC(37)     Dead                           Min: 0, Avg:  0.0, Max: 0, Diff: 0, Sum: 0, Workers: 4
[998.771s][debug][gc,phases      ] GC(37)     Total                          Min: 0, Avg:  0.0, Max: 0, Diff: 0, Sum: 0, Workers: 4
[998.771s][debug][gc,phases      ] GC(37)   StringDedup Requests0 Weak     Min:  0.0, Avg:  0.0, Max:  0.0, Diff:  0.0, Sum:  0.0, Workers: 4
[998.771s][debug][gc,phases      ] GC(37)     Dead                           Min: 0, Avg:  0.0, Max: 0, Diff: 0, Sum: 0, Workers: 4
[998.771s][debug][gc,phases      ] GC(37)     Total                          Min: 0, Avg:  0.0, Max: 0, Diff: 0, Sum: 0, Workers: 4
[998.771s][debug][gc,phases      ] GC(37)   StringDedup Requests1 Weak     Min:  0.0, Avg:  0.0, Max:  0.0, Diff:  0.0, Sum:  0.0, Workers: 4
[998.771s][debug][gc,phases      ] GC(37)     Dead                           Min: 0, Avg:  0.0, Max: 0, Diff: 0, Sum: 0, Workers: 4
[998.771s][debug][gc,phases      ] GC(37)     Total                          Min: 0, Avg:  0.0, Max: 0, Diff: 0, Sum: 0, Workers: 4
[998.771s][debug][gc,phases      ] GC(37)   Weak JFR Old Object Samples    Min:  0.0, Avg:  0.0, Max:  0.0, Diff:  0.0, Sum:  0.0, Workers: 4
[998.771s][debug][gc,phases      ] GC(37)     Dead                           Min: 0, Avg:  0.0, Max: 0, Diff: 0, Sum: 0, Workers: 4
[998.771s][debug][gc,phases      ] GC(37)     Total                          Min: 0, Avg:  0.0, Max: 0, Diff: 0, Sum: 0, Workers: 4
[998.771s][debug][gc,phases      ] GC(37) Weak Processing 0.407ms
[998.771s][debug][gc,age         ] GC(37) Desired survivor size 247463936 bytes, new threshold 14 (max threshold 15)
[998.771s][info ][gc,heap        ] GC(37) PSYoungGen: 1615519K(1840128K)->50079K(1822720K) Eden: 1565696K(1565696K)->0K(1565696K) From: 49823K(274432K)->50079K(257024K)
[998.771s][info ][gc,heap        ] GC(37) ParOldGen: 331605K(510464K)->331613K(510464K)
[998.771s][info ][gc,metaspace   ] GC(37) Metaspace: 89593K(90880K)->89593K(90880K) NonClass: 76785K(77504K)->76785K(77504K) Class: 12808K(13376K)->12808K(13376K)
[998.771s][info ][gc             ] GC(37) Pause Young (Allocation Failure) 1901M->372M(2278M) 19.857ms
[998.771s][info ][gc,cpu         ] GC(37) User=0.05s Sys=0.00s Real=0.02s
[998.771s][info ][safepoint      ] Safepoint "ParallelGCFailedAllocation", Time since last: 4444827061 ns, Reaching safepoint: 78603 ns, Cleanup: 3600 ns, At safepoint: 19935256 ns, Total: 20017459 ns
[1006.772s][info ][safepoint      ] Safepoint "Cleanup", Time since last: 8000494282 ns, Reaching safepoint: 8700 ns, Cleanup: 12300 ns, At safepoint: 5801 ns, Total: 26801 ns
[1021.319s][info ][safepoint      ] Safepoint "Cleanup", Time since last: 14547208012 ns, Reaching safepoint: 7001 ns, Cleanup: 14500 ns, At safepoint: 2500 ns, Total: 24001 ns
[1027.319s][info ][safepoint      ] Safepoint "Cleanup", Time since last: 6000399698 ns, Reaching safepoint: 6600 ns, Cleanup: 12600 ns, At safepoint: 2100 ns, Total: 21300 ns
[1029.319s][info ][safepoint      ] Safepoint "Cleanup", Time since last: 2000127530 ns, Reaching safepoint: 7400 ns, Cleanup: 12301 ns, At safepoint: 2500 ns, Total: 22201 ns
[1031.320s][info ][safepoint      ] Safepoint "Cleanup", Time since last: 2000160094 ns, Reaching safepoint: 6900 ns, Cleanup: 12401 ns, At safepoint: 2100 ns, Total: 21401 ns
[1035.320s][info ][safepoint      ] Safepoint "Cleanup", Time since last: 4000277264 ns, Reaching safepoint: 6201 ns, Cleanup: 10000 ns, At safepoint: 2300 ns, Total: 18501 ns
[1036.320s][info ][safepoint      ] Safepoint "Cleanup", Time since last: 1000116693 ns, Reaching safepoint: 6800 ns, Cleanup: 11101 ns, At safepoint: 2700 ns, Total: 20601 ns
[1038.320s][info ][safepoint      ] Safepoint "Cleanup", Time since last: 2000156420 ns, Reaching safepoint: 7000 ns, Cleanup: 14501 ns, At safepoint: 2300 ns, Total: 23801 ns
[1040.320s][info ][safepoint      ] Safepoint "Cleanup", Time since last: 2000197628 ns, Reaching safepoint: 7200 ns, Cleanup: 12801 ns, At safepoint: 2200 ns, Total: 22201 ns
[1043.321s][info ][safepoint      ] Safepoint "Cleanup", Time since last: 3000216839 ns, Reaching safepoint: 8400 ns, Cleanup: 22301 ns, At safepoint: 3000 ns, Total: 33701 ns
[1045.321s][info ][safepoint      ] Safepoint "Cleanup", Time since last: 2000188628 ns, Reaching safepoint: 7400 ns, Cleanup: 7100 ns, At safepoint: 1800 ns, Total: 16300 ns
[1047.321s][info ][safepoint      ] Safepoint "Cleanup", Time since last: 2000172692 ns, Reaching safepoint: 8800 ns, Cleanup: 10801 ns, At safepoint: 2500 ns, Total: 22101 ns
[1050.321s][info ][safepoint      ] Safepoint "Cleanup", Time since last: 3000198950 ns, Reaching safepoint: 6300 ns, Cleanup: 11200 ns, At safepoint: 2100 ns, Total: 19600 ns
[1057.764s][info ][gc,start       ] GC(38) Pause Young (Allocation Failure)
[1057.778s][debug][gc,phases      ] GC(38) Scavenge 14.654ms
[1057.778s][debug][gc,ref         ] GC(38) ReferenceProcessor::execute queues: 1, RefProcThreadModel::Single, marks_oops_alive: false
[1057.778s][debug][gc,ref         ] GC(38) Skipped KeepAliveFinalRefsPhase of Reference Processing: no references
[1057.778s][debug][gc,ref         ] GC(38) ReferenceProcessor::execute queues: 1, RefProcThreadModel::Single, marks_oops_alive: false
[1057.778s][debug][gc,phases      ] GC(38) Reference Processing 0.143ms
[1057.779s][debug][gc,phases      ] GC(38)   VM Weak                        Min:  0.0, Avg:  0.0, Max:  0.0, Diff:  0.0, Sum:  0.0, Workers: 4
[1057.779s][debug][gc,phases      ] GC(38)     Dead                           Min: 0, Avg:  0.0, Max: 0, Diff: 0, Sum: 0, Workers: 4
[1057.779s][debug][gc,phases      ] GC(38)     Total                          Min: 0, Avg: 238.5, Max: 954, Diff: 954, Sum: 954, Workers: 4
[1057.779s][debug][gc,phases      ] GC(38)   ObjectSynchronizer Weak        Min:  0.0, Avg:  0.0, Max:  0.0, Diff:  0.0, Sum:  0.0, Workers: 4
[1057.779s][debug][gc,phases      ] GC(38)     Dead                           Min: 0, Avg:  0.0, Max: 0, Diff: 0, Sum: 0, Workers: 4
[1057.779s][debug][gc,phases      ] GC(38)     Total                          Min: 0, Avg:  1.0, Max: 4, Diff: 4, Sum: 4, Workers: 4
[1057.779s][debug][gc,phases      ] GC(38)   JVMTI Tag Weak OopStorage      Min:  0.0, Avg:  0.0, Max:  0.0, Diff:  0.0, Sum:  0.0, Workers: 4
[1057.779s][debug][gc,phases      ] GC(38)     Dead                           Min: 0, Avg:  0.0, Max: 0, Diff: 0, Sum: 0, Workers: 4
[1057.779s][debug][gc,phases      ] GC(38)     Total                          Min: 0, Avg:  0.0, Max: 0, Diff: 0, Sum: 0, Workers: 4
[1057.779s][debug][gc,phases      ] GC(38)   StringTable Weak               Min:  0.0, Avg:  0.1, Max:  0.1, Diff:  0.1, Sum:  0.4, Workers: 4
[1057.779s][debug][gc,phases      ] GC(38)     Dead                           Min: 0, Avg:  0.0, Max: 0, Diff: 0, Sum: 0, Workers: 4
[1057.779s][debug][gc,phases      ] GC(38)     Total                          Min: 0, Avg: 11317.8, Max: 15575, Diff: 15575, Sum: 45271, Workers: 4
[1057.779s][debug][gc,phases      ] GC(38)   ResolvedMethodTable Weak       Min:  0.0, Avg:  0.0, Max:  0.0, Diff:  0.0, Sum:  0.1, Workers: 4
[1057.779s][debug][gc,phases      ] GC(38)     Dead                           Min: 0, Avg:  0.0, Max: 0, Diff: 0, Sum: 0, Workers: 4
[1057.779s][debug][gc,phases      ] GC(38)     Total                          Min: 0, Avg: 3108.0, Max: 4434, Diff: 4434, Sum: 12432, Workers: 4
[1057.779s][debug][gc,phases      ] GC(38)   JNI Weak                       Min:  0.0, Avg:  0.0, Max:  0.0, Diff:  0.0, Sum:  0.0, Workers: 4
[1057.779s][debug][gc,phases      ] GC(38)     Dead                           Min: 0, Avg:  0.0, Max: 0, Diff: 0, Sum: 0, Workers: 4
[1057.779s][debug][gc,phases      ] GC(38)     Total                          Min: 0, Avg: 12.0, Max: 48, Diff: 48, Sum: 48, Workers: 4
[1057.779s][debug][gc,phases      ] GC(38)   StringDedup Table Weak         Min:  0.0, Avg:  0.0, Max:  0.0, Diff:  0.0, Sum:  0.0, Workers: 4
[1057.779s][debug][gc,phases      ] GC(38)     Dead                           Min: 0, Avg:  0.0, Max: 0, Diff: 0, Sum: 0, Workers: 4
[1057.779s][debug][gc,phases      ] GC(38)     Total                          Min: 0, Avg:  0.0, Max: 0, Diff: 0, Sum: 0, Workers: 4
[1057.779s][debug][gc,phases      ] GC(38)   StringDedup Requests0 Weak     Min:  0.0, Avg:  0.0, Max:  0.0, Diff:  0.0, Sum:  0.0, Workers: 4
[1057.779s][debug][gc,phases      ] GC(38)     Dead                           Min: 0, Avg:  0.0, Max: 0, Diff: 0, Sum: 0, Workers: 4
[1057.779s][debug][gc,phases      ] GC(38)     Total                          Min: 0, Avg:  0.0, Max: 0, Diff: 0, Sum: 0, Workers: 4
[1057.779s][debug][gc,phases      ] GC(38)   StringDedup Requests1 Weak     Min:  0.0, Avg:  0.0, Max:  0.0, Diff:  0.0, Sum:  0.0, Workers: 4
[1057.779s][debug][gc,phases      ] GC(38)     Dead                           Min: 0, Avg:  0.0, Max: 0, Diff: 0, Sum: 0, Workers: 4
[1057.779s][debug][gc,phases      ] GC(38)     Total                          Min: 0, Avg:  0.0, Max: 0, Diff: 0, Sum: 0, Workers: 4
[1057.779s][debug][gc,phases      ] GC(38)   Weak JFR Old Object Samples    Min:  0.0, Avg:  0.0, Max:  0.0, Diff:  0.0, Sum:  0.0, Workers: 4
[1057.779s][debug][gc,phases      ] GC(38)     Dead                           Min: 0, Avg:  0.0, Max: 0, Diff: 0, Sum: 0, Workers: 4
[1057.779s][debug][gc,phases      ] GC(38)     Total                          Min: 0, Avg:  0.0, Max: 0, Diff: 0, Sum: 0, Workers: 4
[1057.779s][debug][gc,phases      ] GC(38) Weak Processing 0.382ms
[1057.779s][debug][gc,age         ] GC(38) Desired survivor size 232259584 bytes, new threshold 15 (max threshold 15)
[1057.779s][info ][gc,heap        ] GC(38) PSYoungGen: 1615775K(1822720K)->48884K(1870336K) Eden: 1565696K(1565696K)->0K(1628672K) From: 50079K(257024K)->48884K(241664K)
[1057.779s][info ][gc,heap        ] GC(38) ParOldGen: 331613K(510464K)->331613K(510464K)
[1057.779s][info ][gc,metaspace   ] GC(38) Metaspace: 89622K(90880K)->89622K(90880K) NonClass: 76814K(77504K)->76814K(77504K) Class: 12808K(13376K)->12808K(13376K)
[1057.779s][info ][gc             ] GC(38) Pause Young (Allocation Failure) 1901M->371M(2325M) 15.317ms
[1057.779s][info ][gc,cpu         ] GC(38) User=0.06s Sys=0.01s Real=0.02s
[1057.779s][info ][safepoint      ] Safepoint "ParallelGCFailedAllocation", Time since last: 7442209174 ns, Reaching safepoint: 9400 ns, Cleanup: 3700 ns, At safepoint: 15391480 ns, Total: 15404580 ns
[1059.779s][info ][safepoint      ] Safepoint "Cleanup", Time since last: 2000146293 ns, Reaching safepoint: 6000 ns, Cleanup: 11800 ns, At safepoint: 2201 ns, Total: 20001 ns
[1060.779s][info ][safepoint      ] Safepoint "Cleanup", Time since last: 1000103097 ns, Reaching safepoint: 9000 ns, Cleanup: 15401 ns, At safepoint: 18500 ns, Total: 42901 ns
[1068.780s][info ][safepoint      ] Safepoint "Cleanup", Time since last: 8000515771 ns, Reaching safepoint: 7900 ns, Cleanup: 15400 ns, At safepoint: 5301 ns, Total: 28601 ns
[1069.780s][info ][safepoint      ] Safepoint "Cleanup", Time since last: 1000086773 ns, Reaching safepoint: 6201 ns, Cleanup: 39001 ns, At safepoint: 4600 ns, Total: 49802 ns
[1070.780s][info ][safepoint      ] Safepoint "Cleanup", Time since last: 1000102031 ns, Reaching safepoint: 6400 ns, Cleanup: 34501 ns, At safepoint: 2100 ns, Total: 43001 ns
[1071.780s][info ][safepoint      ] Safepoint "Cleanup", Time since last: 1000102192 ns, Reaching safepoint: 6000 ns, Cleanup: 20701 ns, At safepoint: 1900 ns, Total: 28601 ns
[1072.780s][info ][safepoint      ] Safepoint "Cleanup", Time since last: 1000105092 ns, Reaching safepoint: 8100 ns, Cleanup: 14701 ns, At safepoint: 5400 ns, Total: 28201 ns
[1073.780s][info ][safepoint      ] Safepoint "Cleanup", Time since last: 1000112192 ns, Reaching safepoint: 8501 ns, Cleanup: 14400 ns, At safepoint: 2000 ns, Total: 24901 ns
[1074.781s][info ][safepoint      ] Safepoint "Cleanup", Time since last: 1000113793 ns, Reaching safepoint: 8200 ns, Cleanup: 23101 ns, At safepoint: 2100 ns, Total: 33401 ns
[1075.781s][info ][safepoint      ] Safepoint "Cleanup", Time since last: 1000118992 ns, Reaching safepoint: 6000 ns, Cleanup: 17201 ns, At safepoint: 2100 ns, Total: 25301 ns
[1076.781s][info ][safepoint      ] Safepoint "Cleanup", Time since last: 1000103492 ns, Reaching safepoint: 6000 ns, Cleanup: 10301 ns, At safepoint: 1900 ns, Total: 18201 ns
[1078.781s][info ][safepoint      ] Safepoint "Cleanup", Time since last: 2000161042 ns, Reaching safepoint: 6100 ns, Cleanup: 9600 ns, At safepoint: 2100 ns, Total: 17800 ns
[1079.781s][info ][safepoint      ] Safepoint "Cleanup", Time since last: 1000097086 ns, Reaching safepoint: 6600 ns, Cleanup: 10000 ns, At safepoint: 2000 ns, Total: 18600 ns
[1081.334s][info ][safepoint      ] Safepoint "Cleanup", Time since last: 1553124759 ns, Reaching safepoint: 8900 ns, Cleanup: 12600 ns, At safepoint: 2400 ns, Total: 23900 ns
[1086.335s][info ][safepoint      ] Safepoint "Cleanup", Time since last: 5000380379 ns, Reaching safepoint: 8301 ns, Cleanup: 16000 ns, At safepoint: 2100 ns, Total: 26401 ns
[1088.335s][info ][safepoint      ] Safepoint "Cleanup", Time since last: 2000177225 ns, Reaching safepoint: 7601 ns, Cleanup: 14600 ns, At safepoint: 2300 ns, Total: 24501 ns
[1089.335s][info ][safepoint      ] Safepoint "Cleanup", Time since last: 1000136465 ns, Reaching safepoint: 8200 ns, Cleanup: 14601 ns, At safepoint: 2300 ns, Total: 25101 ns
[1090.335s][info ][safepoint      ] Safepoint "Cleanup", Time since last: 1000107463 ns, Reaching safepoint: 7800 ns, Cleanup: 15801 ns, At safepoint: 2700 ns, Total: 26301 ns
[1092.335s][info ][safepoint      ] Safepoint "Cleanup", Time since last: 2000193126 ns, Reaching safepoint: 6500 ns, Cleanup: 10600 ns, At safepoint: 2200 ns, Total: 19300 ns
[1093.336s][info ][safepoint      ] Safepoint "Cleanup", Time since last: 1000096263 ns, Reaching safepoint: 7900 ns, Cleanup: 13101 ns, At safepoint: 2600 ns, Total: 23601 ns
[1096.336s][info ][safepoint      ] Safepoint "Cleanup", Time since last: 3000211806 ns, Reaching safepoint: 7301 ns, Cleanup: 18200 ns, At safepoint: 2200 ns, Total: 27701 ns
[1097.336s][info ][safepoint      ] Safepoint "Cleanup", Time since last: 1000110600 ns, Reaching safepoint: 6101 ns, Cleanup: 16100 ns, At safepoint: 2300 ns, Total: 24501 ns
[1098.336s][info ][safepoint      ] Safepoint "Cleanup", Time since last: 1000107300 ns, Reaching safepoint: 6400 ns, Cleanup: 11201 ns, At safepoint: 2700 ns, Total: 20301 ns
[1099.336s][info ][safepoint      ] Safepoint "Cleanup", Time since last: 1000104300 ns, Reaching safepoint: 7200 ns, Cleanup: 16101 ns, At safepoint: 2100 ns, Total: 25401 ns
[1102.336s][info ][safepoint      ] Safepoint "Cleanup", Time since last: 3000247436 ns, Reaching safepoint: 7200 ns, Cleanup: 17601 ns, At safepoint: 5900 ns, Total: 30701 ns
[1105.337s][info ][safepoint      ] Safepoint "Cleanup", Time since last: 3000238772 ns, Reaching safepoint: 7301 ns, Cleanup: 12500 ns, At safepoint: 2300 ns, Total: 22101 ns
[1113.337s][info ][safepoint      ] Safepoint "Cleanup", Time since last: 8000568277 ns, Reaching safepoint: 7600 ns, Cleanup: 11800 ns, At safepoint: 2001 ns, Total: 21401 ns
[1115.338s][info ][safepoint      ] Safepoint "Cleanup", Time since last: 2000171838 ns, Reaching safepoint: 9700 ns, Cleanup: 16201 ns, At safepoint: 2300 ns, Total: 28201 ns
[1117.299s][info ][gc,start       ] GC(39) Pause Young (Allocation Failure)
[1117.313s][debug][gc,phases      ] GC(39) Scavenge 13.531ms
[1117.313s][debug][gc,ref         ] GC(39) ReferenceProcessor::execute queues: 1, RefProcThreadModel::Single, marks_oops_alive: false
[1117.313s][debug][gc,ref         ] GC(39) Skipped KeepAliveFinalRefsPhase of Reference Processing: no references
[1117.313s][debug][gc,ref         ] GC(39) ReferenceProcessor::execute queues: 1, RefProcThreadModel::Single, marks_oops_alive: false
[1117.313s][debug][gc,phases      ] GC(39) Reference Processing 0.131ms
[1117.313s][debug][gc,phases      ] GC(39)   VM Weak                        Min:  0.0, Avg:  0.0, Max:  0.0, Diff:  0.0, Sum:  0.0, Workers: 4
[1117.313s][debug][gc,phases      ] GC(39)     Dead                           Min: 0, Avg:  0.0, Max: 0, Diff: 0, Sum: 0, Workers: 4
[1117.313s][debug][gc,phases      ] GC(39)     Total                          Min: 0, Avg: 238.5, Max: 954, Diff: 954, Sum: 954, Workers: 4
[1117.313s][debug][gc,phases      ] GC(39)   ObjectSynchronizer Weak        Min:  0.0, Avg:  0.0, Max:  0.0, Diff:  0.0, Sum:  0.0, Workers: 4
[1117.313s][debug][gc,phases      ] GC(39)     Dead                           Min: 0, Avg:  0.0, Max: 0, Diff: 0, Sum: 0, Workers: 4
[1117.313s][debug][gc,phases      ] GC(39)     Total                          Min: 0, Avg:  1.0, Max: 4, Diff: 4, Sum: 4, Workers: 4
[1117.313s][debug][gc,phases      ] GC(39)   JVMTI Tag Weak OopStorage      Min:  0.0, Avg:  0.0, Max:  0.0, Diff:  0.0, Sum:  0.0, Workers: 4
[1117.313s][debug][gc,phases      ] GC(39)     Dead                           Min: 0, Avg:  0.0, Max: 0, Diff: 0, Sum: 0, Workers: 4
[1117.313s][debug][gc,phases      ] GC(39)     Total                          Min: 0, Avg:  0.0, Max: 0, Diff: 0, Sum: 0, Workers: 4
[1117.313s][debug][gc,phases      ] GC(39)   StringTable Weak               Min:  0.0, Avg:  0.1, Max:  0.2, Diff:  0.2, Sum:  0.4, Workers: 4
[1117.313s][debug][gc,phases      ] GC(39)     Dead                           Min: 0, Avg:  0.0, Max: 0, Diff: 0, Sum: 0, Workers: 4
[1117.313s][debug][gc,phases      ] GC(39)     Total                          Min: 0, Avg: 11319.2, Max: 22685, Diff: 22685, Sum: 45277, Workers: 4
[1117.313s][debug][gc,phases      ] GC(39)   ResolvedMethodTable Weak       Min:  0.0, Avg:  0.0, Max:  0.1, Diff:  0.1, Sum:  0.1, Workers: 4
[1117.313s][debug][gc,phases      ] GC(39)     Dead                           Min: 0, Avg:  0.5, Max: 2, Diff: 2, Sum: 2, Workers: 4
[1117.313s][debug][gc,phases      ] GC(39)     Total                          Min: 0, Avg: 3109.2, Max: 6998, Diff: 6998, Sum: 12437, Workers: 4
[1117.313s][debug][gc,phases      ] GC(39)   JNI Weak                       Min:  0.0, Avg:  0.0, Max:  0.0, Diff:  0.0, Sum:  0.0, Workers: 4
[1117.313s][debug][gc,phases      ] GC(39)     Dead                           Min: 0, Avg:  0.0, Max: 0, Diff: 0, Sum: 0, Workers: 4
[1117.313s][debug][gc,phases      ] GC(39)     Total                          Min: 0, Avg: 12.0, Max: 48, Diff: 48, Sum: 48, Workers: 4
[1117.313s][debug][gc,phases      ] GC(39)   StringDedup Table Weak         Min:  0.0, Avg:  0.0, Max:  0.0, Diff:  0.0, Sum:  0.0, Workers: 4
[1117.313s][debug][gc,phases      ] GC(39)     Dead                           Min: 0, Avg:  0.0, Max: 0, Diff: 0, Sum: 0, Workers: 4
[1117.313s][debug][gc,phases      ] GC(39)     Total                          Min: 0, Avg:  0.0, Max: 0, Diff: 0, Sum: 0, Workers: 4
[1117.313s][debug][gc,phases      ] GC(39)   StringDedup Requests0 Weak     Min:  0.0, Avg:  0.0, Max:  0.0, Diff:  0.0, Sum:  0.0, Workers: 4
[1117.313s][debug][gc,phases      ] GC(39)     Dead                           Min: 0, Avg:  0.0, Max: 0, Diff: 0, Sum: 0, Workers: 4
[1117.313s][debug][gc,phases      ] GC(39)     Total                          Min: 0, Avg:  0.0, Max: 0, Diff: 0, Sum: 0, Workers: 4
[1117.313s][debug][gc,phases      ] GC(39)   StringDedup Requests1 Weak     Min:  0.0, Avg:  0.0, Max:  0.0, Diff:  0.0, Sum:  0.0, Workers: 4
[1117.313s][debug][gc,phases      ] GC(39)     Dead                           Min: 0, Avg:  0.0, Max: 0, Diff: 0, Sum: 0, Workers: 4
[1117.313s][debug][gc,phases      ] GC(39)     Total                          Min: 0, Avg:  0.0, Max: 0, Diff: 0, Sum: 0, Workers: 4
[1117.313s][debug][gc,phases      ] GC(39)   Weak JFR Old Object Samples    Min:  0.0, Avg:  0.0, Max:  0.0, Diff:  0.0, Sum:  0.0, Workers: 4
[1117.313s][debug][gc,phases      ] GC(39)     Dead                           Min: 0, Avg:  0.0, Max: 0, Diff: 0, Sum: 0, Workers: 4
[1117.313s][debug][gc,phases      ] GC(39)     Total                          Min: 0, Avg:  0.0, Max: 0, Diff: 0, Sum: 0, Workers: 4
[1117.313s][debug][gc,phases      ] GC(39) Weak Processing 0.498ms
[1117.313s][debug][gc,age         ] GC(39) Desired survivor size 219152384 bytes, new threshold 15 (max threshold 15)
[1117.313s][info ][gc,heap        ] GC(39) PSYoungGen: 1677556K(1870336K)->46068K(1855488K) Eden: 1628672K(1628672K)->0K(1628672K) From: 48884K(241664K)->46068K(226816K)
[1117.313s][info ][gc,heap        ] GC(39) ParOldGen: 331613K(510464K)->331613K(510464K)
[1117.313s][info ][gc,metaspace   ] GC(39) Metaspace: 89655K(90944K)->89655K(90944K) NonClass: 76845K(77568K)->76845K(77568K) Class: 12809K(13376K)->12809K(13376K)
[1117.313s][info ][gc             ] GC(39) Pause Young (Allocation Failure) 1962M->368M(2310M) 14.301ms
[1117.313s][info ][gc,cpu         ] GC(39) User=0.05s Sys=0.00s Real=0.01s
[1117.313s][info ][safepoint      ] Safepoint "ParallelGCFailedAllocation", Time since last: 1961496282 ns, Reaching safepoint: 6700 ns, Cleanup: 4500 ns, At safepoint: 14376442 ns, Total: 14387642 ns
[1119.314s][info ][safepoint      ] Safepoint "Cleanup", Time since last: 2000150677 ns, Reaching safepoint: 8101 ns, Cleanup: 11900 ns, At safepoint: 2200 ns, Total: 22201 ns
[1124.314s][info ][safepoint      ] Safepoint "Cleanup", Time since last: 5000369136 ns, Reaching safepoint: 6700 ns, Cleanup: 14700 ns, At safepoint: 2201 ns, Total: 23601 ns
[1125.314s][info ][safepoint      ] Safepoint "Cleanup", Time since last: 1000095687 ns, Reaching safepoint: 6501 ns, Cleanup: 11000 ns, At safepoint: 2100 ns, Total: 19601 ns
[1128.314s][info ][safepoint      ] Safepoint "Cleanup", Time since last: 3000240888 ns, Reaching safepoint: 7200 ns, Cleanup: 36902 ns, At safepoint: 2600 ns, Total: 46702 ns
[1129.315s][info ][safepoint      ] Safepoint "Cleanup", Time since last: 1000113484 ns, Reaching safepoint: 7800 ns, Cleanup: 20301 ns, At safepoint: 2200 ns, Total: 30301 ns
[1130.315s][info ][safepoint      ] Safepoint "Cleanup", Time since last: 1000109384 ns, Reaching safepoint: 7500 ns, Cleanup: 17201 ns, At safepoint: 2000 ns, Total: 26701 ns
[1139.315s][info ][safepoint      ] Safepoint "Cleanup", Time since last: 9000587296 ns, Reaching safepoint: 6800 ns, Cleanup: 15001 ns, At safepoint: 2100 ns, Total: 23901 ns
[1162.351s][info ][safepoint      ] Safepoint "Cleanup", Time since last: 23035815166 ns, Reaching safepoint: 79603 ns, Cleanup: 9900 ns, At safepoint: 7100 ns, Total: 96603 ns
[1180.353s][info ][safepoint      ] Safepoint "Cleanup", Time since last: 18001321134 ns, Reaching safepoint: 9501 ns, Cleanup: 16400 ns, At safepoint: 3100 ns, Total: 29001 ns
[1180.789s][info ][gc,start       ] GC(40) Pause Young (Allocation Failure)
[1180.809s][debug][gc,phases      ] GC(40) Scavenge 19.808ms
[1180.809s][debug][gc,ref         ] GC(40) ReferenceProcessor::execute queues: 1, RefProcThreadModel::Single, marks_oops_alive: false
[1180.809s][debug][gc,ref         ] GC(40) Skipped KeepAliveFinalRefsPhase of Reference Processing: no references
[1180.809s][debug][gc,ref         ] GC(40) ReferenceProcessor::execute queues: 1, RefProcThreadModel::Single, marks_oops_alive: false
[1180.809s][debug][gc,phases      ] GC(40) Reference Processing 0.173ms
[1180.810s][debug][gc,phases      ] GC(40)   VM Weak                        Min:  0.0, Avg:  0.0, Max:  0.0, Diff:  0.0, Sum:  0.0, Workers: 4
[1180.810s][debug][gc,phases      ] GC(40)     Dead                           Min: 0, Avg:  0.0, Max: 0, Diff: 0, Sum: 0, Workers: 4
[1180.810s][debug][gc,phases      ] GC(40)     Total                          Min: 0, Avg: 238.5, Max: 704, Diff: 704, Sum: 954, Workers: 4
[1180.810s][debug][gc,phases      ] GC(40)   ObjectSynchronizer Weak        Min:  0.0, Avg:  0.0, Max:  0.0, Diff:  0.0, Sum:  0.0, Workers: 4
[1180.810s][debug][gc,phases      ] GC(40)     Dead                           Min: 0, Avg:  0.0, Max: 0, Diff: 0, Sum: 0, Workers: 4
[1180.810s][debug][gc,phases      ] GC(40)     Total                          Min: 0, Avg:  1.0, Max: 4, Diff: 4, Sum: 4, Workers: 4
[1180.810s][debug][gc,phases      ] GC(40)   JVMTI Tag Weak OopStorage      Min:  0.0, Avg:  0.0, Max:  0.0, Diff:  0.0, Sum:  0.0, Workers: 4
[1180.810s][debug][gc,phases      ] GC(40)     Dead                           Min: 0, Avg:  0.0, Max: 0, Diff: 0, Sum: 0, Workers: 4
[1180.810s][debug][gc,phases      ] GC(40)     Total                          Min: 0, Avg:  0.0, Max: 0, Diff: 0, Sum: 0, Workers: 4
[1180.810s][debug][gc,phases      ] GC(40)   StringTable Weak               Min:  0.0, Avg:  0.1, Max:  0.1, Diff:  0.1, Sum:  0.4, Workers: 4
[1180.810s][debug][gc,phases      ] GC(40)     Dead                           Min: 0, Avg:  0.0, Max: 0, Diff: 0, Sum: 0, Workers: 4
[1180.810s][debug][gc,phases      ] GC(40)     Total                          Min: 0, Avg: 11319.8, Max: 15744, Diff: 15744, Sum: 45279, Workers: 4
[1180.810s][debug][gc,phases      ] GC(40)   ResolvedMethodTable Weak       Min:  0.0, Avg:  0.0, Max:  0.0, Diff:  0.0, Sum:  0.1, Workers: 4
[1180.810s][debug][gc,phases      ] GC(40)     Dead                           Min: 0, Avg:  0.0, Max: 0, Diff: 0, Sum: 0, Workers: 4
[1180.810s][debug][gc,phases      ] GC(40)     Total                          Min: 0, Avg: 3109.2, Max: 4351, Diff: 4351, Sum: 12437, Workers: 4
[1180.810s][debug][gc,phases      ] GC(40)   JNI Weak                       Min:  0.0, Avg:  0.0, Max:  0.0, Diff:  0.0, Sum:  0.0, Workers: 4
[1180.810s][debug][gc,phases      ] GC(40)     Dead                           Min: 0, Avg:  0.0, Max: 0, Diff: 0, Sum: 0, Workers: 4
[1180.810s][debug][gc,phases      ] GC(40)     Total                          Min: 0, Avg: 12.0, Max: 48, Diff: 48, Sum: 48, Workers: 4
[1180.810s][debug][gc,phases      ] GC(40)   StringDedup Table Weak         Min:  0.0, Avg:  0.0, Max:  0.0, Diff:  0.0, Sum:  0.0, Workers: 4
[1180.810s][debug][gc,phases      ] GC(40)     Dead                           Min: 0, Avg:  0.0, Max: 0, Diff: 0, Sum: 0, Workers: 4
[1180.810s][debug][gc,phases      ] GC(40)     Total                          Min: 0, Avg:  0.0, Max: 0, Diff: 0, Sum: 0, Workers: 4
[1180.810s][debug][gc,phases      ] GC(40)   StringDedup Requests0 Weak     Min:  0.0, Avg:  0.0, Max:  0.0, Diff:  0.0, Sum:  0.0, Workers: 4
[1180.810s][debug][gc,phases      ] GC(40)     Dead                           Min: 0, Avg:  0.0, Max: 0, Diff: 0, Sum: 0, Workers: 4
[1180.810s][debug][gc,phases      ] GC(40)     Total                          Min: 0, Avg:  0.0, Max: 0, Diff: 0, Sum: 0, Workers: 4
[1180.810s][debug][gc,phases      ] GC(40)   StringDedup Requests1 Weak     Min:  0.0, Avg:  0.0, Max:  0.0, Diff:  0.0, Sum:  0.0, Workers: 4
[1180.810s][debug][gc,phases      ] GC(40)     Dead                           Min: 0, Avg:  0.0, Max: 0, Diff: 0, Sum: 0, Workers: 4
[1180.810s][debug][gc,phases      ] GC(40)     Total                          Min: 0, Avg:  0.0, Max: 0, Diff: 0, Sum: 0, Workers: 4
[1180.810s][debug][gc,phases      ] GC(40)   Weak JFR Old Object Samples    Min:  0.0, Avg:  0.0, Max:  0.0, Diff:  0.0, Sum:  0.0, Workers: 4
[1180.810s][debug][gc,phases      ] GC(40)     Dead                           Min: 0, Avg:  0.0, Max: 0, Diff: 0, Sum: 0, Workers: 4
[1180.810s][debug][gc,phases      ] GC(40)     Total                          Min: 0, Avg:  0.0, Max: 0, Diff: 0, Sum: 0, Workers: 4
[1180.810s][debug][gc,phases      ] GC(40) Weak Processing 0.422ms
[1180.810s][debug][gc,age         ] GC(40) Desired survivor size 206569472 bytes, new threshold 15 (max threshold 15)
[1180.810s][info ][gc,heap        ] GC(40) PSYoungGen: 1674740K(1855488K)->46036K(1895424K) Eden: 1628672K(1628672K)->0K(1681408K) From: 46068K(226816K)->46036K(214016K)
[1180.810s][info ][gc,heap        ] GC(40) ParOldGen: 331613K(510464K)->331865K(510464K)
[1180.810s][info ][gc,metaspace   ] GC(40) Metaspace: 89679K(90944K)->89679K(90944K) NonClass: 76865K(77568K)->76865K(77568K) Class: 12813K(13376K)->12813K(13376K)
[1180.810s][info ][gc             ] GC(40) Pause Young (Allocation Failure) 1959M->369M(2349M) 20.549ms
[1180.810s][info ][gc,cpu         ] GC(40) User=0.06s Sys=0.00s Real=0.02s
[1180.810s][info ][safepoint      ] Safepoint "ParallelGCFailedAllocation", Time since last: 436800410 ns, Reaching safepoint: 8301 ns, Cleanup: 3700 ns, At safepoint: 20636161 ns, Total: 20648162 ns
[1186.810s][info ][safepoint      ] Safepoint "Cleanup", Time since last: 6000403028 ns, Reaching safepoint: 6701 ns, Cleanup: 12500 ns, At safepoint: 2100 ns, Total: 21301 ns
[1187.811s][info ][safepoint      ] Safepoint "Cleanup", Time since last: 1000108705 ns, Reaching safepoint: 6000 ns, Cleanup: 14801 ns, At safepoint: 2400 ns, Total: 23201 ns
[1196.811s][info ][safepoint      ] Safepoint "Cleanup", Time since last: 9000642346 ns, Reaching safepoint: 7700 ns, Cleanup: 14501 ns, At safepoint: 7100 ns, Total: 29301 ns
[1200.366s][info ][safepoint      ] Safepoint "Cleanup", Time since last: 3555010687 ns, Reaching safepoint: 3000 ns, Cleanup: 15701 ns, At safepoint: 3800 ns, Total: 22501 ns
[1201.366s][info ][safepoint      ] Safepoint "Cleanup", Time since last: 1000140102 ns, Reaching safepoint: 6401 ns, Cleanup: 14100 ns, At safepoint: 5900 ns, Total: 26401 ns
[1202.367s][info ][safepoint      ] Safepoint "Cleanup", Time since last: 1000097401 ns, Reaching safepoint: 6501 ns, Cleanup: 41401 ns, At safepoint: 6600 ns, Total: 54502 ns
[1203.367s][info ][safepoint      ] Safepoint "Cleanup", Time since last: 1000116802 ns, Reaching safepoint: 7600 ns, Cleanup: 11901 ns, At safepoint: 5000 ns, Total: 24501 ns
[1214.368s][info ][safepoint      ] Safepoint "Cleanup", Time since last: 11000763004 ns, Reaching safepoint: 77003 ns, Cleanup: 9200 ns, At safepoint: 6200 ns, Total: 92403 ns
[1217.368s][info ][safepoint      ] Safepoint "Cleanup", Time since last: 3000244217 ns, Reaching safepoint: 8200 ns, Cleanup: 12601 ns, At safepoint: 2200 ns, Total: 23001 ns
[1217.801s][info ][gc,start       ] GC(41) Pause Young (Allocation Failure)
[1217.825s][debug][gc,phases      ] GC(41) Scavenge 23.746ms
[1217.825s][debug][gc,ref         ] GC(41) ReferenceProcessor::execute queues: 1, RefProcThreadModel::Single, marks_oops_alive: false
[1217.825s][debug][gc,ref         ] GC(41) Skipped KeepAliveFinalRefsPhase of Reference Processing: no references
[1217.825s][debug][gc,ref         ] GC(41) ReferenceProcessor::execute queues: 1, RefProcThreadModel::Single, marks_oops_alive: false
[1217.825s][debug][gc,phases      ] GC(41) Reference Processing 0.126ms
[1217.826s][debug][gc,phases      ] GC(41)   VM Weak                        Min:  0.0, Avg:  0.0, Max:  0.0, Diff:  0.0, Sum:  0.0, Workers: 4
[1217.826s][debug][gc,phases      ] GC(41)     Dead                           Min: 0, Avg:  0.0, Max: 0, Diff: 0, Sum: 0, Workers: 4
[1217.826s][debug][gc,phases      ] GC(41)     Total                          Min: 0, Avg: 238.5, Max: 768, Diff: 768, Sum: 954, Workers: 4
[1217.826s][debug][gc,phases      ] GC(41)   ObjectSynchronizer Weak        Min:  0.0, Avg:  0.0, Max:  0.0, Diff:  0.0, Sum:  0.0, Workers: 4
[1217.826s][debug][gc,phases      ] GC(41)     Dead                           Min: 0, Avg:  0.0, Max: 0, Diff: 0, Sum: 0, Workers: 4
[1217.826s][debug][gc,phases      ] GC(41)     Total                          Min: 0, Avg:  1.0, Max: 4, Diff: 4, Sum: 4, Workers: 4
[1217.826s][debug][gc,phases      ] GC(41)   JVMTI Tag Weak OopStorage      Min:  0.0, Avg:  0.0, Max:  0.0, Diff:  0.0, Sum:  0.0, Workers: 4
[1217.826s][debug][gc,phases      ] GC(41)     Dead                           Min: 0, Avg:  0.0, Max: 0, Diff: 0, Sum: 0, Workers: 4
[1217.826s][debug][gc,phases      ] GC(41)     Total                          Min: 0, Avg:  0.0, Max: 0, Diff: 0, Sum: 0, Workers: 4
[1217.826s][debug][gc,phases      ] GC(41)   StringTable Weak               Min:  0.0, Avg:  0.1, Max:  0.1, Diff:  0.1, Sum:  0.4, Workers: 4
[1217.826s][debug][gc,phases      ] GC(41)     Dead                           Min: 0, Avg:  0.0, Max: 0, Diff: 0, Sum: 0, Workers: 4
[1217.826s][debug][gc,phases      ] GC(41)     Total                          Min: 0, Avg: 11320.8, Max: 17216, Diff: 17216, Sum: 45283, Workers: 4
[1217.826s][debug][gc,phases      ] GC(41)   ResolvedMethodTable Weak       Min:  0.0, Avg:  0.0, Max:  0.0, Diff:  0.0, Sum:  0.1, Workers: 4
[1217.826s][debug][gc,phases      ] GC(41)     Dead                           Min: 0, Avg:  0.0, Max: 0, Diff: 0, Sum: 0, Workers: 4
[1217.826s][debug][gc,phases      ] GC(41)     Total                          Min: 0, Avg: 3109.5, Max: 4286, Diff: 4286, Sum: 12438, Workers: 4
[1217.826s][debug][gc,phases      ] GC(41)   JNI Weak                       Min:  0.0, Avg:  0.0, Max:  0.0, Diff:  0.0, Sum:  0.0, Workers: 4
[1217.826s][debug][gc,phases      ] GC(41)     Dead                           Min: 0, Avg:  0.0, Max: 0, Diff: 0, Sum: 0, Workers: 4
[1217.826s][debug][gc,phases      ] GC(41)     Total                          Min: 0, Avg: 12.0, Max: 48, Diff: 48, Sum: 48, Workers: 4
[1217.826s][debug][gc,phases      ] GC(41)   StringDedup Table Weak         Min:  0.0, Avg:  0.0, Max:  0.0, Diff:  0.0, Sum:  0.0, Workers: 4
[1217.826s][debug][gc,phases      ] GC(41)     Dead                           Min: 0, Avg:  0.0, Max: 0, Diff: 0, Sum: 0, Workers: 4
[1217.826s][debug][gc,phases      ] GC(41)     Total                          Min: 0, Avg:  0.0, Max: 0, Diff: 0, Sum: 0, Workers: 4
[1217.826s][debug][gc,phases      ] GC(41)   StringDedup Requests0 Weak     Min:  0.0, Avg:  0.0, Max:  0.0, Diff:  0.0, Sum:  0.0, Workers: 4
[1217.826s][debug][gc,phases      ] GC(41)     Dead                           Min: 0, Avg:  0.0, Max: 0, Diff: 0, Sum: 0, Workers: 4
[1217.826s][debug][gc,phases      ] GC(41)     Total                          Min: 0, Avg:  0.0, Max: 0, Diff: 0, Sum: 0, Workers: 4
[1217.826s][debug][gc,phases      ] GC(41)   StringDedup Requests1 Weak     Min:  0.0, Avg:  0.0, Max:  0.0, Diff:  0.0, Sum:  0.0, Workers: 4
[1217.826s][debug][gc,phases      ] GC(41)     Dead                           Min: 0, Avg:  0.0, Max: 0, Diff: 0, Sum: 0, Workers: 4
[1217.826s][debug][gc,phases      ] GC(41)     Total                          Min: 0, Avg:  0.0, Max: 0, Diff: 0, Sum: 0, Workers: 4
[1217.826s][debug][gc,phases      ] GC(41)   Weak JFR Old Object Samples    Min:  0.0, Avg:  0.0, Max:  0.0, Diff:  0.0, Sum:  0.0, Workers: 4
[1217.826s][debug][gc,phases      ] GC(41)     Dead                           Min: 0, Avg:  0.0, Max: 0, Diff: 0, Sum: 0, Workers: 4
[1217.826s][debug][gc,phases      ] GC(41)     Total                          Min: 0, Avg:  0.0, Max: 0, Diff: 0, Sum: 0, Workers: 4
[1217.826s][debug][gc,phases      ] GC(41) Weak Processing 0.394ms
[1217.826s][debug][gc,age         ] GC(41) Desired survivor size 192937984 bytes, new threshold 15 (max threshold 15)
[1217.826s][info ][gc,heap        ] GC(41) PSYoungGen: 1727444K(1895424K)->56580K(1883136K) Eden: 1681408K(1681408K)->0K(1681408K) From: 46036K(214016K)->56580K(201728K)
[1217.826s][info ][gc,heap        ] GC(41) ParOldGen: 331865K(510464K)->332117K(510464K)
[1217.826s][info ][gc,metaspace   ] GC(41) Metaspace: 89714K(90944K)->89714K(90944K) NonClass: 76900K(77568K)->76900K(77568K) Class: 12814K(13376K)->12814K(13376K)
[1217.826s][info ][gc             ] GC(41) Pause Young (Allocation Failure) 2011M->379M(2337M) 24.407ms
[1217.826s][info ][gc,cpu         ] GC(41) User=0.07s Sys=0.00s Real=0.02s
[1217.826s][info ][safepoint      ] Safepoint "ParallelGCFailedAllocation", Time since last: 433400853 ns, Reaching safepoint: 7801 ns, Cleanup: 13000 ns, At safepoint: 24482718 ns, Total: 24503519 ns
[1218.826s][info ][safepoint      ] Safepoint "Cleanup", Time since last: 1000081806 ns, Reaching safepoint: 7400 ns, Cleanup: 15701 ns, At safepoint: 2500 ns, Total: 25601 ns
[1220.826s][info ][safepoint      ] Safepoint "Cleanup", Time since last: 2000151111 ns, Reaching safepoint: 240609 ns, Cleanup: 19400 ns, At safepoint: 8101 ns, Total: 268110 ns
[1221.826s][info ][safepoint      ] Safepoint "Cleanup", Time since last: 1000119907 ns, Reaching safepoint: 7300 ns, Cleanup: 20501 ns, At safepoint: 2700 ns, Total: 30501 ns
[1222.827s][info ][safepoint      ] Safepoint "Cleanup", Time since last: 1000108705 ns, Reaching safepoint: 7400 ns, Cleanup: 28301 ns, At safepoint: 2500 ns, Total: 38201 ns
[1223.827s][info ][safepoint      ] Safepoint "Cleanup", Time since last: 1000081288 ns, Reaching safepoint: 9100 ns, Cleanup: 10401 ns, At safepoint: 2600 ns, Total: 22101 ns
[1224.827s][info ][safepoint      ] Safepoint "Cleanup", Time since last: 1000146191 ns, Reaching safepoint: 6700 ns, Cleanup: 11600 ns, At safepoint: 2500 ns, Total: 20800 ns
[1225.827s][info ][safepoint      ] Safepoint "Cleanup", Time since last: 1000106490 ns, Reaching safepoint: 8000 ns, Cleanup: 12000 ns, At safepoint: 2100 ns, Total: 22100 ns
[1229.827s][info ][safepoint      ] Safepoint "Cleanup", Time since last: 4000301552 ns, Reaching safepoint: 5901 ns, Cleanup: 13900 ns, At safepoint: 2500 ns, Total: 22301 ns
[1230.827s][info ][safepoint      ] Safepoint "Cleanup", Time since last: 1000110199 ns, Reaching safepoint: 8300 ns, Cleanup: 11501 ns, At safepoint: 2400 ns, Total: 22201 ns
[1233.828s][info ][safepoint      ] Safepoint "Cleanup", Time since last: 3000236105 ns, Reaching safepoint: 7001 ns, Cleanup: 18200 ns, At safepoint: 2100 ns, Total: 27301 ns
[1234.828s][info ][safepoint      ] Safepoint "Cleanup", Time since last: 1000105603 ns, Reaching safepoint: 6800 ns, Cleanup: 10901 ns, At safepoint: 2100 ns, Total: 19801 ns
[1235.829s][info ][safepoint      ] Safepoint "Cleanup", Time since last: 1000134104 ns, Reaching safepoint: 822231 ns, Cleanup: 8600 ns, At safepoint: 7200 ns, Total: 838031 ns
[1236.829s][info ][safepoint      ] Safepoint "Cleanup", Time since last: 1000117004 ns, Reaching safepoint: 83603 ns, Cleanup: 11900 ns, At safepoint: 8401 ns, Total: 103904 ns
[1237.829s][info ][safepoint      ] Safepoint "Cleanup", Time since last: 1000117603 ns, Reaching safepoint: 7600 ns, Cleanup: 15001 ns, At safepoint: 2600 ns, Total: 25201 ns
[1243.830s][info ][safepoint      ] Safepoint "Cleanup", Time since last: 6000374519 ns, Reaching safepoint: 7901 ns, Cleanup: 20001 ns, At safepoint: 2100 ns, Total: 30002 ns
[1244.830s][info ][safepoint      ] Safepoint "Cleanup", Time since last: 1000127590 ns, Reaching safepoint: 8100 ns, Cleanup: 12101 ns, At safepoint: 2100 ns, Total: 22301 ns
[1245.830s][info ][safepoint      ] Safepoint "Cleanup", Time since last: 1000108706 ns, Reaching safepoint: 6900 ns, Cleanup: 16101 ns, At safepoint: 2000 ns, Total: 25001 ns
[1247.830s][info ][safepoint      ] Safepoint "Cleanup", Time since last: 2000168747 ns, Reaching safepoint: 7700 ns, Cleanup: 14300 ns, At safepoint: 2201 ns, Total: 24201 ns
[1248.830s][info ][safepoint      ] Safepoint "Cleanup", Time since last: 1000116389 ns, Reaching safepoint: 7700 ns, Cleanup: 11300 ns, At safepoint: 2600 ns, Total: 21600 ns
[1250.830s][info ][safepoint      ] Safepoint "Cleanup", Time since last: 2000176076 ns, Reaching safepoint: 8201 ns, Cleanup: 11700 ns, At safepoint: 2100 ns, Total: 22001 ns
[1255.831s][info ][safepoint      ] Safepoint "Cleanup", Time since last: 5000410555 ns, Reaching safepoint: 12100 ns, Cleanup: 14401 ns, At safepoint: 5800 ns, Total: 32301 ns
[1261.807s][info ][gc,start       ] GC(42) Pause Young (Allocation Failure)
[1261.833s][debug][gc,phases      ] GC(42) Scavenge 26.691ms
[1261.834s][debug][gc,ref         ] GC(42) ReferenceProcessor::execute queues: 1, RefProcThreadModel::Single, marks_oops_alive: false
[1261.834s][debug][gc,ref         ] GC(42) Skipped KeepAliveFinalRefsPhase of Reference Processing: no references
[1261.834s][debug][gc,ref         ] GC(42) ReferenceProcessor::execute queues: 1, RefProcThreadModel::Single, marks_oops_alive: false
[1261.834s][debug][gc,phases      ] GC(42) Reference Processing 0.141ms
[1261.834s][debug][gc,phases      ] GC(42)   VM Weak                        Min:  0.0, Avg:  0.0, Max:  0.0, Diff:  0.0, Sum:  0.0, Workers: 4
[1261.834s][debug][gc,phases      ] GC(42)     Dead                           Min: 0, Avg:  0.0, Max: 0, Diff: 0, Sum: 0, Workers: 4
[1261.834s][debug][gc,phases      ] GC(42)     Total                          Min: 0, Avg: 238.5, Max: 762, Diff: 762, Sum: 954, Workers: 4
[1261.834s][debug][gc,phases      ] GC(42)   ObjectSynchronizer Weak        Min:  0.0, Avg:  0.0, Max:  0.0, Diff:  0.0, Sum:  0.0, Workers: 4
[1261.834s][debug][gc,phases      ] GC(42)     Dead                           Min: 0, Avg:  0.0, Max: 0, Diff: 0, Sum: 0, Workers: 4
[1261.834s][debug][gc,phases      ] GC(42)     Total                          Min: 0, Avg:  0.8, Max: 3, Diff: 3, Sum: 3, Workers: 4
[1261.834s][debug][gc,phases      ] GC(42)   JVMTI Tag Weak OopStorage      Min:  0.0, Avg:  0.0, Max:  0.0, Diff:  0.0, Sum:  0.0, Workers: 4
[1261.834s][debug][gc,phases      ] GC(42)     Dead                           Min: 0, Avg:  0.0, Max: 0, Diff: 0, Sum: 0, Workers: 4
[1261.834s][debug][gc,phases      ] GC(42)     Total                          Min: 0, Avg:  0.0, Max: 0, Diff: 0, Sum: 0, Workers: 4
[1261.834s][debug][gc,phases      ] GC(42)   StringTable Weak               Min:  0.0, Avg:  0.1, Max:  0.1, Diff:  0.1, Sum:  0.4, Workers: 4
[1261.834s][debug][gc,phases      ] GC(42)     Dead                           Min: 0, Avg:  0.2, Max: 1, Diff: 1, Sum: 1, Workers: 4
[1261.834s][debug][gc,phases      ] GC(42)     Total                          Min: 0, Avg: 11322.2, Max: 15658, Diff: 15658, Sum: 45289, Workers: 4
[1261.834s][debug][gc,phases      ] GC(42)   ResolvedMethodTable Weak       Min:  0.0, Avg:  0.0, Max:  0.0, Diff:  0.0, Sum:  0.1, Workers: 4
[1261.834s][debug][gc,phases      ] GC(42)     Dead                           Min: 0, Avg:  0.2, Max: 1, Diff: 1, Sum: 1, Workers: 4
[1261.834s][debug][gc,phases      ] GC(42)     Total                          Min: 0, Avg: 3111.5, Max: 4478, Diff: 4478, Sum: 12446, Workers: 4
[1261.834s][debug][gc,phases      ] GC(42)   JNI Weak                       Min:  0.0, Avg:  0.0, Max:  0.0, Diff:  0.0, Sum:  0.0, Workers: 4
[1261.834s][debug][gc,phases      ] GC(42)     Dead                           Min: 0, Avg:  0.0, Max: 0, Diff: 0, Sum: 0, Workers: 4
[1261.834s][debug][gc,phases      ] GC(42)     Total                          Min: 0, Avg: 12.0, Max: 48, Diff: 48, Sum: 48, Workers: 4
[1261.834s][debug][gc,phases      ] GC(42)   StringDedup Table Weak         Min:  0.0, Avg:  0.0, Max:  0.0, Diff:  0.0, Sum:  0.0, Workers: 4
[1261.834s][debug][gc,phases      ] GC(42)     Dead                           Min: 0, Avg:  0.0, Max: 0, Diff: 0, Sum: 0, Workers: 4
[1261.834s][debug][gc,phases      ] GC(42)     Total                          Min: 0, Avg:  0.0, Max: 0, Diff: 0, Sum: 0, Workers: 4
[1261.834s][debug][gc,phases      ] GC(42)   StringDedup Requests0 Weak     Min:  0.0, Avg:  0.0, Max:  0.0, Diff:  0.0, Sum:  0.0, Workers: 4
[1261.834s][debug][gc,phases      ] GC(42)     Dead                           Min: 0, Avg:  0.0, Max: 0, Diff: 0, Sum: 0, Workers: 4
[1261.834s][debug][gc,phases      ] GC(42)     Total                          Min: 0, Avg:  0.0, Max: 0, Diff: 0, Sum: 0, Workers: 4
[1261.834s][debug][gc,phases      ] GC(42)   StringDedup Requests1 Weak     Min:  0.0, Avg:  0.0, Max:  0.0, Diff:  0.0, Sum:  0.0, Workers: 4
[1261.834s][debug][gc,phases      ] GC(42)     Dead                           Min: 0, Avg:  0.0, Max: 0, Diff: 0, Sum: 0, Workers: 4
[1261.834s][debug][gc,phases      ] GC(42)     Total                          Min: 0, Avg:  0.0, Max: 0, Diff: 0, Sum: 0, Workers: 4
[1261.834s][debug][gc,phases      ] GC(42)   Weak JFR Old Object Samples    Min:  0.0, Avg:  0.0, Max:  0.0, Diff:  0.0, Sum:  0.0, Workers: 4
[1261.834s][debug][gc,phases      ] GC(42)     Dead                           Min: 0, Avg:  0.0, Max: 0, Diff: 0, Sum: 0, Workers: 4
[1261.834s][debug][gc,phases      ] GC(42)     Total                          Min: 0, Avg:  0.0, Max: 0, Diff: 0, Sum: 0, Workers: 4
[1261.834s][debug][gc,phases      ] GC(42) Weak Processing 0.393ms
[1261.834s][debug][gc,age         ] GC(42) Desired survivor size 186646528 bytes, new threshold 15 (max threshold 15)
[1261.834s][info ][gc,heap        ] GC(42) PSYoungGen: 1737988K(1883136K)->78213K(1914880K) Eden: 1681408K(1681408K)->0K(1726464K) From: 56580K(201728K)->78213K(188416K)
[1261.834s][info ][gc,heap        ] GC(42) ParOldGen: 332117K(510464K)->332725K(510464K)
[1261.834s][info ][gc,metaspace   ] GC(42) Metaspace: 89763K(91072K)->89763K(91072K) NonClass: 76946K(77696K)->76946K(77696K) Class: 12816K(13376K)->12816K(13376K)
[1261.834s][info ][gc             ] GC(42) Pause Young (Allocation Failure) 2021M->401M(2368M) 27.363ms
[1261.834s][info ][gc,cpu         ] GC(42) User=0.09s Sys=0.00s Real=0.02s
[1261.834s][info ][safepoint      ] Safepoint "ParallelGCFailedAllocation", Time since last: 5975804575 ns, Reaching safepoint: 6100 ns, Cleanup: 4601 ns, At safepoint: 27446964 ns, Total: 27457665 ns
[1262.834s][info ][safepoint      ] Safepoint "Cleanup", Time since last: 1000086278 ns, Reaching safepoint: 6702 ns, Cleanup: 10903 ns, At safepoint: 2600 ns, Total: 20205 ns
[1263.834s][info ][safepoint      ] Safepoint "Cleanup", Time since last: 1000103661 ns, Reaching safepoint: 6500 ns, Cleanup: 13601 ns, At safepoint: 2400 ns, Total: 22501 ns
[1268.835s][info ][safepoint      ] Safepoint "Cleanup", Time since last: 5000361981 ns, Reaching safepoint: 6901 ns, Cleanup: 12600 ns, At safepoint: 2100 ns, Total: 21601 ns
[1269.835s][info ][safepoint      ] Safepoint "Cleanup", Time since last: 1000105238 ns, Reaching safepoint: 7700 ns, Cleanup: 24901 ns, At safepoint: 4600 ns, Total: 37201 ns
[1272.835s][info ][safepoint      ] Safepoint "Cleanup", Time since last: 3000238181 ns, Reaching safepoint: 8000 ns, Cleanup: 13001 ns, At safepoint: 2300 ns, Total: 23301 ns
[1274.835s][info ][safepoint      ] Safepoint "Cleanup", Time since last: 2000173063 ns, Reaching safepoint: 6801 ns, Cleanup: 12600 ns, At safepoint: 4900 ns, Total: 24301 ns
[1276.835s][info ][safepoint      ] Safepoint "Cleanup", Time since last: 2000165373 ns, Reaching safepoint: 6800 ns, Cleanup: 12301 ns, At safepoint: 2200 ns, Total: 21301 ns
[1284.836s][info ][safepoint      ] Safepoint "Cleanup", Time since last: 8000534415 ns, Reaching safepoint: 6600 ns, Cleanup: 14601 ns, At safepoint: 5200 ns, Total: 26401 ns
[1286.836s][info ][safepoint      ] Safepoint "Cleanup", Time since last: 2000159645 ns, Reaching safepoint: 7201 ns, Cleanup: 17300 ns, At safepoint: 2000 ns, Total: 26501 ns
[1288.836s][info ][safepoint      ] Safepoint "Cleanup", Time since last: 2000173091 ns, Reaching safepoint: 11300 ns, Cleanup: 10901 ns, At safepoint: 2400 ns, Total: 24601 ns
[1289.837s][info ][safepoint      ] Safepoint "Cleanup", Time since last: 1000102196 ns, Reaching safepoint: 8100 ns, Cleanup: 16901 ns, At safepoint: 2700 ns, Total: 27701 ns
[1291.837s][info ][safepoint      ] Safepoint "Cleanup", Time since last: 2000171790 ns, Reaching safepoint: 7400 ns, Cleanup: 10701 ns, At safepoint: 2100 ns, Total: 20201 ns
[1292.837s][info ][safepoint      ] Safepoint "Cleanup", Time since last: 1000099495 ns, Reaching safepoint: 5901 ns, Cleanup: 34201 ns, At safepoint: 2000 ns, Total: 42102 ns
[1293.837s][info ][safepoint      ] Safepoint "Cleanup", Time since last: 1000097796 ns, Reaching safepoint: 7600 ns, Cleanup: 16201 ns, At safepoint: 2500 ns, Total: 26301 ns
[1294.837s][info ][safepoint      ] Safepoint "Cleanup", Time since last: 1000096894 ns, Reaching safepoint: 6401 ns, Cleanup: 13500 ns, At safepoint: 2600 ns, Total: 22501 ns
[1295.837s][info ][safepoint      ] Safepoint "Cleanup", Time since last: 1000100085 ns, Reaching safepoint: 6500 ns, Cleanup: 10701 ns, At safepoint: 2400 ns, Total: 19601 ns
[1296.837s][info ][safepoint      ] Safepoint "Cleanup", Time since last: 1000096985 ns, Reaching safepoint: 6600 ns, Cleanup: 8800 ns, At safepoint: 2500 ns, Total: 17900 ns
[1299.838s][info ][safepoint      ] Safepoint "Cleanup", Time since last: 3000224051 ns, Reaching safepoint: 6701 ns, Cleanup: 21500 ns, At safepoint: 2701 ns, Total: 30902 ns
[1300.838s][info ][safepoint      ] Safepoint "Cleanup", Time since last: 1000099184 ns, Reaching safepoint: 6701 ns, Cleanup: 7400 ns, At safepoint: 2000 ns, Total: 16101 ns
[1301.453s][info ][gc,start       ] GC(43) Pause Young (Allocation Failure)
[1301.479s][debug][gc,phases      ] GC(43) Scavenge 25.293ms
[1301.479s][debug][gc,ref         ] GC(43) ReferenceProcessor::execute queues: 1, RefProcThreadModel::Single, marks_oops_alive: false
[1301.479s][debug][gc,ref         ] GC(43) Skipped KeepAliveFinalRefsPhase of Reference Processing: no references
[1301.479s][debug][gc,ref         ] GC(43) ReferenceProcessor::execute queues: 1, RefProcThreadModel::Single, marks_oops_alive: false
[1301.479s][debug][gc,phases      ] GC(43) Reference Processing 0.152ms
[1301.479s][debug][gc,phases      ] GC(43)   VM Weak                        Min:  0.0, Avg:  0.0, Max:  0.0, Diff:  0.0, Sum:  0.0, Workers: 4
[1301.479s][debug][gc,phases      ] GC(43)     Dead                           Min: 0, Avg:  0.0, Max: 0, Diff: 0, Sum: 0, Workers: 4
[1301.479s][debug][gc,phases      ] GC(43)     Total                          Min: 64, Avg: 238.5, Max: 448, Diff: 384, Sum: 954, Workers: 4
[1301.479s][debug][gc,phases      ] GC(43)   ObjectSynchronizer Weak        Min:  0.0, Avg:  0.0, Max:  0.0, Diff:  0.0, Sum:  0.0, Workers: 4
[1301.479s][debug][gc,phases      ] GC(43)     Dead                           Min: 0, Avg:  0.0, Max: 0, Diff: 0, Sum: 0, Workers: 4
[1301.479s][debug][gc,phases      ] GC(43)     Total                          Min: 0, Avg:  1.2, Max: 5, Diff: 5, Sum: 5, Workers: 4
[1301.479s][debug][gc,phases      ] GC(43)   JVMTI Tag Weak OopStorage      Min:  0.0, Avg:  0.0, Max:  0.0, Diff:  0.0, Sum:  0.0, Workers: 4
[1301.479s][debug][gc,phases      ] GC(43)     Dead                           Min: 0, Avg:  0.0, Max: 0, Diff: 0, Sum: 0, Workers: 4
[1301.479s][debug][gc,phases      ] GC(43)     Total                          Min: 0, Avg:  0.0, Max: 0, Diff: 0, Sum: 0, Workers: 4
[1301.479s][debug][gc,phases      ] GC(43)   StringTable Weak               Min:  0.1, Avg:  0.1, Max:  0.1, Diff:  0.0, Sum:  0.5, Workers: 4
[1301.479s][debug][gc,phases      ] GC(43)     Dead                           Min: 0, Avg:  0.0, Max: 0, Diff: 0, Sum: 0, Workers: 4
[1301.479s][debug][gc,phases      ] GC(43)     Total                          Min: 10367, Avg: 11324.2, Max: 12338, Diff: 1971, Sum: 45297, Workers: 4
[1301.479s][debug][gc,phases      ] GC(43)   ResolvedMethodTable Weak       Min:  0.0, Avg:  0.0, Max:  0.0, Diff:  0.0, Sum:  0.2, Workers: 4
[1301.479s][debug][gc,phases      ] GC(43)     Dead                           Min: 0, Avg:  0.0, Max: 0, Diff: 0, Sum: 0, Workers: 4
[1301.479s][debug][gc,phases      ] GC(43)     Total                          Min: 2879, Avg: 3112.0, Max: 3263, Diff: 384, Sum: 12448, Workers: 4
[1301.479s][debug][gc,phases      ] GC(43)   JNI Weak                       Min:  0.0, Avg:  0.0, Max:  0.0, Diff:  0.0, Sum:  0.0, Workers: 4
[1301.479s][debug][gc,phases      ] GC(43)     Dead                           Min: 0, Avg:  0.0, Max: 0, Diff: 0, Sum: 0, Workers: 4
[1301.479s][debug][gc,phases      ] GC(43)     Total                          Min: 0, Avg: 12.0, Max: 48, Diff: 48, Sum: 48, Workers: 4
[1301.479s][debug][gc,phases      ] GC(43)   StringDedup Table Weak         Min:  0.0, Avg:  0.0, Max:  0.0, Diff:  0.0, Sum:  0.0, Workers: 4
[1301.479s][debug][gc,phases      ] GC(43)     Dead                           Min: 0, Avg:  0.0, Max: 0, Diff: 0, Sum: 0, Workers: 4
[1301.479s][debug][gc,phases      ] GC(43)     Total                          Min: 0, Avg:  0.0, Max: 0, Diff: 0, Sum: 0, Workers: 4
[1301.479s][debug][gc,phases      ] GC(43)   StringDedup Requests0 Weak     Min:  0.0, Avg:  0.0, Max:  0.0, Diff:  0.0, Sum:  0.0, Workers: 4
[1301.479s][debug][gc,phases      ] GC(43)     Dead                           Min: 0, Avg:  0.0, Max: 0, Diff: 0, Sum: 0, Workers: 4
[1301.479s][debug][gc,phases      ] GC(43)     Total                          Min: 0, Avg:  0.0, Max: 0, Diff: 0, Sum: 0, Workers: 4
[1301.479s][debug][gc,phases      ] GC(43)   StringDedup Requests1 Weak     Min:  0.0, Avg:  0.0, Max:  0.0, Diff:  0.0, Sum:  0.0, Workers: 4
[1301.479s][debug][gc,phases      ] GC(43)     Dead                           Min: 0, Avg:  0.0, Max: 0, Diff: 0, Sum: 0, Workers: 4
[1301.479s][debug][gc,phases      ] GC(43)     Total                          Min: 0, Avg:  0.0, Max: 0, Diff: 0, Sum: 0, Workers: 4
[1301.479s][debug][gc,phases      ] GC(43)   Weak JFR Old Object Samples    Min:  0.0, Avg:  0.0, Max:  0.0, Diff:  0.0, Sum:  0.0, Workers: 4
[1301.479s][debug][gc,phases      ] GC(43)     Dead                           Min: 0, Avg:  0.0, Max: 0, Diff: 0, Sum: 0, Workers: 4
[1301.479s][debug][gc,phases      ] GC(43)     Total                          Min: 0, Avg:  0.0, Max: 0, Diff: 0, Sum: 0, Workers: 4
[1301.479s][debug][gc,phases      ] GC(43) Weak Processing 0.368ms
[1301.479s][debug][gc,age         ] GC(43) Desired survivor size 175636480 bytes, new threshold 15 (max threshold 15)
[1301.479s][info ][gc,heap        ] GC(43) PSYoungGen: 1804677K(1914880K)->54434K(1908736K) Eden: 1726464K(1726464K)->0K(1726464K) From: 78213K(188416K)->54434K(182272K)
[1301.479s][info ][gc,heap        ] GC(43) ParOldGen: 332725K(510464K)->340917K(510464K)
[1301.479s][info ][gc,metaspace   ] GC(43) Metaspace: 89782K(91072K)->89782K(91072K) NonClass: 76964K(77696K)->76964K(77696K) Class: 12818K(13376K)->12818K(13376K)
[1301.479s][info ][gc             ] GC(43) Pause Young (Allocation Failure) 2087M->386M(2362M) 25.971ms
[1301.479s][info ][gc,cpu         ] GC(43) User=0.08s Sys=0.00s Real=0.03s
[1301.479s][info ][safepoint      ] Safepoint "ParallelGCFailedAllocation", Time since last: 615504462 ns, Reaching safepoint: 6800 ns, Cleanup: 47802 ns, At safepoint: 26052299 ns, Total: 26106901 ns
[1302.479s][info ][safepoint      ] Safepoint "Cleanup", Time since last: 1000085344 ns, Reaching safepoint: 7700 ns, Cleanup: 27802 ns, At safepoint: 2700 ns, Total: 38202 ns
[1303.480s][info ][safepoint      ] Safepoint "Cleanup", Time since last: 1000107595 ns, Reaching safepoint: 6700 ns, Cleanup: 15901 ns, At safepoint: 2200 ns, Total: 24801 ns
[1305.480s][info ][safepoint      ] Safepoint "Cleanup", Time since last: 2000163189 ns, Reaching safepoint: 8200 ns, Cleanup: 21401 ns, At safepoint: 2600 ns, Total: 32201 ns
[1307.480s][info ][safepoint      ] Safepoint "Cleanup", Time since last: 2000189290 ns, Reaching safepoint: 6900 ns, Cleanup: 14001 ns, At safepoint: 2400 ns, Total: 23301 ns
[1308.480s][info ][safepoint      ] Safepoint "Cleanup", Time since last: 1000068393 ns, Reaching safepoint: 8801 ns, Cleanup: 22101 ns, At safepoint: 2300 ns, Total: 33202 ns
[1309.480s][info ][safepoint      ] Safepoint "Cleanup", Time since last: 1000124896 ns, Reaching safepoint: 8400 ns, Cleanup: 22201 ns, At safepoint: 2700 ns, Total: 33301 ns
[1311.480s][info ][safepoint      ] Safepoint "Cleanup", Time since last: 2000177755 ns, Reaching safepoint: 8800 ns, Cleanup: 27502 ns, At safepoint: 2400 ns, Total: 38702 ns
[1314.481s][info ][safepoint      ] Safepoint "Cleanup", Time since last: 3000254982 ns, Reaching safepoint: 8101 ns, Cleanup: 13700 ns, At safepoint: 2700 ns, Total: 24501 ns
[1315.481s][info ][safepoint      ] Safepoint "Cleanup", Time since last: 1000113129 ns, Reaching safepoint: 6400 ns, Cleanup: 15401 ns, At safepoint: 2600 ns, Total: 24401 ns
[1318.481s][info ][safepoint      ] Safepoint "Cleanup", Time since last: 3000255219 ns, Reaching safepoint: 8101 ns, Cleanup: 12900 ns, At safepoint: 3501 ns, Total: 24502 ns
[1319.481s][info ][safepoint      ] Safepoint "Cleanup", Time since last: 1000116010 ns, Reaching safepoint: 7300 ns, Cleanup: 12701 ns, At safepoint: 2500 ns, Total: 22501 ns
[1322.397s][info ][safepoint      ] Safepoint "Cleanup", Time since last: 2915360236 ns, Reaching safepoint: 78503 ns, Cleanup: 15201 ns, At safepoint: 6000 ns, Total: 99704 ns
[1323.397s][info ][safepoint      ] Safepoint "Cleanup", Time since last: 1000114111 ns, Reaching safepoint: 76903 ns, Cleanup: 10801 ns, At safepoint: 5900 ns, Total: 93604 ns
[1325.397s][info ][safepoint      ] Safepoint "Cleanup", Time since last: 2000177219 ns, Reaching safepoint: 46902 ns, Cleanup: 12000 ns, At safepoint: 5900 ns, Total: 64802 ns
[1327.398s][info ][safepoint      ] Safepoint "Cleanup", Time since last: 2000152315 ns, Reaching safepoint: 143207 ns, Cleanup: 18900 ns, At safepoint: 5501 ns, Total: 167608 ns
[1328.398s][info ][safepoint      ] Safepoint "Cleanup", Time since last: 1000116308 ns, Reaching safepoint: 80703 ns, Cleanup: 10601 ns, At safepoint: 6300 ns, Total: 97604 ns
[1330.398s][info ][safepoint      ] Safepoint "Cleanup", Time since last: 2000192415 ns, Reaching safepoint: 86004 ns, Cleanup: 12000 ns, At safepoint: 5701 ns, Total: 103705 ns
[1331.399s][info ][safepoint      ] Safepoint "Cleanup", Time since last: 1000421521 ns, Reaching safepoint: 80803 ns, Cleanup: 12401 ns, At safepoint: 6000 ns, Total: 99204 ns
[1333.399s][info ][safepoint      ] Safepoint "Cleanup", Time since last: 2000176415 ns, Reaching safepoint: 80803 ns, Cleanup: 12101 ns, At safepoint: 5200 ns, Total: 98104 ns
[1344.400s][info ][safepoint      ] Safepoint "Cleanup", Time since last: 11000696108 ns, Reaching safepoint: 76604 ns, Cleanup: 12100 ns, At safepoint: 6500 ns, Total: 95204 ns
[1346.400s][info ][safepoint      ] Safepoint "Cleanup", Time since last: 2000205329 ns, Reaching safepoint: 75103 ns, Cleanup: 9000 ns, At safepoint: 5101 ns, Total: 89204 ns
[1347.400s][info ][safepoint      ] Safepoint "Cleanup", Time since last: 1000128015 ns, Reaching safepoint: 80203 ns, Cleanup: 10701 ns, At safepoint: 5900 ns, Total: 96804 ns
[1351.401s][info ][safepoint      ] Safepoint "Cleanup", Time since last: 4000335749 ns, Reaching safepoint: 32001 ns, Cleanup: 23601 ns, At safepoint: 6300 ns, Total: 61902 ns
[1353.401s][info ][safepoint      ] Safepoint "Cleanup", Time since last: 2000205976 ns, Reaching safepoint: 7200 ns, Cleanup: 31701 ns, At safepoint: 6201 ns, Total: 45102 ns
[1354.401s][info ][safepoint      ] Safepoint "Cleanup", Time since last: 1000119838 ns, Reaching safepoint: 78103 ns, Cleanup: 19701 ns, At safepoint: 6200 ns, Total: 104004 ns
[1355.401s][info ][safepoint      ] Safepoint "Cleanup", Time since last: 1000117239 ns, Reaching safepoint: 77203 ns, Cleanup: 27801 ns, At safepoint: 5300 ns, Total: 110304 ns
[1356.401s][info ][safepoint      ] Safepoint "Cleanup", Time since last: 1000125839 ns, Reaching safepoint: 81203 ns, Cleanup: 11301 ns, At safepoint: 6600 ns, Total: 99104 ns
[1356.747s][info ][gc,start       ] GC(44) Pause Young (Allocation Failure)
[1356.766s][debug][gc,phases      ] GC(44) Scavenge 18.164ms
[1356.766s][debug][gc,ref         ] GC(44) ReferenceProcessor::execute queues: 1, RefProcThreadModel::Single, marks_oops_alive: false
[1356.766s][debug][gc,ref         ] GC(44) Skipped KeepAliveFinalRefsPhase of Reference Processing: no references
[1356.766s][debug][gc,ref         ] GC(44) ReferenceProcessor::execute queues: 1, RefProcThreadModel::Single, marks_oops_alive: false
[1356.766s][debug][gc,phases      ] GC(44) Reference Processing 0.120ms
[1356.766s][debug][gc,phases      ] GC(44)   VM Weak                        Min:  0.0, Avg:  0.0, Max:  0.0, Diff:  0.0, Sum:  0.0, Workers: 4
[1356.766s][debug][gc,phases      ] GC(44)     Dead                           Min: 0, Avg:  0.0, Max: 0, Diff: 0, Sum: 0, Workers: 4
[1356.766s][debug][gc,phases      ] GC(44)     Total                          Min: 0, Avg: 238.5, Max: 576, Diff: 576, Sum: 954, Workers: 4
[1356.766s][debug][gc,phases      ] GC(44)   ObjectSynchronizer Weak        Min:  0.0, Avg:  0.0, Max:  0.0, Diff:  0.0, Sum:  0.0, Workers: 4
[1356.766s][debug][gc,phases      ] GC(44)     Dead                           Min: 0, Avg:  0.0, Max: 0, Diff: 0, Sum: 0, Workers: 4
[1356.766s][debug][gc,phases      ] GC(44)     Total                          Min: 0, Avg:  1.0, Max: 4, Diff: 4, Sum: 4, Workers: 4
[1356.766s][debug][gc,phases      ] GC(44)   JVMTI Tag Weak OopStorage      Min:  0.0, Avg:  0.0, Max:  0.0, Diff:  0.0, Sum:  0.0, Workers: 4
[1356.766s][debug][gc,phases      ] GC(44)     Dead                           Min: 0, Avg:  0.0, Max: 0, Diff: 0, Sum: 0, Workers: 4
[1356.766s][debug][gc,phases      ] GC(44)     Total                          Min: 0, Avg:  0.0, Max: 0, Diff: 0, Sum: 0, Workers: 4
[1356.766s][debug][gc,phases      ] GC(44)   StringTable Weak               Min:  0.0, Avg:  0.1, Max:  0.2, Diff:  0.2, Sum:  0.4, Workers: 4
[1356.766s][debug][gc,phases      ] GC(44)     Dead                           Min: 0, Avg:  0.5, Max: 2, Diff: 2, Sum: 2, Workers: 4
[1356.766s][debug][gc,phases      ] GC(44)     Total                          Min: 0, Avg: 11329.0, Max: 16192, Diff: 16192, Sum: 45316, Workers: 4
[1356.766s][debug][gc,phases      ] GC(44)   ResolvedMethodTable Weak       Min:  0.0, Avg:  0.0, Max:  0.0, Diff:  0.0, Sum:  0.1, Workers: 4
[1356.766s][debug][gc,phases      ] GC(44)     Dead                           Min: 0, Avg:  1.0, Max: 4, Diff: 4, Sum: 4, Workers: 4
[1356.766s][debug][gc,phases      ] GC(44)     Total                          Min: 0, Avg: 3116.0, Max: 4413, Diff: 4413, Sum: 12464, Workers: 4
[1356.766s][debug][gc,phases      ] GC(44)   JNI Weak                       Min:  0.0, Avg:  0.0, Max:  0.0, Diff:  0.0, Sum:  0.0, Workers: 4
[1356.766s][debug][gc,phases      ] GC(44)     Dead                           Min: 0, Avg:  0.0, Max: 0, Diff: 0, Sum: 0, Workers: 4
[1356.766s][debug][gc,phases      ] GC(44)     Total                          Min: 0, Avg: 12.0, Max: 48, Diff: 48, Sum: 48, Workers: 4
[1356.766s][debug][gc,phases      ] GC(44)   StringDedup Table Weak         Min:  0.0, Avg:  0.0, Max:  0.0, Diff:  0.0, Sum:  0.0, Workers: 4
[1356.766s][debug][gc,phases      ] GC(44)     Dead                           Min: 0, Avg:  0.0, Max: 0, Diff: 0, Sum: 0, Workers: 4
[1356.766s][debug][gc,phases      ] GC(44)     Total                          Min: 0, Avg:  0.0, Max: 0, Diff: 0, Sum: 0, Workers: 4
[1356.766s][debug][gc,phases      ] GC(44)   StringDedup Requests0 Weak     Min:  0.0, Avg:  0.0, Max:  0.0, Diff:  0.0, Sum:  0.0, Workers: 4
[1356.766s][debug][gc,phases      ] GC(44)     Dead                           Min: 0, Avg:  0.0, Max: 0, Diff: 0, Sum: 0, Workers: 4
[1356.766s][debug][gc,phases      ] GC(44)     Total                          Min: 0, Avg:  0.0, Max: 0, Diff: 0, Sum: 0, Workers: 4
[1356.766s][debug][gc,phases      ] GC(44)   StringDedup Requests1 Weak     Min:  0.0, Avg:  0.0, Max:  0.0, Diff:  0.0, Sum:  0.0, Workers: 4
[1356.766s][debug][gc,phases      ] GC(44)     Dead                           Min: 0, Avg:  0.0, Max: 0, Diff: 0, Sum: 0, Workers: 4
[1356.766s][debug][gc,phases      ] GC(44)     Total                          Min: 0, Avg:  0.0, Max: 0, Diff: 0, Sum: 0, Workers: 4
[1356.766s][debug][gc,phases      ] GC(44)   Weak JFR Old Object Samples    Min:  0.0, Avg:  0.0, Max:  0.0, Diff:  0.0, Sum:  0.0, Workers: 4
[1356.766s][debug][gc,phases      ] GC(44)     Dead                           Min: 0, Avg:  0.0, Max: 0, Diff: 0, Sum: 0, Workers: 4
[1356.766s][debug][gc,phases      ] GC(44)     Total                          Min: 0, Avg:  0.0, Max: 0, Diff: 0, Sum: 0, Workers: 4
[1356.766s][debug][gc,phases      ] GC(44) Weak Processing 0.397ms
[1356.766s][debug][gc,age         ] GC(44) Desired survivor size 166199296 bytes, new threshold 15 (max threshold 15)
[1356.766s][info ][gc,heap        ] GC(44) PSYoungGen: 1780898K(1908736K)->51585K(1934848K) Eden: 1726464K(1726464K)->0K(1763328K) From: 54434K(182272K)->51585K(171520K)
[1356.766s][info ][gc,heap        ] GC(44) ParOldGen: 340917K(510464K)->344659K(510464K)
[1356.766s][info ][gc,metaspace   ] GC(44) Metaspace: 89813K(91072K)->89813K(91072K) NonClass: 76989K(77696K)->76989K(77696K) Class: 12824K(13376K)->12824K(13376K)
[1356.766s][info ][gc             ] GC(44) Pause Young (Allocation Failure) 2072M->386M(2388M) 18.818ms
[1356.766s][info ][gc,cpu         ] GC(44) User=0.07s Sys=0.00s Real=0.01s
[1356.766s][info ][safepoint      ] Safepoint "ParallelGCFailedAllocation", Time since last: 345909274 ns, Reaching safepoint: 7501 ns, Cleanup: 4600 ns, At safepoint: 18889796 ns, Total: 18901897 ns
[1362.767s][info ][safepoint      ] Safepoint "Cleanup", Time since last: 6000439253 ns, Reaching safepoint: 7301 ns, Cleanup: 11400 ns, At safepoint: 27201 ns, Total: 45902 ns
[1363.767s][info ][safepoint      ] Safepoint "Cleanup", Time since last: 1000101900 ns, Reaching safepoint: 6701 ns, Cleanup: 11500 ns, At safepoint: 2500 ns, Total: 20701 ns
[1364.767s][info ][safepoint      ] Safepoint "Cleanup", Time since last: 1000104101 ns, Reaching safepoint: 6800 ns, Cleanup: 11000 ns, At safepoint: 2200 ns, Total: 20000 ns
[1376.768s][info ][safepoint      ] Safepoint "Cleanup", Time since last: 12000812966 ns, Reaching safepoint: 7600 ns, Cleanup: 14401 ns, At safepoint: 2500 ns, Total: 24501 ns
[1384.414s][info ][safepoint      ] Safepoint "Cleanup", Time since last: 7645713904 ns, Reaching safepoint: 6601 ns, Cleanup: 10700 ns, At safepoint: 2500 ns, Total: 19801 ns
[1386.414s][info ][safepoint      ] Safepoint "Cleanup", Time since last: 2000164715 ns, Reaching safepoint: 7200 ns, Cleanup: 12801 ns, At safepoint: 2200 ns, Total: 22201 ns
[1388.414s][info ][safepoint      ] Safepoint "Cleanup", Time since last: 2000169415 ns, Reaching safepoint: 6800 ns, Cleanup: 23601 ns, At safepoint: 5701 ns, Total: 36102 ns
[1389.414s][info ][safepoint      ] Safepoint "Cleanup", Time since last: 1000116408 ns, Reaching safepoint: 6701 ns, Cleanup: 11100 ns, At safepoint: 2100 ns, Total: 19901 ns
[1390.414s][info ][safepoint      ] Safepoint "Cleanup", Time since last: 1000104309 ns, Reaching safepoint: 7201 ns, Cleanup: 10900 ns, At safepoint: 2500 ns, Total: 20601 ns
[1394.415s][info ][safepoint      ] Safepoint "Cleanup", Time since last: 4000326406 ns, Reaching safepoint: 79503 ns, Cleanup: 6801 ns, At safepoint: 5500 ns, Total: 91804 ns
[1395.415s][info ][safepoint      ] Safepoint "Cleanup", Time since last: 1000117703 ns, Reaching safepoint: 7300 ns, Cleanup: 14101 ns, At safepoint: 2500 ns, Total: 23901 ns
[1396.415s][info ][safepoint      ] Safepoint "Cleanup", Time since last: 1000114403 ns, Reaching safepoint: 7800 ns, Cleanup: 13501 ns, At safepoint: 2100 ns, Total: 23401 ns
[1400.415s][info ][safepoint      ] Safepoint "Cleanup", Time since last: 4000307357 ns, Reaching safepoint: 7401 ns, Cleanup: 12300 ns, At safepoint: 2100 ns, Total: 21801 ns
[1403.416s][info ][safepoint      ] Safepoint "Cleanup", Time since last: 3000202920 ns, Reaching safepoint: 5500 ns, Cleanup: 7300 ns, At safepoint: 2000 ns, Total: 14800 ns
[1404.416s][info ][safepoint      ] Safepoint "Cleanup", Time since last: 1000059907 ns, Reaching safepoint: 5900 ns, Cleanup: 10600 ns, At safepoint: 2300 ns, Total: 18800 ns
[1406.416s][info ][safepoint      ] Safepoint "Cleanup", Time since last: 2000177344 ns, Reaching safepoint: 6600 ns, Cleanup: 12801 ns, At safepoint: 2100 ns, Total: 21501 ns
[1407.416s][info ][safepoint      ] Safepoint "Cleanup", Time since last: 1000129634 ns, Reaching safepoint: 7200 ns, Cleanup: 11101 ns, At safepoint: 2100 ns, Total: 20401 ns
[1408.416s][info ][safepoint      ] Safepoint "Cleanup", Time since last: 1000111733 ns, Reaching safepoint: 6900 ns, Cleanup: 11701 ns, At safepoint: 2200 ns, Total: 20801 ns
[1410.416s][info ][safepoint      ] Safepoint "Cleanup", Time since last: 2000176664 ns, Reaching safepoint: 7701 ns, Cleanup: 12300 ns, At safepoint: 2700 ns, Total: 22701 ns
[1411.416s][info ][safepoint      ] Safepoint "Cleanup", Time since last: 1000118934 ns, Reaching safepoint: 8000 ns, Cleanup: 12701 ns, At safepoint: 2400 ns, Total: 23101 ns
[1412.417s][info ][safepoint      ] Safepoint "Cleanup", Time since last: 1000121133 ns, Reaching safepoint: 7601 ns, Cleanup: 14500 ns, At safepoint: 2401 ns, Total: 24502 ns
[1415.417s][info ][safepoint      ] Safepoint "Cleanup", Time since last: 3000213761 ns, Reaching safepoint: 7500 ns, Cleanup: 12101 ns, At safepoint: 2500 ns, Total: 22101 ns
[1417.608s][info ][gc,start       ] GC(45) Pause Young (Allocation Failure)
[1417.625s][debug][gc,phases      ] GC(45) Scavenge 16.697ms
[1417.625s][debug][gc,ref         ] GC(45) ReferenceProcessor::execute queues: 1, RefProcThreadModel::Single, marks_oops_alive: false
[1417.625s][debug][gc,ref         ] GC(45) Skipped KeepAliveFinalRefsPhase of Reference Processing: no references
[1417.625s][debug][gc,ref         ] GC(45) ReferenceProcessor::execute queues: 1, RefProcThreadModel::Single, marks_oops_alive: false
[1417.625s][debug][gc,phases      ] GC(45) Reference Processing 0.126ms
[1417.626s][debug][gc,phases      ] GC(45)   VM Weak                        Min:  0.0, Avg:  0.0, Max:  0.0, Diff:  0.0, Sum:  0.0, Workers: 4
[1417.626s][debug][gc,phases      ] GC(45)     Dead                           Min: 0, Avg:  0.0, Max: 0, Diff: 0, Sum: 0, Workers: 4
[1417.626s][debug][gc,phases      ] GC(45)     Total                          Min: 58, Avg: 238.5, Max: 640, Diff: 582, Sum: 954, Workers: 4
[1417.626s][debug][gc,phases      ] GC(45)   ObjectSynchronizer Weak        Min:  0.0, Avg:  0.0, Max:  0.0, Diff:  0.0, Sum:  0.0, Workers: 4
[1417.626s][debug][gc,phases      ] GC(45)     Dead                           Min: 0, Avg:  0.0, Max: 0, Diff: 0, Sum: 0, Workers: 4
[1417.626s][debug][gc,phases      ] GC(45)     Total                          Min: 0, Avg:  1.0, Max: 4, Diff: 4, Sum: 4, Workers: 4
[1417.626s][debug][gc,phases      ] GC(45)   JVMTI Tag Weak OopStorage      Min:  0.0, Avg:  0.0, Max:  0.0, Diff:  0.0, Sum:  0.0, Workers: 4
[1417.626s][debug][gc,phases      ] GC(45)     Dead                           Min: 0, Avg:  0.0, Max: 0, Diff: 0, Sum: 0, Workers: 4
[1417.626s][debug][gc,phases      ] GC(45)     Total                          Min: 0, Avg:  0.0, Max: 0, Diff: 0, Sum: 0, Workers: 4
[1417.626s][debug][gc,phases      ] GC(45)   StringTable Weak               Min:  0.1, Avg:  0.1, Max:  0.1, Diff:  0.0, Sum:  0.5, Workers: 4
[1417.626s][debug][gc,phases      ] GC(45)     Dead                           Min: 0, Avg:  0.0, Max: 0, Diff: 0, Sum: 0, Workers: 4
[1417.626s][debug][gc,phases      ] GC(45)     Total                          Min: 10240, Avg: 11331.2, Max: 11981, Diff: 1741, Sum: 45325, Workers: 4
[1417.626s][debug][gc,phases      ] GC(45)   ResolvedMethodTable Weak       Min:  0.0, Avg:  0.0, Max:  0.0, Diff:  0.0, Sum:  0.1, Workers: 4
[1417.626s][debug][gc,phases      ] GC(45)     Dead                           Min: 0, Avg:  0.2, Max: 1, Diff: 1, Sum: 1, Workers: 4
[1417.626s][debug][gc,phases      ] GC(45)     Total                          Min: 2879, Avg: 3118.0, Max: 3324, Diff: 445, Sum: 12472, Workers: 4
[1417.626s][debug][gc,phases      ] GC(45)   JNI Weak                       Min:  0.0, Avg:  0.0, Max:  0.0, Diff:  0.0, Sum:  0.0, Workers: 4
[1417.626s][debug][gc,phases      ] GC(45)     Dead                           Min: 0, Avg:  0.0, Max: 0, Diff: 0, Sum: 0, Workers: 4
[1417.626s][debug][gc,phases      ] GC(45)     Total                          Min: 0, Avg: 12.0, Max: 48, Diff: 48, Sum: 48, Workers: 4
[1417.626s][debug][gc,phases      ] GC(45)   StringDedup Table Weak         Min:  0.0, Avg:  0.0, Max:  0.0, Diff:  0.0, Sum:  0.0, Workers: 4
[1417.626s][debug][gc,phases      ] GC(45)     Dead                           Min: 0, Avg:  0.0, Max: 0, Diff: 0, Sum: 0, Workers: 4
[1417.626s][debug][gc,phases      ] GC(45)     Total                          Min: 0, Avg:  0.0, Max: 0, Diff: 0, Sum: 0, Workers: 4
[1417.626s][debug][gc,phases      ] GC(45)   StringDedup Requests0 Weak     Min:  0.0, Avg:  0.0, Max:  0.0, Diff:  0.0, Sum:  0.0, Workers: 4
[1417.626s][debug][gc,phases      ] GC(45)     Dead                           Min: 0, Avg:  0.0, Max: 0, Diff: 0, Sum: 0, Workers: 4
[1417.626s][debug][gc,phases      ] GC(45)     Total                          Min: 0, Avg:  0.0, Max: 0, Diff: 0, Sum: 0, Workers: 4
[1417.626s][debug][gc,phases      ] GC(45)   StringDedup Requests1 Weak     Min:  0.0, Avg:  0.0, Max:  0.0, Diff:  0.0, Sum:  0.0, Workers: 4
[1417.626s][debug][gc,phases      ] GC(45)     Dead                           Min: 0, Avg:  0.0, Max: 0, Diff: 0, Sum: 0, Workers: 4
[1417.626s][debug][gc,phases      ] GC(45)     Total                          Min: 0, Avg:  0.0, Max: 0, Diff: 0, Sum: 0, Workers: 4
[1417.626s][debug][gc,phases      ] GC(45)   Weak JFR Old Object Samples    Min:  0.0, Avg:  0.0, Max:  0.0, Diff:  0.0, Sum:  0.0, Workers: 4
[1417.626s][debug][gc,phases      ] GC(45)     Dead                           Min: 0, Avg:  0.0, Max: 0, Diff: 0, Sum: 0, Workers: 4
[1417.626s][debug][gc,phases      ] GC(45)     Total                          Min: 0, Avg:  0.0, Max: 0, Diff: 0, Sum: 0, Workers: 4
[1417.626s][debug][gc,phases      ] GC(45) Weak Processing 0.354ms
[1417.626s][debug][gc,age         ] GC(45) Desired survivor size 158859264 bytes, new threshold 15 (max threshold 15)
[1417.626s][info ][gc,heap        ] GC(45) PSYoungGen: 1814913K(1934848K)->43584K(1925632K) Eden: 1763328K(1763328K)->0K(1763328K) From: 51585K(171520K)->43584K(162304K)
[1417.626s][info ][gc,heap        ] GC(45) ParOldGen: 344659K(510464K)->349281K(510464K)
[1417.626s][info ][gc,metaspace   ] GC(45) Metaspace: 89927K(91200K)->89927K(91200K) NonClass: 77096K(77824K)->77096K(77824K) Class: 12831K(13376K)->12831K(13376K)
[1417.626s][info ][gc             ] GC(45) Pause Young (Allocation Failure) 2108M->383M(2379M) 17.326ms
[1417.626s][info ][gc,cpu         ] GC(45) User=0.06s Sys=0.00s Real=0.01s
[1417.626s][info ][safepoint      ] Safepoint "ParallelGCFailedAllocation", Time since last: 2191663044 ns, Reaching safepoint: 6400 ns, Cleanup: 4300 ns, At safepoint: 17398900 ns, Total: 17409600 ns
[1420.626s][info ][safepoint      ] Safepoint "Cleanup", Time since last: 3000215863 ns, Reaching safepoint: 8000 ns, Cleanup: 11900 ns, At safepoint: 2501 ns, Total: 22401 ns
[1421.626s][info ][safepoint      ] Safepoint "Cleanup", Time since last: 1000108662 ns, Reaching safepoint: 7100 ns, Cleanup: 10700 ns, At safepoint: 2301 ns, Total: 20101 ns
[1423.626s][info ][safepoint      ] Safepoint "Cleanup", Time since last: 2000175794 ns, Reaching safepoint: 7100 ns, Cleanup: 11301 ns, At safepoint: 2400 ns, Total: 20801 ns
[1425.627s][info ][safepoint      ] Safepoint "Cleanup", Time since last: 2000171291 ns, Reaching safepoint: 7000 ns, Cleanup: 14400 ns, At safepoint: 2401 ns, Total: 23801 ns
[1432.627s][info ][safepoint      ] Safepoint "Cleanup", Time since last: 7000498747 ns, Reaching safepoint: 7801 ns, Cleanup: 11700 ns, At safepoint: 2200 ns, Total: 21701 ns
[1444.429s][info ][safepoint      ] Safepoint "Cleanup", Time since last: 11801689684 ns, Reaching safepoint: 7501 ns, Cleanup: 13900 ns, At safepoint: 2500 ns, Total: 23901 ns
[1447.429s][info ][safepoint      ] Safepoint "Cleanup", Time since last: 3000203244 ns, Reaching safepoint: 7700 ns, Cleanup: 11601 ns, At safepoint: 2400 ns, Total: 21701 ns
[1449.429s][info ][safepoint      ] Safepoint "Cleanup", Time since last: 2000183515 ns, Reaching safepoint: 9501 ns, Cleanup: 12900 ns, At safepoint: 2800 ns, Total: 25201 ns
[1458.430s][info ][safepoint      ] Safepoint "Cleanup", Time since last: 9000647496 ns, Reaching safepoint: 6800 ns, Cleanup: 11401 ns, At safepoint: 2600 ns, Total: 20801 ns
[1465.431s][info ][safepoint      ] Safepoint "Cleanup", Time since last: 7000537936 ns, Reaching safepoint: 7600 ns, Cleanup: 14101 ns, At safepoint: 24201 ns, Total: 45902 ns
[1477.431s][info ][safepoint      ] Safepoint "Cleanup", Time since last: 12000816672 ns, Reaching safepoint: 7100 ns, Cleanup: 12501 ns, At safepoint: 23701 ns, Total: 43302 ns
[1481.504s][info ][gc,start       ] GC(46) Pause Young (Allocation Failure)
[1481.521s][debug][gc,phases      ] GC(46) Scavenge 16.980ms
[1481.521s][debug][gc,ref         ] GC(46) ReferenceProcessor::execute queues: 1, RefProcThreadModel::Single, marks_oops_alive: false
[1481.521s][debug][gc,ref         ] GC(46) Skipped KeepAliveFinalRefsPhase of Reference Processing: no references
[1481.521s][debug][gc,ref         ] GC(46) ReferenceProcessor::execute queues: 1, RefProcThreadModel::Single, marks_oops_alive: false
[1481.521s][debug][gc,phases      ] GC(46) Reference Processing 0.115ms
[1481.522s][debug][gc,phases      ] GC(46)   VM Weak                        Min:  0.0, Avg:  0.0, Max:  0.0, Diff:  0.0, Sum:  0.0, Workers: 4
[1481.522s][debug][gc,phases      ] GC(46)     Dead                           Min: 0, Avg:  0.0, Max: 0, Diff: 0, Sum: 0, Workers: 4
[1481.522s][debug][gc,phases      ] GC(46)     Total                          Min: 0, Avg: 238.5, Max: 704, Diff: 704, Sum: 954, Workers: 4
[1481.522s][debug][gc,phases      ] GC(46)   ObjectSynchronizer Weak        Min:  0.0, Avg:  0.0, Max:  0.0, Diff:  0.0, Sum:  0.0, Workers: 4
[1481.522s][debug][gc,phases      ] GC(46)     Dead                           Min: 0, Avg:  0.0, Max: 0, Diff: 0, Sum: 0, Workers: 4
[1481.522s][debug][gc,phases      ] GC(46)     Total                          Min: 0, Avg:  0.8, Max: 3, Diff: 3, Sum: 3, Workers: 4
[1481.522s][debug][gc,phases      ] GC(46)   JVMTI Tag Weak OopStorage      Min:  0.0, Avg:  0.0, Max:  0.0, Diff:  0.0, Sum:  0.0, Workers: 4
[1481.522s][debug][gc,phases      ] GC(46)     Dead                           Min: 0, Avg:  0.0, Max: 0, Diff: 0, Sum: 0, Workers: 4
[1481.522s][debug][gc,phases      ] GC(46)     Total                          Min: 0, Avg:  0.0, Max: 0, Diff: 0, Sum: 0, Workers: 4
[1481.522s][debug][gc,phases      ] GC(46)   StringTable Weak               Min:  0.0, Avg:  0.1, Max:  0.2, Diff:  0.2, Sum:  0.5, Workers: 4
[1481.522s][debug][gc,phases      ] GC(46)     Dead                           Min: 0, Avg:  0.0, Max: 0, Diff: 0, Sum: 0, Workers: 4
[1481.522s][debug][gc,phases      ] GC(46)     Total                          Min: 0, Avg: 11331.5, Max: 15310, Diff: 15310, Sum: 45326, Workers: 4
[1481.522s][debug][gc,phases      ] GC(46)   ResolvedMethodTable Weak       Min:  0.0, Avg:  0.0, Max:  0.0, Diff:  0.0, Sum:  0.1, Workers: 4
[1481.522s][debug][gc,phases      ] GC(46)     Dead                           Min: 0, Avg:  0.0, Max: 0, Diff: 0, Sum: 0, Workers: 4
[1481.522s][debug][gc,phases      ] GC(46)     Total                          Min: 0, Avg: 3118.0, Max: 4351, Diff: 4351, Sum: 12472, Workers: 4
[1481.522s][debug][gc,phases      ] GC(46)   JNI Weak                       Min:  0.0, Avg:  0.0, Max:  0.0, Diff:  0.0, Sum:  0.0, Workers: 4
[1481.522s][debug][gc,phases      ] GC(46)     Dead                           Min: 0, Avg:  0.0, Max: 0, Diff: 0, Sum: 0, Workers: 4
[1481.522s][debug][gc,phases      ] GC(46)     Total                          Min: 0, Avg: 12.0, Max: 48, Diff: 48, Sum: 48, Workers: 4
[1481.522s][debug][gc,phases      ] GC(46)   StringDedup Table Weak         Min:  0.0, Avg:  0.0, Max:  0.0, Diff:  0.0, Sum:  0.0, Workers: 4
[1481.522s][debug][gc,phases      ] GC(46)     Dead                           Min: 0, Avg:  0.0, Max: 0, Diff: 0, Sum: 0, Workers: 4
[1481.522s][debug][gc,phases      ] GC(46)     Total                          Min: 0, Avg:  0.0, Max: 0, Diff: 0, Sum: 0, Workers: 4
[1481.522s][debug][gc,phases      ] GC(46)   StringDedup Requests0 Weak     Min:  0.0, Avg:  0.0, Max:  0.0, Diff:  0.0, Sum:  0.0, Workers: 4
[1481.522s][debug][gc,phases      ] GC(46)     Dead                           Min: 0, Avg:  0.0, Max: 0, Diff: 0, Sum: 0, Workers: 4
[1481.522s][debug][gc,phases      ] GC(46)     Total                          Min: 0, Avg:  0.0, Max: 0, Diff: 0, Sum: 0, Workers: 4
[1481.522s][debug][gc,phases      ] GC(46)   StringDedup Requests1 Weak     Min:  0.0, Avg:  0.0, Max:  0.0, Diff:  0.0, Sum:  0.0, Workers: 4
[1481.522s][debug][gc,phases      ] GC(46)     Dead                           Min: 0, Avg:  0.0, Max: 0, Diff: 0, Sum: 0, Workers: 4
[1481.522s][debug][gc,phases      ] GC(46)     Total                          Min: 0, Avg:  0.0, Max: 0, Diff: 0, Sum: 0, Workers: 4
[1481.522s][debug][gc,phases      ] GC(46)   Weak JFR Old Object Samples    Min:  0.0, Avg:  0.0, Max:  0.0, Diff:  0.0, Sum:  0.0, Workers: 4
[1481.522s][debug][gc,phases      ] GC(46)     Dead                           Min: 0, Avg:  0.0, Max: 0, Diff: 0, Sum: 0, Workers: 4
[1481.522s][debug][gc,phases      ] GC(46)     Total                          Min: 0, Avg:  0.0, Max: 0, Diff: 0, Sum: 0, Workers: 4
[1481.522s][debug][gc,phases      ] GC(46) Weak Processing 0.418ms
[1481.522s][debug][gc,age         ] GC(46) Desired survivor size 151519232 bytes, new threshold 15 (max threshold 15)
[1481.522s][info ][gc,heap        ] GC(46) PSYoungGen: 1806912K(1925632K)->43808K(1949184K) Eden: 1763328K(1763328K)->0K(1794048K) From: 43584K(162304K)->43808K(155136K)
[1481.522s][info ][gc,heap        ] GC(46) ParOldGen: 349281K(510464K)->349417K(510464K)
[1481.522s][info ][gc,metaspace   ] GC(46) Metaspace: 89938K(91200K)->89938K(91200K) NonClass: 77107K(77824K)->77107K(77824K) Class: 12831K(13376K)->12831K(13376K)
[1481.522s][info ][gc             ] GC(46) Pause Young (Allocation Failure) 2105M->384M(2402M) 17.670ms
[1481.522s][info ][gc,cpu         ] GC(46) User=0.05s Sys=0.00s Real=0.02s
[1481.522s][info ][safepoint      ] Safepoint "ParallelGCFailedAllocation", Time since last: 4072856810 ns, Reaching safepoint: 6900 ns, Cleanup: 3900 ns, At safepoint: 17756034 ns, Total: 17766834 ns
[1489.523s][info ][safepoint      ] Safepoint "Cleanup", Time since last: 8000564715 ns, Reaching safepoint: 8601 ns, Cleanup: 12500 ns, At safepoint: 2100 ns, Total: 23201 ns
[1493.523s][info ][safepoint      ] Safepoint "Cleanup", Time since last: 4000320789 ns, Reaching safepoint: 7800 ns, Cleanup: 13901 ns, At safepoint: 5900 ns, Total: 27601 ns
[1497.523s][info ][safepoint      ] Safepoint "Cleanup", Time since last: 4000309164 ns, Reaching safepoint: 8801 ns, Cleanup: 35901 ns, At safepoint: 2200 ns, Total: 46902 ns
[1499.524s][info ][safepoint      ] Safepoint "Cleanup", Time since last: 2000181453 ns, Reaching safepoint: 7301 ns, Cleanup: 29501 ns, At safepoint: 2200 ns, Total: 39002 ns
[1501.444s][info ][safepoint      ] Safepoint "Cleanup", Time since last: 1920132753 ns, Reaching safepoint: 6101 ns, Cleanup: 14000 ns, At safepoint: 2300 ns, Total: 22401 ns
[1503.444s][info ][safepoint      ] Safepoint "Cleanup", Time since last: 2000176772 ns, Reaching safepoint: 6401 ns, Cleanup: 15800 ns, At safepoint: 2300 ns, Total: 24501 ns
[1504.444s][info ][safepoint      ] Safepoint "Cleanup", Time since last: 1000121240 ns, Reaching safepoint: 7700 ns, Cleanup: 11800 ns, At safepoint: 2400 ns, Total: 21900 ns
[1509.444s][info ][safepoint      ] Safepoint "Cleanup", Time since last: 5000370687 ns, Reaching safepoint: 6500 ns, Cleanup: 18601 ns, At safepoint: 2300 ns, Total: 27401 ns
[1510.445s][info ][safepoint      ] Safepoint "Cleanup", Time since last: 1000123626 ns, Reaching safepoint: 7000 ns, Cleanup: 11501 ns, At safepoint: 2100 ns, Total: 20601 ns
[1511.445s][info ][safepoint      ] Safepoint "Cleanup", Time since last: 1000107939 ns, Reaching safepoint: 6200 ns, Cleanup: 9300 ns, At safepoint: 2001 ns, Total: 17501 ns
[1512.445s][info ][safepoint      ] Safepoint "Cleanup", Time since last: 1000120639 ns, Reaching safepoint: 6900 ns, Cleanup: 16801 ns, At safepoint: 2500 ns, Total: 26201 ns
[1518.445s][info ][safepoint      ] Safepoint "Cleanup", Time since last: 6000400210 ns, Reaching safepoint: 7100 ns, Cleanup: 17401 ns, At safepoint: 2300 ns, Total: 26801 ns
[1527.446s][info ][safepoint      ] Safepoint "Cleanup", Time since last: 9000653392 ns, Reaching safepoint: 7900 ns, Cleanup: 14701 ns, At safepoint: 7600 ns, Total: 30201 ns
[1529.446s][info ][safepoint      ] Safepoint "Cleanup", Time since last: 2000184171 ns, Reaching safepoint: 5801 ns, Cleanup: 10600 ns, At safepoint: 2300 ns, Total: 18701 ns
[1532.446s][info ][safepoint      ] Safepoint "Cleanup", Time since last: 3000242806 ns, Reaching safepoint: 6300 ns, Cleanup: 12401 ns, At safepoint: 2000 ns, Total: 20701 ns
[1534.447s][info ][safepoint      ] Safepoint "Cleanup", Time since last: 2000135134 ns, Reaching safepoint: 7100 ns, Cleanup: 13000 ns, At safepoint: 5001 ns, Total: 25101 ns
[1536.447s][info ][safepoint      ] Safepoint "Cleanup", Time since last: 2000220712 ns, Reaching safepoint: 77903 ns, Cleanup: 9801 ns, At safepoint: 6500 ns, Total: 94204 ns
[1537.447s][info ][safepoint      ] Safepoint "Cleanup", Time since last: 1000108856 ns, Reaching safepoint: 76603 ns, Cleanup: 9901 ns, At safepoint: 6300 ns, Total: 92804 ns
[1538.447s][info ][safepoint      ] Safepoint "Cleanup", Time since last: 1000109556 ns, Reaching safepoint: 75403 ns, Cleanup: 12201 ns, At safepoint: 5400 ns, Total: 93004 ns
[1539.448s][info ][safepoint      ] Safepoint "Cleanup", Time since last: 1000112756 ns, Reaching safepoint: 78304 ns, Cleanup: 14000 ns, At safepoint: 6900 ns, Total: 99204 ns
[1542.064s][info ][gc,start       ] GC(47) Pause Young (Allocation Failure)
[1542.077s][debug][gc,phases      ] GC(47) Scavenge 13.110ms
[1542.077s][debug][gc,ref         ] GC(47) ReferenceProcessor::execute queues: 1, RefProcThreadModel::Single, marks_oops_alive: false
[1542.078s][debug][gc,ref         ] GC(47) Skipped KeepAliveFinalRefsPhase of Reference Processing: no references
[1542.078s][debug][gc,ref         ] GC(47) ReferenceProcessor::execute queues: 1, RefProcThreadModel::Single, marks_oops_alive: false
[1542.078s][debug][gc,phases      ] GC(47) Reference Processing 0.130ms
[1542.078s][debug][gc,phases      ] GC(47)   VM Weak                        Min:  0.0, Avg:  0.0, Max:  0.0, Diff:  0.0, Sum:  0.0, Workers: 4
[1542.078s][debug][gc,phases      ] GC(47)     Dead                           Min: 0, Avg:  0.0, Max: 0, Diff: 0, Sum: 0, Workers: 4
[1542.078s][debug][gc,phases      ] GC(47)     Total                          Min: 0, Avg: 238.5, Max: 640, Diff: 640, Sum: 954, Workers: 4
[1542.078s][debug][gc,phases      ] GC(47)   ObjectSynchronizer Weak        Min:  0.0, Avg:  0.0, Max:  0.0, Diff:  0.0, Sum:  0.0, Workers: 4
[1542.078s][debug][gc,phases      ] GC(47)     Dead                           Min: 0, Avg:  0.0, Max: 0, Diff: 0, Sum: 0, Workers: 4
[1542.078s][debug][gc,phases      ] GC(47)     Total                          Min: 0, Avg:  1.0, Max: 4, Diff: 4, Sum: 4, Workers: 4
[1542.078s][debug][gc,phases      ] GC(47)   JVMTI Tag Weak OopStorage      Min:  0.0, Avg:  0.0, Max:  0.0, Diff:  0.0, Sum:  0.0, Workers: 4
[1542.078s][debug][gc,phases      ] GC(47)     Dead                           Min: 0, Avg:  0.0, Max: 0, Diff: 0, Sum: 0, Workers: 4
[1542.078s][debug][gc,phases      ] GC(47)     Total                          Min: 0, Avg:  0.0, Max: 0, Diff: 0, Sum: 0, Workers: 4
[1542.078s][debug][gc,phases      ] GC(47)   StringTable Weak               Min:  0.0, Avg:  0.1, Max:  0.2, Diff:  0.2, Sum:  0.5, Workers: 4
[1542.078s][debug][gc,phases      ] GC(47)     Dead                           Min: 0, Avg:  0.0, Max: 0, Diff: 0, Sum: 0, Workers: 4
[1542.078s][debug][gc,phases      ] GC(47)     Total                          Min: 0, Avg: 11334.2, Max: 15872, Diff: 15872, Sum: 45337, Workers: 4
[1542.078s][debug][gc,phases      ] GC(47)   ResolvedMethodTable Weak       Min:  0.0, Avg:  0.0, Max:  0.0, Diff:  0.0, Sum:  0.1, Workers: 4
[1542.078s][debug][gc,phases      ] GC(47)     Dead                           Min: 0, Avg:  0.2, Max: 1, Diff: 1, Sum: 1, Workers: 4
[1542.078s][debug][gc,phases      ] GC(47)     Total                          Min: 0, Avg: 3118.5, Max: 4478, Diff: 4478, Sum: 12474, Workers: 4
[1542.078s][debug][gc,phases      ] GC(47)   JNI Weak                       Min:  0.0, Avg:  0.0, Max:  0.0, Diff:  0.0, Sum:  0.0, Workers: 4
[1542.078s][debug][gc,phases      ] GC(47)     Dead                           Min: 0, Avg:  0.0, Max: 0, Diff: 0, Sum: 0, Workers: 4
[1542.078s][debug][gc,phases      ] GC(47)     Total                          Min: 0, Avg: 12.0, Max: 48, Diff: 48, Sum: 48, Workers: 4
[1542.078s][debug][gc,phases      ] GC(47)   StringDedup Table Weak         Min:  0.0, Avg:  0.0, Max:  0.0, Diff:  0.0, Sum:  0.0, Workers: 4
[1542.078s][debug][gc,phases      ] GC(47)     Dead                           Min: 0, Avg:  0.0, Max: 0, Diff: 0, Sum: 0, Workers: 4
[1542.078s][debug][gc,phases      ] GC(47)     Total                          Min: 0, Avg:  0.0, Max: 0, Diff: 0, Sum: 0, Workers: 4
[1542.078s][debug][gc,phases      ] GC(47)   StringDedup Requests0 Weak     Min:  0.0, Avg:  0.0, Max:  0.0, Diff:  0.0, Sum:  0.0, Workers: 4
[1542.078s][debug][gc,phases      ] GC(47)     Dead                           Min: 0, Avg:  0.0, Max: 0, Diff: 0, Sum: 0, Workers: 4
[1542.078s][debug][gc,phases      ] GC(47)     Total                          Min: 0, Avg:  0.0, Max: 0, Diff: 0, Sum: 0, Workers: 4
[1542.078s][debug][gc,phases      ] GC(47)   StringDedup Requests1 Weak     Min:  0.0, Avg:  0.0, Max:  0.0, Diff:  0.0, Sum:  0.0, Workers: 4
[1542.078s][debug][gc,phases      ] GC(47)     Dead                           Min: 0, Avg:  0.0, Max: 0, Diff: 0, Sum: 0, Workers: 4
[1542.078s][debug][gc,phases      ] GC(47)     Total                          Min: 0, Avg:  0.0, Max: 0, Diff: 0, Sum: 0, Workers: 4
[1542.078s][debug][gc,phases      ] GC(47)   Weak JFR Old Object Samples    Min:  0.0, Avg:  0.0, Max:  0.0, Diff:  0.0, Sum:  0.0, Workers: 4
[1542.078s][debug][gc,phases      ] GC(47)     Dead                           Min: 0, Avg:  0.0, Max: 0, Diff: 0, Sum: 0, Workers: 4
[1542.078s][debug][gc,phases      ] GC(47)     Total                          Min: 0, Avg:  0.0, Max: 0, Diff: 0, Sum: 0, Workers: 4
[1542.078s][debug][gc,phases      ] GC(47) Weak Processing 0.389ms
[1542.078s][debug][gc,age         ] GC(47) Desired survivor size 144703488 bytes, new threshold 15 (max threshold 15)
[1542.078s][info ][gc,heap        ] GC(47) PSYoungGen: 1837856K(1949184K)->43866K(1942016K) Eden: 1794048K(1794048K)->0K(1794048K) From: 43808K(155136K)->43866K(147968K)
[1542.078s][info ][gc,heap        ] GC(47) ParOldGen: 349417K(510464K)->349597K(510464K)
[1542.078s][info ][gc,metaspace   ] GC(47) Metaspace: 89964K(91200K)->89964K(91200K) NonClass: 77133K(77824K)->77133K(77824K) Class: 12831K(13376K)->12831K(13376K)
[1542.078s][info ][gc             ] GC(47) Pause Young (Allocation Failure) 2136M->384M(2395M) 13.758ms
[1542.078s][info ][gc,cpu         ] GC(47) User=0.06s Sys=0.00s Real=0.01s
[1542.078s][info ][safepoint      ] Safepoint "ParallelGCFailedAllocation", Time since last: 2616654287 ns, Reaching safepoint: 5400 ns, Cleanup: 10201 ns, At safepoint: 13831858 ns, Total: 13847459 ns
[1544.078s][info ][safepoint      ] Safepoint "Cleanup", Time since last: 2000191924 ns, Reaching safepoint: 7700 ns, Cleanup: 18301 ns, At safepoint: 2600 ns, Total: 28601 ns
[1546.078s][info ][safepoint      ] Safepoint "Cleanup", Time since last: 2000165085 ns, Reaching safepoint: 7300 ns, Cleanup: 12001 ns, At safepoint: 2200 ns, Total: 21501 ns
[1549.079s][info ][safepoint      ] Safepoint "Cleanup", Time since last: 3000219325 ns, Reaching safepoint: 7901 ns, Cleanup: 11500 ns, At safepoint: 2300 ns, Total: 21701 ns
[1551.079s][info ][safepoint      ] Safepoint "Cleanup", Time since last: 2000187202 ns, Reaching safepoint: 8201 ns, Cleanup: 17901 ns, At safepoint: 2400 ns, Total: 28502 ns
[1553.079s][info ][safepoint      ] Safepoint "Cleanup", Time since last: 2000179728 ns, Reaching safepoint: 6701 ns, Cleanup: 10700 ns, At safepoint: 2500 ns, Total: 19901 ns
[1561.460s][info ][safepoint      ] Safepoint "Cleanup", Time since last: 8381209045 ns, Reaching safepoint: 147106 ns, Cleanup: 12801 ns, At safepoint: 9800 ns, Total: 169707 ns
[1562.461s][info ][safepoint      ] Safepoint "Cleanup", Time since last: 1000128068 ns, Reaching safepoint: 6800 ns, Cleanup: 17201 ns, At safepoint: 2500 ns, Total: 26501 ns
[1564.461s][info ][safepoint      ] Safepoint "Cleanup", Time since last: 2000181433 ns, Reaching safepoint: 7300 ns, Cleanup: 14601 ns, At safepoint: 2200 ns, Total: 24101 ns
[1568.461s][info ][safepoint      ] Safepoint "Cleanup", Time since last: 4000303592 ns, Reaching safepoint: 6901 ns, Cleanup: 11400 ns, At safepoint: 2200 ns, Total: 20501 ns
[1571.461s][info ][safepoint      ] Safepoint "Cleanup", Time since last: 3000250706 ns, Reaching safepoint: 8201 ns, Cleanup: 17300 ns, At safepoint: 2701 ns, Total: 28202 ns
[1572.462s][info ][safepoint      ] Safepoint "Cleanup", Time since last: 1000120170 ns, Reaching safepoint: 7700 ns, Cleanup: 10500 ns, At safepoint: 2201 ns, Total: 20401 ns
[1574.462s][info ][safepoint      ] Safepoint "Cleanup", Time since last: 2000186042 ns, Reaching safepoint: 9000 ns, Cleanup: 17701 ns, At safepoint: 2500 ns, Total: 29201 ns
[1577.462s][info ][safepoint      ] Safepoint "Cleanup", Time since last: 3000277642 ns, Reaching safepoint: 7701 ns, Cleanup: 15000 ns, At safepoint: 2300 ns, Total: 25001 ns
[1580.462s][info ][safepoint      ] Safepoint "Cleanup", Time since last: 3000269967 ns, Reaching safepoint: 7300 ns, Cleanup: 10601 ns, At safepoint: 2200 ns, Total: 20101 ns
[1582.463s][info ][safepoint      ] Safepoint "Cleanup", Time since last: 2000164491 ns, Reaching safepoint: 6300 ns, Cleanup: 7100 ns, At safepoint: 2100 ns, Total: 15500 ns
[1583.463s][info ][safepoint      ] Safepoint "Cleanup", Time since last: 1000108544 ns, Reaching safepoint: 6600 ns, Cleanup: 12901 ns, At safepoint: 2400 ns, Total: 21901 ns
[1587.463s][info ][safepoint      ] Safepoint "Cleanup", Time since last: 4000324275 ns, Reaching safepoint: 6600 ns, Cleanup: 18301 ns, At safepoint: 6200 ns, Total: 31101 ns
[1589.463s][info ][safepoint      ] Safepoint "Cleanup", Time since last: 2000191989 ns, Reaching safepoint: 77203 ns, Cleanup: 37502 ns, At safepoint: 5200 ns, Total: 119905 ns
[1590.463s][info ][safepoint      ] Safepoint "Cleanup", Time since last: 1000100186 ns, Reaching safepoint: 8200 ns, Cleanup: 29201 ns, At safepoint: 6700 ns, Total: 44101 ns
[1591.464s][info ][safepoint      ] Safepoint "Cleanup", Time since last: 1000109743 ns, Reaching safepoint: 8700 ns, Cleanup: 13500 ns, At safepoint: 5501 ns, Total: 27701 ns
[1593.464s][info ][safepoint      ] Safepoint "Cleanup", Time since last: 2000183683 ns, Reaching safepoint: 7700 ns, Cleanup: 13101 ns, At safepoint: 2400 ns, Total: 23201 ns
[1595.464s][info ][safepoint      ] Safepoint "Cleanup", Time since last: 2000162182 ns, Reaching safepoint: 7801 ns, Cleanup: 12100 ns, At safepoint: 2200 ns, Total: 22101 ns
[1596.464s][info ][safepoint      ] Safepoint "Cleanup", Time since last: 1000109842 ns, Reaching safepoint: 6501 ns, Cleanup: 8500 ns, At safepoint: 1900 ns, Total: 16901 ns
[1597.464s][info ][safepoint      ] Safepoint "Cleanup", Time since last: 1000089342 ns, Reaching safepoint: 8600 ns, Cleanup: 15301 ns, At safepoint: 2600 ns, Total: 26501 ns
[1699.895s][info ][gc,start       ] GC(48) Pause Young (Allocation Failure)
[1699.901s][debug][gc,phases      ] GC(48) Scavenge 5.849ms
[1699.901s][debug][gc,ref         ] GC(48) ReferenceProcessor::execute queues: 1, RefProcThreadModel::Single, marks_oops_alive: false
[1699.901s][debug][gc,ref         ] GC(48) Skipped KeepAliveFinalRefsPhase of Reference Processing: no references
[1699.901s][debug][gc,ref         ] GC(48) ReferenceProcessor::execute queues: 1, RefProcThreadModel::Single, marks_oops_alive: false
[1699.901s][debug][gc,phases      ] GC(48) Reference Processing 0.114ms
[1699.901s][debug][gc,phases      ] GC(48)   VM Weak                        Min:  0.0, Avg:  0.0, Max:  0.0, Diff:  0.0, Sum:  0.0, Workers: 4
[1699.901s][debug][gc,phases      ] GC(48)     Dead                           Min: 0, Avg:  0.0, Max: 0, Diff: 0, Sum: 0, Workers: 4
[1699.901s][debug][gc,phases      ] GC(48)     Total                          Min: 0, Avg: 238.8, Max: 576, Diff: 576, Sum: 955, Workers: 4
[1699.902s][debug][gc,phases      ] GC(48)   ObjectSynchronizer Weak        Min:  0.0, Avg:  0.0, Max:  0.0, Diff:  0.0, Sum:  0.0, Workers: 4
[1699.902s][debug][gc,phases      ] GC(48)     Dead                           Min: 0, Avg:  0.0, Max: 0, Diff: 0, Sum: 0, Workers: 4
[1699.902s][debug][gc,phases      ] GC(48)     Total                          Min: 0, Avg:  0.8, Max: 3, Diff: 3, Sum: 3, Workers: 4
[1699.902s][debug][gc,phases      ] GC(48)   JVMTI Tag Weak OopStorage      Min:  0.0, Avg:  0.0, Max:  0.0, Diff:  0.0, Sum:  0.0, Workers: 4
[1699.902s][debug][gc,phases      ] GC(48)     Dead                           Min: 0, Avg:  0.0, Max: 0, Diff: 0, Sum: 0, Workers: 4
[1699.902s][debug][gc,phases      ] GC(48)     Total                          Min: 0, Avg:  0.0, Max: 0, Diff: 0, Sum: 0, Workers: 4
[1699.902s][debug][gc,phases      ] GC(48)   StringTable Weak               Min:  0.0, Avg:  0.1, Max:  0.2, Diff:  0.2, Sum:  0.5, Workers: 4
[1699.902s][debug][gc,phases      ] GC(48)     Dead                           Min: 0, Avg:  0.0, Max: 0, Diff: 0, Sum: 0, Workers: 4
[1699.902s][debug][gc,phases      ] GC(48)     Total                          Min: 0, Avg: 11339.5, Max: 18496, Diff: 18496, Sum: 45358, Workers: 4
[1699.902s][debug][gc,phases      ] GC(48)   ResolvedMethodTable Weak       Min:  0.0, Avg:  0.0, Max:  0.0, Diff:  0.0, Sum:  0.1, Workers: 4
[1699.902s][debug][gc,phases      ] GC(48)     Dead                           Min: 0, Avg:  1.2, Max: 5, Diff: 5, Sum: 5, Workers: 4
[1699.902s][debug][gc,phases      ] GC(48)     Total                          Min: 0, Avg: 3122.2, Max: 4298, Diff: 4298, Sum: 12489, Workers: 4
[1699.902s][debug][gc,phases      ] GC(48)   JNI Weak                       Min:  0.0, Avg:  0.0, Max:  0.0, Diff:  0.0, Sum:  0.0, Workers: 4
[1699.902s][debug][gc,phases      ] GC(48)     Dead                           Min: 0, Avg:  0.0, Max: 0, Diff: 0, Sum: 0, Workers: 4
[1699.902s][debug][gc,phases      ] GC(48)     Total                          Min: 0, Avg: 12.0, Max: 48, Diff: 48, Sum: 48, Workers: 4
[1699.902s][debug][gc,phases      ] GC(48)   StringDedup Table Weak         Min:  0.0, Avg:  0.0, Max:  0.0, Diff:  0.0, Sum:  0.0, Workers: 4
[1699.902s][debug][gc,phases      ] GC(48)     Dead                           Min: 0, Avg:  0.0, Max: 0, Diff: 0, Sum: 0, Workers: 4
[1699.902s][debug][gc,phases      ] GC(48)     Total                          Min: 0, Avg:  0.0, Max: 0, Diff: 0, Sum: 0, Workers: 4
[1699.902s][debug][gc,phases      ] GC(48)   StringDedup Requests0 Weak     Min:  0.0, Avg:  0.0, Max:  0.0, Diff:  0.0, Sum:  0.0, Workers: 4
[1699.902s][debug][gc,phases      ] GC(48)     Dead                           Min: 0, Avg:  0.0, Max: 0, Diff: 0, Sum: 0, Workers: 4
[1699.902s][debug][gc,phases      ] GC(48)     Total                          Min: 0, Avg:  0.0, Max: 0, Diff: 0, Sum: 0, Workers: 4
[1699.902s][debug][gc,phases      ] GC(48)   StringDedup Requests1 Weak     Min:  0.0, Avg:  0.0, Max:  0.0, Diff:  0.0, Sum:  0.0, Workers: 4
[1699.902s][debug][gc,phases      ] GC(48)     Dead                           Min: 0, Avg:  0.0, Max: 0, Diff: 0, Sum: 0, Workers: 4
[1699.902s][debug][gc,phases      ] GC(48)     Total                          Min: 0, Avg:  0.0, Max: 0, Diff: 0, Sum: 0, Workers: 4
[1699.902s][debug][gc,phases      ] GC(48)   Weak JFR Old Object Samples    Min:  0.0, Avg:  0.0, Max:  0.0, Diff:  0.0, Sum:  0.0, Workers: 4
[1699.902s][debug][gc,phases      ] GC(48)     Dead                           Min: 0, Avg:  0.0, Max: 0, Diff: 0, Sum: 0, Workers: 4
[1699.902s][debug][gc,phases      ] GC(48)     Total                          Min: 0, Avg:  0.0, Max: 0, Diff: 0, Sum: 0, Workers: 4
[1699.902s][debug][gc,phases      ] GC(48) Weak Processing 0.422ms
[1699.902s][debug][gc,age         ] GC(48) Desired survivor size 143654912 bytes, new threshold 15 (max threshold 15)
[1699.902s][info ][gc,heap        ] GC(48) PSYoungGen: 1837914K(1942016K)->12272K(1956864K) Eden: 1794048K(1794048K)->0K(1815552K) From: 43866K(147968K)->12272K(141312K)
[1699.902s][info ][gc,heap        ] GC(48) ParOldGen: 349597K(510464K)->349637K(510464K)
[1699.902s][info ][gc,metaspace   ] GC(48) Metaspace: 90071K(91328K)->90071K(91328K) NonClass: 77227K(77952K)->77227K(77952K) Class: 12843K(13376K)->12843K(13376K)
[1699.902s][info ][gc             ] GC(48) Pause Young (Allocation Failure) 2136M->353M(2409M) 6.527ms
[1699.902s][info ][gc,cpu         ] GC(48) User=0.02s Sys=0.00s Real=0.01s
[1699.902s][info ][safepoint      ] Safepoint "ParallelGCFailedAllocation", Time since last: 102430824419 ns, Reaching safepoint: 8900 ns, Cleanup: 4201 ns, At safepoint: 6609044 ns, Total: 6622145 ns
[1710.635s][info ][safepoint      ] Safepoint "JFRCheckpoint", Time since last: 10733628747 ns, Reaching safepoint: 75803 ns, Cleanup: 22100 ns, At safepoint: 29302 ns, Total: 127205 ns
[1710.638s][info ][gc,heap,exit   ] Heap
[1710.638s][info ][gc,heap,exit   ]  PSYoungGen      total 1956864K, used 121670K [0x0000000780000000, 0x0000000800000000, 0x0000000800000000)
[1710.638s][info ][gc,heap,exit   ]   eden space 1815552K, 6% used [0x0000000780000000,0x0000000786ad5698,0x00000007eed00000)
[1710.638s][info ][gc,heap,exit   ]   from space 141312K, 8% used [0x00000007f7600000,0x00000007f81fc300,0x0000000800000000)
[1710.638s][info ][gc,heap,exit   ]   to   space 140288K, 0% used [0x00000007eed00000,0x00000007eed00000,0x00000007f7600000)
[1710.638s][info ][gc,heap,exit   ]  ParOldGen       total 510464K, used 349637K [0x00000006c0000000, 0x00000006df280000, 0x0000000780000000)
[1710.638s][info ][gc,heap,exit   ]   object space 510464K, 68% used [0x00000006c0000000,0x00000006d5571580,0x00000006df280000)
[1710.638s][info ][gc,heap,exit   ]  Metaspace       used 90194K, committed 91392K, reserved 1179648K
[1710.638s][info ][gc,heap,exit   ]   class space    used 12865K, committed 13376K, reserved 1048576K
