[0.003s][info][gc,init] CardTable entry size: 512
[0.003s][info][gc     ] Using Parallel
[0.004s][info][gc,init] Version: 21.0.3+9-LTS (release)
[0.004s][info][gc,init] CPUs: 4 total, 4 available
[0.004s][info][gc,init] Memory: 15991M
[0.004s][info][gc,init] Large Page Support: Disabled
[0.004s][info][gc,init] NUMA Support: Disabled
[0.004s][info][gc,init] Compressed Oops: Enabled (Zero based)
[0.004s][info][gc,init] Alignments: Space 512K, Generation 512K, Heap 2M
[0.004s][info][gc,init] Heap Min Capacity: 2054M
[0.004s][info][gc,init] Heap Initial Capacity: 2054M
[0.004s][info][gc,init] Heap Max Capacity: 5G
[0.004s][info][gc,init] Pre-touch: Disabled
[0.004s][info][gc,init] Parallel Workers: 4
[0.009s][info][gc,metaspace] CDS archive(s) mapped at: [0x00007fb105000000-0x00007fb105caa000-0x00007fb105caa000), size 13279232, SharedBaseAddress: 0x00007fb105000000, ArchiveRelocationMode: 1.
[0.009s][info][gc,metaspace] Compressed class space mapped at: 0x00007fb106000000-0x00007fb146000000, reserved size: 1073741824
[0.009s][info][gc,metaspace] Narrow klass base: 0x00007fb105000000, Narrow klass shift: 0, Narrow klass range: 0x100000000
[0.226s][info][safepoint   ] Safepoint "ICBufferFull", Time since last: 211274155 ns, Reaching safepoint: 82200 ns, Cleanup: 113700 ns, At safepoint: 10900 ns, Total: 206800 ns
[0.383s][info][safepoint   ] Safepoint "RedefineClasses", Time since last: 151195338 ns, Reaching safepoint: 80601 ns, Cleanup: 90500 ns, At safepoint: 5173701 ns, Total: 5344802 ns
[0.484s][info][safepoint   ] Safepoint "JFRCheckpoint", Time since last: 100784026 ns, Reaching safepoint: 4000 ns, Cleanup: 50300 ns, At safepoint: 12400 ns, Total: 66700 ns
[0.955s][info][safepoint   ] Safepoint "ICBufferFull", Time since last: 470618421 ns, Reaching safepoint: 77600 ns, Cleanup: 109700 ns, At safepoint: 8300 ns, Total: 195600 ns
[1.179s][info][safepoint   ] Safepoint "ICBufferFull", Time since last: 223813057 ns, Reaching safepoint: 60100 ns, Cleanup: 136400 ns, At safepoint: 13100 ns, Total: 209600 ns
[1.566s][info][gc,start    ] GC(0) Pause Young (Metadata GC Threshold)
[1.581s][debug][gc,phases   ] GC(0) Scavenge 14.532ms
[1.581s][debug][gc,ref      ] GC(0) ReferenceProcessor::execute queues: 2, RefProcThreadModel::Multi, marks_oops_alive: false
[1.581s][debug][gc,ref      ] GC(0) ReferenceProcessor::execute queues: 4, RefProcThreadModel::Multi, marks_oops_alive: true
[1.581s][debug][gc,ref      ] GC(0) ReferenceProcessor::execute queues: 1, RefProcThreadModel::Single, marks_oops_alive: false
[1.581s][debug][gc,phases   ] GC(0) Reference Processing 0.516ms
[1.581s][debug][gc,phases   ] GC(0)   VM Weak                        Min:  0.0, Avg:  0.0, Max:  0.0, Diff:  0.0, Sum:  0.0, Workers: 4
[1.581s][debug][gc,phases   ] GC(0)     Dead                           Min: 0, Avg:  0.0, Max: 0, Diff: 0, Sum: 0, Workers: 4
[1.581s][debug][gc,phases   ] GC(0)     Total                          Min: 0, Avg: 63.0, Max: 128, Diff: 128, Sum: 252, Workers: 4
[1.581s][debug][gc,phases   ] GC(0)   ObjectSynchronizer Weak        Min:  0.0, Avg:  0.0, Max:  0.0, Diff:  0.0, Sum:  0.0, Workers: 4
[1.581s][debug][gc,phases   ] GC(0)     Dead                           Min: 0, Avg:  1.0, Max: 4, Diff: 4, Sum: 4, Workers: 4
[1.581s][debug][gc,phases   ] GC(0)     Total                          Min: 0, Avg:  2.2, Max: 9, Diff: 9, Sum: 9, Workers: 4
[1.581s][debug][gc,phases   ] GC(0)   JVMTI Tag Weak OopStorage      Min:  0.0, Avg:  0.0, Max:  0.0, Diff:  0.0, Sum:  0.0, Workers: 4
[1.582s][debug][gc,phases   ] GC(0)     Dead                           Min: 0, Avg:  0.0, Max: 0, Diff: 0, Sum: 0, Workers: 4
[1.582s][debug][gc,phases   ] GC(0)     Total                          Min: 0, Avg:  0.0, Max: 0, Diff: 0, Sum: 0, Workers: 4
[1.582s][debug][gc,phases   ] GC(0)   StringTable Weak               Min:  0.0, Avg:  0.0, Max:  0.0, Diff:  0.0, Sum:  0.2, Workers: 4
[1.582s][debug][gc,phases   ] GC(0)     Dead                           Min: 1, Avg:  7.2, Max: 23, Diff: 22, Sum: 29, Workers: 4
[1.582s][debug][gc,phases   ] GC(0)     Total                          Min: 1600, Avg: 1872.2, Max: 2049, Diff: 449, Sum: 7489, Workers: 4
[1.582s][debug][gc,phases   ] GC(0)   ResolvedMethodTable Weak       Min:  0.0, Avg:  0.0, Max:  0.0, Diff:  0.0, Sum:  0.1, Workers: 4
[1.582s][debug][gc,phases   ] GC(0)     Dead                           Min: 52, Avg: 84.2, Max: 116, Diff: 64, Sum: 337, Workers: 4
[1.582s][debug][gc,phases   ] GC(0)     Total                          Min: 414, Avg: 455.5, Max: 512, Diff: 98, Sum: 1822, Workers: 4
[1.582s][debug][gc,phases   ] GC(0)   JNI Weak                       Min:  0.0, Avg:  0.0, Max:  0.0, Diff:  0.0, Sum:  0.0, Workers: 4
[1.582s][debug][gc,phases   ] GC(0)     Dead                           Min: 0, Avg:  0.0, Max: 0, Diff: 0, Sum: 0, Workers: 4
[1.582s][debug][gc,phases   ] GC(0)     Total                          Min: 0, Avg: 12.0, Max: 48, Diff: 48, Sum: 48, Workers: 4
[1.582s][debug][gc,phases   ] GC(0)   StringDedup Table Weak         Min:  0.0, Avg:  0.0, Max:  0.0, Diff:  0.0, Sum:  0.0, Workers: 4
[1.582s][debug][gc,phases   ] GC(0)     Dead                           Min: 0, Avg:  0.0, Max: 0, Diff: 0, Sum: 0, Workers: 4
[1.582s][debug][gc,phases   ] GC(0)     Total                          Min: 0, Avg:  0.0, Max: 0, Diff: 0, Sum: 0, Workers: 4
[1.582s][debug][gc,phases   ] GC(0)   StringDedup Requests0 Weak     Min:  0.0, Avg:  0.0, Max:  0.0, Diff:  0.0, Sum:  0.0, Workers: 4
[1.582s][debug][gc,phases   ] GC(0)     Dead                           Min: 0, Avg:  0.0, Max: 0, Diff: 0, Sum: 0, Workers: 4
[1.582s][debug][gc,phases   ] GC(0)     Total                          Min: 0, Avg:  0.0, Max: 0, Diff: 0, Sum: 0, Workers: 4
[1.582s][debug][gc,phases   ] GC(0)   StringDedup Requests1 Weak     Min:  0.0, Avg:  0.0, Max:  0.0, Diff:  0.0, Sum:  0.0, Workers: 4
[1.582s][debug][gc,phases   ] GC(0)     Dead                           Min: 0, Avg:  0.0, Max: 0, Diff: 0, Sum: 0, Workers: 4
[1.582s][debug][gc,phases   ] GC(0)     Total                          Min: 0, Avg:  0.0, Max: 0, Diff: 0, Sum: 0, Workers: 4
[1.582s][debug][gc,phases   ] GC(0)   Weak JFR Old Object Samples    Min:  0.0, Avg:  0.0, Max:  0.0, Diff:  0.0, Sum:  0.0, Workers: 4
[1.582s][debug][gc,phases   ] GC(0)     Dead                           Min: 0, Avg:  0.0, Max: 0, Diff: 0, Sum: 0, Workers: 4
[1.582s][debug][gc,phases   ] GC(0)     Total                          Min: 0, Avg:  0.0, Max: 0, Diff: 0, Sum: 0, Workers: 4
[1.582s][debug][gc,phases   ] GC(0) Weak Processing 0.221ms
[1.582s][debug][gc,age      ] GC(0) Desired survivor size 536870912 bytes, new threshold 7 (max threshold 15)
[1.582s][info ][gc,heap     ] GC(0) PSYoungGen: 347110K(1572864K)->34753K(1572864K) Eden: 347110K(1048576K)->0K(1048576K) From: 0K(524288K)->34753K(524288K)
[1.582s][info ][gc,heap     ] GC(0) ParOldGen: 1054K(6144K)->1134K(6144K)
[1.582s][info ][gc,metaspace] GC(0) Metaspace: 21033K(21504K)->21033K(21504K) NonClass: 18696K(18944K)->18696K(18944K) Class: 2336K(2560K)->2336K(2560K)
[1.582s][info ][gc          ] GC(0) Pause Young (Metadata GC Threshold) 340M->35M(1542M) 15.675ms
[1.582s][info ][gc,cpu      ] GC(0) User=0.03s Sys=0.02s Real=0.01s
[1.582s][debug][gc,phases   ] GC(1) Pre Compact 0.010ms
[1.582s][info ][gc,start    ] GC(1) Pause Full (Metadata GC Threshold)
[1.582s][info ][gc,phases,start] GC(1) Marking Phase
[1.589s][debug][gc,phases      ] GC(1) Par Mark 7.743ms
[1.589s][debug][gc,ref         ] GC(1) ReferenceProcessor::execute queues: 2, RefProcThreadModel::Multi, marks_oops_alive: false
[1.590s][debug][gc,ref         ] GC(1) ReferenceProcessor::execute queues: 4, RefProcThreadModel::Multi, marks_oops_alive: true
[1.590s][debug][gc,ref         ] GC(1) ReferenceProcessor::execute queues: 1, RefProcThreadModel::Single, marks_oops_alive: false
[1.590s][debug][gc,phases      ] GC(1) Reference Processing 0.107ms
[1.590s][debug][gc,phases      ] GC(1)   VM Weak                        Min:  0.0, Avg:  0.0, Max:  0.0, Diff:  0.0, Sum:  0.0, Workers: 4
[1.590s][debug][gc,phases      ] GC(1)     Dead                           Min: 0, Avg:  0.0, Max: 0, Diff: 0, Sum: 0, Workers: 4
[1.590s][debug][gc,phases      ] GC(1)     Total                          Min: 0, Avg: 63.0, Max: 188, Diff: 188, Sum: 252, Workers: 4
[1.590s][debug][gc,phases      ] GC(1)   ObjectSynchronizer Weak        Min:  0.0, Avg:  0.0, Max:  0.0, Diff:  0.0, Sum:  0.0, Workers: 4
[1.590s][debug][gc,phases      ] GC(1)     Dead                           Min: 0, Avg:  0.0, Max: 0, Diff: 0, Sum: 0, Workers: 4
[1.590s][debug][gc,phases      ] GC(1)     Total                          Min: 0, Avg:  2.2, Max: 9, Diff: 9, Sum: 9, Workers: 4
[1.590s][debug][gc,phases      ] GC(1)   JVMTI Tag Weak OopStorage      Min:  0.0, Avg:  0.0, Max:  0.0, Diff:  0.0, Sum:  0.0, Workers: 4
[1.590s][debug][gc,phases      ] GC(1)     Dead                           Min: 0, Avg:  0.0, Max: 0, Diff: 0, Sum: 0, Workers: 4
[1.590s][debug][gc,phases      ] GC(1)     Total                          Min: 0, Avg:  0.0, Max: 0, Diff: 0, Sum: 0, Workers: 4
[1.590s][debug][gc,phases      ] GC(1)   StringTable Weak               Min:  0.0, Avg:  0.0, Max:  0.0, Diff:  0.0, Sum:  0.1, Workers: 4
[1.590s][debug][gc,phases      ] GC(1)     Dead                           Min: 0, Avg:  0.0, Max: 0, Diff: 0, Sum: 0, Workers: 4
[1.590s][debug][gc,phases      ] GC(1)     Total                          Min: 1664, Avg: 1872.2, Max: 1985, Diff: 321, Sum: 7489, Workers: 4
[1.590s][debug][gc,phases      ] GC(1)   ResolvedMethodTable Weak       Min:  0.0, Avg:  0.0, Max:  0.0, Diff:  0.0, Sum:  0.0, Workers: 4
[1.590s][debug][gc,phases      ] GC(1)     Dead                           Min: 0, Avg:  0.0, Max: 0, Diff: 0, Sum: 0, Workers: 4
[1.590s][debug][gc,phases      ] GC(1)     Total                          Min: 384, Avg: 455.5, Max: 512, Diff: 128, Sum: 1822, Workers: 4
[1.590s][debug][gc,phases      ] GC(1)   JNI Weak                       Min:  0.0, Avg:  0.0, Max:  0.0, Diff:  0.0, Sum:  0.0, Workers: 4
[1.590s][debug][gc,phases      ] GC(1)     Dead                           Min: 0, Avg:  0.0, Max: 0, Diff: 0, Sum: 0, Workers: 4
[1.590s][debug][gc,phases      ] GC(1)     Total                          Min: 0, Avg: 12.0, Max: 48, Diff: 48, Sum: 48, Workers: 4
[1.590s][debug][gc,phases      ] GC(1)   StringDedup Table Weak         Min:  0.0, Avg:  0.0, Max:  0.0, Diff:  0.0, Sum:  0.0, Workers: 4
[1.590s][debug][gc,phases      ] GC(1)     Dead                           Min: 0, Avg:  0.0, Max: 0, Diff: 0, Sum: 0, Workers: 4
[1.590s][debug][gc,phases      ] GC(1)     Total                          Min: 0, Avg:  0.0, Max: 0, Diff: 0, Sum: 0, Workers: 4
[1.590s][debug][gc,phases      ] GC(1)   StringDedup Requests0 Weak     Min:  0.0, Avg:  0.0, Max:  0.0, Diff:  0.0, Sum:  0.0, Workers: 4
[1.590s][debug][gc,phases      ] GC(1)     Dead                           Min: 0, Avg:  0.0, Max: 0, Diff: 0, Sum: 0, Workers: 4
[1.590s][debug][gc,phases      ] GC(1)     Total                          Min: 0, Avg:  0.0, Max: 0, Diff: 0, Sum: 0, Workers: 4
[1.590s][debug][gc,phases      ] GC(1)   StringDedup Requests1 Weak     Min:  0.0, Avg:  0.0, Max:  0.0, Diff:  0.0, Sum:  0.0, Workers: 4
[1.590s][debug][gc,phases      ] GC(1)     Dead                           Min: 0, Avg:  0.0, Max: 0, Diff: 0, Sum: 0, Workers: 4
[1.590s][debug][gc,phases      ] GC(1)     Total                          Min: 0, Avg:  0.0, Max: 0, Diff: 0, Sum: 0, Workers: 4
[1.590s][debug][gc,phases      ] GC(1)   Weak JFR Old Object Samples    Min:  0.0, Avg:  0.0, Max:  0.0, Diff:  0.0, Sum:  0.0, Workers: 4
[1.590s][debug][gc,phases      ] GC(1)     Dead                           Min: 0, Avg:  0.0, Max: 0, Diff: 0, Sum: 0, Workers: 4
[1.590s][debug][gc,phases      ] GC(1)     Total                          Min: 0, Avg:  0.0, Max: 0, Diff: 0, Sum: 0, Workers: 4
[1.590s][debug][gc,phases      ] GC(1) Weak Processing 0.204ms
[1.590s][debug][gc,phases      ] GC(1) ClassLoaderData 0.021ms
[1.590s][debug][gc,phases      ] GC(1) Trigger cleanups 0.000ms
[1.596s][debug][gc,phases      ] GC(1) Class Unloading 5.824ms
[1.596s][debug][gc,phases      ] GC(1) Report Object Count 0.001ms
[1.596s][info ][gc,phases      ] GC(1) Marking Phase 13.947ms
[1.596s][info ][gc,phases,start] GC(1) Summary Phase
[1.596s][info ][gc,phases      ] GC(1) Summary Phase 0.005ms
[1.596s][info ][gc,phases,start] GC(1) Adjust Roots
[1.600s][info ][gc,phases      ] GC(1) Adjust Roots 4.466ms
[1.600s][info ][gc,phases,start] GC(1) Compaction Phase
[1.617s][info ][gc,phases      ] GC(1) Compaction Phase 17.344ms
[1.618s][info ][gc,phases,start] GC(1) Post Compact
[1.619s][info ][gc,phases      ] GC(1) Post Compact 1.521ms
[1.619s][info ][gc,heap        ] GC(1) PSYoungGen: 34753K(1572864K)->29535K(1572864K) Eden: 0K(1048576K)->0K(1048576K) From: 34753K(524288K)->29535K(524288K)
[1.619s][info ][gc,heap        ] GC(1) ParOldGen: 1134K(6144K)->6072K(6144K)
[1.619s][info ][gc,metaspace   ] GC(1) Metaspace: 21033K(21504K)->21033K(21504K) NonClass: 18696K(18944K)->18696K(18944K) Class: 2336K(2560K)->2336K(2560K)
[1.619s][info ][gc             ] GC(1) Pause Full (Metadata GC Threshold) 35M->34M(1542M) 37.407ms
[1.619s][info ][gc,cpu         ] GC(1) User=0.11s Sys=0.00s Real=0.04s
[1.619s][info ][safepoint      ] Safepoint "CollectForMetadataAllocation", Time since last: 387110300 ns, Reaching safepoint: 3600 ns, Cleanup: 134700 ns, At safepoint: 53194013 ns, Total: 53332313 ns
[1.939s][info ][safepoint      ] Safepoint "ICBufferFull", Time since last: 319779582 ns, Reaching safepoint: 4500 ns, Cleanup: 125200 ns, At safepoint: 6800 ns, Total: 136500 ns
[2.057s][info ][safepoint      ] Safepoint "ICBufferFull", Time since last: 117995631 ns, Reaching safepoint: 3800 ns, Cleanup: 111300 ns, At safepoint: 6400 ns, Total: 121500 ns
[2.183s][info ][safepoint      ] Safepoint "ICBufferFull", Time since last: 126013632 ns, Reaching safepoint: 5100 ns, Cleanup: 134900 ns, At safepoint: 7700 ns, Total: 147700 ns
[2.464s][info ][safepoint      ] Safepoint "ICBufferFull", Time since last: 280327672 ns, Reaching safepoint: 3700 ns, Cleanup: 149000 ns, At safepoint: 1600 ns, Total: 154300 ns
[2.868s][info ][safepoint      ] Safepoint "ICBufferFull", Time since last: 403766104 ns, Reaching safepoint: 77200 ns, Cleanup: 143200 ns, At safepoint: 9800 ns, Total: 230200 ns
[2.942s][info ][safepoint      ] Safepoint "ICBufferFull", Time since last: 73636719 ns, Reaching safepoint: 4000 ns, Cleanup: 108800 ns, At safepoint: 10800 ns, Total: 123600 ns
[3.134s][info ][safepoint      ] Safepoint "ICBufferFull", Time since last: 192634549 ns, Reaching safepoint: 3300 ns, Cleanup: 161900 ns, At safepoint: 2000 ns, Total: 167200 ns
[3.233s][info ][safepoint      ] Safepoint "ICBufferFull", Time since last: 98946226 ns, Reaching safepoint: 4500 ns, Cleanup: 132200 ns, At safepoint: 11400 ns, Total: 148100 ns
[3.362s][debug][gc,phases      ] GC(2) Pre Compact 0.018ms
[3.362s][info ][gc,start       ] GC(2) Pause Full (Metadata GC Threshold)
[3.362s][info ][gc,phases,start] GC(2) Marking Phase
[3.413s][debug][gc,phases      ] GC(2) Par Mark 50.885ms
[3.413s][debug][gc,ref         ] GC(2) ReferenceProcessor::execute queues: 3, RefProcThreadModel::Multi, marks_oops_alive: false
[3.413s][debug][gc,ref         ] GC(2) ReferenceProcessor::execute queues: 4, RefProcThreadModel::Multi, marks_oops_alive: true
[3.413s][debug][gc,ref         ] GC(2) ReferenceProcessor::execute queues: 2, RefProcThreadModel::Multi, marks_oops_alive: false
[3.413s][debug][gc,phases      ] GC(2) Reference Processing 0.643ms
[3.414s][debug][gc,phases      ] GC(2)   VM Weak                        Min:  0.0, Avg:  0.0, Max:  0.0, Diff:  0.0, Sum:  0.0, Workers: 4
[3.414s][debug][gc,phases      ] GC(2)     Dead                           Min: 0, Avg:  0.0, Max: 0, Diff: 0, Sum: 0, Workers: 4
[3.414s][debug][gc,phases      ] GC(2)     Total                          Min: 0, Avg: 77.8, Max: 192, Diff: 192, Sum: 311, Workers: 4
[3.414s][debug][gc,phases      ] GC(2)   ObjectSynchronizer Weak        Min:  0.0, Avg:  0.0, Max:  0.0, Diff:  0.0, Sum:  0.0, Workers: 4
[3.414s][debug][gc,phases      ] GC(2)     Dead                           Min: 0, Avg:  0.0, Max: 0, Diff: 0, Sum: 0, Workers: 4
[3.414s][debug][gc,phases      ] GC(2)     Total                          Min: 0, Avg:  2.2, Max: 9, Diff: 9, Sum: 9, Workers: 4
[3.414s][debug][gc,phases      ] GC(2)   JVMTI Tag Weak OopStorage      Min:  0.0, Avg:  0.0, Max:  0.0, Diff:  0.0, Sum:  0.0, Workers: 4
[3.414s][debug][gc,phases      ] GC(2)     Dead                           Min: 0, Avg:  0.0, Max: 0, Diff: 0, Sum: 0, Workers: 4
[3.414s][debug][gc,phases      ] GC(2)     Total                          Min: 0, Avg:  0.0, Max: 0, Diff: 0, Sum: 0, Workers: 4
[3.414s][debug][gc,phases      ] GC(2)   StringTable Weak               Min:  0.0, Avg:  0.1, Max:  0.1, Diff:  0.1, Sum:  0.2, Workers: 4
[3.414s][debug][gc,phases      ] GC(2)     Dead                           Min: 0, Avg:  2.2, Max: 4, Diff: 4, Sum: 9, Workers: 4
[3.414s][debug][gc,phases      ] GC(2)     Total                          Min: 0, Avg: 3427.8, Max: 6144, Diff: 6144, Sum: 13711, Workers: 4
[3.414s][debug][gc,phases      ] GC(2)   ResolvedMethodTable Weak       Min:  0.0, Avg:  0.0, Max:  0.0, Diff:  0.0, Sum:  0.1, Workers: 4
[3.414s][debug][gc,phases      ] GC(2)     Dead                           Min: 0, Avg: 223.8, Max: 335, Diff: 335, Sum: 895, Workers: 4
[3.414s][debug][gc,phases      ] GC(2)     Total                          Min: 0, Avg: 879.5, Max: 1408, Diff: 1408, Sum: 3518, Workers: 4
[3.414s][debug][gc,phases      ] GC(2)   JNI Weak                       Min:  0.0, Avg:  0.0, Max:  0.0, Diff:  0.0, Sum:  0.0, Workers: 4
[3.414s][debug][gc,phases      ] GC(2)     Dead                           Min: 0, Avg:  0.0, Max: 0, Diff: 0, Sum: 0, Workers: 4
[3.414s][debug][gc,phases      ] GC(2)     Total                          Min: 0, Avg: 12.0, Max: 48, Diff: 48, Sum: 48, Workers: 4
[3.414s][debug][gc,phases      ] GC(2)   StringDedup Table Weak         Min:  0.0, Avg:  0.0, Max:  0.0, Diff:  0.0, Sum:  0.0, Workers: 4
[3.414s][debug][gc,phases      ] GC(2)     Dead                           Min: 0, Avg:  0.0, Max: 0, Diff: 0, Sum: 0, Workers: 4
[3.414s][debug][gc,phases      ] GC(2)     Total                          Min: 0, Avg:  0.0, Max: 0, Diff: 0, Sum: 0, Workers: 4
[3.414s][debug][gc,phases      ] GC(2)   StringDedup Requests0 Weak     Min:  0.0, Avg:  0.0, Max:  0.0, Diff:  0.0, Sum:  0.0, Workers: 4
[3.414s][debug][gc,phases      ] GC(2)     Dead                           Min: 0, Avg:  0.0, Max: 0, Diff: 0, Sum: 0, Workers: 4
[3.414s][debug][gc,phases      ] GC(2)     Total                          Min: 0, Avg:  0.0, Max: 0, Diff: 0, Sum: 0, Workers: 4
[3.414s][debug][gc,phases      ] GC(2)   StringDedup Requests1 Weak     Min:  0.0, Avg:  0.0, Max:  0.0, Diff:  0.0, Sum:  0.0, Workers: 4
[3.414s][debug][gc,phases      ] GC(2)     Dead                           Min: 0, Avg:  0.0, Max: 0, Diff: 0, Sum: 0, Workers: 4
[3.414s][debug][gc,phases      ] GC(2)     Total                          Min: 0, Avg:  0.0, Max: 0, Diff: 0, Sum: 0, Workers: 4
[3.414s][debug][gc,phases      ] GC(2)   Weak JFR Old Object Samples    Min:  0.0, Avg:  0.0, Max:  0.0, Diff:  0.0, Sum:  0.0, Workers: 4
[3.414s][debug][gc,phases      ] GC(2)     Dead                           Min: 0, Avg:  0.0, Max: 0, Diff: 0, Sum: 0, Workers: 4
[3.414s][debug][gc,phases      ] GC(2)     Total                          Min: 0, Avg:  0.0, Max: 0, Diff: 0, Sum: 0, Workers: 4
[3.414s][debug][gc,phases      ] GC(2) Weak Processing 0.255ms
[3.414s][debug][gc,phases      ] GC(2) ClassLoaderData 0.039ms
[3.414s][debug][gc,phases      ] GC(2) Trigger cleanups 0.000ms
[3.423s][debug][gc,phases      ] GC(2) Class Unloading 9.384ms
[3.423s][debug][gc,phases      ] GC(2) Report Object Count 0.001ms
[3.423s][info ][gc,phases      ] GC(2) Marking Phase 61.235ms
[3.423s][info ][gc,phases,start] GC(2) Summary Phase
[3.423s][info ][gc,phases      ] GC(2) Summary Phase 0.013ms
[3.423s][info ][gc,phases,start] GC(2) Adjust Roots
[3.429s][info ][gc,phases      ] GC(2) Adjust Roots 5.922ms
[3.429s][info ][gc,phases,start] GC(2) Compaction Phase
[3.507s][info ][gc,phases      ] GC(2) Compaction Phase 77.554ms
[3.507s][info ][gc,phases,start] GC(2) Post Compact
[3.513s][info ][gc,phases      ] GC(2) Post Compact 6.743ms
[3.513s][info ][gc,heap        ] GC(2) PSYoungGen: 658682K(1572864K)->77039K(1572864K) Eden: 629147K(1048576K)->77039K(1048576K) From: 29535K(524288K)->0K(524288K)
[3.513s][info ][gc,heap        ] GC(2) ParOldGen: 6072K(6144K)->6114K(6144K)
[3.513s][info ][gc,metaspace   ] GC(2) Metaspace: 35384K(35840K)->35384K(35840K) NonClass: 31090K(31360K)->31090K(31360K) Class: 4293K(4480K)->4293K(4480K)
[3.513s][info ][gc             ] GC(2) Pause Full (Metadata GC Threshold) 649M->81M(1542M) 151.612ms
[3.513s][info ][gc,cpu         ] GC(2) User=0.49s Sys=0.05s Real=0.15s
[3.513s][info ][safepoint      ] Safepoint "CollectForMetadataAllocation", Time since last: 128282933 ns, Reaching safepoint: 3900 ns, Cleanup: 51200 ns, At safepoint: 151718239 ns, Total: 151773339 ns
[3.633s][info ][safepoint      ] Safepoint "ICBufferFull", Time since last: 118938530 ns, Reaching safepoint: 3400 ns, Cleanup: 123000 ns, At safepoint: 5500 ns, Total: 131900 ns
[3.863s][info ][safepoint      ] Safepoint "ICBufferFull", Time since last: 230658159 ns, Reaching safepoint: 3800 ns, Cleanup: 124900 ns, At safepoint: 1500 ns, Total: 130200 ns
[4.102s][info ][safepoint      ] Safepoint "ICBufferFull", Time since last: 238077162 ns, Reaching safepoint: 3600 ns, Cleanup: 137200 ns, At safepoint: 2000 ns, Total: 142800 ns
[4.562s][info ][safepoint      ] Safepoint "ICBufferFull", Time since last: 460631618 ns, Reaching safepoint: 3300 ns, Cleanup: 146900 ns, At safepoint: 1500 ns, Total: 151700 ns
[5.017s][info ][safepoint      ] Safepoint "ICBufferFull", Time since last: 454742717 ns, Reaching safepoint: 79200 ns, Cleanup: 142900 ns, At safepoint: 8000 ns, Total: 230100 ns
[5.101s][debug][gc,phases      ] GC(3) Pre Compact 0.016ms
[5.101s][info ][gc,start       ] GC(3) Pause Full (Metadata GC Threshold)
[5.101s][info ][gc,phases,start] GC(3) Marking Phase
[5.154s][debug][gc,phases      ] GC(3) Par Mark 53.183ms
[5.155s][debug][gc,ref         ] GC(3) ReferenceProcessor::execute queues: 4, RefProcThreadModel::Multi, marks_oops_alive: false
[5.155s][debug][gc,ref         ] GC(3) Skipped KeepAliveFinalRefsPhase of Reference Processing: no references
[5.155s][debug][gc,ref         ] GC(3) ReferenceProcessor::execute queues: 4, RefProcThreadModel::Multi, marks_oops_alive: false
[5.156s][debug][gc,phases      ] GC(3) Reference Processing 1.588ms
[5.156s][debug][gc,phases      ] GC(3)   VM Weak                        Min:  0.0, Avg:  0.0, Max:  0.0, Diff:  0.0, Sum:  0.0, Workers: 4
[5.156s][debug][gc,phases      ] GC(3)     Dead                           Min: 0, Avg:  0.0, Max: 0, Diff: 0, Sum: 0, Workers: 4
[5.156s][debug][gc,phases      ] GC(3)     Total                          Min: 0, Avg: 131.2, Max: 320, Diff: 320, Sum: 525, Workers: 4
[5.156s][debug][gc,phases      ] GC(3)   ObjectSynchronizer Weak        Min:  0.0, Avg:  0.0, Max:  0.0, Diff:  0.0, Sum:  0.0, Workers: 4
[5.156s][debug][gc,phases      ] GC(3)     Dead                           Min: 0, Avg:  0.0, Max: 0, Diff: 0, Sum: 0, Workers: 4
[5.156s][debug][gc,phases      ] GC(3)     Total                          Min: 0, Avg:  2.5, Max: 10, Diff: 10, Sum: 10, Workers: 4
[5.156s][debug][gc,phases      ] GC(3)   JVMTI Tag Weak OopStorage      Min:  0.0, Avg:  0.0, Max:  0.0, Diff:  0.0, Sum:  0.0, Workers: 4
[5.156s][debug][gc,phases      ] GC(3)     Dead                           Min: 0, Avg:  0.0, Max: 0, Diff: 0, Sum: 0, Workers: 4
[5.156s][debug][gc,phases      ] GC(3)     Total                          Min: 0, Avg:  0.0, Max: 0, Diff: 0, Sum: 0, Workers: 4
[5.156s][debug][gc,phases      ] GC(3)   StringTable Weak               Min:  0.1, Avg:  0.1, Max:  0.1, Diff:  0.0, Sum:  0.5, Workers: 4
[5.156s][debug][gc,phases      ] GC(3)     Dead                           Min: 1, Avg:  4.0, Max: 6, Diff: 5, Sum: 16, Workers: 4
[5.156s][debug][gc,phases      ] GC(3)     Total                          Min: 8448, Avg: 8737.8, Max: 9216, Diff: 768, Sum: 34951, Workers: 4
[5.156s][debug][gc,phases      ] GC(3)   ResolvedMethodTable Weak       Min:  0.0, Avg:  0.0, Max:  0.0, Diff:  0.0, Sum:  0.1, Workers: 4
[5.156s][debug][gc,phases      ] GC(3)     Dead                           Min: 515, Avg: 721.0, Max: 887, Diff: 372, Sum: 2884, Workers: 4
[5.156s][debug][gc,phases      ] GC(3)     Total                          Min: 2240, Avg: 2337.2, Max: 2432, Diff: 192, Sum: 9349, Workers: 4
[5.156s][debug][gc,phases      ] GC(3)   JNI Weak                       Min:  0.0, Avg:  0.0, Max:  0.0, Diff:  0.0, Sum:  0.0, Workers: 4
[5.156s][debug][gc,phases      ] GC(3)     Dead                           Min: 0, Avg:  0.0, Max: 0, Diff: 0, Sum: 0, Workers: 4
[5.156s][debug][gc,phases      ] GC(3)     Total                          Min: 0, Avg: 14.0, Max: 55, Diff: 55, Sum: 56, Workers: 4
[5.156s][debug][gc,phases      ] GC(3)   StringDedup Table Weak         Min:  0.0, Avg:  0.0, Max:  0.0, Diff:  0.0, Sum:  0.0, Workers: 4
[5.156s][debug][gc,phases      ] GC(3)     Dead                           Min: 0, Avg:  0.0, Max: 0, Diff: 0, Sum: 0, Workers: 4
[5.156s][debug][gc,phases      ] GC(3)     Total                          Min: 0, Avg:  0.0, Max: 0, Diff: 0, Sum: 0, Workers: 4
[5.156s][debug][gc,phases      ] GC(3)   StringDedup Requests0 Weak     Min:  0.0, Avg:  0.0, Max:  0.0, Diff:  0.0, Sum:  0.0, Workers: 4
[5.156s][debug][gc,phases      ] GC(3)     Dead                           Min: 0, Avg:  0.0, Max: 0, Diff: 0, Sum: 0, Workers: 4
[5.156s][debug][gc,phases      ] GC(3)     Total                          Min: 0, Avg:  0.0, Max: 0, Diff: 0, Sum: 0, Workers: 4
[5.156s][debug][gc,phases      ] GC(3)   StringDedup Requests1 Weak     Min:  0.0, Avg:  0.0, Max:  0.0, Diff:  0.0, Sum:  0.0, Workers: 4
[5.156s][debug][gc,phases      ] GC(3)     Dead                           Min: 0, Avg:  0.0, Max: 0, Diff: 0, Sum: 0, Workers: 4
[5.156s][debug][gc,phases      ] GC(3)     Total                          Min: 0, Avg:  0.0, Max: 0, Diff: 0, Sum: 0, Workers: 4
[5.156s][debug][gc,phases      ] GC(3)   Weak JFR Old Object Samples    Min:  0.0, Avg:  0.0, Max:  0.0, Diff:  0.0, Sum:  0.0, Workers: 4
[5.156s][debug][gc,phases      ] GC(3)     Dead                           Min: 0, Avg:  0.0, Max: 0, Diff: 0, Sum: 0, Workers: 4
[5.156s][debug][gc,phases      ] GC(3)     Total                          Min: 0, Avg:  0.0, Max: 0, Diff: 0, Sum: 0, Workers: 4
[5.156s][debug][gc,phases      ] GC(3) Weak Processing 0.327ms
[5.156s][debug][gc,phases      ] GC(3) ClassLoaderData 0.072ms
[5.156s][debug][gc,phases      ] GC(3) Trigger cleanups 0.000ms
[5.171s][debug][gc,phases      ] GC(3) Class Unloading 15.435ms
[5.171s][debug][gc,phases      ] GC(3) Report Object Count 0.001ms
[5.171s][info ][gc,phases      ] GC(3) Marking Phase 70.630ms
[5.171s][info ][gc,phases,start] GC(3) Summary Phase
[5.171s][info ][gc,phases      ] GC(3) Summary Phase 0.012ms
[5.171s][info ][gc,phases,start] GC(3) Adjust Roots
[5.181s][info ][gc,phases      ] GC(3) Adjust Roots 9.208ms
[5.181s][info ][gc,phases,start] GC(3) Compaction Phase
[5.402s][info ][gc,phases      ] GC(3) Compaction Phase 221.774ms
[5.402s][info ][gc,phases,start] GC(3) Post Compact
[5.405s][info ][gc,phases      ] GC(3) Post Compact 2.228ms
[5.405s][info ][gc,heap        ] GC(3) PSYoungGen: 412731K(1572864K)->114010K(1572864K) Eden: 412731K(1048576K)->114010K(1048576K) From: 0K(524288K)->0K(524288K)
[5.405s][info ][gc,heap        ] GC(3) ParOldGen: 6114K(6144K)->6099K(6144K)
[5.405s][info ][gc,metaspace   ] GC(3) Metaspace: 59040K(59776K)->59040K(59776K) NonClass: 50361K(50752K)->50361K(50752K) Class: 8678K(9024K)->8678K(9024K)
[5.405s][info ][gc             ] GC(3) Pause Full (Metadata GC Threshold) 409M->117M(1542M) 303.980ms
[5.405s][info ][gc,cpu         ] GC(3) User=0.79s Sys=0.01s Real=0.31s
[5.405s][info ][safepoint      ] Safepoint "CollectForMetadataAllocation", Time since last: 83252721 ns, Reaching safepoint: 77100 ns, Cleanup: 68600 ns, At safepoint: 304081778 ns, Total: 304227478 ns
[5.545s][info ][safepoint      ] Safepoint "ICBufferFull", Time since last: 140427836 ns, Reaching safepoint: 83300 ns, Cleanup: 142000 ns, At safepoint: 6600 ns, Total: 231900 ns
[5.632s][info ][safepoint      ] Safepoint "ICBufferFull", Time since last: 86523222 ns, Reaching safepoint: 4200 ns, Cleanup: 122000 ns, At safepoint: 7800 ns, Total: 134000 ns
[5.756s][info ][safepoint      ] Safepoint "ICBufferFull", Time since last: 123442432 ns, Reaching safepoint: 5500 ns, Cleanup: 123000 ns, At safepoint: 8000 ns, Total: 136500 ns
[5.911s][info ][safepoint      ] Safepoint "ICBufferFull", Time since last: 154733240 ns, Reaching safepoint: 4000 ns, Cleanup: 118300 ns, At safepoint: 5300 ns, Total: 127600 ns
[6.150s][info ][safepoint      ] Safepoint "ICBufferFull", Time since last: 239630461 ns, Reaching safepoint: 80001 ns, Cleanup: 132100 ns, At safepoint: 7100 ns, Total: 219201 ns
[6.315s][info ][safepoint      ] Safepoint "ICBufferFull", Time since last: 164028842 ns, Reaching safepoint: 4500 ns, Cleanup: 133300 ns, At safepoint: 1600 ns, Total: 139400 ns
[6.442s][info ][safepoint      ] Safepoint "ICBufferFull", Time since last: 126814732 ns, Reaching safepoint: 3900 ns, Cleanup: 122000 ns, At safepoint: 1800 ns, Total: 127700 ns
[6.656s][info ][safepoint      ] Safepoint "ICBufferFull", Time since last: 213880755 ns, Reaching safepoint: 5400 ns, Cleanup: 156100 ns, At safepoint: 5100 ns, Total: 166600 ns
[7.253s][info ][safepoint      ] Safepoint "ICBufferFull", Time since last: 597271078 ns, Reaching safepoint: 6300 ns, Cleanup: 149000 ns, At safepoint: 1800 ns, Total: 157100 ns
[7.389s][info ][safepoint      ] Safepoint "ICBufferFull", Time since last: 135427868 ns, Reaching safepoint: 82000 ns, Cleanup: 122300 ns, At safepoint: 14200 ns, Total: 218500 ns
[7.389s][info ][safepoint      ] Safepoint "ICBufferFull", Time since last: 56600 ns, Reaching safepoint: 74500 ns, Cleanup: 3400 ns, At safepoint: 12700 ns, Total: 90600 ns
[8.389s][info ][safepoint      ] Safepoint "Cleanup", Time since last: 1000097097 ns, Reaching safepoint: 78700 ns, Cleanup: 59000 ns, At safepoint: 8100 ns, Total: 145800 ns
[9.850s][info ][safepoint      ] Safepoint "Cleanup", Time since last: 1460714426 ns, Reaching safepoint: 78600 ns, Cleanup: 23300 ns, At safepoint: 21400 ns, Total: 123300 ns
[10.017s][debug][gc,phases      ] GC(4) Pre Compact 0.019ms
[10.017s][info ][gc,start       ] GC(4) Pause Full (Ergonomics)
[10.017s][info ][gc,phases,start] GC(4) Marking Phase
[10.126s][debug][gc,phases      ] GC(4) Par Mark 108.398ms
[10.127s][debug][gc,ref         ] GC(4) ReferenceProcessor::execute queues: 4, RefProcThreadModel::Multi, marks_oops_alive: false
[10.127s][debug][gc,ref         ] GC(4) Skipped KeepAliveFinalRefsPhase of Reference Processing: no references
[10.127s][debug][gc,ref         ] GC(4) ReferenceProcessor::execute queues: 2, RefProcThreadModel::Multi, marks_oops_alive: false
[10.127s][debug][gc,phases      ] GC(4) Reference Processing 1.623ms
[10.128s][debug][gc,phases      ] GC(4)   VM Weak                        Min:  0.0, Avg:  0.0, Max:  0.0, Diff:  0.0, Sum:  0.0, Workers: 4
[10.128s][debug][gc,phases      ] GC(4)     Dead                           Min: 0, Avg:  0.2, Max: 1, Diff: 1, Sum: 1, Workers: 4
[10.128s][debug][gc,phases      ] GC(4)     Total                          Min: 64, Avg: 161.0, Max: 256, Diff: 192, Sum: 644, Workers: 4
[10.128s][debug][gc,phases      ] GC(4)   ObjectSynchronizer Weak        Min:  0.0, Avg:  0.0, Max:  0.0, Diff:  0.0, Sum:  0.0, Workers: 4
[10.128s][debug][gc,phases      ] GC(4)     Dead                           Min: 0, Avg:  0.2, Max: 1, Diff: 1, Sum: 1, Workers: 4
[10.128s][debug][gc,phases      ] GC(4)     Total                          Min: 0, Avg:  6.0, Max: 24, Diff: 24, Sum: 24, Workers: 4
[10.128s][debug][gc,phases      ] GC(4)   JVMTI Tag Weak OopStorage      Min:  0.0, Avg:  0.0, Max:  0.0, Diff:  0.0, Sum:  0.0, Workers: 4
[10.128s][debug][gc,phases      ] GC(4)     Dead                           Min: 0, Avg:  0.0, Max: 0, Diff: 0, Sum: 0, Workers: 4
[10.128s][debug][gc,phases      ] GC(4)     Total                          Min: 0, Avg:  0.0, Max: 0, Diff: 0, Sum: 0, Workers: 4
[10.128s][debug][gc,phases      ] GC(4)   StringTable Weak               Min:  0.1, Avg:  0.1, Max:  0.1, Diff:  0.0, Sum:  0.6, Workers: 4
[10.128s][debug][gc,phases      ] GC(4)     Dead                           Min: 2, Avg:  4.5, Max: 9, Diff: 7, Sum: 18, Workers: 4
[10.128s][debug][gc,phases      ] GC(4)     Total                          Min: 9408, Avg: 10009.0, Max: 10368, Diff: 960, Sum: 40036, Workers: 4
[10.128s][debug][gc,phases      ] GC(4)   ResolvedMethodTable Weak       Min:  0.0, Avg:  0.0, Max:  0.0, Diff:  0.0, Sum:  0.1, Workers: 4
[10.128s][debug][gc,phases      ] GC(4)     Dead                           Min: 310, Avg: 368.8, Max: 437, Diff: 127, Sum: 1475, Workers: 4
[10.128s][debug][gc,phases      ] GC(4)     Total                          Min: 2432, Avg: 2558.5, Max: 2688, Diff: 256, Sum: 10234, Workers: 4
[10.128s][debug][gc,phases      ] GC(4)   JNI Weak                       Min:  0.0, Avg:  0.0, Max:  0.0, Diff:  0.0, Sum:  0.0, Workers: 4
[10.128s][debug][gc,phases      ] GC(4)     Dead                           Min: 0, Avg:  0.0, Max: 0, Diff: 0, Sum: 0, Workers: 4
[10.128s][debug][gc,phases      ] GC(4)     Total                          Min: 0, Avg: 15.2, Max: 52, Diff: 52, Sum: 61, Workers: 4
[10.128s][debug][gc,phases      ] GC(4)   StringDedup Table Weak         Min:  0.0, Avg:  0.0, Max:  0.0, Diff:  0.0, Sum:  0.0, Workers: 4
[10.128s][debug][gc,phases      ] GC(4)     Dead                           Min: 0, Avg:  0.0, Max: 0, Diff: 0, Sum: 0, Workers: 4
[10.128s][debug][gc,phases      ] GC(4)     Total                          Min: 0, Avg:  0.0, Max: 0, Diff: 0, Sum: 0, Workers: 4
[10.128s][debug][gc,phases      ] GC(4)   StringDedup Requests0 Weak     Min:  0.0, Avg:  0.0, Max:  0.0, Diff:  0.0, Sum:  0.0, Workers: 4
[10.128s][debug][gc,phases      ] GC(4)     Dead                           Min: 0, Avg:  0.0, Max: 0, Diff: 0, Sum: 0, Workers: 4
[10.128s][debug][gc,phases      ] GC(4)     Total                          Min: 0, Avg:  0.0, Max: 0, Diff: 0, Sum: 0, Workers: 4
[10.128s][debug][gc,phases      ] GC(4)   StringDedup Requests1 Weak     Min:  0.0, Avg:  0.0, Max:  0.0, Diff:  0.0, Sum:  0.0, Workers: 4
[10.128s][debug][gc,phases      ] GC(4)     Dead                           Min: 0, Avg:  0.0, Max: 0, Diff: 0, Sum: 0, Workers: 4
[10.128s][debug][gc,phases      ] GC(4)     Total                          Min: 0, Avg:  0.0, Max: 0, Diff: 0, Sum: 0, Workers: 4
[10.128s][debug][gc,phases      ] GC(4)   Weak JFR Old Object Samples    Min:  0.0, Avg:  0.0, Max:  0.0, Diff:  0.0, Sum:  0.0, Workers: 4
[10.128s][debug][gc,phases      ] GC(4)     Dead                           Min: 0, Avg:  0.0, Max: 0, Diff: 0, Sum: 0, Workers: 4
[10.128s][debug][gc,phases      ] GC(4)     Total                          Min: 0, Avg:  0.0, Max: 0, Diff: 0, Sum: 0, Workers: 4
[10.128s][debug][gc,phases      ] GC(4) Weak Processing 0.373ms
[10.128s][debug][gc,phases      ] GC(4) ClassLoaderData 0.180ms
[10.128s][debug][gc,phases      ] GC(4) Trigger cleanups 0.001ms
[10.161s][debug][gc,phases      ] GC(4) Class Unloading 33.159ms
[10.161s][debug][gc,phases      ] GC(4) Report Object Count 0.002ms
[10.161s][info ][gc,phases      ] GC(4) Marking Phase 143.654ms
[10.161s][info ][gc,phases,start] GC(4) Summary Phase
[10.161s][info ][gc,phases      ] GC(4) Summary Phase 0.021ms
[10.161s][info ][gc,phases,start] GC(4) Adjust Roots
[10.173s][info ][gc,phases      ] GC(4) Adjust Roots 11.838ms
[10.173s][info ][gc,phases,start] GC(4) Compaction Phase
[10.483s][info ][gc,phases      ] GC(4) Compaction Phase 309.887ms
[10.483s][info ][gc,phases,start] GC(4) Post Compact
[10.489s][info ][gc,phases      ] GC(4) Post Compact 5.901ms
[10.489s][info ][gc,heap        ] GC(4) PSYoungGen: 1048576K(1572864K)->218807K(1572864K) Eden: 1048576K(1048576K)->218807K(1048576K) From: 0K(524288K)->0K(524288K)
[10.489s][info ][gc,heap        ] GC(4) ParOldGen: 6099K(6144K)->6080K(18432K)
[10.489s][info ][gc,metaspace   ] GC(4) Metaspace: 73678K(74688K)->73676K(74688K) NonClass: 62806K(63360K)->62804K(63360K) Class: 10871K(11328K)->10871K(11328K)
[10.489s][info ][gc             ] GC(4) Pause Full (Ergonomics) 1029M->219M(1554M) 471.501ms
[10.489s][info ][gc,cpu         ] GC(4) User=1.46s Sys=0.02s Real=0.47s
[10.489s][info ][safepoint      ] Safepoint "ParallelGCFailedAllocation", Time since last: 167313384 ns, Reaching safepoint: 5400 ns, Cleanup: 48100 ns, At safepoint: 471614134 ns, Total: 471667634 ns
[11.060s][info ][safepoint      ] Safepoint "ICBufferFull", Time since last: 570811484 ns, Reaching safepoint: 76000 ns, Cleanup: 147000 ns, At safepoint: 5800 ns, Total: 228800 ns
[11.280s][info ][safepoint      ] Safepoint "ICBufferFull", Time since last: 219798009 ns, Reaching safepoint: 6300 ns, Cleanup: 129200 ns, At safepoint: 6200 ns, Total: 141700 ns
[11.530s][info ][gc,start       ] GC(5) Pause Young (Allocation Failure)
[11.872s][debug][gc,phases      ] GC(5) Scavenge 342.143ms
[11.872s][debug][gc,ref         ] GC(5) ReferenceProcessor::execute queues: 4, RefProcThreadModel::Multi, marks_oops_alive: false
[11.872s][debug][gc,ref         ] GC(5) Skipped KeepAliveFinalRefsPhase of Reference Processing: no references
[11.872s][debug][gc,ref         ] GC(5) ReferenceProcessor::execute queues: 1, RefProcThreadModel::Single, marks_oops_alive: false
[11.872s][debug][gc,phases      ] GC(5) Reference Processing 0.479ms
[11.873s][debug][gc,phases      ] GC(5)   VM Weak                        Min:  0.0, Avg:  0.0, Max:  0.0, Diff:  0.0, Sum:  0.0, Workers: 4
[11.873s][debug][gc,phases      ] GC(5)     Dead                           Min: 0, Avg:  0.0, Max: 0, Diff: 0, Sum: 0, Workers: 4
[11.873s][debug][gc,phases      ] GC(5)     Total                          Min: 82, Avg: 164.5, Max: 256, Diff: 174, Sum: 658, Workers: 4
[11.873s][debug][gc,phases      ] GC(5)   ObjectSynchronizer Weak        Min:  0.0, Avg:  0.0, Max:  0.0, Diff:  0.0, Sum:  0.0, Workers: 4
[11.873s][debug][gc,phases      ] GC(5)     Dead                           Min: 0, Avg:  0.0, Max: 0, Diff: 0, Sum: 0, Workers: 4
[11.873s][debug][gc,phases      ] GC(5)     Total                          Min: 0, Avg:  6.0, Max: 24, Diff: 24, Sum: 24, Workers: 4
[11.873s][debug][gc,phases      ] GC(5)   JVMTI Tag Weak OopStorage      Min:  0.0, Avg:  0.0, Max:  0.0, Diff:  0.0, Sum:  0.0, Workers: 4
[11.873s][debug][gc,phases      ] GC(5)     Dead                           Min: 0, Avg:  0.0, Max: 0, Diff: 0, Sum: 0, Workers: 4
[11.873s][debug][gc,phases      ] GC(5)     Total                          Min: 0, Avg:  0.0, Max: 0, Diff: 0, Sum: 0, Workers: 4
[11.873s][debug][gc,phases      ] GC(5)   StringTable Weak               Min:  0.3, Avg:  0.3, Max:  0.3, Diff:  0.0, Sum:  1.1, Workers: 4
[11.873s][debug][gc,phases      ] GC(5)     Dead                           Min: 0, Avg:  1.2, Max: 4, Diff: 4, Sum: 5, Workers: 4
[11.873s][debug][gc,phases      ] GC(5)     Total                          Min: 9347, Avg: 10080.8, Max: 10752, Diff: 1405, Sum: 40323, Workers: 4
[11.873s][debug][gc,phases      ] GC(5)   ResolvedMethodTable Weak       Min:  0.1, Avg:  0.1, Max:  0.1, Diff:  0.0, Sum:  0.3, Workers: 4
[11.873s][debug][gc,phases      ] GC(5)     Dead                           Min: 8, Avg: 21.0, Max: 47, Diff: 39, Sum: 84, Workers: 4
[11.873s][debug][gc,phases      ] GC(5)     Total                          Min: 2100, Avg: 2251.8, Max: 2354, Diff: 254, Sum: 9007, Workers: 4
[11.873s][debug][gc,phases      ] GC(5)   JNI Weak                       Min:  0.0, Avg:  0.0, Max:  0.0, Diff:  0.0, Sum:  0.0, Workers: 4
[11.873s][debug][gc,phases      ] GC(5)     Dead                           Min: 0, Avg:  0.0, Max: 0, Diff: 0, Sum: 0, Workers: 4
[11.873s][debug][gc,phases      ] GC(5)     Total                          Min: 0, Avg: 13.2, Max: 53, Diff: 53, Sum: 53, Workers: 4
[11.873s][debug][gc,phases      ] GC(5)   StringDedup Table Weak         Min:  0.0, Avg:  0.0, Max:  0.0, Diff:  0.0, Sum:  0.0, Workers: 4
[11.873s][debug][gc,phases      ] GC(5)     Dead                           Min: 0, Avg:  0.0, Max: 0, Diff: 0, Sum: 0, Workers: 4
[11.873s][debug][gc,phases      ] GC(5)     Total                          Min: 0, Avg:  0.0, Max: 0, Diff: 0, Sum: 0, Workers: 4
[11.873s][debug][gc,phases      ] GC(5)   StringDedup Requests0 Weak     Min:  0.0, Avg:  0.0, Max:  0.0, Diff:  0.0, Sum:  0.0, Workers: 4
[11.873s][debug][gc,phases      ] GC(5)     Dead                           Min: 0, Avg:  0.0, Max: 0, Diff: 0, Sum: 0, Workers: 4
[11.873s][debug][gc,phases      ] GC(5)     Total                          Min: 0, Avg:  0.0, Max: 0, Diff: 0, Sum: 0, Workers: 4
[11.873s][debug][gc,phases      ] GC(5)   StringDedup Requests1 Weak     Min:  0.0, Avg:  0.0, Max:  0.0, Diff:  0.0, Sum:  0.0, Workers: 4
[11.873s][debug][gc,phases      ] GC(5)     Dead                           Min: 0, Avg:  0.0, Max: 0, Diff: 0, Sum: 0, Workers: 4
[11.873s][debug][gc,phases      ] GC(5)     Total                          Min: 0, Avg:  0.0, Max: 0, Diff: 0, Sum: 0, Workers: 4
[11.873s][debug][gc,phases      ] GC(5)   Weak JFR Old Object Samples    Min:  0.0, Avg:  0.0, Max:  0.0, Diff:  0.0, Sum:  0.0, Workers: 4
[11.873s][debug][gc,phases      ] GC(5)     Dead                           Min: 0, Avg:  0.0, Max: 0, Diff: 0, Sum: 0, Workers: 4
[11.873s][debug][gc,phases      ] GC(5)     Total                          Min: 0, Avg:  0.0, Max: 0, Diff: 0, Sum: 0, Workers: 4
[11.873s][debug][gc,phases      ] GC(5) Weak Processing 0.522ms
[11.873s][debug][gc,age         ] GC(5) Desired survivor size 536870912 bytes, new threshold 7 (max threshold 15)
[11.873s][info ][gc,heap        ] GC(5) PSYoungGen: 1048576K(1572864K)->524259K(1572864K) Eden: 1048576K(1048576K)->0K(1048576K) From: 0K(524288K)->524259K(524288K)
[11.873s][info ][gc,heap        ] GC(5) ParOldGen: 6080K(18432K)->114005K(114176K)
[11.873s][info ][gc,metaspace   ] GC(5) Metaspace: 74766K(75648K)->74766K(75648K) NonClass: 63770K(64256K)->63770K(64256K) Class: 10996K(11392K)->10996K(11392K)
[11.873s][info ][gc             ] GC(5) Pause Young (Allocation Failure) 1029M->623M(1647M) 343.276ms
[11.873s][info ][gc,cpu         ] GC(5) User=1.18s Sys=0.17s Real=0.34s
[11.873s][debug][gc,phases      ] GC(6) Pre Compact 0.008ms
[11.873s][info ][gc,start       ] GC(6) Pause Full (Ergonomics)
[11.873s][info ][gc,phases,start] GC(6) Marking Phase
[12.128s][debug][gc,phases      ] GC(6) Par Mark 255.455ms
[12.129s][debug][gc,ref         ] GC(6) ReferenceProcessor::execute queues: 4, RefProcThreadModel::Multi, marks_oops_alive: false
[12.129s][debug][gc,ref         ] GC(6) Skipped KeepAliveFinalRefsPhase of Reference Processing: no references
[12.129s][debug][gc,ref         ] GC(6) ReferenceProcessor::execute queues: 1, RefProcThreadModel::Single, marks_oops_alive: false
[12.129s][debug][gc,phases      ] GC(6) Reference Processing 0.726ms
[12.129s][debug][gc,phases      ] GC(6)   VM Weak                        Min:  0.0, Avg:  0.0, Max:  0.0, Diff:  0.0, Sum:  0.0, Workers: 4
[12.129s][debug][gc,phases      ] GC(6)     Dead                           Min: 0, Avg:  0.0, Max: 0, Diff: 0, Sum: 0, Workers: 4
[12.129s][debug][gc,phases      ] GC(6)     Total                          Min: 0, Avg: 164.5, Max: 274, Diff: 274, Sum: 658, Workers: 4
[12.129s][debug][gc,phases      ] GC(6)   ObjectSynchronizer Weak        Min:  0.0, Avg:  0.0, Max:  0.0, Diff:  0.0, Sum:  0.0, Workers: 4
[12.129s][debug][gc,phases      ] GC(6)     Dead                           Min: 0, Avg:  0.0, Max: 0, Diff: 0, Sum: 0, Workers: 4
[12.129s][debug][gc,phases      ] GC(6)     Total                          Min: 0, Avg:  6.0, Max: 24, Diff: 24, Sum: 24, Workers: 4
[12.129s][debug][gc,phases      ] GC(6)   JVMTI Tag Weak OopStorage      Min:  0.0, Avg:  0.0, Max:  0.0, Diff:  0.0, Sum:  0.0, Workers: 4
[12.129s][debug][gc,phases      ] GC(6)     Dead                           Min: 0, Avg:  0.0, Max: 0, Diff: 0, Sum: 0, Workers: 4
[12.129s][debug][gc,phases      ] GC(6)     Total                          Min: 0, Avg:  0.0, Max: 0, Diff: 0, Sum: 0, Workers: 4
[12.129s][debug][gc,phases      ] GC(6)   StringTable Weak               Min:  0.1, Avg:  0.1, Max:  0.1, Diff:  0.0, Sum:  0.6, Workers: 4
[12.129s][debug][gc,phases      ] GC(6)     Dead                           Min: 0, Avg:  0.0, Max: 0, Diff: 0, Sum: 0, Workers: 4
[12.129s][debug][gc,phases      ] GC(6)     Total                          Min: 9216, Avg: 10080.8, Max: 10499, Diff: 1283, Sum: 40323, Workers: 4
[12.129s][debug][gc,phases      ] GC(6)   ResolvedMethodTable Weak       Min:  0.0, Avg:  0.0, Max:  0.0, Diff:  0.0, Sum:  0.1, Workers: 4
[12.129s][debug][gc,phases      ] GC(6)     Dead                           Min: 0, Avg:  0.0, Max: 0, Diff: 0, Sum: 0, Workers: 4
[12.129s][debug][gc,phases      ] GC(6)     Total                          Min: 2105, Avg: 2251.8, Max: 2332, Diff: 227, Sum: 9007, Workers: 4
[12.129s][debug][gc,phases      ] GC(6)   JNI Weak                       Min:  0.0, Avg:  0.0, Max:  0.0, Diff:  0.0, Sum:  0.0, Workers: 4
[12.129s][debug][gc,phases      ] GC(6)     Dead                           Min: 0, Avg:  0.0, Max: 0, Diff: 0, Sum: 0, Workers: 4
[12.129s][debug][gc,phases      ] GC(6)     Total                          Min: 0, Avg: 13.2, Max: 48, Diff: 48, Sum: 53, Workers: 4
[12.129s][debug][gc,phases      ] GC(6)   StringDedup Table Weak         Min:  0.0, Avg:  0.0, Max:  0.0, Diff:  0.0, Sum:  0.0, Workers: 4
[12.129s][debug][gc,phases      ] GC(6)     Dead                           Min: 0, Avg:  0.0, Max: 0, Diff: 0, Sum: 0, Workers: 4
[12.129s][debug][gc,phases      ] GC(6)     Total                          Min: 0, Avg:  0.0, Max: 0, Diff: 0, Sum: 0, Workers: 4
[12.129s][debug][gc,phases      ] GC(6)   StringDedup Requests0 Weak     Min:  0.0, Avg:  0.0, Max:  0.0, Diff:  0.0, Sum:  0.0, Workers: 4
[12.129s][debug][gc,phases      ] GC(6)     Dead                           Min: 0, Avg:  0.0, Max: 0, Diff: 0, Sum: 0, Workers: 4
[12.129s][debug][gc,phases      ] GC(6)     Total                          Min: 0, Avg:  0.0, Max: 0, Diff: 0, Sum: 0, Workers: 4
[12.129s][debug][gc,phases      ] GC(6)   StringDedup Requests1 Weak     Min:  0.0, Avg:  0.0, Max:  0.0, Diff:  0.0, Sum:  0.0, Workers: 4
[12.129s][debug][gc,phases      ] GC(6)     Dead                           Min: 0, Avg:  0.0, Max: 0, Diff: 0, Sum: 0, Workers: 4
[12.129s][debug][gc,phases      ] GC(6)     Total                          Min: 0, Avg:  0.0, Max: 0, Diff: 0, Sum: 0, Workers: 4
[12.130s][debug][gc,phases      ] GC(6)   Weak JFR Old Object Samples    Min:  0.0, Avg:  0.0, Max:  0.0, Diff:  0.0, Sum:  0.0, Workers: 4
[12.130s][debug][gc,phases      ] GC(6)     Dead                           Min: 0, Avg:  0.0, Max: 0, Diff: 0, Sum: 0, Workers: 4
[12.130s][debug][gc,phases      ] GC(6)     Total                          Min: 0, Avg:  0.0, Max: 0, Diff: 0, Sum: 0, Workers: 4
[12.130s][debug][gc,phases      ] GC(6) Weak Processing 0.331ms
[12.130s][debug][gc,phases      ] GC(6) ClassLoaderData 0.087ms
[12.130s][debug][gc,phases      ] GC(6) Trigger cleanups 0.000ms
[12.162s][debug][gc,phases      ] GC(6) Class Unloading 32.882ms
[12.162s][debug][gc,phases      ] GC(6) Report Object Count 0.002ms
[12.162s][info ][gc,phases      ] GC(6) Marking Phase 289.495ms
[12.162s][info ][gc,phases,start] GC(6) Summary Phase
[12.162s][info ][gc,phases      ] GC(6) Summary Phase 0.013ms
[12.162s][info ][gc,phases,start] GC(6) Adjust Roots
[12.175s][info ][gc,phases      ] GC(6) Adjust Roots 12.753ms
[12.175s][info ][gc,phases,start] GC(6) Compaction Phase
[12.860s][info ][gc,phases      ] GC(6) Compaction Phase 684.720ms
[12.860s][info ][gc,phases,start] GC(6) Post Compact
[12.864s][info ][gc,phases      ] GC(6) Post Compact 3.723ms
[12.864s][info ][gc,heap        ] GC(6) PSYoungGen: 524259K(1572864K)->517532K(1572864K) Eden: 0K(1048576K)->0K(1048576K) From: 524259K(524288K)->517532K(524288K)
[12.864s][info ][gc,heap        ] GC(6) ParOldGen: 114005K(114176K)->114000K(272384K)
[12.864s][info ][gc,metaspace   ] GC(6) Metaspace: 74766K(75648K)->74766K(75648K) NonClass: 63770K(64256K)->63770K(64256K) Class: 10996K(11392K)->10996K(11392K)
[12.864s][info ][gc             ] GC(6) Pause Full (Ergonomics) 623M->616M(1802M) 991.032ms
[12.864s][info ][gc,cpu         ] GC(6) User=3.76s Sys=0.03s Real=1.00s
[12.865s][info ][safepoint      ] Safepoint "ParallelGCFailedAllocation", Time since last: 249624224 ns, Reaching safepoint: 6600 ns, Cleanup: 116500 ns, At safepoint: 1335719765 ns, Total: 1335842865 ns
[13.225s][info ][safepoint      ] Safepoint "ICBufferFull", Time since last: 359989579 ns, Reaching safepoint: 6300 ns, Cleanup: 166100 ns, At safepoint: 7300 ns, Total: 179700 ns
[14.217s][info ][gc,start       ] GC(7) Pause Young (Allocation Failure)
[14.506s][debug][gc,phases      ] GC(7) Scavenge 289.610ms
[14.506s][debug][gc,ref         ] GC(7) ReferenceProcessor::execute queues: 4, RefProcThreadModel::Multi, marks_oops_alive: false
[14.507s][debug][gc,ref         ] GC(7) Skipped KeepAliveFinalRefsPhase of Reference Processing: no references
[14.507s][debug][gc,ref         ] GC(7) ReferenceProcessor::execute queues: 1, RefProcThreadModel::Single, marks_oops_alive: false
[14.507s][debug][gc,phases      ] GC(7) Reference Processing 0.959ms
[14.508s][debug][gc,phases      ] GC(7)   VM Weak                        Min:  0.0, Avg:  0.0, Max:  0.0, Diff:  0.0, Sum:  0.0, Workers: 4
[14.508s][debug][gc,phases      ] GC(7)     Dead                           Min: 0, Avg:  0.0, Max: 0, Diff: 0, Sum: 0, Workers: 4
[14.508s][debug][gc,phases      ] GC(7)     Total                          Min: 0, Avg: 165.0, Max: 276, Diff: 276, Sum: 660, Workers: 4
[14.508s][debug][gc,phases      ] GC(7)   ObjectSynchronizer Weak        Min:  0.0, Avg:  0.0, Max:  0.0, Diff:  0.0, Sum:  0.0, Workers: 4
[14.508s][debug][gc,phases      ] GC(7)     Dead                           Min: 0, Avg:  0.0, Max: 0, Diff: 0, Sum: 0, Workers: 4
[14.508s][debug][gc,phases      ] GC(7)     Total                          Min: 0, Avg:  6.0, Max: 24, Diff: 24, Sum: 24, Workers: 4
[14.508s][debug][gc,phases      ] GC(7)   JVMTI Tag Weak OopStorage      Min:  0.0, Avg:  0.0, Max:  0.0, Diff:  0.0, Sum:  0.0, Workers: 4
[14.508s][debug][gc,phases      ] GC(7)     Dead                           Min: 0, Avg:  0.0, Max: 0, Diff: 0, Sum: 0, Workers: 4
[14.508s][debug][gc,phases      ] GC(7)     Total                          Min: 0, Avg:  0.0, Max: 0, Diff: 0, Sum: 0, Workers: 4
[14.508s][debug][gc,phases      ] GC(7)   StringTable Weak               Min:  0.3, Avg:  0.3, Max:  0.3, Diff:  0.0, Sum:  1.0, Workers: 4
[14.508s][debug][gc,phases      ] GC(7)     Dead                           Min: 0, Avg:  1.0, Max: 3, Diff: 3, Sum: 4, Workers: 4
[14.508s][debug][gc,phases      ] GC(7)     Total                          Min: 9736, Avg: 10114.0, Max: 10752, Diff: 1016, Sum: 40456, Workers: 4
[14.508s][debug][gc,phases      ] GC(7)   ResolvedMethodTable Weak       Min:  0.1, Avg:  0.1, Max:  0.1, Diff:  0.0, Sum:  0.3, Workers: 4
[14.508s][debug][gc,phases      ] GC(7)     Dead                           Min: 1, Avg:  9.8, Max: 18, Diff: 17, Sum: 39, Workers: 4
[14.508s][debug][gc,phases      ] GC(7)     Total                          Min: 2154, Avg: 2274.2, Max: 2356, Diff: 202, Sum: 9097, Workers: 4
[14.508s][debug][gc,phases      ] GC(7)   JNI Weak                       Min:  0.0, Avg:  0.0, Max:  0.0, Diff:  0.0, Sum:  0.0, Workers: 4
[14.508s][debug][gc,phases      ] GC(7)     Dead                           Min: 0, Avg:  0.0, Max: 0, Diff: 0, Sum: 0, Workers: 4
[14.508s][debug][gc,phases      ] GC(7)     Total                          Min: 0, Avg: 13.8, Max: 55, Diff: 55, Sum: 55, Workers: 4
[14.508s][debug][gc,phases      ] GC(7)   StringDedup Table Weak         Min:  0.0, Avg:  0.0, Max:  0.0, Diff:  0.0, Sum:  0.0, Workers: 4
[14.508s][debug][gc,phases      ] GC(7)     Dead                           Min: 0, Avg:  0.0, Max: 0, Diff: 0, Sum: 0, Workers: 4
[14.508s][debug][gc,phases      ] GC(7)     Total                          Min: 0, Avg:  0.0, Max: 0, Diff: 0, Sum: 0, Workers: 4
[14.508s][debug][gc,phases      ] GC(7)   StringDedup Requests0 Weak     Min:  0.0, Avg:  0.0, Max:  0.0, Diff:  0.0, Sum:  0.0, Workers: 4
[14.508s][debug][gc,phases      ] GC(7)     Dead                           Min: 0, Avg:  0.0, Max: 0, Diff: 0, Sum: 0, Workers: 4
[14.508s][debug][gc,phases      ] GC(7)     Total                          Min: 0, Avg:  0.0, Max: 0, Diff: 0, Sum: 0, Workers: 4
[14.508s][debug][gc,phases      ] GC(7)   StringDedup Requests1 Weak     Min:  0.0, Avg:  0.0, Max:  0.0, Diff:  0.0, Sum:  0.0, Workers: 4
[14.508s][debug][gc,phases      ] GC(7)     Dead                           Min: 0, Avg:  0.0, Max: 0, Diff: 0, Sum: 0, Workers: 4
[14.508s][debug][gc,phases      ] GC(7)     Total                          Min: 0, Avg:  0.0, Max: 0, Diff: 0, Sum: 0, Workers: 4
[14.508s][debug][gc,phases      ] GC(7)   Weak JFR Old Object Samples    Min:  0.0, Avg:  0.0, Max:  0.0, Diff:  0.0, Sum:  0.0, Workers: 4
[14.508s][debug][gc,phases      ] GC(7)     Dead                           Min: 0, Avg:  0.0, Max: 0, Diff: 0, Sum: 0, Workers: 4
[14.508s][debug][gc,phases      ] GC(7)     Total                          Min: 0, Avg:  0.0, Max: 0, Diff: 0, Sum: 0, Workers: 4
[14.508s][debug][gc,phases      ] GC(7) Weak Processing 0.500ms
[14.508s][debug][gc,age         ] GC(7) Desired survivor size 536870912 bytes, new threshold 7 (max threshold 15)
[14.508s][info ][gc,heap        ] GC(7) PSYoungGen: 1566108K(1572864K)->500478K(1572864K) Eden: 1048576K(1048576K)->0K(1048576K) From: 517532K(524288K)->500478K(524288K)
[14.508s][info ][gc,heap        ] GC(7) ParOldGen: 114000K(272384K)->114008K(272384K)
[14.508s][info ][gc,metaspace   ] GC(7) Metaspace: 75209K(76096K)->75209K(76096K) NonClass: 64160K(64640K)->64160K(64640K) Class: 11048K(11456K)->11048K(11456K)
[14.508s][info ][gc             ] GC(7) Pause Young (Allocation Failure) 1640M->600M(1802M) 291.194ms
[14.508s][info ][gc,cpu         ] GC(7) User=1.01s Sys=0.09s Real=0.29s
[14.508s][info ][safepoint      ] Safepoint "ParallelGCFailedAllocation", Time since last: 990827845 ns, Reaching safepoint: 111900 ns, Cleanup: 117900 ns, At safepoint: 291277771 ns, Total: 291507571 ns
[14.828s][info ][safepoint      ] Safepoint "ICBufferFull", Time since last: 319887574 ns, Reaching safepoint: 78801 ns, Cleanup: 105501 ns, At safepoint: 9200 ns, Total: 193502 ns
[15.173s][info ][safepoint      ] Safepoint "ICBufferFull", Time since last: 345105670 ns, Reaching safepoint: 80101 ns, Cleanup: 145501 ns, At safepoint: 10400 ns, Total: 236002 ns
[15.405s][info ][safepoint      ] Safepoint "ICBufferFull", Time since last: 231222558 ns, Reaching safepoint: 5400 ns, Cleanup: 134301 ns, At safepoint: 5800 ns, Total: 145501 ns
[15.538s][info ][safepoint      ] Safepoint "ICBufferFull", Time since last: 133421603 ns, Reaching safepoint: 7100 ns, Cleanup: 143901 ns, At safepoint: 2000 ns, Total: 153001 ns
[15.671s][info ][safepoint      ] Safepoint "ICBufferFull", Time since last: 132472794 ns, Reaching safepoint: 6200 ns, Cleanup: 154201 ns, At safepoint: 2700 ns, Total: 163101 ns
[15.743s][info ][safepoint      ] Safepoint "ICBufferFull", Time since last: 72028904 ns, Reaching safepoint: 6900 ns, Cleanup: 172401 ns, At safepoint: 6900 ns, Total: 186201 ns
[15.828s][info ][safepoint      ] Safepoint "ICBufferFull", Time since last: 84415525 ns, Reaching safepoint: 85100 ns, Cleanup: 142102 ns, At safepoint: 9900 ns, Total: 237102 ns
[15.942s][info ][safepoint      ] Safepoint "ICBufferFull", Time since last: 113902012 ns, Reaching safepoint: 6600 ns, Cleanup: 132501 ns, At safepoint: 5100 ns, Total: 144201 ns
[16.096s][info ][safepoint      ] Safepoint "ICBufferFull", Time since last: 154038976 ns, Reaching safepoint: 77800 ns, Cleanup: 137200 ns, At safepoint: 11500 ns, Total: 226500 ns
[16.365s][info ][safepoint      ] Safepoint "ICBufferFull", Time since last: 268387369 ns, Reaching safepoint: 5900 ns, Cleanup: 135000 ns, At safepoint: 5100 ns, Total: 146000 ns
[16.608s][info ][safepoint      ] Safepoint "ICBufferFull", Time since last: 243554962 ns, Reaching safepoint: 77300 ns, Cleanup: 161800 ns, At safepoint: 7200 ns, Total: 246300 ns
[16.810s][info ][safepoint      ] Safepoint "ICBufferFull", Time since last: 201801252 ns, Reaching safepoint: 12100 ns, Cleanup: 183400 ns, At safepoint: 10100 ns, Total: 205600 ns
[17.197s][info ][safepoint      ] Safepoint "ICBufferFull", Time since last: 386664099 ns, Reaching safepoint: 7400 ns, Cleanup: 169100 ns, At safepoint: 2300 ns, Total: 178800 ns
[17.623s][info ][safepoint      ] Safepoint "ICBufferFull", Time since last: 425990310 ns, Reaching safepoint: 7000 ns, Cleanup: 154800 ns, At safepoint: 7900 ns, Total: 169700 ns
[17.991s][info ][safepoint      ] Safepoint "ICBufferFull", Time since last: 367766294 ns, Reaching safepoint: 76800 ns, Cleanup: 145600 ns, At safepoint: 5900 ns, Total: 228300 ns
[18.094s][info ][safepoint      ] Safepoint "ICBufferFull", Time since last: 102917726 ns, Reaching safepoint: 81400 ns, Cleanup: 130500 ns, At safepoint: 8500 ns, Total: 220400 ns
[18.189s][info ][safepoint      ] Safepoint "ICBufferFull", Time since last: 94094225 ns, Reaching safepoint: 80700 ns, Cleanup: 134900 ns, At safepoint: 8900 ns, Total: 224500 ns
[18.264s][info ][safepoint      ] Safepoint "ICBufferFull", Time since last: 74820319 ns, Reaching safepoint: 81500 ns, Cleanup: 138100 ns, At safepoint: 8500 ns, Total: 228100 ns
[18.402s][info ][safepoint      ] Safepoint "ICBufferFull", Time since last: 138003135 ns, Reaching safepoint: 7100 ns, Cleanup: 147500 ns, At safepoint: 7000 ns, Total: 161600 ns
[18.586s][info ][safepoint      ] Safepoint "ICBufferFull", Time since last: 183485647 ns, Reaching safepoint: 5800 ns, Cleanup: 149300 ns, At safepoint: 4500 ns, Total: 159600 ns
[18.881s][info ][gc,start       ] GC(8) Pause Young (Allocation Failure)
[18.959s][debug][gc,phases      ] GC(8) Scavenge 77.438ms
[18.959s][debug][gc,ref         ] GC(8) ReferenceProcessor::execute queues: 4, RefProcThreadModel::Multi, marks_oops_alive: false
[18.959s][debug][gc,ref         ] GC(8) Skipped KeepAliveFinalRefsPhase of Reference Processing: no references
[18.959s][debug][gc,ref         ] GC(8) ReferenceProcessor::execute queues: 2, RefProcThreadModel::Multi, marks_oops_alive: false
[18.959s][debug][gc,phases      ] GC(8) Reference Processing 0.750ms
[18.960s][debug][gc,phases      ] GC(8)   VM Weak                        Min:  0.0, Avg:  0.0, Max:  0.0, Diff:  0.0, Sum:  0.0, Workers: 4
[18.960s][debug][gc,phases      ] GC(8)     Dead                           Min: 0, Avg:  0.0, Max: 0, Diff: 0, Sum: 0, Workers: 4
[18.960s][debug][gc,phases      ] GC(8)     Total                          Min: 26, Avg: 214.5, Max: 320, Diff: 294, Sum: 858, Workers: 4
[18.960s][debug][gc,phases      ] GC(8)   ObjectSynchronizer Weak        Min:  0.0, Avg:  0.0, Max:  0.0, Diff:  0.0, Sum:  0.0, Workers: 4
[18.960s][debug][gc,phases      ] GC(8)     Dead                           Min: 0, Avg:  0.2, Max: 1, Diff: 1, Sum: 1, Workers: 4
[18.960s][debug][gc,phases      ] GC(8)     Total                          Min: 0, Avg:  6.8, Max: 27, Diff: 27, Sum: 27, Workers: 4
[18.960s][debug][gc,phases      ] GC(8)   JVMTI Tag Weak OopStorage      Min:  0.0, Avg:  0.0, Max:  0.0, Diff:  0.0, Sum:  0.0, Workers: 4
[18.960s][debug][gc,phases      ] GC(8)     Dead                           Min: 0, Avg:  0.0, Max: 0, Diff: 0, Sum: 0, Workers: 4
[18.960s][debug][gc,phases      ] GC(8)     Total                          Min: 0, Avg:  0.0, Max: 0, Diff: 0, Sum: 0, Workers: 4
[18.960s][debug][gc,phases      ] GC(8)   StringTable Weak               Min:  0.3, Avg:  0.3, Max:  0.3, Diff:  0.0, Sum:  1.3, Workers: 4
[18.960s][debug][gc,phases      ] GC(8)     Dead                           Min: 0, Avg:  3.2, Max: 5, Diff: 5, Sum: 13, Workers: 4
[18.960s][debug][gc,phases      ] GC(8)     Total                          Min: 10688, Avg: 10906.0, Max: 11200, Diff: 512, Sum: 43624, Workers: 4
[18.960s][debug][gc,phases      ] GC(8)   ResolvedMethodTable Weak       Min:  0.1, Avg:  0.1, Max:  0.1, Diff:  0.0, Sum:  0.4, Workers: 4
[18.960s][debug][gc,phases      ] GC(8)     Dead                           Min: 147, Avg: 213.5, Max: 327, Diff: 180, Sum: 854, Workers: 4
[18.960s][debug][gc,phases      ] GC(8)     Total                          Min: 2718, Avg: 2903.5, Max: 3008, Diff: 290, Sum: 11614, Workers: 4
[18.960s][debug][gc,phases      ] GC(8)   JNI Weak                       Min:  0.0, Avg:  0.0, Max:  0.0, Diff:  0.0, Sum:  0.0, Workers: 4
[18.960s][debug][gc,phases      ] GC(8)     Dead                           Min: 0, Avg:  0.0, Max: 0, Diff: 0, Sum: 0, Workers: 4
[18.960s][debug][gc,phases      ] GC(8)     Total                          Min: 0, Avg: 17.2, Max: 48, Diff: 48, Sum: 69, Workers: 4
[18.960s][debug][gc,phases      ] GC(8)   StringDedup Table Weak         Min:  0.0, Avg:  0.0, Max:  0.0, Diff:  0.0, Sum:  0.0, Workers: 4
[18.960s][debug][gc,phases      ] GC(8)     Dead                           Min: 0, Avg:  0.0, Max: 0, Diff: 0, Sum: 0, Workers: 4
[18.960s][debug][gc,phases      ] GC(8)     Total                          Min: 0, Avg:  0.0, Max: 0, Diff: 0, Sum: 0, Workers: 4
[18.960s][debug][gc,phases      ] GC(8)   StringDedup Requests0 Weak     Min:  0.0, Avg:  0.0, Max:  0.0, Diff:  0.0, Sum:  0.0, Workers: 4
[18.960s][debug][gc,phases      ] GC(8)     Dead                           Min: 0, Avg:  0.0, Max: 0, Diff: 0, Sum: 0, Workers: 4
[18.960s][debug][gc,phases      ] GC(8)     Total                          Min: 0, Avg:  0.0, Max: 0, Diff: 0, Sum: 0, Workers: 4
[18.960s][debug][gc,phases      ] GC(8)   StringDedup Requests1 Weak     Min:  0.0, Avg:  0.0, Max:  0.0, Diff:  0.0, Sum:  0.0, Workers: 4
[18.960s][debug][gc,phases      ] GC(8)     Dead                           Min: 0, Avg:  0.0, Max: 0, Diff: 0, Sum: 0, Workers: 4
[18.960s][debug][gc,phases      ] GC(8)     Total                          Min: 0, Avg:  0.0, Max: 0, Diff: 0, Sum: 0, Workers: 4
[18.960s][debug][gc,phases      ] GC(8)   Weak JFR Old Object Samples    Min:  0.0, Avg:  0.0, Max:  0.0, Diff:  0.0, Sum:  0.0, Workers: 4
[18.960s][debug][gc,phases      ] GC(8)     Dead                           Min: 0, Avg:  0.0, Max: 0, Diff: 0, Sum: 0, Workers: 4
[18.960s][debug][gc,phases      ] GC(8)     Total                          Min: 0, Avg:  0.0, Max: 0, Diff: 0, Sum: 0, Workers: 4
[18.960s][debug][gc,phases      ] GC(8) Weak Processing 0.577ms
[18.960s][debug][gc,age         ] GC(8) Desired survivor size 536870912 bytes, new threshold 7 (max threshold 15)
[18.960s][info ][gc,heap        ] GC(8) PSYoungGen: 1549054K(1572864K)->252375K(1572864K) Eden: 1048576K(1048576K)->0K(1048576K) From: 500478K(524288K)->252375K(524288K)
[18.960s][info ][gc,heap        ] GC(8) ParOldGen: 114008K(272384K)->114032K(272384K)
[18.960s][info ][gc,metaspace   ] GC(8) Metaspace: 84695K(85888K)->84695K(85888K) NonClass: 72277K(72960K)->72277K(72960K) Class: 12417K(12928K)->12417K(12928K)
[18.960s][info ][gc             ] GC(8) Pause Young (Allocation Failure) 1624M->357M(1802M) 78.902ms
[18.960s][info ][gc,cpu         ] GC(8) User=0.31s Sys=0.00s Real=0.08s
[18.960s][info ][safepoint      ] Safepoint "ParallelGCFailedAllocation", Time since last: 295232476 ns, Reaching safepoint: 5500 ns, Cleanup: 116700 ns, At safepoint: 78975020 ns, Total: 79097220 ns
[19.297s][info ][safepoint      ] Safepoint "ICBufferFull", Time since last: 337012587 ns, Reaching safepoint: 6500 ns, Cleanup: 143900 ns, At safepoint: 5100 ns, Total: 155500 ns
[19.787s][info ][safepoint      ] Safepoint "ICBufferFull", Time since last: 490026726 ns, Reaching safepoint: 8500 ns, Cleanup: 148900 ns, At safepoint: 5900 ns, Total: 163300 ns
[20.639s][info ][safepoint      ] Safepoint "ICBufferFull", Time since last: 851452918 ns, Reaching safepoint: 160200 ns, Cleanup: 160900 ns, At safepoint: 10100 ns, Total: 331200 ns
[20.947s][info ][safepoint      ] Safepoint "ICBufferFull", Time since last: 307423479 ns, Reaching safepoint: 85700 ns, Cleanup: 161200 ns, At safepoint: 8200 ns, Total: 255100 ns
[21.248s][info ][safepoint      ] Safepoint "ICBufferFull", Time since last: 300662577 ns, Reaching safepoint: 85200 ns, Cleanup: 126600 ns, At safepoint: 9200 ns, Total: 221000 ns
[22.039s][info ][safepoint      ] Safepoint "ICBufferFull", Time since last: 790858103 ns, Reaching safepoint: 7900 ns, Cleanup: 164800 ns, At safepoint: 7000 ns, Total: 179700 ns
[22.590s][info ][safepoint      ] Safepoint "ICBufferFull", Time since last: 551199041 ns, Reaching safepoint: 5900 ns, Cleanup: 159000 ns, At safepoint: 1600 ns, Total: 166500 ns
[23.056s][info ][safepoint      ] Safepoint "ICBufferFull", Time since last: 466006332 ns, Reaching safepoint: 80200 ns, Cleanup: 137500 ns, At safepoint: 14800 ns, Total: 232500 ns
[23.697s][info ][safepoint      ] Safepoint "ICBufferFull", Time since last: 640794601 ns, Reaching safepoint: 80600 ns, Cleanup: 136100 ns, At safepoint: 7400 ns, Total: 224100 ns
[24.698s][info ][safepoint      ] Safepoint "Cleanup", Time since last: 1000099726 ns, Reaching safepoint: 6100 ns, Cleanup: 96400 ns, At safepoint: 1800 ns, Total: 104300 ns
[25.698s][info ][safepoint      ] Safepoint "Cleanup", Time since last: 1000103726 ns, Reaching safepoint: 6400 ns, Cleanup: 67600 ns, At safepoint: 2000 ns, Total: 76000 ns
[26.698s][info ][safepoint      ] Safepoint "Cleanup", Time since last: 1000110526 ns, Reaching safepoint: 75500 ns, Cleanup: 76700 ns, At safepoint: 8400 ns, Total: 160600 ns
[27.698s][info ][safepoint      ] Safepoint "Cleanup", Time since last: 1000079326 ns, Reaching safepoint: 6200 ns, Cleanup: 72100 ns, At safepoint: 2200 ns, Total: 80500 ns
[28.698s][info ][safepoint      ] Safepoint "Cleanup", Time since last: 1000102026 ns, Reaching safepoint: 6400 ns, Cleanup: 34800 ns, At safepoint: 2000 ns, Total: 43200 ns
[29.698s][info ][safepoint      ] Safepoint "Cleanup", Time since last: 1000113526 ns, Reaching safepoint: 6200 ns, Cleanup: 62600 ns, At safepoint: 2000 ns, Total: 70800 ns
[30.699s][info ][safepoint      ] Safepoint "Cleanup", Time since last: 1000106325 ns, Reaching safepoint: 7200 ns, Cleanup: 60600 ns, At safepoint: 1500 ns, Total: 69300 ns
[31.699s][info ][safepoint      ] Safepoint "Cleanup", Time since last: 1000101851 ns, Reaching safepoint: 7200 ns, Cleanup: 24400 ns, At safepoint: 1500 ns, Total: 33100 ns
[32.699s][info ][safepoint      ] Safepoint "Cleanup", Time since last: 1000050928 ns, Reaching safepoint: 7500 ns, Cleanup: 46500 ns, At safepoint: 2400 ns, Total: 56400 ns
[33.699s][info ][safepoint      ] Safepoint "Cleanup", Time since last: 1000106127 ns, Reaching safepoint: 7300 ns, Cleanup: 33201 ns, At safepoint: 3100 ns, Total: 43601 ns
[34.699s][info ][safepoint      ] Safepoint "Cleanup", Time since last: 1000107727 ns, Reaching safepoint: 75700 ns, Cleanup: 32800 ns, At safepoint: 4700 ns, Total: 113200 ns
[35.699s][info ][safepoint      ] Safepoint "Cleanup", Time since last: 1000105528 ns, Reaching safepoint: 6700 ns, Cleanup: 48600 ns, At safepoint: 1900 ns, Total: 57200 ns
[36.700s][info ][safepoint      ] Safepoint "Cleanup", Time since last: 1000099928 ns, Reaching safepoint: 7600 ns, Cleanup: 17000 ns, At safepoint: 1700 ns, Total: 26300 ns
[37.700s][info ][safepoint      ] Safepoint "Cleanup", Time since last: 1000127627 ns, Reaching safepoint: 7100 ns, Cleanup: 71000 ns, At safepoint: 1900 ns, Total: 80000 ns
[38.700s][info ][safepoint      ] Safepoint "Cleanup", Time since last: 1000102628 ns, Reaching safepoint: 7200 ns, Cleanup: 26700 ns, At safepoint: 2000 ns, Total: 35900 ns
[39.700s][info ][safepoint      ] Safepoint "Cleanup", Time since last: 1000106938 ns, Reaching safepoint: 9400 ns, Cleanup: 58500 ns, At safepoint: 8700 ns, Total: 76600 ns
[40.700s][info ][safepoint      ] Safepoint "Cleanup", Time since last: 1000116072 ns, Reaching safepoint: 9000 ns, Cleanup: 76000 ns, At safepoint: 1800 ns, Total: 86800 ns
[41.701s][info ][safepoint      ] Safepoint "Cleanup", Time since last: 1000110272 ns, Reaching safepoint: 492099 ns, Cleanup: 78700 ns, At safepoint: 9400 ns, Total: 580199 ns
[42.701s][info ][safepoint      ] Safepoint "Cleanup", Time since last: 1000109526 ns, Reaching safepoint: 7000 ns, Cleanup: 69200 ns, At safepoint: 5400 ns, Total: 81600 ns
[42.991s][info ][gc,start       ] GC(9) Pause Young (Allocation Failure)
[43.069s][debug][gc,phases      ] GC(9) Scavenge 78.119ms
[43.069s][debug][gc,ref         ] GC(9) ReferenceProcessor::execute queues: 4, RefProcThreadModel::Multi, marks_oops_alive: false
[43.070s][debug][gc,ref         ] GC(9) Skipped KeepAliveFinalRefsPhase of Reference Processing: no references
[43.070s][debug][gc,ref         ] GC(9) ReferenceProcessor::execute queues: 1, RefProcThreadModel::Single, marks_oops_alive: false
[43.070s][debug][gc,phases      ] GC(9) Reference Processing 0.651ms
[43.070s][debug][gc,phases      ] GC(9)   VM Weak                        Min:  0.0, Avg:  0.0, Max:  0.0, Diff:  0.0, Sum:  0.0, Workers: 4
[43.070s][debug][gc,phases      ] GC(9)     Dead                           Min: 0, Avg:  0.0, Max: 0, Diff: 0, Sum: 0, Workers: 4
[43.070s][debug][gc,phases      ] GC(9)     Total                          Min: 0, Avg: 216.2, Max: 545, Diff: 545, Sum: 865, Workers: 4
[43.070s][debug][gc,phases      ] GC(9)   ObjectSynchronizer Weak        Min:  0.0, Avg:  0.0, Max:  0.0, Diff:  0.0, Sum:  0.0, Workers: 4
[43.070s][debug][gc,phases      ] GC(9)     Dead                           Min: 0, Avg:  0.0, Max: 0, Diff: 0, Sum: 0, Workers: 4
[43.070s][debug][gc,phases      ] GC(9)     Total                          Min: 0, Avg:  6.8, Max: 27, Diff: 27, Sum: 27, Workers: 4
[43.070s][debug][gc,phases      ] GC(9)   JVMTI Tag Weak OopStorage      Min:  0.0, Avg:  0.0, Max:  0.0, Diff:  0.0, Sum:  0.0, Workers: 4
[43.070s][debug][gc,phases      ] GC(9)     Dead                           Min: 0, Avg:  0.0, Max: 0, Diff: 0, Sum: 0, Workers: 4
[43.070s][debug][gc,phases      ] GC(9)     Total                          Min: 0, Avg:  0.0, Max: 0, Diff: 0, Sum: 0, Workers: 4
[43.070s][debug][gc,phases      ] GC(9)   StringTable Weak               Min:  0.0, Avg:  0.2, Max:  0.3, Diff:  0.3, Sum:  1.0, Workers: 4
[43.070s][debug][gc,phases      ] GC(9)     Dead                           Min: 0, Avg:  1.2, Max: 3, Diff: 3, Sum: 5, Workers: 4
[43.070s][debug][gc,phases      ] GC(9)     Total                          Min: 0, Avg: 11063.5, Max: 18206, Diff: 18206, Sum: 44254, Workers: 4
[43.070s][debug][gc,phases      ] GC(9)   ResolvedMethodTable Weak       Min:  0.0, Avg:  0.1, Max:  0.1, Diff:  0.1, Sum:  0.3, Workers: 4
[43.070s][debug][gc,phases      ] GC(9)     Dead                           Min: 0, Avg:  9.5, Max: 26, Diff: 26, Sum: 38, Workers: 4
[43.070s][debug][gc,phases      ] GC(9)     Total                          Min: 0, Avg: 2931.8, Max: 5183, Diff: 5183, Sum: 11727, Workers: 4
[43.070s][debug][gc,phases      ] GC(9)   JNI Weak                       Min:  0.0, Avg:  0.0, Max:  0.0, Diff:  0.0, Sum:  0.0, Workers: 4
[43.070s][debug][gc,phases      ] GC(9)     Dead                           Min: 0, Avg:  0.0, Max: 0, Diff: 0, Sum: 0, Workers: 4
[43.070s][debug][gc,phases      ] GC(9)     Total                          Min: 0, Avg: 12.0, Max: 48, Diff: 48, Sum: 48, Workers: 4
[43.070s][debug][gc,phases      ] GC(9)   StringDedup Table Weak         Min:  0.0, Avg:  0.0, Max:  0.0, Diff:  0.0, Sum:  0.0, Workers: 4
[43.070s][debug][gc,phases      ] GC(9)     Dead                           Min: 0, Avg:  0.0, Max: 0, Diff: 0, Sum: 0, Workers: 4
[43.070s][debug][gc,phases      ] GC(9)     Total                          Min: 0, Avg:  0.0, Max: 0, Diff: 0, Sum: 0, Workers: 4
[43.070s][debug][gc,phases      ] GC(9)   StringDedup Requests0 Weak     Min:  0.0, Avg:  0.0, Max:  0.0, Diff:  0.0, Sum:  0.0, Workers: 4
[43.070s][debug][gc,phases      ] GC(9)     Dead                           Min: 0, Avg:  0.0, Max: 0, Diff: 0, Sum: 0, Workers: 4
[43.070s][debug][gc,phases      ] GC(9)     Total                          Min: 0, Avg:  0.0, Max: 0, Diff: 0, Sum: 0, Workers: 4
[43.070s][debug][gc,phases      ] GC(9)   StringDedup Requests1 Weak     Min:  0.0, Avg:  0.0, Max:  0.0, Diff:  0.0, Sum:  0.0, Workers: 4
[43.070s][debug][gc,phases      ] GC(9)     Dead                           Min: 0, Avg:  0.0, Max: 0, Diff: 0, Sum: 0, Workers: 4
[43.070s][debug][gc,phases      ] GC(9)     Total                          Min: 0, Avg:  0.0, Max: 0, Diff: 0, Sum: 0, Workers: 4
[43.070s][debug][gc,phases      ] GC(9)   Weak JFR Old Object Samples    Min:  0.0, Avg:  0.0, Max:  0.0, Diff:  0.0, Sum:  0.0, Workers: 4
[43.070s][debug][gc,phases      ] GC(9)     Dead                           Min: 0, Avg:  0.0, Max: 0, Diff: 0, Sum: 0, Workers: 4
[43.070s][debug][gc,phases      ] GC(9)     Total                          Min: 0, Avg:  0.0, Max: 0, Diff: 0, Sum: 0, Workers: 4
[43.070s][debug][gc,phases      ] GC(9) Weak Processing 0.579ms
[43.070s][debug][gc,age         ] GC(9) Desired survivor size 536870912 bytes, new threshold 6 (max threshold 15)
[43.070s][info ][gc,heap        ] GC(9) PSYoungGen: 1300951K(1572864K)->255144K(1572864K) Eden: 1048576K(1048576K)->0K(1048576K) From: 252375K(524288K)->255144K(524288K)
[43.070s][info ][gc,heap        ] GC(9) ParOldGen: 114032K(272384K)->114048K(272384K)
[43.070s][info ][gc,metaspace   ] GC(9) Metaspace: 86210K(87360K)->86210K(87360K) NonClass: 73736K(74368K)->73736K(74368K) Class: 12474K(12992K)->12474K(12992K)
[43.070s][info ][gc             ] GC(9) Pause Young (Allocation Failure) 1381M->360M(1802M) 79.482ms
[43.070s][info ][gc,cpu         ] GC(9) User=0.31s Sys=0.00s Real=0.08s
[43.070s][info ][safepoint      ] Safepoint "ParallelGCFailedAllocation", Time since last: 289711496 ns, Reaching safepoint: 7600 ns, Cleanup: 32900 ns, At safepoint: 79559227 ns, Total: 79599727 ns
[44.071s][info ][safepoint      ] Safepoint "Cleanup", Time since last: 1000083032 ns, Reaching safepoint: 9000 ns, Cleanup: 29500 ns, At safepoint: 2300 ns, Total: 40800 ns
[45.071s][info ][safepoint      ] Safepoint "Cleanup", Time since last: 1000127732 ns, Reaching safepoint: 9000 ns, Cleanup: 20800 ns, At safepoint: 2000 ns, Total: 31800 ns
[46.071s][info ][safepoint      ] Safepoint "Cleanup", Time since last: 1000115032 ns, Reaching safepoint: 7500 ns, Cleanup: 22500 ns, At safepoint: 2400 ns, Total: 32400 ns
[47.071s][info ][safepoint      ] Safepoint "Cleanup", Time since last: 1000120734 ns, Reaching safepoint: 9800 ns, Cleanup: 27600 ns, At safepoint: 2500 ns, Total: 39900 ns
[48.071s][info ][safepoint      ] Safepoint "Cleanup", Time since last: 1000113452 ns, Reaching safepoint: 7800 ns, Cleanup: 45800 ns, At safepoint: 2400 ns, Total: 56000 ns
[49.071s][info ][safepoint      ] Safepoint "Cleanup", Time since last: 1000129253 ns, Reaching safepoint: 9300 ns, Cleanup: 44900 ns, At safepoint: 3700 ns, Total: 57900 ns
[50.072s][info ][safepoint      ] Safepoint "Cleanup", Time since last: 1000123652 ns, Reaching safepoint: 9800 ns, Cleanup: 42400 ns, At safepoint: 9600 ns, Total: 61800 ns
[51.072s][info ][safepoint      ] Safepoint "Cleanup", Time since last: 1000117852 ns, Reaching safepoint: 9200 ns, Cleanup: 51900 ns, At safepoint: 3000 ns, Total: 64100 ns
[53.072s][info ][safepoint      ] Safepoint "Cleanup", Time since last: 2000205605 ns, Reaching safepoint: 8600 ns, Cleanup: 31800 ns, At safepoint: 7200 ns, Total: 47600 ns
[54.752s][info ][safepoint      ] Safepoint "Cleanup", Time since last: 1680078515 ns, Reaching safepoint: 6800 ns, Cleanup: 142000 ns, At safepoint: 1600 ns, Total: 150400 ns
[55.752s][info ][safepoint      ] Safepoint "Cleanup", Time since last: 1000111951 ns, Reaching safepoint: 8800 ns, Cleanup: 72600 ns, At safepoint: 8300 ns, Total: 89700 ns
[56.753s][info ][safepoint      ] Safepoint "Cleanup", Time since last: 1000119948 ns, Reaching safepoint: 7700 ns, Cleanup: 20100 ns, At safepoint: 2200 ns, Total: 30000 ns
[57.753s][info ][safepoint      ] Safepoint "Cleanup", Time since last: 1000109447 ns, Reaching safepoint: 7200 ns, Cleanup: 11500 ns, At safepoint: 1900 ns, Total: 20600 ns
[58.753s][info ][safepoint      ] Safepoint "Cleanup", Time since last: 1000117747 ns, Reaching safepoint: 8500 ns, Cleanup: 14400 ns, At safepoint: 2200 ns, Total: 25100 ns
[59.753s][info ][safepoint      ] Safepoint "Cleanup", Time since last: 1000111348 ns, Reaching safepoint: 8400 ns, Cleanup: 10100 ns, At safepoint: 2500 ns, Total: 21000 ns
[61.036s][info ][safepoint      ] Safepoint "Cleanup", Time since last: 1282991919 ns, Reaching safepoint: 87800 ns, Cleanup: 11400 ns, At safepoint: 5600 ns, Total: 104800 ns
[62.036s][info ][safepoint      ] Safepoint "Cleanup", Time since last: 1000120047 ns, Reaching safepoint: 78600 ns, Cleanup: 14100 ns, At safepoint: 7400 ns, Total: 100100 ns
[63.037s][info ][safepoint      ] Safepoint "Cleanup", Time since last: 1000116989 ns, Reaching safepoint: 78800 ns, Cleanup: 22900 ns, At safepoint: 8000 ns, Total: 109700 ns
[65.037s][info ][safepoint      ] Safepoint "Cleanup", Time since last: 2000213507 ns, Reaching safepoint: 77600 ns, Cleanup: 16400 ns, At safepoint: 5400 ns, Total: 99400 ns
[66.037s][info ][safepoint      ] Safepoint "Cleanup", Time since last: 1000116253 ns, Reaching safepoint: 79700 ns, Cleanup: 15600 ns, At safepoint: 9300 ns, Total: 104600 ns
[67.037s][info ][safepoint      ] Safepoint "Cleanup", Time since last: 1000134454 ns, Reaching safepoint: 81300 ns, Cleanup: 22400 ns, At safepoint: 9900 ns, Total: 113600 ns
[68.038s][info ][safepoint      ] Safepoint "Cleanup", Time since last: 1000122453 ns, Reaching safepoint: 77000 ns, Cleanup: 12600 ns, At safepoint: 6400 ns, Total: 96000 ns
[69.038s][info ][safepoint      ] Safepoint "Cleanup", Time since last: 1000074554 ns, Reaching safepoint: 75300 ns, Cleanup: 9500 ns, At safepoint: 6000 ns, Total: 90800 ns
[70.038s][info ][safepoint      ] Safepoint "Cleanup", Time since last: 1000115153 ns, Reaching safepoint: 76800 ns, Cleanup: 22300 ns, At safepoint: 6600 ns, Total: 105700 ns
[72.038s][info ][safepoint      ] Safepoint "Cleanup", Time since last: 2000199606 ns, Reaching safepoint: 52500 ns, Cleanup: 13400 ns, At safepoint: 8600 ns, Total: 74500 ns
[73.039s][info ][safepoint      ] Safepoint "Cleanup", Time since last: 1000467343 ns, Reaching safepoint: 83700 ns, Cleanup: 15500 ns, At safepoint: 9800 ns, Total: 109000 ns
[74.039s][info ][safepoint      ] Safepoint "Cleanup", Time since last: 1000115560 ns, Reaching safepoint: 84300 ns, Cleanup: 14000 ns, At safepoint: 6100 ns, Total: 104400 ns
[75.039s][info ][safepoint      ] Safepoint "Cleanup", Time since last: 1000119450 ns, Reaching safepoint: 85200 ns, Cleanup: 17100 ns, At safepoint: 9500 ns, Total: 111800 ns
[76.040s][info ][safepoint      ] Safepoint "Cleanup", Time since last: 1000135050 ns, Reaching safepoint: 86000 ns, Cleanup: 22200 ns, At safepoint: 7000 ns, Total: 115200 ns
[77.040s][info ][safepoint      ] Safepoint "Cleanup", Time since last: 1000118750 ns, Reaching safepoint: 79200 ns, Cleanup: 9100 ns, At safepoint: 4000 ns, Total: 92300 ns
[78.040s][info ][safepoint      ] Safepoint "Cleanup", Time since last: 1000110350 ns, Reaching safepoint: 83400 ns, Cleanup: 65600 ns, At safepoint: 10300 ns, Total: 159300 ns
[79.040s][info ][safepoint      ] Safepoint "Cleanup", Time since last: 1000124236 ns, Reaching safepoint: 79600 ns, Cleanup: 22300 ns, At safepoint: 7400 ns, Total: 109300 ns
[80.041s][info ][safepoint      ] Safepoint "Cleanup", Time since last: 1000173692 ns, Reaching safepoint: 95300 ns, Cleanup: 11600 ns, At safepoint: 7600 ns, Total: 114500 ns
[81.041s][info ][safepoint      ] Safepoint "Cleanup", Time since last: 1000106892 ns, Reaching safepoint: 80400 ns, Cleanup: 31600 ns, At safepoint: 8600 ns, Total: 120600 ns
[82.041s][info ][safepoint      ] Safepoint "Cleanup", Time since last: 1000110792 ns, Reaching safepoint: 79000 ns, Cleanup: 19200 ns, At safepoint: 4800 ns, Total: 103000 ns
[83.041s][info ][safepoint      ] Safepoint "Cleanup", Time since last: 1000105192 ns, Reaching safepoint: 77200 ns, Cleanup: 29300 ns, At safepoint: 6300 ns, Total: 112800 ns
[84.041s][info ][safepoint      ] Safepoint "Cleanup", Time since last: 1000129592 ns, Reaching safepoint: 79700 ns, Cleanup: 19900 ns, At safepoint: 10600 ns, Total: 110200 ns
[84.387s][info ][gc,start       ] GC(10) Pause Young (Allocation Failure)
[84.486s][debug][gc,phases      ] GC(10) Scavenge 98.498ms
[84.486s][debug][gc,ref         ] GC(10) ReferenceProcessor::execute queues: 4, RefProcThreadModel::Multi, marks_oops_alive: false
[84.486s][debug][gc,ref         ] GC(10) Skipped KeepAliveFinalRefsPhase of Reference Processing: no references
[84.486s][debug][gc,ref         ] GC(10) ReferenceProcessor::execute queues: 1, RefProcThreadModel::Single, marks_oops_alive: false
[84.487s][debug][gc,phases      ] GC(10) Reference Processing 0.605ms
[84.487s][debug][gc,phases      ] GC(10)   VM Weak                        Min:  0.0, Avg:  0.0, Max:  0.0, Diff:  0.0, Sum:  0.0, Workers: 4
[84.487s][debug][gc,phases      ] GC(10)     Dead                           Min: 0, Avg:  0.0, Max: 0, Diff: 0, Sum: 0, Workers: 4
[84.487s][debug][gc,phases      ] GC(10)     Total                          Min: 0, Avg: 220.8, Max: 512, Diff: 512, Sum: 883, Workers: 4
[84.487s][debug][gc,phases      ] GC(10)   ObjectSynchronizer Weak        Min:  0.0, Avg:  0.0, Max:  0.0, Diff:  0.0, Sum:  0.0, Workers: 4
[84.487s][debug][gc,phases      ] GC(10)     Dead                           Min: 0, Avg:  0.0, Max: 0, Diff: 0, Sum: 0, Workers: 4
[84.487s][debug][gc,phases      ] GC(10)     Total                          Min: 0, Avg:  0.8, Max: 3, Diff: 3, Sum: 3, Workers: 4
[84.487s][debug][gc,phases      ] GC(10)   JVMTI Tag Weak OopStorage      Min:  0.0, Avg:  0.0, Max:  0.0, Diff:  0.0, Sum:  0.0, Workers: 4
[84.487s][debug][gc,phases      ] GC(10)     Dead                           Min: 0, Avg:  0.0, Max: 0, Diff: 0, Sum: 0, Workers: 4
[84.487s][debug][gc,phases      ] GC(10)     Total                          Min: 0, Avg:  0.0, Max: 0, Diff: 0, Sum: 0, Workers: 4
[84.487s][debug][gc,phases      ] GC(10)   StringTable Weak               Min:  0.0, Avg:  0.2, Max:  0.3, Diff:  0.3, Sum:  1.0, Workers: 4
[84.487s][debug][gc,phases      ] GC(10)     Dead                           Min: 0, Avg:  0.5, Max: 1, Diff: 1, Sum: 2, Workers: 4
[84.487s][debug][gc,phases      ] GC(10)     Total                          Min: 0, Avg: 11110.8, Max: 17883, Diff: 17883, Sum: 44443, Workers: 4
[84.487s][debug][gc,phases      ] GC(10)   ResolvedMethodTable Weak       Min:  0.0, Avg:  0.1, Max:  0.1, Diff:  0.1, Sum:  0.3, Workers: 4
[84.487s][debug][gc,phases      ] GC(10)     Dead                           Min: 0, Avg:  4.8, Max: 7, Diff: 7, Sum: 19, Workers: 4
[84.487s][debug][gc,phases      ] GC(10)     Total                          Min: 0, Avg: 2965.5, Max: 5179, Diff: 5179, Sum: 11862, Workers: 4
[84.487s][debug][gc,phases      ] GC(10)   JNI Weak                       Min:  0.0, Avg:  0.0, Max:  0.0, Diff:  0.0, Sum:  0.0, Workers: 4
[84.487s][debug][gc,phases      ] GC(10)     Dead                           Min: 0, Avg:  0.0, Max: 0, Diff: 0, Sum: 0, Workers: 4
[84.487s][debug][gc,phases      ] GC(10)     Total                          Min: 0, Avg: 12.0, Max: 48, Diff: 48, Sum: 48, Workers: 4
[84.487s][debug][gc,phases      ] GC(10)   StringDedup Table Weak         Min:  0.0, Avg:  0.0, Max:  0.0, Diff:  0.0, Sum:  0.0, Workers: 4
[84.487s][debug][gc,phases      ] GC(10)     Dead                           Min: 0, Avg:  0.0, Max: 0, Diff: 0, Sum: 0, Workers: 4
[84.487s][debug][gc,phases      ] GC(10)     Total                          Min: 0, Avg:  0.0, Max: 0, Diff: 0, Sum: 0, Workers: 4
[84.487s][debug][gc,phases      ] GC(10)   StringDedup Requests0 Weak     Min:  0.0, Avg:  0.0, Max:  0.0, Diff:  0.0, Sum:  0.0, Workers: 4
[84.487s][debug][gc,phases      ] GC(10)     Dead                           Min: 0, Avg:  0.0, Max: 0, Diff: 0, Sum: 0, Workers: 4
[84.487s][debug][gc,phases      ] GC(10)     Total                          Min: 0, Avg:  0.0, Max: 0, Diff: 0, Sum: 0, Workers: 4
[84.487s][debug][gc,phases      ] GC(10)   StringDedup Requests1 Weak     Min:  0.0, Avg:  0.0, Max:  0.0, Diff:  0.0, Sum:  0.0, Workers: 4
[84.487s][debug][gc,phases      ] GC(10)     Dead                           Min: 0, Avg:  0.0, Max: 0, Diff: 0, Sum: 0, Workers: 4
[84.487s][debug][gc,phases      ] GC(10)     Total                          Min: 0, Avg:  0.0, Max: 0, Diff: 0, Sum: 0, Workers: 4
[84.487s][debug][gc,phases      ] GC(10)   Weak JFR Old Object Samples    Min:  0.0, Avg:  0.0, Max:  0.0, Diff:  0.0, Sum:  0.0, Workers: 4
[84.487s][debug][gc,phases      ] GC(10)     Dead                           Min: 0, Avg:  0.0, Max: 0, Diff: 0, Sum: 0, Workers: 4
[84.487s][debug][gc,phases      ] GC(10)     Total                          Min: 0, Avg:  0.0, Max: 0, Diff: 0, Sum: 0, Workers: 4
[84.487s][debug][gc,phases      ] GC(10) Weak Processing 0.602ms
[84.487s][debug][gc,age         ] GC(10) Desired survivor size 536870912 bytes, new threshold 5 (max threshold 15)
[84.487s][info ][gc,heap        ] GC(10) PSYoungGen: 1303720K(1572864K)->255601K(1572864K) Eden: 1048576K(1048576K)->0K(1048576K) From: 255144K(524288K)->255601K(524288K)
[84.487s][info ][gc,heap        ] GC(10) ParOldGen: 114048K(272384K)->114056K(272384K)
[84.487s][info ][gc,metaspace   ] GC(10) Metaspace: 86789K(88000K)->86789K(88000K) NonClass: 74251K(74944K)->74251K(74944K) Class: 12538K(13056K)->12538K(13056K)
[84.487s][info ][gc             ] GC(10) Pause Young (Allocation Failure) 1384M->360M(1802M) 99.831ms
[84.487s][info ][gc,cpu         ] GC(10) User=0.30s Sys=0.01s Real=0.10s
[84.487s][info ][safepoint      ] Safepoint "ParallelGCFailedAllocation", Time since last: 345779332 ns, Reaching safepoint: 80800 ns, Cleanup: 9100 ns, At safepoint: 99901609 ns, Total: 99991509 ns
[85.487s][info ][safepoint      ] Safepoint "Cleanup", Time since last: 1000097792 ns, Reaching safepoint: 39500 ns, Cleanup: 11800 ns, At safepoint: 7500 ns, Total: 58800 ns
[86.488s][info ][safepoint      ] Safepoint "Cleanup", Time since last: 1000139892 ns, Reaching safepoint: 76300 ns, Cleanup: 22100 ns, At safepoint: 5400 ns, Total: 103800 ns
[87.518s][info ][safepoint      ] Safepoint "Cleanup", Time since last: 1030677044 ns, Reaching safepoint: 9200 ns, Cleanup: 11900 ns, At safepoint: 2900 ns, Total: 24000 ns
[88.518s][info ][safepoint      ] Safepoint "Cleanup", Time since last: 1000120434 ns, Reaching safepoint: 6500 ns, Cleanup: 18900 ns, At safepoint: 2300 ns, Total: 27700 ns
[89.519s][info ][safepoint      ] Safepoint "Cleanup", Time since last: 1000113034 ns, Reaching safepoint: 6800 ns, Cleanup: 17900 ns, At safepoint: 2300 ns, Total: 27000 ns
[91.519s][info ][safepoint      ] Safepoint "Cleanup", Time since last: 2000156767 ns, Reaching safepoint: 7600 ns, Cleanup: 13100 ns, At safepoint: 2100 ns, Total: 22800 ns
[92.519s][info ][safepoint      ] Safepoint "Cleanup", Time since last: 1000107834 ns, Reaching safepoint: 9300 ns, Cleanup: 8300 ns, At safepoint: 2200 ns, Total: 19800 ns
[93.519s][info ][safepoint      ] Safepoint "Cleanup", Time since last: 1000104033 ns, Reaching safepoint: 7200 ns, Cleanup: 17600 ns, At safepoint: 6200 ns, Total: 31000 ns
[94.519s][info ][safepoint      ] Safepoint "Cleanup", Time since last: 1000106434 ns, Reaching safepoint: 7400 ns, Cleanup: 14000 ns, At safepoint: 2000 ns, Total: 23400 ns
[95.519s][info ][safepoint      ] Safepoint "Cleanup", Time since last: 1000104822 ns, Reaching safepoint: 7200 ns, Cleanup: 16500 ns, At safepoint: 6000 ns, Total: 29700 ns
[96.519s][info ][safepoint      ] Safepoint "Cleanup", Time since last: 1000113862 ns, Reaching safepoint: 7000 ns, Cleanup: 18900 ns, At safepoint: 2100 ns, Total: 28000 ns
[97.520s][info ][safepoint      ] Safepoint "Cleanup", Time since last: 1000136562 ns, Reaching safepoint: 7300 ns, Cleanup: 11700 ns, At safepoint: 1900 ns, Total: 20900 ns
[98.520s][info ][safepoint      ] Safepoint "Cleanup", Time since last: 1000086762 ns, Reaching safepoint: 6900 ns, Cleanup: 8900 ns, At safepoint: 2200 ns, Total: 18000 ns
[99.520s][info ][safepoint      ] Safepoint "Cleanup", Time since last: 1000109562 ns, Reaching safepoint: 8100 ns, Cleanup: 17000 ns, At safepoint: 2000 ns, Total: 27100 ns
[100.520s][info ][safepoint      ] Safepoint "Cleanup", Time since last: 1000109562 ns, Reaching safepoint: 8100 ns, Cleanup: 22500 ns, At safepoint: 2400 ns, Total: 33000 ns
[101.520s][info ][safepoint      ] Safepoint "Cleanup", Time since last: 1000087461 ns, Reaching safepoint: 7900 ns, Cleanup: 13600 ns, At safepoint: 2100 ns, Total: 23600 ns
[102.520s][info ][safepoint      ] Safepoint "Cleanup", Time since last: 1000117462 ns, Reaching safepoint: 8500 ns, Cleanup: 10600 ns, At safepoint: 2100 ns, Total: 21200 ns
[103.520s][info ][safepoint      ] Safepoint "Cleanup", Time since last: 1000123200 ns, Reaching safepoint: 8100 ns, Cleanup: 21400 ns, At safepoint: 2700 ns, Total: 32200 ns
[105.521s][info ][safepoint      ] Safepoint "Cleanup", Time since last: 2000200033 ns, Reaching safepoint: 8500 ns, Cleanup: 18100 ns, At safepoint: 5300 ns, Total: 31900 ns
[106.521s][info ][safepoint      ] Safepoint "Cleanup", Time since last: 1000097317 ns, Reaching safepoint: 8100 ns, Cleanup: 82400 ns, At safepoint: 2200 ns, Total: 92700 ns
[107.521s][info ][safepoint      ] Safepoint "Cleanup", Time since last: 1000078616 ns, Reaching safepoint: 7100 ns, Cleanup: 43200 ns, At safepoint: 1700 ns, Total: 52000 ns
[108.521s][info ][safepoint      ] Safepoint "Cleanup", Time since last: 1000107717 ns, Reaching safepoint: 8800 ns, Cleanup: 58900 ns, At safepoint: 6300 ns, Total: 74000 ns
[109.521s][info ][safepoint      ] Safepoint "Cleanup", Time since last: 1000106016 ns, Reaching safepoint: 8000 ns, Cleanup: 12400 ns, At safepoint: 1900 ns, Total: 22300 ns
[110.521s][info ][safepoint      ] Safepoint "Cleanup", Time since last: 1000108717 ns, Reaching safepoint: 7800 ns, Cleanup: 8700 ns, At safepoint: 2400 ns, Total: 18900 ns
[111.522s][info ][safepoint      ] Safepoint "Cleanup", Time since last: 1000109501 ns, Reaching safepoint: 8900 ns, Cleanup: 11400 ns, At safepoint: 2500 ns, Total: 22800 ns
[112.522s][info ][safepoint      ] Safepoint "Cleanup", Time since last: 1000114040 ns, Reaching safepoint: 8000 ns, Cleanup: 15800 ns, At safepoint: 1800 ns, Total: 25600 ns
[113.522s][info ][safepoint      ] Safepoint "Cleanup", Time since last: 1000106540 ns, Reaching safepoint: 7000 ns, Cleanup: 9800 ns, At safepoint: 2100 ns, Total: 18900 ns
[115.522s][info ][safepoint      ] Safepoint "Cleanup", Time since last: 2000168780 ns, Reaching safepoint: 7500 ns, Cleanup: 17600 ns, At safepoint: 2100 ns, Total: 27200 ns
[116.522s][info ][safepoint      ] Safepoint "Cleanup", Time since last: 1000107740 ns, Reaching safepoint: 8000 ns, Cleanup: 12000 ns, At safepoint: 2300 ns, Total: 22300 ns
[117.522s][info ][safepoint      ] Safepoint "Cleanup", Time since last: 1000118040 ns, Reaching safepoint: 8000 ns, Cleanup: 18700 ns, At safepoint: 2100 ns, Total: 28800 ns
[118.522s][info ][safepoint      ] Safepoint "Cleanup", Time since last: 1000114540 ns, Reaching safepoint: 8200 ns, Cleanup: 15600 ns, At safepoint: 2400 ns, Total: 26200 ns
[119.523s][info ][safepoint      ] Safepoint "Cleanup", Time since last: 1000107142 ns, Reaching safepoint: 7800 ns, Cleanup: 22400 ns, At safepoint: 2300 ns, Total: 32500 ns
[119.933s][info ][gc,start       ] GC(11) Pause Young (CodeCache GC Threshold)
[120.059s][debug][gc,phases      ] GC(11) Scavenge 125.746ms
[120.059s][debug][gc,ref         ] GC(11) ReferenceProcessor::execute queues: 2, RefProcThreadModel::Multi, marks_oops_alive: false
[120.059s][debug][gc,ref         ] GC(11) Skipped KeepAliveFinalRefsPhase of Reference Processing: no references
[120.059s][debug][gc,ref         ] GC(11) ReferenceProcessor::execute queues: 1, RefProcThreadModel::Single, marks_oops_alive: false
[120.059s][debug][gc,phases      ] GC(11) Reference Processing 0.248ms
[120.060s][debug][gc,phases      ] GC(11)   VM Weak                        Min:  0.0, Avg:  0.0, Max:  0.0, Diff:  0.0, Sum:  0.0, Workers: 4
[120.060s][debug][gc,phases      ] GC(11)     Dead                           Min: 0, Avg:  0.0, Max: 0, Diff: 0, Sum: 0, Workers: 4
[120.060s][debug][gc,phases      ] GC(11)     Total                          Min: 0, Avg: 220.8, Max: 435, Diff: 435, Sum: 883, Workers: 4
[120.060s][debug][gc,phases      ] GC(11)   ObjectSynchronizer Weak        Min:  0.0, Avg:  0.0, Max:  0.0, Diff:  0.0, Sum:  0.0, Workers: 4
[120.060s][debug][gc,phases      ] GC(11)     Dead                           Min: 0, Avg:  0.0, Max: 0, Diff: 0, Sum: 0, Workers: 4
[120.060s][debug][gc,phases      ] GC(11)     Total                          Min: 0, Avg:  0.8, Max: 3, Diff: 3, Sum: 3, Workers: 4
[120.060s][debug][gc,phases      ] GC(11)   JVMTI Tag Weak OopStorage      Min:  0.0, Avg:  0.0, Max:  0.0, Diff:  0.0, Sum:  0.0, Workers: 4
[120.060s][debug][gc,phases      ] GC(11)     Dead                           Min: 0, Avg:  0.0, Max: 0, Diff: 0, Sum: 0, Workers: 4
[120.060s][debug][gc,phases      ] GC(11)     Total                          Min: 0, Avg:  0.0, Max: 0, Diff: 0, Sum: 0, Workers: 4
[120.060s][debug][gc,phases      ] GC(11)   StringTable Weak               Min:  0.0, Avg:  0.3, Max:  0.4, Diff:  0.4, Sum:  1.2, Workers: 4
[120.060s][debug][gc,phases      ] GC(11)     Dead                           Min: 0, Avg:  0.0, Max: 0, Diff: 0, Sum: 0, Workers: 4
[120.060s][debug][gc,phases      ] GC(11)     Total                          Min: 0, Avg: 11122.0, Max: 15104, Diff: 15104, Sum: 44488, Workers: 4
[120.060s][debug][gc,phases      ] GC(11)   ResolvedMethodTable Weak       Min:  0.0, Avg:  0.1, Max:  0.2, Diff:  0.2, Sum:  0.5, Workers: 4
[120.060s][debug][gc,phases      ] GC(11)     Dead                           Min: 0, Avg:  0.0, Max: 0, Diff: 0, Sum: 0, Workers: 4
[120.060s][debug][gc,phases      ] GC(11)     Total                          Min: 0, Avg: 2965.5, Max: 4030, Diff: 4030, Sum: 11862, Workers: 4
[120.060s][debug][gc,phases      ] GC(11)   JNI Weak                       Min:  0.0, Avg:  0.0, Max:  0.0, Diff:  0.0, Sum:  0.0, Workers: 4
[120.060s][debug][gc,phases      ] GC(11)     Dead                           Min: 0, Avg:  0.0, Max: 0, Diff: 0, Sum: 0, Workers: 4
[120.060s][debug][gc,phases      ] GC(11)     Total                          Min: 0, Avg: 12.0, Max: 48, Diff: 48, Sum: 48, Workers: 4
[120.060s][debug][gc,phases      ] GC(11)   StringDedup Table Weak         Min:  0.0, Avg:  0.0, Max:  0.0, Diff:  0.0, Sum:  0.0, Workers: 4
[120.060s][debug][gc,phases      ] GC(11)     Dead                           Min: 0, Avg:  0.0, Max: 0, Diff: 0, Sum: 0, Workers: 4
[120.060s][debug][gc,phases      ] GC(11)     Total                          Min: 0, Avg:  0.0, Max: 0, Diff: 0, Sum: 0, Workers: 4
[120.060s][debug][gc,phases      ] GC(11)   StringDedup Requests0 Weak     Min:  0.0, Avg:  0.0, Max:  0.0, Diff:  0.0, Sum:  0.0, Workers: 4
[120.060s][debug][gc,phases      ] GC(11)     Dead                           Min: 0, Avg:  0.0, Max: 0, Diff: 0, Sum: 0, Workers: 4
[120.060s][debug][gc,phases      ] GC(11)     Total                          Min: 0, Avg:  0.0, Max: 0, Diff: 0, Sum: 0, Workers: 4
[120.060s][debug][gc,phases      ] GC(11)   StringDedup Requests1 Weak     Min:  0.0, Avg:  0.0, Max:  0.0, Diff:  0.0, Sum:  0.0, Workers: 4
[120.060s][debug][gc,phases      ] GC(11)     Dead                           Min: 0, Avg:  0.0, Max: 0, Diff: 0, Sum: 0, Workers: 4
[120.060s][debug][gc,phases      ] GC(11)     Total                          Min: 0, Avg:  0.0, Max: 0, Diff: 0, Sum: 0, Workers: 4
[120.060s][debug][gc,phases      ] GC(11)   Weak JFR Old Object Samples    Min:  0.0, Avg:  0.0, Max:  0.0, Diff:  0.0, Sum:  0.0, Workers: 4
[120.060s][debug][gc,phases      ] GC(11)     Dead                           Min: 0, Avg:  0.0, Max: 0, Diff: 0, Sum: 0, Workers: 4
[120.060s][debug][gc,phases      ] GC(11)     Total                          Min: 0, Avg:  0.0, Max: 0, Diff: 0, Sum: 0, Workers: 4
[120.060s][debug][gc,phases      ] GC(11) Weak Processing 0.747ms
[120.060s][debug][gc,age         ] GC(11) Desired survivor size 536870912 bytes, new threshold 4 (max threshold 15)
[120.060s][info ][gc,heap        ] GC(11) PSYoungGen: 1171815K(1572864K)->111438K(1572864K) Eden: 916214K(1048576K)->0K(1048576K) From: 255601K(524288K)->111438K(524288K)
[120.060s][info ][gc,heap        ] GC(11) ParOldGen: 114056K(272384K)->263987K(272384K)
[120.060s][info ][gc,metaspace   ] GC(11) Metaspace: 86961K(88128K)->86961K(88128K) NonClass: 74420K(75072K)->74420K(75072K) Class: 12541K(13056K)->12541K(13056K)
[120.060s][info ][gc             ] GC(11) Pause Young (CodeCache GC Threshold) 1255M->366M(1802M) 126.874ms
[120.060s][info ][gc,cpu         ] GC(11) User=0.33s Sys=0.05s Real=0.13s
[120.060s][debug][gc,phases      ] GC(12) Pre Compact 0.009ms
[120.060s][info ][gc,start       ] GC(12) Pause Full (CodeCache GC Threshold)
[120.060s][info ][gc,phases,start] GC(12) Marking Phase
[120.226s][debug][gc,phases      ] GC(12) Par Mark 166.478ms
[120.226s][debug][gc,ref         ] GC(12) ReferenceProcessor::execute queues: 1, RefProcThreadModel::Single, marks_oops_alive: false
[120.227s][debug][gc,ref         ] GC(12) ReferenceProcessor::execute queues: 4, RefProcThreadModel::Multi, marks_oops_alive: true
[120.227s][debug][gc,ref         ] GC(12) ReferenceProcessor::execute queues: 1, RefProcThreadModel::Single, marks_oops_alive: false
[120.227s][debug][gc,phases      ] GC(12) Reference Processing 0.749ms
[120.228s][debug][gc,phases      ] GC(12)   VM Weak                        Min:  0.0, Avg:  0.0, Max:  0.0, Diff:  0.0, Sum:  0.0, Workers: 4
[120.228s][debug][gc,phases      ] GC(12)     Dead                           Min: 0, Avg:  0.0, Max: 0, Diff: 0, Sum: 0, Workers: 4
[120.228s][debug][gc,phases      ] GC(12)     Total                          Min: 0, Avg: 220.8, Max: 448, Diff: 448, Sum: 883, Workers: 4
[120.228s][debug][gc,phases      ] GC(12)   ObjectSynchronizer Weak        Min:  0.0, Avg:  0.0, Max:  0.0, Diff:  0.0, Sum:  0.0, Workers: 4
[120.228s][debug][gc,phases      ] GC(12)     Dead                           Min: 0, Avg:  0.0, Max: 0, Diff: 0, Sum: 0, Workers: 4
[120.228s][debug][gc,phases      ] GC(12)     Total                          Min: 0, Avg:  0.8, Max: 3, Diff: 3, Sum: 3, Workers: 4
[120.228s][debug][gc,phases      ] GC(12)   JVMTI Tag Weak OopStorage      Min:  0.0, Avg:  0.0, Max:  0.0, Diff:  0.0, Sum:  0.0, Workers: 4
[120.228s][debug][gc,phases      ] GC(12)     Dead                           Min: 0, Avg:  0.0, Max: 0, Diff: 0, Sum: 0, Workers: 4
[120.228s][debug][gc,phases      ] GC(12)     Total                          Min: 0, Avg:  0.0, Max: 0, Diff: 0, Sum: 0, Workers: 4
[120.228s][debug][gc,phases      ] GC(12)   StringTable Weak               Min:  0.0, Avg:  0.2, Max:  0.4, Diff:  0.4, Sum:  0.8, Workers: 4
[120.228s][debug][gc,phases      ] GC(12)     Dead                           Min: 0, Avg:  0.0, Max: 0, Diff: 0, Sum: 0, Workers: 4
[120.228s][debug][gc,phases      ] GC(12)     Total                          Min: 0, Avg: 11122.0, Max: 22720, Diff: 22720, Sum: 44488, Workers: 4
[120.228s][debug][gc,phases      ] GC(12)   ResolvedMethodTable Weak       Min:  0.0, Avg:  0.0, Max:  0.1, Diff:  0.1, Sum:  0.2, Workers: 4
[120.228s][debug][gc,phases      ] GC(12)     Dead                           Min: 0, Avg:  0.0, Max: 0, Diff: 0, Sum: 0, Workers: 4
[120.228s][debug][gc,phases      ] GC(12)     Total                          Min: 0, Avg: 2965.5, Max: 5951, Diff: 5951, Sum: 11862, Workers: 4
[120.228s][debug][gc,phases      ] GC(12)   JNI Weak                       Min:  0.0, Avg:  0.0, Max:  0.0, Diff:  0.0, Sum:  0.0, Workers: 4
[120.228s][debug][gc,phases      ] GC(12)     Dead                           Min: 0, Avg:  0.0, Max: 0, Diff: 0, Sum: 0, Workers: 4
[120.228s][debug][gc,phases      ] GC(12)     Total                          Min: 0, Avg: 12.0, Max: 48, Diff: 48, Sum: 48, Workers: 4
[120.228s][debug][gc,phases      ] GC(12)   StringDedup Table Weak         Min:  0.0, Avg:  0.0, Max:  0.0, Diff:  0.0, Sum:  0.0, Workers: 4
[120.228s][debug][gc,phases      ] GC(12)     Dead                           Min: 0, Avg:  0.0, Max: 0, Diff: 0, Sum: 0, Workers: 4
[120.228s][debug][gc,phases      ] GC(12)     Total                          Min: 0, Avg:  0.0, Max: 0, Diff: 0, Sum: 0, Workers: 4
[120.228s][debug][gc,phases      ] GC(12)   StringDedup Requests0 Weak     Min:  0.0, Avg:  0.0, Max:  0.0, Diff:  0.0, Sum:  0.0, Workers: 4
[120.228s][debug][gc,phases      ] GC(12)     Dead                           Min: 0, Avg:  0.0, Max: 0, Diff: 0, Sum: 0, Workers: 4
[120.228s][debug][gc,phases      ] GC(12)     Total                          Min: 0, Avg:  0.0, Max: 0, Diff: 0, Sum: 0, Workers: 4
[120.228s][debug][gc,phases      ] GC(12)   StringDedup Requests1 Weak     Min:  0.0, Avg:  0.0, Max:  0.0, Diff:  0.0, Sum:  0.0, Workers: 4
[120.228s][debug][gc,phases      ] GC(12)     Dead                           Min: 0, Avg:  0.0, Max: 0, Diff: 0, Sum: 0, Workers: 4
[120.228s][debug][gc,phases      ] GC(12)     Total                          Min: 0, Avg:  0.0, Max: 0, Diff: 0, Sum: 0, Workers: 4
[120.228s][debug][gc,phases      ] GC(12)   Weak JFR Old Object Samples    Min:  0.0, Avg:  0.0, Max:  0.0, Diff:  0.0, Sum:  0.0, Workers: 4
[120.228s][debug][gc,phases      ] GC(12)     Dead                           Min: 0, Avg:  0.0, Max: 0, Diff: 0, Sum: 0, Workers: 4
[120.228s][debug][gc,phases      ] GC(12)     Total                          Min: 0, Avg:  0.0, Max: 0, Diff: 0, Sum: 0, Workers: 4
[120.228s][debug][gc,phases      ] GC(12) Weak Processing 0.734ms
[120.228s][debug][gc,phases      ] GC(12) ClassLoaderData 0.116ms
[120.228s][debug][gc,phases      ] GC(12) Trigger cleanups 0.000ms
[120.272s][debug][gc,phases      ] GC(12) Class Unloading 44.156ms
[120.272s][debug][gc,phases      ] GC(12) Report Object Count 0.002ms
[120.272s][info ][gc,phases      ] GC(12) Marking Phase 212.233ms
[120.272s][info ][gc,phases,start] GC(12) Summary Phase
[120.272s][info ][gc,phases      ] GC(12) Summary Phase 0.013ms
[120.272s][info ][gc,phases,start] GC(12) Adjust Roots
[120.306s][info ][gc,phases      ] GC(12) Adjust Roots 33.570ms
[120.306s][info ][gc,phases,start] GC(12) Compaction Phase
[120.770s][info ][gc,phases      ] GC(12) Compaction Phase 463.830ms
[120.770s][info ][gc,phases,start] GC(12) Post Compact
[120.772s][info ][gc,phases      ] GC(12) Post Compact 2.639ms
[120.772s][info ][gc,heap        ] GC(12) PSYoungGen: 111438K(1572864K)->20565K(1572864K) Eden: 0K(1048576K)->0K(1048576K) From: 111438K(524288K)->20565K(524288K)
[120.772s][info ][gc,heap        ] GC(12) ParOldGen: 263987K(272384K)->271943K(272384K)
[120.772s][info ][gc,metaspace   ] GC(12) Metaspace: 86961K(88128K)->86961K(88128K) NonClass: 74420K(75072K)->74420K(75072K) Class: 12541K(13056K)->12541K(13056K)
[120.772s][info ][gc             ] GC(12) Pause Full (CodeCache GC Threshold) 366M->285M(1802M) 712.458ms
[120.772s][info ][gc,cpu         ] GC(12) User=1.49s Sys=0.00s Real=0.71s
[120.772s][info ][safepoint      ] Safepoint "ParallelGCSystemGC", Time since last: 410265218 ns, Reaching safepoint: 8200 ns, Cleanup: 16900 ns, At safepoint: 839464637 ns, Total: 839489737 ns
[121.772s][info ][safepoint      ] Safepoint "Cleanup", Time since last: 1000085443 ns, Reaching safepoint: 7000 ns, Cleanup: 35800 ns, At safepoint: 1900 ns, Total: 44700 ns
[122.772s][info ][safepoint      ] Safepoint "Cleanup", Time since last: 1000052244 ns, Reaching safepoint: 7100 ns, Cleanup: 11100 ns, At safepoint: 5900 ns, Total: 24100 ns
[123.773s][info ][safepoint      ] Safepoint "Cleanup", Time since last: 1000114743 ns, Reaching safepoint: 8300 ns, Cleanup: 29100 ns, At safepoint: 2300 ns, Total: 39700 ns
[124.773s][info ][safepoint      ] Safepoint "Cleanup", Time since last: 1000106144 ns, Reaching safepoint: 7800 ns, Cleanup: 27100 ns, At safepoint: 2000 ns, Total: 36900 ns
[125.773s][info ][safepoint      ] Safepoint "Cleanup", Time since last: 1000117243 ns, Reaching safepoint: 7800 ns, Cleanup: 18600 ns, At safepoint: 3000 ns, Total: 29400 ns
[126.773s][info ][safepoint      ] Safepoint "Cleanup", Time since last: 1000121244 ns, Reaching safepoint: 7900 ns, Cleanup: 55000 ns, At safepoint: 2500 ns, Total: 65400 ns
[127.773s][info ][safepoint      ] Safepoint "Cleanup", Time since last: 1000113905 ns, Reaching safepoint: 8500 ns, Cleanup: 62200 ns, At safepoint: 2600 ns, Total: 73300 ns
[128.773s][info ][safepoint      ] Safepoint "Cleanup", Time since last: 1000108801 ns, Reaching safepoint: 9600 ns, Cleanup: 63800 ns, At safepoint: 5800 ns, Total: 79200 ns
[129.774s][info ][safepoint      ] Safepoint "Cleanup", Time since last: 1000065301 ns, Reaching safepoint: 8300 ns, Cleanup: 33200 ns, At safepoint: 2700 ns, Total: 44200 ns
[130.774s][info ][safepoint      ] Safepoint "Cleanup", Time since last: 1000107301 ns, Reaching safepoint: 7500 ns, Cleanup: 16500 ns, At safepoint: 2600 ns, Total: 26600 ns
[131.774s][info ][safepoint      ] Safepoint "Cleanup", Time since last: 1000084001 ns, Reaching safepoint: 7200 ns, Cleanup: 23500 ns, At safepoint: 2100 ns, Total: 32800 ns
[132.774s][info ][safepoint      ] Safepoint "Cleanup", Time since last: 1000106401 ns, Reaching safepoint: 7500 ns, Cleanup: 20200 ns, At safepoint: 3200 ns, Total: 30900 ns
[133.774s][info ][safepoint      ] Safepoint "Cleanup", Time since last: 1000120302 ns, Reaching safepoint: 7100 ns, Cleanup: 10100 ns, At safepoint: 2100 ns, Total: 19300 ns
[134.774s][info ][safepoint      ] Safepoint "Cleanup", Time since last: 1000106401 ns, Reaching safepoint: 6900 ns, Cleanup: 17400 ns, At safepoint: 1900 ns, Total: 26200 ns
[135.774s][info ][safepoint      ] Safepoint "Cleanup", Time since last: 1000118907 ns, Reaching safepoint: 8000 ns, Cleanup: 26300 ns, At safepoint: 1900 ns, Total: 36200 ns
[136.775s][info ][safepoint      ] Safepoint "Cleanup", Time since last: 1000112294 ns, Reaching safepoint: 7600 ns, Cleanup: 10400 ns, At safepoint: 2900 ns, Total: 20900 ns
[138.775s][info ][safepoint      ] Safepoint "Cleanup", Time since last: 2000175879 ns, Reaching safepoint: 6200 ns, Cleanup: 21000 ns, At safepoint: 1700 ns, Total: 28900 ns
[139.775s][info ][safepoint      ] Safepoint "Cleanup", Time since last: 1000105789 ns, Reaching safepoint: 6600 ns, Cleanup: 26200 ns, At safepoint: 6500 ns, Total: 39300 ns
[140.775s][info ][safepoint      ] Safepoint "Cleanup", Time since last: 1000112490 ns, Reaching safepoint: 6400 ns, Cleanup: 29500 ns, At safepoint: 2000 ns, Total: 37900 ns
[141.775s][info ][safepoint      ] Safepoint "Cleanup", Time since last: 1000111789 ns, Reaching safepoint: 7500 ns, Cleanup: 16800 ns, At safepoint: 4900 ns, Total: 29200 ns
[142.775s][info ][safepoint      ] Safepoint "Cleanup", Time since last: 1000110890 ns, Reaching safepoint: 5800 ns, Cleanup: 12900 ns, At safepoint: 1500 ns, Total: 20200 ns
[143.775s][info ][safepoint      ] Safepoint "Cleanup", Time since last: 1000118095 ns, Reaching safepoint: 8900 ns, Cleanup: 13900 ns, At safepoint: 2300 ns, Total: 25100 ns
[144.776s][info ][safepoint      ] Safepoint "Cleanup", Time since last: 1000109975 ns, Reaching safepoint: 9300 ns, Cleanup: 9500 ns, At safepoint: 7200 ns, Total: 26000 ns
[145.776s][info ][safepoint      ] Safepoint "Cleanup", Time since last: 1000104376 ns, Reaching safepoint: 6900 ns, Cleanup: 11200 ns, At safepoint: 2100 ns, Total: 20200 ns
[146.776s][info ][safepoint      ] Safepoint "Cleanup", Time since last: 1000105375 ns, Reaching safepoint: 7200 ns, Cleanup: 40500 ns, At safepoint: 2000 ns, Total: 49700 ns
[147.776s][info ][safepoint      ] Safepoint "Cleanup", Time since last: 1000099775 ns, Reaching safepoint: 7100 ns, Cleanup: 8800 ns, At safepoint: 1700 ns, Total: 17600 ns
[148.776s][info ][safepoint      ] Safepoint "Cleanup", Time since last: 1000098875 ns, Reaching safepoint: 5700 ns, Cleanup: 31400 ns, At safepoint: 1800 ns, Total: 38900 ns
[149.776s][info ][safepoint      ] Safepoint "Cleanup", Time since last: 1000096946 ns, Reaching safepoint: 6900 ns, Cleanup: 12400 ns, At safepoint: 1800 ns, Total: 21100 ns
[150.776s][info ][safepoint      ] Safepoint "Cleanup", Time since last: 1000105571 ns, Reaching safepoint: 8100 ns, Cleanup: 15200 ns, At safepoint: 1900 ns, Total: 25200 ns
[151.777s][info ][safepoint      ] Safepoint "Cleanup", Time since last: 1000106978 ns, Reaching safepoint: 7900 ns, Cleanup: 21800 ns, At safepoint: 2100 ns, Total: 31800 ns
[152.777s][info ][safepoint      ] Safepoint "Cleanup", Time since last: 1000115580 ns, Reaching safepoint: 8200 ns, Cleanup: 50300 ns, At safepoint: 7800 ns, Total: 66300 ns
[153.777s][info ][safepoint      ] Safepoint "Cleanup", Time since last: 1000118480 ns, Reaching safepoint: 6700 ns, Cleanup: 33600 ns, At safepoint: 5900 ns, Total: 46200 ns
[154.777s][info ][safepoint      ] Safepoint "Cleanup", Time since last: 1000118980 ns, Reaching safepoint: 7900 ns, Cleanup: 16100 ns, At safepoint: 2300 ns, Total: 26300 ns
[155.777s][info ][safepoint      ] Safepoint "Cleanup", Time since last: 1000119380 ns, Reaching safepoint: 8600 ns, Cleanup: 26000 ns, At safepoint: 2500 ns, Total: 37100 ns
[156.777s][info ][safepoint      ] Safepoint "Cleanup", Time since last: 1000110079 ns, Reaching safepoint: 7100 ns, Cleanup: 20200 ns, At safepoint: 2300 ns, Total: 29600 ns
[157.777s][info ][safepoint      ] Safepoint "Cleanup", Time since last: 1000107880 ns, Reaching safepoint: 8000 ns, Cleanup: 18800 ns, At safepoint: 1900 ns, Total: 28700 ns
[158.778s][info ][safepoint      ] Safepoint "Cleanup", Time since last: 1000127280 ns, Reaching safepoint: 7600 ns, Cleanup: 10400 ns, At safepoint: 2400 ns, Total: 20400 ns
[159.738s][debug][gc,phases      ] GC(13) Pre Compact 0.025ms
[159.738s][info ][gc,start       ] GC(13) Pause Full (Ergonomics)
[159.738s][info ][gc,phases,start] GC(13) Marking Phase
[159.835s][debug][gc,phases      ] GC(13) Par Mark 97.031ms
[159.835s][debug][gc,ref         ] GC(13) ReferenceProcessor::execute queues: 4, RefProcThreadModel::Multi, marks_oops_alive: false
[159.836s][debug][gc,ref         ] GC(13) ReferenceProcessor::execute queues: 4, RefProcThreadModel::Multi, marks_oops_alive: true
[159.836s][debug][gc,ref         ] GC(13) ReferenceProcessor::execute queues: 1, RefProcThreadModel::Single, marks_oops_alive: false
[159.836s][debug][gc,phases      ] GC(13) Reference Processing 0.494ms
[159.836s][debug][gc,phases      ] GC(13)   VM Weak                        Min:  0.0, Avg:  0.0, Max:  0.0, Diff:  0.0, Sum:  0.0, Workers: 4
[159.836s][debug][gc,phases      ] GC(13)     Dead                           Min: 0, Avg:  0.0, Max: 0, Diff: 0, Sum: 0, Workers: 4
[159.836s][debug][gc,phases      ] GC(13)     Total                          Min: 128, Avg: 223.0, Max: 320, Diff: 192, Sum: 892, Workers: 4
[159.836s][debug][gc,phases      ] GC(13)   ObjectSynchronizer Weak        Min:  0.0, Avg:  0.0, Max:  0.0, Diff:  0.0, Sum:  0.0, Workers: 4
[159.836s][debug][gc,phases      ] GC(13)     Dead                           Min: 0, Avg:  0.0, Max: 0, Diff: 0, Sum: 0, Workers: 4
[159.836s][debug][gc,phases      ] GC(13)     Total                          Min: 0, Avg:  0.8, Max: 3, Diff: 3, Sum: 3, Workers: 4
[159.836s][debug][gc,phases      ] GC(13)   JVMTI Tag Weak OopStorage      Min:  0.0, Avg:  0.0, Max:  0.0, Diff:  0.0, Sum:  0.0, Workers: 4
[159.836s][debug][gc,phases      ] GC(13)     Dead                           Min: 0, Avg:  0.0, Max: 0, Diff: 0, Sum: 0, Workers: 4
[159.836s][debug][gc,phases      ] GC(13)     Total                          Min: 0, Avg:  0.0, Max: 0, Diff: 0, Sum: 0, Workers: 4
[159.836s][debug][gc,phases      ] GC(13)   StringTable Weak               Min:  0.2, Avg:  0.2, Max:  0.2, Diff:  0.0, Sum:  0.7, Workers: 4
[159.836s][debug][gc,phases      ] GC(13)     Dead                           Min: 0, Avg:  0.2, Max: 1, Diff: 1, Sum: 1, Workers: 4
[159.836s][debug][gc,phases      ] GC(13)     Total                          Min: 9664, Avg: 11131.5, Max: 12287, Diff: 2623, Sum: 44526, Workers: 4
[159.836s][debug][gc,phases      ] GC(13)   ResolvedMethodTable Weak       Min:  0.0, Avg:  0.0, Max:  0.0, Diff:  0.0, Sum:  0.2, Workers: 4
[159.836s][debug][gc,phases      ] GC(13)     Dead                           Min: 0, Avg:  0.5, Max: 2, Diff: 2, Sum: 2, Workers: 4
[159.836s][debug][gc,phases      ] GC(13)     Total                          Min: 2808, Avg: 2972.5, Max: 3136, Diff: 328, Sum: 11890, Workers: 4
[159.836s][debug][gc,phases      ] GC(13)   JNI Weak                       Min:  0.0, Avg:  0.0, Max:  0.0, Diff:  0.0, Sum:  0.0, Workers: 4
[159.836s][debug][gc,phases      ] GC(13)     Dead                           Min: 0, Avg:  0.0, Max: 0, Diff: 0, Sum: 0, Workers: 4
[159.836s][debug][gc,phases      ] GC(13)     Total                          Min: 0, Avg: 12.0, Max: 48, Diff: 48, Sum: 48, Workers: 4
[159.836s][debug][gc,phases      ] GC(13)   StringDedup Table Weak         Min:  0.0, Avg:  0.0, Max:  0.0, Diff:  0.0, Sum:  0.0, Workers: 4
[159.836s][debug][gc,phases      ] GC(13)     Dead                           Min: 0, Avg:  0.0, Max: 0, Diff: 0, Sum: 0, Workers: 4
[159.836s][debug][gc,phases      ] GC(13)     Total                          Min: 0, Avg:  0.0, Max: 0, Diff: 0, Sum: 0, Workers: 4
[159.836s][debug][gc,phases      ] GC(13)   StringDedup Requests0 Weak     Min:  0.0, Avg:  0.0, Max:  0.0, Diff:  0.0, Sum:  0.0, Workers: 4
[159.836s][debug][gc,phases      ] GC(13)     Dead                           Min: 0, Avg:  0.0, Max: 0, Diff: 0, Sum: 0, Workers: 4
[159.836s][debug][gc,phases      ] GC(13)     Total                          Min: 0, Avg:  0.0, Max: 0, Diff: 0, Sum: 0, Workers: 4
[159.836s][debug][gc,phases      ] GC(13)   StringDedup Requests1 Weak     Min:  0.0, Avg:  0.0, Max:  0.0, Diff:  0.0, Sum:  0.0, Workers: 4
[159.836s][debug][gc,phases      ] GC(13)     Dead                           Min: 0, Avg:  0.0, Max: 0, Diff: 0, Sum: 0, Workers: 4
[159.836s][debug][gc,phases      ] GC(13)     Total                          Min: 0, Avg:  0.0, Max: 0, Diff: 0, Sum: 0, Workers: 4
[159.836s][debug][gc,phases      ] GC(13)   Weak JFR Old Object Samples    Min:  0.0, Avg:  0.0, Max:  0.0, Diff:  0.0, Sum:  0.0, Workers: 4
[159.836s][debug][gc,phases      ] GC(13)     Dead                           Min: 0, Avg:  0.0, Max: 0, Diff: 0, Sum: 0, Workers: 4
[159.836s][debug][gc,phases      ] GC(13)     Total                          Min: 0, Avg:  0.0, Max: 0, Diff: 0, Sum: 0, Workers: 4
[159.836s][debug][gc,phases      ] GC(13) Weak Processing 0.422ms
[159.836s][debug][gc,phases      ] GC(13) ClassLoaderData 0.124ms
[159.836s][debug][gc,phases      ] GC(13) Trigger cleanups 0.000ms
[159.885s][debug][gc,phases      ] GC(13) Class Unloading 48.772ms
[159.885s][debug][gc,phases      ] GC(13) Report Object Count 0.002ms
[159.885s][info ][gc,phases      ] GC(13) Marking Phase 146.822ms
[159.885s][info ][gc,phases,start] GC(13) Summary Phase
[159.885s][info ][gc,phases      ] GC(13) Summary Phase 0.028ms
[159.885s][info ][gc,phases,start] GC(13) Adjust Roots
[159.896s][info ][gc,phases      ] GC(13) Adjust Roots 11.113ms
[159.896s][info ][gc,phases,start] GC(13) Compaction Phase
[159.982s][info ][gc,phases      ] GC(13) Compaction Phase 86.187ms
[159.982s][info ][gc,phases,start] GC(13) Post Compact
[159.987s][info ][gc,phases      ] GC(13) Post Compact 4.320ms
[159.987s][info ][gc,heap        ] GC(13) PSYoungGen: 1069141K(1572864K)->20515K(1572864K) Eden: 1048576K(1048576K)->0K(1048576K) From: 20565K(524288K)->20515K(524288K)
[159.987s][info ][gc,heap        ] GC(13) ParOldGen: 271943K(272384K)->272117K(460288K)
[159.987s][info ][gc,metaspace   ] GC(13) Metaspace: 87135K(88256K)->87135K(88256K) NonClass: 74582K(75200K)->74582K(75200K) Class: 12552K(13056K)->12552K(13056K)
[159.987s][info ][gc             ] GC(13) Pause Full (Ergonomics) 1309M->285M(1985M) 248.928ms
[159.987s][info ][gc,cpu         ] GC(13) User=0.71s Sys=0.00s Real=0.25s
[159.987s][info ][safepoint      ] Safepoint "ParallelGCFailedAllocation", Time since last: 960516637 ns, Reaching safepoint: 6200 ns, Cleanup: 3900 ns, At safepoint: 249130809 ns, Total: 249140909 ns
[160.988s][info ][safepoint      ] Safepoint "Cleanup", Time since last: 1000094440 ns, Reaching safepoint: 83701 ns, Cleanup: 118100 ns, At safepoint: 6200 ns, Total: 208001 ns
[163.988s][info ][safepoint      ] Safepoint "Cleanup", Time since last: 3000272900 ns, Reaching safepoint: 77300 ns, Cleanup: 11500 ns, At safepoint: 6300 ns, Total: 95100 ns
[164.988s][info ][safepoint      ] Safepoint "Cleanup", Time since last: 1000122081 ns, Reaching safepoint: 78700 ns, Cleanup: 10200 ns, At safepoint: 6400 ns, Total: 95300 ns
[165.988s][info ][safepoint      ] Safepoint "Cleanup", Time since last: 1000134180 ns, Reaching safepoint: 80100 ns, Cleanup: 16200 ns, At safepoint: 5000 ns, Total: 101300 ns
[166.989s][info ][safepoint      ] Safepoint "Cleanup", Time since last: 1000110882 ns, Reaching safepoint: 67700 ns, Cleanup: 9200 ns, At safepoint: 7700 ns, Total: 84600 ns
[167.989s][info ][safepoint      ] Safepoint "Cleanup", Time since last: 1000116492 ns, Reaching safepoint: 74100 ns, Cleanup: 6800 ns, At safepoint: 5300 ns, Total: 86200 ns
[168.989s][info ][safepoint      ] Safepoint "Cleanup", Time since last: 1000123991 ns, Reaching safepoint: 78801 ns, Cleanup: 7300 ns, At safepoint: 6500 ns, Total: 92601 ns
[169.989s][info ][safepoint      ] Safepoint "Cleanup", Time since last: 1000103791 ns, Reaching safepoint: 78200 ns, Cleanup: 8900 ns, At safepoint: 6100 ns, Total: 93200 ns
[170.990s][info ][safepoint      ] Safepoint "Cleanup", Time since last: 1000354192 ns, Reaching safepoint: 81600 ns, Cleanup: 7400 ns, At safepoint: 5100 ns, Total: 94100 ns
[171.990s][info ][safepoint      ] Safepoint "Cleanup", Time since last: 1000116592 ns, Reaching safepoint: 83600 ns, Cleanup: 12300 ns, At safepoint: 8200 ns, Total: 104100 ns
[172.990s][info ][safepoint      ] Safepoint "Cleanup", Time since last: 1000112992 ns, Reaching safepoint: 75300 ns, Cleanup: 19200 ns, At safepoint: 5600 ns, Total: 100100 ns
[173.990s][info ][safepoint      ] Safepoint "Cleanup", Time since last: 1000132391 ns, Reaching safepoint: 80500 ns, Cleanup: 9700 ns, At safepoint: 5500 ns, Total: 95700 ns
[175.991s][info ][safepoint      ] Safepoint "Cleanup", Time since last: 2000210819 ns, Reaching safepoint: 76800 ns, Cleanup: 17700 ns, At safepoint: 5200 ns, Total: 99700 ns
[176.991s][info ][safepoint      ] Safepoint "Cleanup", Time since last: 1000123099 ns, Reaching safepoint: 78500 ns, Cleanup: 23200 ns, At safepoint: 5700 ns, Total: 107400 ns
[177.991s][info ][safepoint      ] Safepoint "Cleanup", Time since last: 1000130499 ns, Reaching safepoint: 82100 ns, Cleanup: 16200 ns, At safepoint: 6500 ns, Total: 104800 ns
[178.991s][info ][safepoint      ] Safepoint "Cleanup", Time since last: 1000134899 ns, Reaching safepoint: 80100 ns, Cleanup: 9700 ns, At safepoint: 6100 ns, Total: 95900 ns
[179.992s][info ][safepoint      ] Safepoint "Cleanup", Time since last: 1000114498 ns, Reaching safepoint: 76300 ns, Cleanup: 8800 ns, At safepoint: 5800 ns, Total: 90900 ns
[180.992s][info ][safepoint      ] Safepoint "Cleanup", Time since last: 1000108999 ns, Reaching safepoint: 79700 ns, Cleanup: 8700 ns, At safepoint: 6400 ns, Total: 94800 ns
[182.992s][info ][safepoint      ] Safepoint "Cleanup", Time since last: 2000169174 ns, Reaching safepoint: 8000 ns, Cleanup: 11100 ns, At safepoint: 2000 ns, Total: 21100 ns
[183.992s][info ][safepoint      ] Safepoint "Cleanup", Time since last: 1000085233 ns, Reaching safepoint: 7400 ns, Cleanup: 12300 ns, At safepoint: 5200 ns, Total: 24900 ns
[186.992s][info ][safepoint      ] Safepoint "Cleanup", Time since last: 3000241598 ns, Reaching safepoint: 6400 ns, Cleanup: 9400 ns, At safepoint: 1900 ns, Total: 17700 ns
[187.992s][info ][safepoint      ] Safepoint "Cleanup", Time since last: 1000108633 ns, Reaching safepoint: 6800 ns, Cleanup: 9400 ns, At safepoint: 2000 ns, Total: 18200 ns
[188.993s][info ][safepoint      ] Safepoint "Cleanup", Time since last: 1000106432 ns, Reaching safepoint: 7000 ns, Cleanup: 15700 ns, At safepoint: 2200 ns, Total: 24900 ns
[191.993s][info ][safepoint      ] Safepoint "Cleanup", Time since last: 3000188410 ns, Reaching safepoint: 6600 ns, Cleanup: 9700 ns, At safepoint: 2000 ns, Total: 18300 ns
[192.993s][info ][safepoint      ] Safepoint "Cleanup", Time since last: 1000100818 ns, Reaching safepoint: 78800 ns, Cleanup: 12800 ns, At safepoint: 7900 ns, Total: 99500 ns
[193.993s][info ][safepoint      ] Safepoint "Cleanup", Time since last: 1000117718 ns, Reaching safepoint: 7800 ns, Cleanup: 13900 ns, At safepoint: 2100 ns, Total: 23800 ns
[194.993s][info ][safepoint      ] Safepoint "Cleanup", Time since last: 1000111218 ns, Reaching safepoint: 7500 ns, Cleanup: 8800 ns, At safepoint: 5800 ns, Total: 22100 ns
[195.993s][info ][safepoint      ] Safepoint "Cleanup", Time since last: 1000107718 ns, Reaching safepoint: 7100 ns, Cleanup: 11900 ns, At safepoint: 6000 ns, Total: 25000 ns
[196.993s][info ][safepoint      ] Safepoint "Cleanup", Time since last: 1000102117 ns, Reaching safepoint: 7000 ns, Cleanup: 21200 ns, At safepoint: 1800 ns, Total: 30000 ns
[197.994s][info ][safepoint      ] Safepoint "Cleanup", Time since last: 1000127486 ns, Reaching safepoint: 7300 ns, Cleanup: 14900 ns, At safepoint: 2000 ns, Total: 24200 ns
[198.994s][info ][safepoint      ] Safepoint "Cleanup", Time since last: 1000072271 ns, Reaching safepoint: 7100 ns, Cleanup: 11600 ns, At safepoint: 2100 ns, Total: 20800 ns
[199.994s][info ][safepoint      ] Safepoint "Cleanup", Time since last: 1000110221 ns, Reaching safepoint: 7100 ns, Cleanup: 18300 ns, At safepoint: 2000 ns, Total: 27400 ns
[200.144s][info ][gc,start       ] GC(14) Pause Young (Allocation Failure)
[200.188s][debug][gc,phases      ] GC(14) Scavenge 43.424ms
[200.188s][debug][gc,ref         ] GC(14) ReferenceProcessor::execute queues: 1, RefProcThreadModel::Single, marks_oops_alive: false
[200.188s][debug][gc,ref         ] GC(14) Skipped KeepAliveFinalRefsPhase of Reference Processing: no references
[200.188s][debug][gc,ref         ] GC(14) ReferenceProcessor::execute queues: 1, RefProcThreadModel::Single, marks_oops_alive: false
[200.188s][debug][gc,phases      ] GC(14) Reference Processing 0.106ms
[200.188s][debug][gc,phases      ] GC(14)   VM Weak                        Min:  0.0, Avg:  0.0, Max:  0.0, Diff:  0.0, Sum:  0.0, Workers: 4
[200.188s][debug][gc,phases      ] GC(14)     Dead                           Min: 0, Avg:  0.0, Max: 0, Diff: 0, Sum: 0, Workers: 4
[200.188s][debug][gc,phases      ] GC(14)     Total                          Min: 0, Avg: 224.0, Max: 640, Diff: 640, Sum: 896, Workers: 4
[200.188s][debug][gc,phases      ] GC(14)   ObjectSynchronizer Weak        Min:  0.0, Avg:  0.0, Max:  0.0, Diff:  0.0, Sum:  0.0, Workers: 4
[200.188s][debug][gc,phases      ] GC(14)     Dead                           Min: 0, Avg:  0.0, Max: 0, Diff: 0, Sum: 0, Workers: 4
[200.188s][debug][gc,phases      ] GC(14)     Total                          Min: 0, Avg:  0.8, Max: 3, Diff: 3, Sum: 3, Workers: 4
[200.188s][debug][gc,phases      ] GC(14)   JVMTI Tag Weak OopStorage      Min:  0.0, Avg:  0.0, Max:  0.0, Diff:  0.0, Sum:  0.0, Workers: 4
[200.188s][debug][gc,phases      ] GC(14)     Dead                           Min: 0, Avg:  0.0, Max: 0, Diff: 0, Sum: 0, Workers: 4
[200.188s][debug][gc,phases      ] GC(14)     Total                          Min: 0, Avg:  0.0, Max: 0, Diff: 0, Sum: 0, Workers: 4
[200.188s][debug][gc,phases      ] GC(14)   StringTable Weak               Min:  0.0, Avg:  0.1, Max:  0.1, Diff:  0.1, Sum:  0.4, Workers: 4
[200.188s][debug][gc,phases      ] GC(14)     Dead                           Min: 0, Avg:  0.0, Max: 0, Diff: 0, Sum: 0, Workers: 4
[200.188s][debug][gc,phases      ] GC(14)     Total                          Min: 0, Avg: 11138.0, Max: 18888, Diff: 18888, Sum: 44552, Workers: 4
[200.188s][debug][gc,phases      ] GC(14)   ResolvedMethodTable Weak       Min:  0.0, Avg:  0.0, Max:  0.1, Diff:  0.1, Sum:  0.2, Workers: 4
[200.188s][debug][gc,phases      ] GC(14)     Dead                           Min: 0, Avg:  0.0, Max: 0, Diff: 0, Sum: 0, Workers: 4
[200.188s][debug][gc,phases      ] GC(14)     Total                          Min: 0, Avg: 2975.0, Max: 4927, Diff: 4927, Sum: 11900, Workers: 4
[200.188s][debug][gc,phases      ] GC(14)   JNI Weak                       Min:  0.0, Avg:  0.0, Max:  0.0, Diff:  0.0, Sum:  0.0, Workers: 4
[200.188s][debug][gc,phases      ] GC(14)     Dead                           Min: 0, Avg:  0.0, Max: 0, Diff: 0, Sum: 0, Workers: 4
[200.188s][debug][gc,phases      ] GC(14)     Total                          Min: 0, Avg: 12.0, Max: 48, Diff: 48, Sum: 48, Workers: 4
[200.188s][debug][gc,phases      ] GC(14)   StringDedup Table Weak         Min:  0.0, Avg:  0.0, Max:  0.0, Diff:  0.0, Sum:  0.0, Workers: 4
[200.188s][debug][gc,phases      ] GC(14)     Dead                           Min: 0, Avg:  0.0, Max: 0, Diff: 0, Sum: 0, Workers: 4
[200.188s][debug][gc,phases      ] GC(14)     Total                          Min: 0, Avg:  0.0, Max: 0, Diff: 0, Sum: 0, Workers: 4
[200.188s][debug][gc,phases      ] GC(14)   StringDedup Requests0 Weak     Min:  0.0, Avg:  0.0, Max:  0.0, Diff:  0.0, Sum:  0.0, Workers: 4
[200.188s][debug][gc,phases      ] GC(14)     Dead                           Min: 0, Avg:  0.0, Max: 0, Diff: 0, Sum: 0, Workers: 4
[200.188s][debug][gc,phases      ] GC(14)     Total                          Min: 0, Avg:  0.0, Max: 0, Diff: 0, Sum: 0, Workers: 4
[200.188s][debug][gc,phases      ] GC(14)   StringDedup Requests1 Weak     Min:  0.0, Avg:  0.0, Max:  0.0, Diff:  0.0, Sum:  0.0, Workers: 4
[200.188s][debug][gc,phases      ] GC(14)     Dead                           Min: 0, Avg:  0.0, Max: 0, Diff: 0, Sum: 0, Workers: 4
[200.188s][debug][gc,phases      ] GC(14)     Total                          Min: 0, Avg:  0.0, Max: 0, Diff: 0, Sum: 0, Workers: 4
[200.188s][debug][gc,phases      ] GC(14)   Weak JFR Old Object Samples    Min:  0.0, Avg:  0.0, Max:  0.0, Diff:  0.0, Sum:  0.0, Workers: 4
[200.188s][debug][gc,phases      ] GC(14)     Dead                           Min: 0, Avg:  0.0, Max: 0, Diff: 0, Sum: 0, Workers: 4
[200.188s][debug][gc,phases      ] GC(14)     Total                          Min: 0, Avg:  0.0, Max: 0, Diff: 0, Sum: 0, Workers: 4
[200.188s][debug][gc,phases      ] GC(14) Weak Processing 0.371ms
[200.188s][debug][gc,age         ] GC(14) Desired survivor size 536870912 bytes, new threshold 3 (max threshold 15)
[200.188s][info ][gc,heap        ] GC(14) PSYoungGen: 1069091K(1572864K)->2816K(1572864K) Eden: 1048576K(1048576K)->0K(1048576K) From: 20515K(524288K)->2816K(524288K)
[200.188s][info ][gc,heap        ] GC(14) ParOldGen: 272117K(460288K)->292886K(460288K)
[200.188s][info ][gc,metaspace   ] GC(14) Metaspace: 87242K(88448K)->87242K(88448K) NonClass: 74686K(75392K)->74686K(75392K) Class: 12556K(13056K)->12556K(13056K)
[200.188s][info ][gc             ] GC(14) Pause Young (Allocation Failure) 1309M->288M(1985M) 44.026ms
[200.188s][info ][gc,cpu         ] GC(14) User=0.13s Sys=0.02s Real=0.04s
[200.189s][info ][safepoint      ] Safepoint "ParallelGCFailedAllocation", Time since last: 150482578 ns, Reaching safepoint: 78800 ns, Cleanup: 3900 ns, At safepoint: 44095923 ns, Total: 44178623 ns
[201.189s][info ][safepoint      ] Safepoint "Cleanup", Time since last: 1000080922 ns, Reaching safepoint: 73800 ns, Cleanup: 9500 ns, At safepoint: 5700 ns, Total: 89000 ns
[202.189s][info ][safepoint      ] Safepoint "Cleanup", Time since last: 1000102121 ns, Reaching safepoint: 76100 ns, Cleanup: 11600 ns, At safepoint: 7500 ns, Total: 95200 ns
[203.189s][info ][safepoint      ] Safepoint "Cleanup", Time since last: 1000126121 ns, Reaching safepoint: 78600 ns, Cleanup: 16900 ns, At safepoint: 5800 ns, Total: 101300 ns
[204.189s][info ][safepoint      ] Safepoint "Cleanup", Time since last: 1000118822 ns, Reaching safepoint: 79600 ns, Cleanup: 9400 ns, At safepoint: 4600 ns, Total: 93600 ns
[206.190s][info ][safepoint      ] Safepoint "Cleanup", Time since last: 2000198342 ns, Reaching safepoint: 75600 ns, Cleanup: 9600 ns, At safepoint: 4900 ns, Total: 90100 ns
[210.190s][info ][safepoint      ] Safepoint "Cleanup", Time since last: 4000342236 ns, Reaching safepoint: 79900 ns, Cleanup: 7100 ns, At safepoint: 6400 ns, Total: 93400 ns
[211.190s][info ][safepoint      ] Safepoint "Cleanup", Time since last: 1000135437 ns, Reaching safepoint: 80500 ns, Cleanup: 14300 ns, At safepoint: 6800 ns, Total: 101600 ns
[212.191s][info ][safepoint      ] Safepoint "Cleanup", Time since last: 1000131337 ns, Reaching safepoint: 77500 ns, Cleanup: 15800 ns, At safepoint: 6100 ns, Total: 99400 ns
[213.191s][info ][safepoint      ] Safepoint "Cleanup", Time since last: 1000120037 ns, Reaching safepoint: 75500 ns, Cleanup: 13100 ns, At safepoint: 7000 ns, Total: 95600 ns
[214.191s][info ][safepoint      ] Safepoint "Cleanup", Time since last: 1000120037 ns, Reaching safepoint: 76100 ns, Cleanup: 9200 ns, At safepoint: 5000 ns, Total: 90300 ns
[215.191s][info ][safepoint      ] Safepoint "Cleanup", Time since last: 1000113606 ns, Reaching safepoint: 79000 ns, Cleanup: 9700 ns, At safepoint: 6800 ns, Total: 95500 ns
[216.191s][info ][safepoint      ] Safepoint "Cleanup", Time since last: 1000108048 ns, Reaching safepoint: 6500 ns, Cleanup: 13000 ns, At safepoint: 1900 ns, Total: 21400 ns
[217.192s][info ][safepoint      ] Safepoint "Cleanup", Time since last: 1000141347 ns, Reaching safepoint: 77700 ns, Cleanup: 16700 ns, At safepoint: 5400 ns, Total: 99800 ns
[218.192s][info ][safepoint      ] Safepoint "Cleanup", Time since last: 1000108747 ns, Reaching safepoint: 7900 ns, Cleanup: 10100 ns, At safepoint: 1900 ns, Total: 19900 ns
[219.192s][info ][safepoint      ] Safepoint "Cleanup", Time since last: 1000119247 ns, Reaching safepoint: 6900 ns, Cleanup: 15300 ns, At safepoint: 1800 ns, Total: 24000 ns
[220.192s][info ][safepoint      ] Safepoint "Cleanup", Time since last: 1000123047 ns, Reaching safepoint: 75700 ns, Cleanup: 13200 ns, At safepoint: 7000 ns, Total: 95900 ns
[221.192s][info ][safepoint      ] Safepoint "Cleanup", Time since last: 1000111548 ns, Reaching safepoint: 8600 ns, Cleanup: 35200 ns, At safepoint: 2500 ns, Total: 46300 ns
[222.192s][info ][safepoint      ] Safepoint "Cleanup", Time since last: 1000141047 ns, Reaching safepoint: 7600 ns, Cleanup: 31500 ns, At safepoint: 2200 ns, Total: 41300 ns
[224.193s][info ][safepoint      ] Safepoint "Cleanup", Time since last: 2000171394 ns, Reaching safepoint: 6900 ns, Cleanup: 17200 ns, At safepoint: 5900 ns, Total: 30000 ns
[225.193s][info ][safepoint      ] Safepoint "Cleanup", Time since last: 1000098992 ns, Reaching safepoint: 7800 ns, Cleanup: 9900 ns, At safepoint: 2600 ns, Total: 20300 ns
[226.193s][info ][safepoint      ] Safepoint "Cleanup", Time since last: 1000108514 ns, Reaching safepoint: 6100 ns, Cleanup: 11900 ns, At safepoint: 1900 ns, Total: 19900 ns
[229.193s][info ][safepoint      ] Safepoint "Cleanup", Time since last: 3000237593 ns, Reaching safepoint: 6300 ns, Cleanup: 8800 ns, At safepoint: 1800 ns, Total: 16900 ns
[230.193s][info ][safepoint      ] Safepoint "Cleanup", Time since last: 1000107898 ns, Reaching safepoint: 6500 ns, Cleanup: 8200 ns, At safepoint: 1800 ns, Total: 16500 ns
[231.193s][info ][safepoint      ] Safepoint "Cleanup", Time since last: 1000100581 ns, Reaching safepoint: 5900 ns, Cleanup: 8100 ns, At safepoint: 1900 ns, Total: 15900 ns
[232.194s][info ][safepoint      ] Safepoint "Cleanup", Time since last: 1000123228 ns, Reaching safepoint: 86799 ns, Cleanup: 27000 ns, At safepoint: 39500 ns, Total: 153299 ns
[234.194s][info ][safepoint      ] Safepoint "Cleanup", Time since last: 2000184856 ns, Reaching safepoint: 143500 ns, Cleanup: 10900 ns, At safepoint: 7200 ns, Total: 161600 ns
[235.194s][info ][safepoint      ] Safepoint "Cleanup", Time since last: 1000101428 ns, Reaching safepoint: 6700 ns, Cleanup: 5800 ns, At safepoint: 1700 ns, Total: 14200 ns
[236.194s][info ][safepoint      ] Safepoint "Cleanup", Time since last: 1000099928 ns, Reaching safepoint: 6500 ns, Cleanup: 17100 ns, At safepoint: 2100 ns, Total: 25700 ns
[237.194s][info ][safepoint      ] Safepoint "Cleanup", Time since last: 1000155328 ns, Reaching safepoint: 8000 ns, Cleanup: 12900 ns, At safepoint: 2100 ns, Total: 23000 ns
[238.194s][info ][safepoint      ] Safepoint "Cleanup", Time since last: 1000110428 ns, Reaching safepoint: 7300 ns, Cleanup: 7400 ns, At safepoint: 2100 ns, Total: 16800 ns
[240.195s][info ][safepoint      ] Safepoint "Cleanup", Time since last: 2000163808 ns, Reaching safepoint: 6600 ns, Cleanup: 9400 ns, At safepoint: 1600 ns, Total: 17600 ns
[241.187s][info ][gc,start       ] GC(15) Pause Young (Allocation Failure)
[241.190s][debug][gc,phases      ] GC(15) Scavenge 2.644ms
[241.190s][debug][gc,ref         ] GC(15) ReferenceProcessor::execute queues: 1, RefProcThreadModel::Single, marks_oops_alive: false
[241.190s][debug][gc,ref         ] GC(15) Skipped KeepAliveFinalRefsPhase of Reference Processing: no references
[241.190s][debug][gc,ref         ] GC(15) ReferenceProcessor::execute queues: 1, RefProcThreadModel::Single, marks_oops_alive: false
[241.190s][debug][gc,phases      ] GC(15) Reference Processing 0.109ms
[241.190s][debug][gc,phases      ] GC(15)   VM Weak                        Min:  0.0, Avg:  0.0, Max:  0.0, Diff:  0.0, Sum:  0.0, Workers: 4
[241.190s][debug][gc,phases      ] GC(15)     Dead                           Min: 0, Avg:  0.0, Max: 0, Diff: 0, Sum: 0, Workers: 4
[241.190s][debug][gc,phases      ] GC(15)     Total                          Min: 0, Avg: 224.8, Max: 640, Diff: 640, Sum: 899, Workers: 4
[241.190s][debug][gc,phases      ] GC(15)   ObjectSynchronizer Weak        Min:  0.0, Avg:  0.0, Max:  0.0, Diff:  0.0, Sum:  0.0, Workers: 4
[241.190s][debug][gc,phases      ] GC(15)     Dead                           Min: 0, Avg:  0.0, Max: 0, Diff: 0, Sum: 0, Workers: 4
[241.190s][debug][gc,phases      ] GC(15)     Total                          Min: 0, Avg:  0.8, Max: 3, Diff: 3, Sum: 3, Workers: 4
[241.190s][debug][gc,phases      ] GC(15)   JVMTI Tag Weak OopStorage      Min:  0.0, Avg:  0.0, Max:  0.0, Diff:  0.0, Sum:  0.0, Workers: 4
[241.190s][debug][gc,phases      ] GC(15)     Dead                           Min: 0, Avg:  0.0, Max: 0, Diff: 0, Sum: 0, Workers: 4
[241.190s][debug][gc,phases      ] GC(15)     Total                          Min: 0, Avg:  0.0, Max: 0, Diff: 0, Sum: 0, Workers: 4
[241.190s][debug][gc,phases      ] GC(15)   StringTable Weak               Min:  0.0, Avg:  0.1, Max:  0.1, Diff:  0.1, Sum:  0.4, Workers: 4
[241.190s][debug][gc,phases      ] GC(15)     Dead                           Min: 0, Avg:  0.0, Max: 0, Diff: 0, Sum: 0, Workers: 4
[241.190s][debug][gc,phases      ] GC(15)     Total                          Min: 960, Avg: 11149.5, Max: 16950, Diff: 15990, Sum: 44598, Workers: 4
[241.190s][debug][gc,phases      ] GC(15)   ResolvedMethodTable Weak       Min:  0.0, Avg:  0.0, Max:  0.0, Diff:  0.0, Sum:  0.1, Workers: 4
[241.190s][debug][gc,phases      ] GC(15)     Dead                           Min: 0, Avg:  0.2, Max: 1, Diff: 1, Sum: 1, Workers: 4
[241.190s][debug][gc,phases      ] GC(15)     Total                          Min: 2816, Avg: 2977.2, Max: 3199, Diff: 383, Sum: 11909, Workers: 4
[241.190s][debug][gc,phases      ] GC(15)   JNI Weak                       Min:  0.0, Avg:  0.0, Max:  0.0, Diff:  0.0, Sum:  0.0, Workers: 4
[241.190s][debug][gc,phases      ] GC(15)     Dead                           Min: 0, Avg:  0.0, Max: 0, Diff: 0, Sum: 0, Workers: 4
[241.190s][debug][gc,phases      ] GC(15)     Total                          Min: 0, Avg: 12.0, Max: 48, Diff: 48, Sum: 48, Workers: 4
[241.190s][debug][gc,phases      ] GC(15)   StringDedup Table Weak         Min:  0.0, Avg:  0.0, Max:  0.0, Diff:  0.0, Sum:  0.0, Workers: 4
[241.190s][debug][gc,phases      ] GC(15)     Dead                           Min: 0, Avg:  0.0, Max: 0, Diff: 0, Sum: 0, Workers: 4
[241.190s][debug][gc,phases      ] GC(15)     Total                          Min: 0, Avg:  0.0, Max: 0, Diff: 0, Sum: 0, Workers: 4
[241.190s][debug][gc,phases      ] GC(15)   StringDedup Requests0 Weak     Min:  0.0, Avg:  0.0, Max:  0.0, Diff:  0.0, Sum:  0.0, Workers: 4
[241.190s][debug][gc,phases      ] GC(15)     Dead                           Min: 0, Avg:  0.0, Max: 0, Diff: 0, Sum: 0, Workers: 4
[241.190s][debug][gc,phases      ] GC(15)     Total                          Min: 0, Avg:  0.0, Max: 0, Diff: 0, Sum: 0, Workers: 4
[241.190s][debug][gc,phases      ] GC(15)   StringDedup Requests1 Weak     Min:  0.0, Avg:  0.0, Max:  0.0, Diff:  0.0, Sum:  0.0, Workers: 4
[241.190s][debug][gc,phases      ] GC(15)     Dead                           Min: 0, Avg:  0.0, Max: 0, Diff: 0, Sum: 0, Workers: 4
[241.190s][debug][gc,phases      ] GC(15)     Total                          Min: 0, Avg:  0.0, Max: 0, Diff: 0, Sum: 0, Workers: 4
[241.190s][debug][gc,phases      ] GC(15)   Weak JFR Old Object Samples    Min:  0.0, Avg:  0.0, Max:  0.0, Diff:  0.0, Sum:  0.0, Workers: 4
[241.190s][debug][gc,phases      ] GC(15)     Dead                           Min: 0, Avg:  0.0, Max: 0, Diff: 0, Sum: 0, Workers: 4
[241.190s][debug][gc,phases      ] GC(15)     Total                          Min: 0, Avg:  0.0, Max: 0, Diff: 0, Sum: 0, Workers: 4
[241.190s][debug][gc,phases      ] GC(15) Weak Processing 0.353ms
[241.190s][debug][gc,age         ] GC(15) Desired survivor size 536870912 bytes, new threshold 2 (max threshold 15)
[241.191s][info ][gc,heap        ] GC(15) PSYoungGen: 1051392K(1572864K)->2992K(1572864K) Eden: 1048576K(1048576K)->0K(1048576K) From: 2816K(524288K)->2992K(524288K)
[241.191s][info ][gc,heap        ] GC(15) ParOldGen: 292886K(460288K)->293430K(460288K)
[241.191s][info ][gc,metaspace   ] GC(15) Metaspace: 87317K(88512K)->87317K(88512K) NonClass: 74759K(75456K)->74759K(75456K) Class: 12558K(13056K)->12558K(13056K)
[241.191s][info ][gc             ] GC(15) Pause Young (Allocation Failure) 1312M->289M(1985M) 3.207ms
[241.191s][info ][gc,cpu         ] GC(15) User=0.01s Sys=0.00s Real=0.00s
[241.191s][info ][safepoint      ] Safepoint "ParallelGCFailedAllocation", Time since last: 992533310 ns, Reaching safepoint: 78800 ns, Cleanup: 13000 ns, At safepoint: 3275098 ns, Total: 3366898 ns
[242.191s][info ][safepoint      ] Safepoint "Cleanup", Time since last: 1000091206 ns, Reaching safepoint: 79100 ns, Cleanup: 12500 ns, At safepoint: 5700 ns, Total: 97300 ns
[244.191s][info ][safepoint      ] Safepoint "Cleanup", Time since last: 2000197711 ns, Reaching safepoint: 69000 ns, Cleanup: 16400 ns, At safepoint: 6300 ns, Total: 91700 ns
[246.191s][info ][safepoint      ] Safepoint "Cleanup", Time since last: 2000189711 ns, Reaching safepoint: 6600 ns, Cleanup: 13600 ns, At safepoint: 4800 ns, Total: 25000 ns
[247.191s][info ][safepoint      ] Safepoint "Cleanup", Time since last: 1000113001 ns, Reaching safepoint: 76600 ns, Cleanup: 9400 ns, At safepoint: 6300 ns, Total: 92300 ns
[249.192s][info ][safepoint      ] Safepoint "Cleanup", Time since last: 2000130676 ns, Reaching safepoint: 7700 ns, Cleanup: 11500 ns, At safepoint: 10700 ns, Total: 29900 ns
[251.192s][info ][safepoint      ] Safepoint "Cleanup", Time since last: 2000170277 ns, Reaching safepoint: 7200 ns, Cleanup: 16200 ns, At safepoint: 2300 ns, Total: 25700 ns
[252.192s][info ][safepoint      ] Safepoint "Cleanup", Time since last: 1000109288 ns, Reaching safepoint: 76200 ns, Cleanup: 50000 ns, At safepoint: 5200 ns, Total: 131400 ns
[253.192s][info ][safepoint      ] Safepoint "Cleanup", Time since last: 1000102888 ns, Reaching safepoint: 6400 ns, Cleanup: 10700 ns, At safepoint: 2200 ns, Total: 19300 ns
[254.192s][info ][safepoint      ] Safepoint "Cleanup", Time since last: 1000094285 ns, Reaching safepoint: 6500 ns, Cleanup: 10500 ns, At safepoint: 2100 ns, Total: 19100 ns
[255.192s][info ][safepoint      ] Safepoint "Cleanup", Time since last: 1000131570 ns, Reaching safepoint: 8400 ns, Cleanup: 13400 ns, At safepoint: 2300 ns, Total: 24100 ns
[256.193s][info ][safepoint      ] Safepoint "Cleanup", Time since last: 1000112710 ns, Reaching safepoint: 6700 ns, Cleanup: 32400 ns, At safepoint: 1900 ns, Total: 41000 ns
[257.193s][info ][safepoint      ] Safepoint "Cleanup", Time since last: 1000106411 ns, Reaching safepoint: 7500 ns, Cleanup: 15900 ns, At safepoint: 2400 ns, Total: 25800 ns
[258.193s][info ][safepoint      ] Safepoint "Cleanup", Time since last: 1000111210 ns, Reaching safepoint: 53100 ns, Cleanup: 25300 ns, At safepoint: 9800 ns, Total: 88200 ns
[259.193s][info ][safepoint      ] Safepoint "Cleanup", Time since last: 1000113110 ns, Reaching safepoint: 7700 ns, Cleanup: 31800 ns, At safepoint: 2300 ns, Total: 41800 ns
[260.193s][info ][safepoint      ] Safepoint "Cleanup", Time since last: 1000107711 ns, Reaching safepoint: 76400 ns, Cleanup: 14000 ns, At safepoint: 9000 ns, Total: 99400 ns
[261.193s][info ][safepoint      ] Safepoint "Cleanup", Time since last: 1000122210 ns, Reaching safepoint: 7000 ns, Cleanup: 9800 ns, At safepoint: 10600 ns, Total: 27400 ns
[262.194s][info ][safepoint      ] Safepoint "Cleanup", Time since last: 1000102611 ns, Reaching safepoint: 6600 ns, Cleanup: 10100 ns, At safepoint: 2200 ns, Total: 18900 ns
[263.194s][info ][safepoint      ] Safepoint "Cleanup", Time since last: 1000115705 ns, Reaching safepoint: 7700 ns, Cleanup: 12400 ns, At safepoint: 2000 ns, Total: 22100 ns
[264.194s][info ][safepoint      ] Safepoint "Cleanup", Time since last: 1000130687 ns, Reaching safepoint: 6600 ns, Cleanup: 14500 ns, At safepoint: 2300 ns, Total: 23400 ns
[267.194s][info ][safepoint      ] Safepoint "Cleanup", Time since last: 3000241562 ns, Reaching safepoint: 9400 ns, Cleanup: 13700 ns, At safepoint: 2600 ns, Total: 25700 ns
[268.194s][info ][safepoint      ] Safepoint "Cleanup", Time since last: 1000113388 ns, Reaching safepoint: 7800 ns, Cleanup: 8400 ns, At safepoint: 2200 ns, Total: 18400 ns
[269.194s][info ][safepoint      ] Safepoint "Cleanup", Time since last: 1000150487 ns, Reaching safepoint: 8200 ns, Cleanup: 17100 ns, At safepoint: 2400 ns, Total: 27700 ns
[272.195s][info ][safepoint      ] Safepoint "Cleanup", Time since last: 3000245330 ns, Reaching safepoint: 6500 ns, Cleanup: 15200 ns, At safepoint: 6000 ns, Total: 27700 ns
[273.195s][info ][safepoint      ] Safepoint "Cleanup", Time since last: 1000114760 ns, Reaching safepoint: 6400 ns, Cleanup: 10300 ns, At safepoint: 1600 ns, Total: 18300 ns
[274.195s][info ][safepoint      ] Safepoint "Cleanup", Time since last: 1000110061 ns, Reaching safepoint: 8800 ns, Cleanup: 20200 ns, At safepoint: 2400 ns, Total: 31400 ns
[276.195s][info ][safepoint      ] Safepoint "Cleanup", Time since last: 2000172821 ns, Reaching safepoint: 13800 ns, Cleanup: 8400 ns, At safepoint: 5000 ns, Total: 27200 ns
[276.941s][info ][gc,start       ] GC(16) Pause Young (Allocation Failure)
[276.944s][debug][gc,phases      ] GC(16) Scavenge 3.245ms
[276.944s][debug][gc,ref         ] GC(16) ReferenceProcessor::execute queues: 1, RefProcThreadModel::Single, marks_oops_alive: false
[276.944s][debug][gc,ref         ] GC(16) Skipped KeepAliveFinalRefsPhase of Reference Processing: no references
[276.944s][debug][gc,ref         ] GC(16) ReferenceProcessor::execute queues: 1, RefProcThreadModel::Single, marks_oops_alive: false
[276.944s][debug][gc,phases      ] GC(16) Reference Processing 0.120ms
[276.944s][debug][gc,phases      ] GC(16)   VM Weak                        Min:  0.0, Avg:  0.0, Max:  0.0, Diff:  0.0, Sum:  0.0, Workers: 4
[276.944s][debug][gc,phases      ] GC(16)     Dead                           Min: 0, Avg:  0.0, Max: 0, Diff: 0, Sum: 0, Workers: 4
[276.944s][debug][gc,phases      ] GC(16)     Total                          Min: 0, Avg: 224.8, Max: 768, Diff: 768, Sum: 899, Workers: 4
[276.944s][debug][gc,phases      ] GC(16)   ObjectSynchronizer Weak        Min:  0.0, Avg:  0.0, Max:  0.0, Diff:  0.0, Sum:  0.0, Workers: 4
[276.944s][debug][gc,phases      ] GC(16)     Dead                           Min: 0, Avg:  0.0, Max: 0, Diff: 0, Sum: 0, Workers: 4
[276.944s][debug][gc,phases      ] GC(16)     Total                          Min: 0, Avg:  1.0, Max: 4, Diff: 4, Sum: 4, Workers: 4
[276.944s][debug][gc,phases      ] GC(16)   JVMTI Tag Weak OopStorage      Min:  0.0, Avg:  0.0, Max:  0.0, Diff:  0.0, Sum:  0.0, Workers: 4
[276.944s][debug][gc,phases      ] GC(16)     Dead                           Min: 0, Avg:  0.0, Max: 0, Diff: 0, Sum: 0, Workers: 4
[276.944s][debug][gc,phases      ] GC(16)     Total                          Min: 0, Avg:  0.0, Max: 0, Diff: 0, Sum: 0, Workers: 4
[276.944s][debug][gc,phases      ] GC(16)   StringTable Weak               Min:  0.0, Avg:  0.1, Max:  0.1, Diff:  0.1, Sum:  0.4, Workers: 4
[276.944s][debug][gc,phases      ] GC(16)     Dead                           Min: 0, Avg:  0.0, Max: 0, Diff: 0, Sum: 0, Workers: 4
[276.944s][debug][gc,phases      ] GC(16)     Total                          Min: 0, Avg: 11154.2, Max: 17920, Diff: 17920, Sum: 44617, Workers: 4
[276.944s][debug][gc,phases      ] GC(16)   ResolvedMethodTable Weak       Min:  0.0, Avg:  0.0, Max:  0.0, Diff:  0.0, Sum:  0.1, Workers: 4
[276.944s][debug][gc,phases      ] GC(16)     Dead                           Min: 0, Avg:  0.0, Max: 0, Diff: 0, Sum: 0, Workers: 4
[276.944s][debug][gc,phases      ] GC(16)     Total                          Min: 0, Avg: 2977.2, Max: 4992, Diff: 4992, Sum: 11909, Workers: 4
[276.944s][debug][gc,phases      ] GC(16)   JNI Weak                       Min:  0.0, Avg:  0.0, Max:  0.0, Diff:  0.0, Sum:  0.0, Workers: 4
[276.944s][debug][gc,phases      ] GC(16)     Dead                           Min: 0, Avg:  0.0, Max: 0, Diff: 0, Sum: 0, Workers: 4
[276.944s][debug][gc,phases      ] GC(16)     Total                          Min: 0, Avg: 12.0, Max: 48, Diff: 48, Sum: 48, Workers: 4
[276.944s][debug][gc,phases      ] GC(16)   StringDedup Table Weak         Min:  0.0, Avg:  0.0, Max:  0.0, Diff:  0.0, Sum:  0.0, Workers: 4
[276.944s][debug][gc,phases      ] GC(16)     Dead                           Min: 0, Avg:  0.0, Max: 0, Diff: 0, Sum: 0, Workers: 4
[276.944s][debug][gc,phases      ] GC(16)     Total                          Min: 0, Avg:  0.0, Max: 0, Diff: 0, Sum: 0, Workers: 4
[276.944s][debug][gc,phases      ] GC(16)   StringDedup Requests0 Weak     Min:  0.0, Avg:  0.0, Max:  0.0, Diff:  0.0, Sum:  0.0, Workers: 4
[276.944s][debug][gc,phases      ] GC(16)     Dead                           Min: 0, Avg:  0.0, Max: 0, Diff: 0, Sum: 0, Workers: 4
[276.944s][debug][gc,phases      ] GC(16)     Total                          Min: 0, Avg:  0.0, Max: 0, Diff: 0, Sum: 0, Workers: 4
[276.944s][debug][gc,phases      ] GC(16)   StringDedup Requests1 Weak     Min:  0.0, Avg:  0.0, Max:  0.0, Diff:  0.0, Sum:  0.0, Workers: 4
[276.944s][debug][gc,phases      ] GC(16)     Dead                           Min: 0, Avg:  0.0, Max: 0, Diff: 0, Sum: 0, Workers: 4
[276.944s][debug][gc,phases      ] GC(16)     Total                          Min: 0, Avg:  0.0, Max: 0, Diff: 0, Sum: 0, Workers: 4
[276.944s][debug][gc,phases      ] GC(16)   Weak JFR Old Object Samples    Min:  0.0, Avg:  0.0, Max:  0.0, Diff:  0.0, Sum:  0.0, Workers: 4
[276.944s][debug][gc,phases      ] GC(16)     Dead                           Min: 0, Avg:  0.0, Max: 0, Diff: 0, Sum: 0, Workers: 4
[276.944s][debug][gc,phases      ] GC(16)     Total                          Min: 0, Avg:  0.0, Max: 0, Diff: 0, Sum: 0, Workers: 4
[276.944s][debug][gc,phases      ] GC(16) Weak Processing 0.358ms
[276.944s][debug][gc,age         ] GC(16) Desired survivor size 536870912 bytes, new threshold 1 (max threshold 15)
[276.944s][info ][gc,heap        ] GC(16) PSYoungGen: 1051568K(1572864K)->4080K(1572864K) Eden: 1048576K(1048576K)->0K(1048576K) From: 2992K(524288K)->4080K(524288K)
[276.944s][info ][gc,heap        ] GC(16) ParOldGen: 293430K(460288K)->293898K(460288K)
[276.945s][info ][gc,metaspace   ] GC(16) Metaspace: 87401K(88640K)->87401K(88640K) NonClass: 74842K(75584K)->74842K(75584K) Class: 12558K(13056K)->12558K(13056K)
[276.945s][info ][gc             ] GC(16) Pause Young (Allocation Failure) 1313M->290M(1985M) 3.838ms
[276.945s][info ][gc,cpu         ] GC(16) User=0.02s Sys=0.00s Real=0.01s
[276.945s][info ][safepoint      ] Safepoint "ParallelGCFailedAllocation", Time since last: 745447071 ns, Reaching safepoint: 6900 ns, Cleanup: 11200 ns, At safepoint: 3902800 ns, Total: 3920900 ns
[277.945s][info ][safepoint      ] Safepoint "Cleanup", Time since last: 1000078961 ns, Reaching safepoint: 7300 ns, Cleanup: 22900 ns, At safepoint: 2100 ns, Total: 32300 ns
[278.945s][info ][safepoint      ] Safepoint "Cleanup", Time since last: 1000104460 ns, Reaching safepoint: 76200 ns, Cleanup: 11000 ns, At safepoint: 5600 ns, Total: 92800 ns
[280.945s][info ][safepoint      ] Safepoint "Cleanup", Time since last: 2000184132 ns, Reaching safepoint: 79100 ns, Cleanup: 59100 ns, At safepoint: 9400 ns, Total: 147600 ns
[281.945s][info ][safepoint      ] Safepoint "Cleanup", Time since last: 1000088565 ns, Reaching safepoint: 80500 ns, Cleanup: 55000 ns, At safepoint: 6600 ns, Total: 142100 ns
[282.946s][info ][safepoint      ] Safepoint "Cleanup", Time since last: 1000114266 ns, Reaching safepoint: 8100 ns, Cleanup: 61900 ns, At safepoint: 2400 ns, Total: 72400 ns
[283.946s][info ][safepoint      ] Safepoint "Cleanup", Time since last: 1000116266 ns, Reaching safepoint: 10500 ns, Cleanup: 36100 ns, At safepoint: 2100 ns, Total: 48700 ns
[284.946s][info ][safepoint      ] Safepoint "Cleanup", Time since last: 1000112466 ns, Reaching safepoint: 9400 ns, Cleanup: 28700 ns, At safepoint: 2200 ns, Total: 40300 ns
[285.946s][info ][safepoint      ] Safepoint "Cleanup", Time since last: 1000105165 ns, Reaching safepoint: 76200 ns, Cleanup: 12500 ns, At safepoint: 5400 ns, Total: 94100 ns
[286.946s][info ][safepoint      ] Safepoint "Cleanup", Time since last: 1000119866 ns, Reaching safepoint: 7500 ns, Cleanup: 9500 ns, At safepoint: 1900 ns, Total: 18900 ns
[288.947s][info ][safepoint      ] Safepoint "Cleanup", Time since last: 2000164701 ns, Reaching safepoint: 479900 ns, Cleanup: 18200 ns, At safepoint: 8500 ns, Total: 506600 ns
[289.947s][info ][safepoint      ] Safepoint "Cleanup", Time since last: 1000085102 ns, Reaching safepoint: 7800 ns, Cleanup: 27700 ns, At safepoint: 7200 ns, Total: 42700 ns
[290.947s][info ][safepoint      ] Safepoint "Cleanup", Time since last: 1000114901 ns, Reaching safepoint: 286200 ns, Cleanup: 22800 ns, At safepoint: 10700 ns, Total: 319700 ns
[291.948s][info ][safepoint      ] Safepoint "Cleanup", Time since last: 1000120602 ns, Reaching safepoint: 7800 ns, Cleanup: 26300 ns, At safepoint: 3300 ns, Total: 37400 ns
[292.948s][info ][safepoint      ] Safepoint "Cleanup", Time since last: 1000118901 ns, Reaching safepoint: 7000 ns, Cleanup: 15700 ns, At safepoint: 5100 ns, Total: 27800 ns
[293.948s][info ][safepoint      ] Safepoint "Cleanup", Time since last: 1000112402 ns, Reaching safepoint: 7400 ns, Cleanup: 20600 ns, At safepoint: 2300 ns, Total: 30300 ns
[294.948s][info ][safepoint      ] Safepoint "Cleanup", Time since last: 1000105201 ns, Reaching safepoint: 6400 ns, Cleanup: 13200 ns, At safepoint: 1500 ns, Total: 21100 ns
[295.948s][info ][safepoint      ] Safepoint "Cleanup", Time since last: 1000060092 ns, Reaching safepoint: 7100 ns, Cleanup: 47000 ns, At safepoint: 2400 ns, Total: 56500 ns
[296.948s][info ][safepoint      ] Safepoint "Cleanup", Time since last: 1000110191 ns, Reaching safepoint: 7600 ns, Cleanup: 26900 ns, At safepoint: 5800 ns, Total: 40300 ns
[297.948s][info ][safepoint      ] Safepoint "Cleanup", Time since last: 1000103091 ns, Reaching safepoint: 6800 ns, Cleanup: 21600 ns, At safepoint: 2000 ns, Total: 30400 ns
[298.949s][info ][safepoint      ] Safepoint "Cleanup", Time since last: 1000105091 ns, Reaching safepoint: 7800 ns, Cleanup: 16000 ns, At safepoint: 2000 ns, Total: 25800 ns
[299.949s][info ][safepoint      ] Safepoint "Cleanup", Time since last: 1000096591 ns, Reaching safepoint: 7900 ns, Cleanup: 10700 ns, At safepoint: 2100 ns, Total: 20700 ns
[301.828s][info ][safepoint      ] Safepoint "Cleanup", Time since last: 1879313483 ns, Reaching safepoint: 9200 ns, Cleanup: 18000 ns, At safepoint: 2500 ns, Total: 29700 ns
[302.828s][info ][safepoint      ] Safepoint "Cleanup", Time since last: 1000109791 ns, Reaching safepoint: 9400 ns, Cleanup: 25500 ns, At safepoint: 2500 ns, Total: 37400 ns
[303.828s][info ][safepoint      ] Safepoint "Cleanup", Time since last: 1000107985 ns, Reaching safepoint: 6700 ns, Cleanup: 12100 ns, At safepoint: 2100 ns, Total: 20900 ns
[304.829s][info ][safepoint      ] Safepoint "Cleanup", Time since last: 1000155484 ns, Reaching safepoint: 7700 ns, Cleanup: 20700 ns, At safepoint: 2200 ns, Total: 30600 ns
[305.829s][info ][safepoint      ] Safepoint "Cleanup", Time since last: 1000110584 ns, Reaching safepoint: 7700 ns, Cleanup: 15800 ns, At safepoint: 2600 ns, Total: 26100 ns
[306.829s][info ][safepoint      ] Safepoint "Cleanup", Time since last: 1000103084 ns, Reaching safepoint: 6000 ns, Cleanup: 10100 ns, At safepoint: 1900 ns, Total: 18000 ns
[307.829s][info ][safepoint      ] Safepoint "Cleanup", Time since last: 1000084484 ns, Reaching safepoint: 9100 ns, Cleanup: 15800 ns, At safepoint: 2600 ns, Total: 27500 ns
[309.829s][info ][safepoint      ] Safepoint "Cleanup", Time since last: 2000146268 ns, Reaching safepoint: 7800 ns, Cleanup: 17300 ns, At safepoint: 2100 ns, Total: 27200 ns
[311.829s][info ][safepoint      ] Safepoint "Cleanup", Time since last: 2000177696 ns, Reaching safepoint: 8100 ns, Cleanup: 14600 ns, At safepoint: 2800 ns, Total: 25500 ns
[313.038s][info ][gc,start       ] GC(17) Pause Young (Allocation Failure)
[313.041s][debug][gc,phases      ] GC(17) Scavenge 3.584ms
[313.041s][debug][gc,ref         ] GC(17) ReferenceProcessor::execute queues: 1, RefProcThreadModel::Single, marks_oops_alive: false
[313.041s][debug][gc,ref         ] GC(17) Skipped KeepAliveFinalRefsPhase of Reference Processing: no references
[313.041s][debug][gc,ref         ] GC(17) ReferenceProcessor::execute queues: 1, RefProcThreadModel::Single, marks_oops_alive: false
[313.041s][debug][gc,phases      ] GC(17) Reference Processing 0.109ms
[313.042s][debug][gc,phases      ] GC(17)   VM Weak                        Min:  0.0, Avg:  0.0, Max:  0.0, Diff:  0.0, Sum:  0.0, Workers: 4
[313.042s][debug][gc,phases      ] GC(17)     Dead                           Min: 0, Avg:  0.0, Max: 0, Diff: 0, Sum: 0, Workers: 4
[313.042s][debug][gc,phases      ] GC(17)     Total                          Min: 0, Avg: 227.8, Max: 719, Diff: 719, Sum: 911, Workers: 4
[313.042s][debug][gc,phases      ] GC(17)   ObjectSynchronizer Weak        Min:  0.0, Avg:  0.0, Max:  0.0, Diff:  0.0, Sum:  0.0, Workers: 4
[313.042s][debug][gc,phases      ] GC(17)     Dead                           Min: 0, Avg:  0.0, Max: 0, Diff: 0, Sum: 0, Workers: 4
[313.042s][debug][gc,phases      ] GC(17)     Total                          Min: 0, Avg:  1.0, Max: 4, Diff: 4, Sum: 4, Workers: 4
[313.042s][debug][gc,phases      ] GC(17)   JVMTI Tag Weak OopStorage      Min:  0.0, Avg:  0.0, Max:  0.0, Diff:  0.0, Sum:  0.0, Workers: 4
[313.042s][debug][gc,phases      ] GC(17)     Dead                           Min: 0, Avg:  0.0, Max: 0, Diff: 0, Sum: 0, Workers: 4
[313.042s][debug][gc,phases      ] GC(17)     Total                          Min: 0, Avg:  0.0, Max: 0, Diff: 0, Sum: 0, Workers: 4
[313.042s][debug][gc,phases      ] GC(17)   StringTable Weak               Min:  0.0, Avg:  0.1, Max:  0.1, Diff:  0.1, Sum:  0.4, Workers: 4
[313.042s][debug][gc,phases      ] GC(17)     Dead                           Min: 0, Avg:  0.8, Max: 3, Diff: 3, Sum: 3, Workers: 4
[313.042s][debug][gc,phases      ] GC(17)     Total                          Min: 0, Avg: 11190.8, Max: 18971, Diff: 18971, Sum: 44763, Workers: 4
[313.042s][debug][gc,phases      ] GC(17)   ResolvedMethodTable Weak       Min:  0.0, Avg:  0.0, Max:  0.0, Diff:  0.0, Sum:  0.1, Workers: 4
[313.042s][debug][gc,phases      ] GC(17)     Dead                           Min: 0, Avg:  5.5, Max: 13, Diff: 13, Sum: 22, Workers: 4
[313.042s][debug][gc,phases      ] GC(17)     Total                          Min: 957, Avg: 3001.8, Max: 3883, Diff: 2926, Sum: 12007, Workers: 4
[313.042s][debug][gc,phases      ] GC(17)   JNI Weak                       Min:  0.0, Avg:  0.0, Max:  0.0, Diff:  0.0, Sum:  0.0, Workers: 4
[313.042s][debug][gc,phases      ] GC(17)     Dead                           Min: 0, Avg:  0.0, Max: 0, Diff: 0, Sum: 0, Workers: 4
[313.042s][debug][gc,phases      ] GC(17)     Total                          Min: 0, Avg: 12.0, Max: 48, Diff: 48, Sum: 48, Workers: 4
[313.042s][debug][gc,phases      ] GC(17)   StringDedup Table Weak         Min:  0.0, Avg:  0.0, Max:  0.0, Diff:  0.0, Sum:  0.0, Workers: 4
[313.042s][debug][gc,phases      ] GC(17)     Dead                           Min: 0, Avg:  0.0, Max: 0, Diff: 0, Sum: 0, Workers: 4
[313.042s][debug][gc,phases      ] GC(17)     Total                          Min: 0, Avg:  0.0, Max: 0, Diff: 0, Sum: 0, Workers: 4
[313.042s][debug][gc,phases      ] GC(17)   StringDedup Requests0 Weak     Min:  0.0, Avg:  0.0, Max:  0.0, Diff:  0.0, Sum:  0.0, Workers: 4
[313.042s][debug][gc,phases      ] GC(17)     Dead                           Min: 0, Avg:  0.0, Max: 0, Diff: 0, Sum: 0, Workers: 4
[313.042s][debug][gc,phases      ] GC(17)     Total                          Min: 0, Avg:  0.0, Max: 0, Diff: 0, Sum: 0, Workers: 4
[313.042s][debug][gc,phases      ] GC(17)   StringDedup Requests1 Weak     Min:  0.0, Avg:  0.0, Max:  0.0, Diff:  0.0, Sum:  0.0, Workers: 4
[313.042s][debug][gc,phases      ] GC(17)     Dead                           Min: 0, Avg:  0.0, Max: 0, Diff: 0, Sum: 0, Workers: 4
[313.042s][debug][gc,phases      ] GC(17)     Total                          Min: 0, Avg:  0.0, Max: 0, Diff: 0, Sum: 0, Workers: 4
[313.042s][debug][gc,phases      ] GC(17)   Weak JFR Old Object Samples    Min:  0.0, Avg:  0.0, Max:  0.0, Diff:  0.0, Sum:  0.0, Workers: 4
[313.042s][debug][gc,phases      ] GC(17)     Dead                           Min: 0, Avg:  0.0, Max: 0, Diff: 0, Sum: 0, Workers: 4
[313.042s][debug][gc,phases      ] GC(17)     Total                          Min: 0, Avg:  0.0, Max: 0, Diff: 0, Sum: 0, Workers: 4
[313.042s][debug][gc,phases      ] GC(17) Weak Processing 0.353ms
[313.042s][debug][gc,age         ] GC(17) Desired survivor size 536870912 bytes, new threshold 1 (max threshold 15)
[313.042s][info ][gc,heap        ] GC(17) PSYoungGen: 1052656K(1572864K)->2160K(1572864K) Eden: 1048576K(1048576K)->0K(1048576K) From: 4080K(524288K)->2160K(524288K)
[313.042s][info ][gc,heap        ] GC(17) ParOldGen: 293898K(460288K)->295978K(460288K)
[313.042s][info ][gc,metaspace   ] GC(17) Metaspace: 87684K(88896K)->87684K(88896K) NonClass: 75081K(75776K)->75081K(75776K) Class: 12602K(13120K)->12602K(13120K)
[313.042s][info ][gc             ] GC(17) Pause Young (Allocation Failure) 1314M->291M(1985M) 4.155ms
[313.042s][info ][gc,cpu         ] GC(17) User=0.00s Sys=0.01s Real=0.00s
[313.042s][info ][safepoint      ] Safepoint "ParallelGCFailedAllocation", Time since last: 1208162524 ns, Reaching safepoint: 79800 ns, Cleanup: 3900 ns, At safepoint: 4224100 ns, Total: 4307800 ns
[315.353s][info ][safepoint      ] Safepoint "Cleanup", Time since last: 2311576744 ns, Reaching safepoint: 5800 ns, Cleanup: 48800 ns, At safepoint: 4300 ns, Total: 58900 ns
[316.354s][info ][safepoint      ] Safepoint "Cleanup", Time since last: 1000111219 ns, Reaching safepoint: 9400 ns, Cleanup: 45600 ns, At safepoint: 3100 ns, Total: 58100 ns
[317.354s][info ][safepoint      ] Safepoint "Cleanup", Time since last: 1000129519 ns, Reaching safepoint: 9600 ns, Cleanup: 16800 ns, At safepoint: 3000 ns, Total: 29400 ns
[320.354s][info ][safepoint      ] Safepoint "Cleanup", Time since last: 3000258014 ns, Reaching safepoint: 8300 ns, Cleanup: 13600 ns, At safepoint: 2500 ns, Total: 24400 ns
[321.354s][info ][safepoint      ] Safepoint "Cleanup", Time since last: 1000115086 ns, Reaching safepoint: 8900 ns, Cleanup: 29200 ns, At safepoint: 5700 ns, Total: 43800 ns
[322.354s][info ][safepoint      ] Safepoint "Cleanup", Time since last: 1000126986 ns, Reaching safepoint: 9100 ns, Cleanup: 16300 ns, At safepoint: 2600 ns, Total: 28000 ns
[323.354s][info ][safepoint      ] Safepoint "Cleanup", Time since last: 1000111286 ns, Reaching safepoint: 9900 ns, Cleanup: 38400 ns, At safepoint: 2000 ns, Total: 50300 ns
[324.355s][info ][safepoint      ] Safepoint "Cleanup", Time since last: 1000129885 ns, Reaching safepoint: 9200 ns, Cleanup: 14000 ns, At safepoint: 3200 ns, Total: 26400 ns
[325.355s][info ][safepoint      ] Safepoint "Cleanup", Time since last: 1000119986 ns, Reaching safepoint: 7200 ns, Cleanup: 10400 ns, At safepoint: 1600 ns, Total: 19200 ns
[326.355s][info ][safepoint      ] Safepoint "Cleanup", Time since last: 1000119186 ns, Reaching safepoint: 8900 ns, Cleanup: 14300 ns, At safepoint: 2900 ns, Total: 26100 ns
[329.355s][info ][safepoint      ] Safepoint "Cleanup", Time since last: 3000263777 ns, Reaching safepoint: 7900 ns, Cleanup: 13500 ns, At safepoint: 1600 ns, Total: 23000 ns
[330.355s][info ][safepoint      ] Safepoint "Cleanup", Time since last: 1000123495 ns, Reaching safepoint: 8900 ns, Cleanup: 13700 ns, At safepoint: 2900 ns, Total: 25500 ns
[331.355s][info ][safepoint      ] Safepoint "Cleanup", Time since last: 1000119894 ns, Reaching safepoint: 7300 ns, Cleanup: 11100 ns, At safepoint: 2100 ns, Total: 20500 ns
[334.356s][info ][safepoint      ] Safepoint "Cleanup", Time since last: 3000264283 ns, Reaching safepoint: 8800 ns, Cleanup: 15900 ns, At safepoint: 2700 ns, Total: 27400 ns
[337.356s][info ][safepoint      ] Safepoint "Cleanup", Time since last: 3000248423 ns, Reaching safepoint: 7600 ns, Cleanup: 9700 ns, At safepoint: 2000 ns, Total: 19300 ns
[338.356s][info ][safepoint      ] Safepoint "Cleanup", Time since last: 1000139869 ns, Reaching safepoint: 8500 ns, Cleanup: 12100 ns, At safepoint: 2700 ns, Total: 23300 ns
[339.356s][info ][safepoint      ] Safepoint "Cleanup", Time since last: 1000117768 ns, Reaching safepoint: 74500 ns, Cleanup: 13200 ns, At safepoint: 4100 ns, Total: 91800 ns
[340.357s][info ][safepoint      ] Safepoint "Cleanup", Time since last: 1000123468 ns, Reaching safepoint: 9300 ns, Cleanup: 11500 ns, At safepoint: 5600 ns, Total: 26400 ns
[341.357s][info ][safepoint      ] Safepoint "Cleanup", Time since last: 1000126169 ns, Reaching safepoint: 9100 ns, Cleanup: 12200 ns, At safepoint: 3100 ns, Total: 24400 ns
[343.357s][info ][safepoint      ] Safepoint "Cleanup", Time since last: 2000173141 ns, Reaching safepoint: 8300 ns, Cleanup: 13100 ns, At safepoint: 2400 ns, Total: 23800 ns
[344.357s][info ][safepoint      ] Safepoint "Cleanup", Time since last: 1000119981 ns, Reaching safepoint: 9800 ns, Cleanup: 19600 ns, At safepoint: 3000 ns, Total: 32400 ns
[345.357s][info ][safepoint      ] Safepoint "Cleanup", Time since last: 1000146181 ns, Reaching safepoint: 7900 ns, Cleanup: 20800 ns, At safepoint: 1900 ns, Total: 30600 ns
[346.357s][info ][safepoint      ] Safepoint "Cleanup", Time since last: 1000111182 ns, Reaching safepoint: 8300 ns, Cleanup: 15700 ns, At safepoint: 2200 ns, Total: 26200 ns
[349.358s][info ][safepoint      ] Safepoint "Cleanup", Time since last: 3000288344 ns, Reaching safepoint: 8400 ns, Cleanup: 11600 ns, At safepoint: 2200 ns, Total: 22200 ns
[350.358s][info ][safepoint      ] Safepoint "Cleanup", Time since last: 1000131981 ns, Reaching safepoint: 9900 ns, Cleanup: 13300 ns, At safepoint: 3100 ns, Total: 26300 ns
[353.344s][info ][gc,start       ] GC(18) Pause Young (Allocation Failure)
[353.347s][debug][gc,phases      ] GC(18) Scavenge 2.979ms
[353.347s][debug][gc,ref         ] GC(18) ReferenceProcessor::execute queues: 1, RefProcThreadModel::Single, marks_oops_alive: false
[353.347s][debug][gc,ref         ] GC(18) Skipped KeepAliveFinalRefsPhase of Reference Processing: no references
[353.347s][debug][gc,ref         ] GC(18) ReferenceProcessor::execute queues: 1, RefProcThreadModel::Single, marks_oops_alive: false
[353.347s][debug][gc,phases      ] GC(18) Reference Processing 0.099ms
[353.348s][debug][gc,phases      ] GC(18)   VM Weak                        Min:  0.0, Avg:  0.0, Max:  0.0, Diff:  0.0, Sum:  0.0, Workers: 4
[353.348s][debug][gc,phases      ] GC(18)     Dead                           Min: 0, Avg:  0.0, Max: 0, Diff: 0, Sum: 0, Workers: 4
[353.348s][debug][gc,phases      ] GC(18)     Total                          Min: 0, Avg: 228.0, Max: 528, Diff: 528, Sum: 912, Workers: 4
[353.348s][debug][gc,phases      ] GC(18)   ObjectSynchronizer Weak        Min:  0.0, Avg:  0.0, Max:  0.0, Diff:  0.0, Sum:  0.0, Workers: 4
[353.348s][debug][gc,phases      ] GC(18)     Dead                           Min: 0, Avg:  0.2, Max: 1, Diff: 1, Sum: 1, Workers: 4
[353.348s][debug][gc,phases      ] GC(18)     Total                          Min: 0, Avg:  1.2, Max: 5, Diff: 5, Sum: 5, Workers: 4
[353.348s][debug][gc,phases      ] GC(18)   JVMTI Tag Weak OopStorage      Min:  0.0, Avg:  0.0, Max:  0.0, Diff:  0.0, Sum:  0.0, Workers: 4
[353.348s][debug][gc,phases      ] GC(18)     Dead                           Min: 0, Avg:  0.0, Max: 0, Diff: 0, Sum: 0, Workers: 4
[353.348s][debug][gc,phases      ] GC(18)     Total                          Min: 0, Avg:  0.0, Max: 0, Diff: 0, Sum: 0, Workers: 4
[353.348s][debug][gc,phases      ] GC(18)   StringTable Weak               Min:  0.0, Avg:  0.1, Max:  0.2, Diff:  0.2, Sum:  0.4, Workers: 4
[353.348s][debug][gc,phases      ] GC(18)     Dead                           Min: 0, Avg:  0.5, Max: 2, Diff: 2, Sum: 2, Workers: 4
[353.348s][debug][gc,phases      ] GC(18)     Total                          Min: 0, Avg: 11205.5, Max: 21632, Diff: 21632, Sum: 44822, Workers: 4
[353.348s][debug][gc,phases      ] GC(18)   ResolvedMethodTable Weak       Min:  0.0, Avg:  0.0, Max:  0.0, Diff:  0.0, Sum:  0.1, Workers: 4
[353.348s][debug][gc,phases      ] GC(18)     Dead                           Min: 0, Avg:  2.0, Max: 4, Diff: 4, Sum: 8, Workers: 4
[353.348s][debug][gc,phases      ] GC(18)     Total                          Min: 0, Avg: 3016.2, Max: 4773, Diff: 4773, Sum: 12065, Workers: 4
[353.348s][debug][gc,phases      ] GC(18)   JNI Weak                       Min:  0.0, Avg:  0.0, Max:  0.0, Diff:  0.0, Sum:  0.0, Workers: 4
[353.348s][debug][gc,phases      ] GC(18)     Dead                           Min: 0, Avg:  0.0, Max: 0, Diff: 0, Sum: 0, Workers: 4
[353.348s][debug][gc,phases      ] GC(18)     Total                          Min: 0, Avg: 12.0, Max: 48, Diff: 48, Sum: 48, Workers: 4
[353.348s][debug][gc,phases      ] GC(18)   StringDedup Table Weak         Min:  0.0, Avg:  0.0, Max:  0.0, Diff:  0.0, Sum:  0.0, Workers: 4
[353.348s][debug][gc,phases      ] GC(18)     Dead                           Min: 0, Avg:  0.0, Max: 0, Diff: 0, Sum: 0, Workers: 4
[353.348s][debug][gc,phases      ] GC(18)     Total                          Min: 0, Avg:  0.0, Max: 0, Diff: 0, Sum: 0, Workers: 4
[353.348s][debug][gc,phases      ] GC(18)   StringDedup Requests0 Weak     Min:  0.0, Avg:  0.0, Max:  0.0, Diff:  0.0, Sum:  0.0, Workers: 4
[353.348s][debug][gc,phases      ] GC(18)     Dead                           Min: 0, Avg:  0.0, Max: 0, Diff: 0, Sum: 0, Workers: 4
[353.348s][debug][gc,phases      ] GC(18)     Total                          Min: 0, Avg:  0.0, Max: 0, Diff: 0, Sum: 0, Workers: 4
[353.348s][debug][gc,phases      ] GC(18)   StringDedup Requests1 Weak     Min:  0.0, Avg:  0.0, Max:  0.0, Diff:  0.0, Sum:  0.0, Workers: 4
[353.348s][debug][gc,phases      ] GC(18)     Dead                           Min: 0, Avg:  0.0, Max: 0, Diff: 0, Sum: 0, Workers: 4
[353.348s][debug][gc,phases      ] GC(18)     Total                          Min: 0, Avg:  0.0, Max: 0, Diff: 0, Sum: 0, Workers: 4
[353.348s][debug][gc,phases      ] GC(18)   Weak JFR Old Object Samples    Min:  0.0, Avg:  0.0, Max:  0.0, Diff:  0.0, Sum:  0.0, Workers: 4
[353.348s][debug][gc,phases      ] GC(18)     Dead                           Min: 0, Avg:  0.0, Max: 0, Diff: 0, Sum: 0, Workers: 4
[353.348s][debug][gc,phases      ] GC(18)     Total                          Min: 0, Avg:  0.0, Max: 0, Diff: 0, Sum: 0, Workers: 4
[353.348s][debug][gc,phases      ] GC(18) Weak Processing 0.375ms
[353.348s][debug][gc,age         ] GC(18) Desired survivor size 536870912 bytes, new threshold 1 (max threshold 15)
[353.348s][info ][gc,heap        ] GC(18) PSYoungGen: 1050736K(1572864K)->2144K(1572864K) Eden: 1048576K(1048576K)->0K(1048576K) From: 2160K(524288K)->2144K(524288K)
[353.348s][info ][gc,heap        ] GC(18) ParOldGen: 295978K(460288K)->296899K(460288K)
[353.348s][info ][gc,metaspace   ] GC(18) Metaspace: 87934K(89152K)->87934K(89152K) NonClass: 75303K(76032K)->75303K(76032K) Class: 12630K(13120K)->12630K(13120K)
[353.348s][info ][gc             ] GC(18) Pause Young (Allocation Failure) 1315M->292M(1985M) 3.562ms
[353.348s][info ][gc,cpu         ] GC(18) User=0.01s Sys=0.00s Real=0.00s
[353.348s][info ][safepoint      ] Safepoint "ParallelGCFailedAllocation", Time since last: 2986316538 ns, Reaching safepoint: 6600 ns, Cleanup: 3900 ns, At safepoint: 3628701 ns, Total: 3639201 ns
[355.348s][info ][safepoint      ] Safepoint "Cleanup", Time since last: 2000146545 ns, Reaching safepoint: 8700 ns, Cleanup: 19000 ns, At safepoint: 2700 ns, Total: 30400 ns
[356.348s][info ][safepoint      ] Safepoint "Cleanup", Time since last: 1000106822 ns, Reaching safepoint: 6700 ns, Cleanup: 20400 ns, At safepoint: 1800 ns, Total: 28900 ns
[357.348s][info ][safepoint      ] Safepoint "Cleanup", Time since last: 1000115123 ns, Reaching safepoint: 7400 ns, Cleanup: 11900 ns, At safepoint: 1900 ns, Total: 21200 ns
[358.348s][info ][safepoint      ] Safepoint "Cleanup", Time since last: 1000109622 ns, Reaching safepoint: 8600 ns, Cleanup: 11000 ns, At safepoint: 2500 ns, Total: 22100 ns
[360.349s][info ][safepoint      ] Safepoint "Cleanup", Time since last: 2000161308 ns, Reaching safepoint: 7800 ns, Cleanup: 11201 ns, At safepoint: 2700 ns, Total: 21701 ns
[361.844s][info ][safepoint      ] Safepoint "Cleanup", Time since last: 1495415629 ns, Reaching safepoint: 79401 ns, Cleanup: 29100 ns, At safepoint: 6200 ns, Total: 114701 ns
[364.844s][info ][safepoint      ] Safepoint "Cleanup", Time since last: 3000242824 ns, Reaching safepoint: 79200 ns, Cleanup: 11000 ns, At safepoint: 7300 ns, Total: 97500 ns
[365.845s][info ][safepoint      ] Safepoint "Cleanup", Time since last: 1000144227 ns, Reaching safepoint: 79400 ns, Cleanup: 16900 ns, At safepoint: 7800 ns, Total: 104100 ns
[366.845s][info ][safepoint      ] Safepoint "Cleanup", Time since last: 1000103488 ns, Reaching safepoint: 8000 ns, Cleanup: 13300 ns, At safepoint: 1900 ns, Total: 23200 ns
[367.845s][info ][safepoint      ] Safepoint "Cleanup", Time since last: 1000094726 ns, Reaching safepoint: 7100 ns, Cleanup: 18001 ns, At safepoint: 2300 ns, Total: 27401 ns
[368.845s][info ][safepoint      ] Safepoint "Cleanup", Time since last: 1000111889 ns, Reaching safepoint: 8500 ns, Cleanup: 14700 ns, At safepoint: 2300 ns, Total: 25500 ns
[370.845s][info ][safepoint      ] Safepoint "Cleanup", Time since last: 2000167425 ns, Reaching safepoint: 8200 ns, Cleanup: 12600 ns, At safepoint: 2100 ns, Total: 22900 ns
[371.845s][info ][safepoint      ] Safepoint "Cleanup", Time since last: 1000104093 ns, Reaching safepoint: 8100 ns, Cleanup: 16700 ns, At safepoint: 2300 ns, Total: 27100 ns
[372.846s][info ][safepoint      ] Safepoint "Cleanup", Time since last: 1000120393 ns, Reaching safepoint: 7300 ns, Cleanup: 9800 ns, At safepoint: 2000 ns, Total: 19100 ns
[374.846s][info ][safepoint      ] Safepoint "Cleanup", Time since last: 2000171887 ns, Reaching safepoint: 7500 ns, Cleanup: 9100 ns, At safepoint: 1900 ns, Total: 18500 ns
[375.846s][info ][safepoint      ] Safepoint "Cleanup", Time since last: 1000113078 ns, Reaching safepoint: 6800 ns, Cleanup: 9701 ns, At safepoint: 2100 ns, Total: 18601 ns
[376.846s][info ][safepoint      ] Safepoint "Cleanup", Time since last: 1000116611 ns, Reaching safepoint: 7500 ns, Cleanup: 11300 ns, At safepoint: 2200 ns, Total: 21000 ns
[377.846s][info ][safepoint      ] Safepoint "Cleanup", Time since last: 1000114954 ns, Reaching safepoint: 8200 ns, Cleanup: 14200 ns, At safepoint: 2500 ns, Total: 24900 ns
[378.846s][info ][safepoint      ] Safepoint "Cleanup", Time since last: 1000128755 ns, Reaching safepoint: 7700 ns, Cleanup: 12800 ns, At safepoint: 2500 ns, Total: 23000 ns
[379.846s][info ][safepoint      ] Safepoint "Cleanup", Time since last: 1000106755 ns, Reaching safepoint: 6900 ns, Cleanup: 10300 ns, At safepoint: 1900 ns, Total: 19100 ns
[381.847s][info ][safepoint      ] Safepoint "Cleanup", Time since last: 2000182609 ns, Reaching safepoint: 8300 ns, Cleanup: 13700 ns, At safepoint: 2200 ns, Total: 24200 ns
[382.847s][info ][safepoint      ] Safepoint "Cleanup", Time since last: 1000070555 ns, Reaching safepoint: 7400 ns, Cleanup: 14600 ns, At safepoint: 6900 ns, Total: 28900 ns
[383.847s][info ][safepoint      ] Safepoint "Cleanup", Time since last: 1000130605 ns, Reaching safepoint: 86903 ns, Cleanup: 12600 ns, At safepoint: 7501 ns, Total: 107004 ns
[384.847s][info ][safepoint      ] Safepoint "Cleanup", Time since last: 1000121632 ns, Reaching safepoint: 8400 ns, Cleanup: 11900 ns, At safepoint: 2700 ns, Total: 23000 ns
[385.847s][info ][safepoint      ] Safepoint "Cleanup", Time since last: 1000114003 ns, Reaching safepoint: 7700 ns, Cleanup: 16600 ns, At safepoint: 2200 ns, Total: 26500 ns
[386.847s][info ][safepoint      ] Safepoint "Cleanup", Time since last: 1000102902 ns, Reaching safepoint: 7301 ns, Cleanup: 10300 ns, At safepoint: 2400 ns, Total: 20001 ns
[389.787s][info ][gc,start       ] GC(19) Pause Young (Allocation Failure)
[389.791s][debug][gc,phases      ] GC(19) Scavenge 3.288ms
[389.791s][debug][gc,ref         ] GC(19) ReferenceProcessor::execute queues: 1, RefProcThreadModel::Single, marks_oops_alive: false
[389.791s][debug][gc,ref         ] GC(19) Skipped KeepAliveFinalRefsPhase of Reference Processing: no references
[389.791s][debug][gc,ref         ] GC(19) Skipped PhantomRefsPhase of Reference Processing: no references
[389.791s][debug][gc,phases      ] GC(19) Reference Processing 0.106ms
[389.791s][debug][gc,phases      ] GC(19)   VM Weak                        Min:  0.0, Avg:  0.0, Max:  0.0, Diff:  0.0, Sum:  0.0, Workers: 4
[389.791s][debug][gc,phases      ] GC(19)     Dead                           Min: 0, Avg:  0.0, Max: 0, Diff: 0, Sum: 0, Workers: 4
[389.791s][debug][gc,phases      ] GC(19)     Total                          Min: 0, Avg: 228.0, Max: 912, Diff: 912, Sum: 912, Workers: 4
[389.791s][debug][gc,phases      ] GC(19)   ObjectSynchronizer Weak        Min:  0.0, Avg:  0.0, Max:  0.0, Diff:  0.0, Sum:  0.0, Workers: 4
[389.791s][debug][gc,phases      ] GC(19)     Dead                           Min: 0, Avg:  0.0, Max: 0, Diff: 0, Sum: 0, Workers: 4
[389.791s][debug][gc,phases      ] GC(19)     Total                          Min: 0, Avg:  1.0, Max: 4, Diff: 4, Sum: 4, Workers: 4
[389.791s][debug][gc,phases      ] GC(19)   JVMTI Tag Weak OopStorage      Min:  0.0, Avg:  0.0, Max:  0.0, Diff:  0.0, Sum:  0.0, Workers: 4
[389.791s][debug][gc,phases      ] GC(19)     Dead                           Min: 0, Avg:  0.0, Max: 0, Diff: 0, Sum: 0, Workers: 4
[389.791s][debug][gc,phases      ] GC(19)     Total                          Min: 0, Avg:  0.0, Max: 0, Diff: 0, Sum: 0, Workers: 4
[389.791s][debug][gc,phases      ] GC(19)   StringTable Weak               Min:  0.0, Avg:  0.1, Max:  0.1, Diff:  0.1, Sum:  0.4, Workers: 4
[389.791s][debug][gc,phases      ] GC(19)     Dead                           Min: 0, Avg:  0.0, Max: 0, Diff: 0, Sum: 0, Workers: 4
[389.791s][debug][gc,phases      ] GC(19)     Total                          Min: 0, Avg: 11209.8, Max: 17728, Diff: 17728, Sum: 44839, Workers: 4
[389.791s][debug][gc,phases      ] GC(19)   ResolvedMethodTable Weak       Min:  0.0, Avg:  0.0, Max:  0.0, Diff:  0.0, Sum:  0.1, Workers: 4
[389.791s][debug][gc,phases      ] GC(19)     Dead                           Min: 0, Avg:  0.0, Max: 0, Diff: 0, Sum: 0, Workers: 4
[389.791s][debug][gc,phases      ] GC(19)     Total                          Min: 0, Avg: 3016.2, Max: 5026, Diff: 5026, Sum: 12065, Workers: 4
[389.791s][debug][gc,phases      ] GC(19)   JNI Weak                       Min:  0.0, Avg:  0.0, Max:  0.0, Diff:  0.0, Sum:  0.0, Workers: 4
[389.791s][debug][gc,phases      ] GC(19)     Dead                           Min: 0, Avg:  0.0, Max: 0, Diff: 0, Sum: 0, Workers: 4
[389.791s][debug][gc,phases      ] GC(19)     Total                          Min: 0, Avg: 12.0, Max: 48, Diff: 48, Sum: 48, Workers: 4
[389.791s][debug][gc,phases      ] GC(19)   StringDedup Table Weak         Min:  0.0, Avg:  0.0, Max:  0.0, Diff:  0.0, Sum:  0.0, Workers: 4
[389.791s][debug][gc,phases      ] GC(19)     Dead                           Min: 0, Avg:  0.0, Max: 0, Diff: 0, Sum: 0, Workers: 4
[389.791s][debug][gc,phases      ] GC(19)     Total                          Min: 0, Avg:  0.0, Max: 0, Diff: 0, Sum: 0, Workers: 4
[389.791s][debug][gc,phases      ] GC(19)   StringDedup Requests0 Weak     Min:  0.0, Avg:  0.0, Max:  0.0, Diff:  0.0, Sum:  0.0, Workers: 4
[389.791s][debug][gc,phases      ] GC(19)     Dead                           Min: 0, Avg:  0.0, Max: 0, Diff: 0, Sum: 0, Workers: 4
[389.791s][debug][gc,phases      ] GC(19)     Total                          Min: 0, Avg:  0.0, Max: 0, Diff: 0, Sum: 0, Workers: 4
[389.791s][debug][gc,phases      ] GC(19)   StringDedup Requests1 Weak     Min:  0.0, Avg:  0.0, Max:  0.0, Diff:  0.0, Sum:  0.0, Workers: 4
[389.791s][debug][gc,phases      ] GC(19)     Dead                           Min: 0, Avg:  0.0, Max: 0, Diff: 0, Sum: 0, Workers: 4
[389.791s][debug][gc,phases      ] GC(19)     Total                          Min: 0, Avg:  0.0, Max: 0, Diff: 0, Sum: 0, Workers: 4
[389.791s][debug][gc,phases      ] GC(19)   Weak JFR Old Object Samples    Min:  0.0, Avg:  0.0, Max:  0.0, Diff:  0.0, Sum:  0.0, Workers: 4
[389.791s][debug][gc,phases      ] GC(19)     Dead                           Min: 0, Avg:  0.0, Max: 0, Diff: 0, Sum: 0, Workers: 4
[389.791s][debug][gc,phases      ] GC(19)     Total                          Min: 0, Avg:  0.0, Max: 0, Diff: 0, Sum: 0, Workers: 4
[389.791s][debug][gc,phases      ] GC(19) Weak Processing 0.365ms
[389.791s][debug][gc,age         ] GC(19) Desired survivor size 536870912 bytes, new threshold 1 (max threshold 15)
[389.791s][info ][gc,heap        ] GC(19) PSYoungGen: 1050720K(1572864K)->2864K(1572864K) Eden: 1048576K(1048576K)->0K(1048576K) From: 2144K(524288K)->2864K(524288K)
[389.791s][info ][gc,heap        ] GC(19) ParOldGen: 296899K(460288K)->297831K(460288K)
[389.791s][info ][gc,metaspace   ] GC(19) Metaspace: 87971K(89216K)->87971K(89216K) NonClass: 75341K(76096K)->75341K(76096K) Class: 12630K(13120K)->12630K(13120K)
[389.791s][info ][gc             ] GC(19) Pause Young (Allocation Failure) 1316M->293M(1985M) 3.863ms
[389.791s][info ][gc,cpu         ] GC(19) User=0.01s Sys=0.00s Real=0.00s
[389.791s][info ][safepoint      ] Safepoint "ParallelGCFailedAllocation", Time since last: 2939835384 ns, Reaching safepoint: 79300 ns, Cleanup: 12900 ns, At safepoint: 3930515 ns, Total: 4022715 ns
[390.791s][info ][safepoint      ] Safepoint "Cleanup", Time since last: 1000097402 ns, Reaching safepoint: 82601 ns, Cleanup: 25300 ns, At safepoint: 6500 ns, Total: 114401 ns
[391.792s][info ][safepoint      ] Safepoint "Cleanup", Time since last: 1000113763 ns, Reaching safepoint: 76900 ns, Cleanup: 11300 ns, At safepoint: 8000 ns, Total: 96200 ns
[393.792s][info ][safepoint      ] Safepoint "Cleanup", Time since last: 2000180086 ns, Reaching safepoint: 46601 ns, Cleanup: 10500 ns, At safepoint: 6000 ns, Total: 63101 ns
[394.792s][info ][safepoint      ] Safepoint "Cleanup", Time since last: 1000110693 ns, Reaching safepoint: 8200 ns, Cleanup: 8000 ns, At safepoint: 1900 ns, Total: 18100 ns
[396.792s][info ][safepoint      ] Safepoint "Cleanup", Time since last: 2000166379 ns, Reaching safepoint: 7700 ns, Cleanup: 7700 ns, At safepoint: 2200 ns, Total: 17600 ns
[400.793s][info ][safepoint      ] Safepoint "Cleanup", Time since last: 4000325672 ns, Reaching safepoint: 6700 ns, Cleanup: 10400 ns, At safepoint: 2200 ns, Total: 19300 ns
[401.793s][info ][safepoint      ] Safepoint "Cleanup", Time since last: 1000104051 ns, Reaching safepoint: 6800 ns, Cleanup: 11200 ns, At safepoint: 2200 ns, Total: 20200 ns
[402.793s][info ][safepoint      ] Safepoint "Cleanup", Time since last: 1000098251 ns, Reaching safepoint: 7700 ns, Cleanup: 9900 ns, At safepoint: 2100 ns, Total: 19700 ns
[406.793s][info ][safepoint      ] Safepoint "Cleanup", Time since last: 4000262601 ns, Reaching safepoint: 7000 ns, Cleanup: 13800 ns, At safepoint: 2900 ns, Total: 23700 ns
[413.794s][info ][safepoint      ] Safepoint "Cleanup", Time since last: 7000554730 ns, Reaching safepoint: 6600 ns, Cleanup: 19501 ns, At safepoint: 2300 ns, Total: 28401 ns
[414.794s][info ][safepoint      ] Safepoint "Cleanup", Time since last: 1000116190 ns, Reaching safepoint: 7000 ns, Cleanup: 9800 ns, At safepoint: 2200 ns, Total: 19000 ns
[416.794s][info ][safepoint      ] Safepoint "Cleanup", Time since last: 2000158807 ns, Reaching safepoint: 6500 ns, Cleanup: 9001 ns, At safepoint: 2200 ns, Total: 17701 ns
[424.860s][info ][safepoint      ] Safepoint "Cleanup", Time since last: 8065873940 ns, Reaching safepoint: 6900 ns, Cleanup: 10300 ns, At safepoint: 2000 ns, Total: 19200 ns
[427.860s][info ][safepoint      ] Safepoint "Cleanup", Time since last: 3000191303 ns, Reaching safepoint: 7100 ns, Cleanup: 14000 ns, At safepoint: 2200 ns, Total: 23300 ns
[428.860s][info ][safepoint      ] Safepoint "Cleanup", Time since last: 1000142868 ns, Reaching safepoint: 6900 ns, Cleanup: 8800 ns, At safepoint: 1900 ns, Total: 17600 ns
[429.860s][info ][safepoint      ] Safepoint "Cleanup", Time since last: 1000100824 ns, Reaching safepoint: 6400 ns, Cleanup: 10800 ns, At safepoint: 2000 ns, Total: 19200 ns
[430.539s][info ][gc,start       ] GC(20) Pause Young (Allocation Failure)
[430.542s][debug][gc,phases      ] GC(20) Scavenge 3.580ms
[430.542s][debug][gc,ref         ] GC(20) ReferenceProcessor::execute queues: 1, RefProcThreadModel::Single, marks_oops_alive: false
[430.542s][debug][gc,ref         ] GC(20) Skipped KeepAliveFinalRefsPhase of Reference Processing: no references
[430.542s][debug][gc,ref         ] GC(20) ReferenceProcessor::execute queues: 1, RefProcThreadModel::Single, marks_oops_alive: false
[430.542s][debug][gc,phases      ] GC(20) Reference Processing 0.091ms
[430.543s][debug][gc,phases      ] GC(20)   VM Weak                        Min:  0.0, Avg:  0.0, Max:  0.0, Diff:  0.0, Sum:  0.0, Workers: 4
[430.543s][debug][gc,phases      ] GC(20)     Dead                           Min: 0, Avg:  0.0, Max: 0, Diff: 0, Sum: 0, Workers: 4
[430.543s][debug][gc,phases      ] GC(20)     Total                          Min: 0, Avg: 228.0, Max: 512, Diff: 512, Sum: 912, Workers: 4
[430.543s][debug][gc,phases      ] GC(20)   ObjectSynchronizer Weak        Min:  0.0, Avg:  0.0, Max:  0.0, Diff:  0.0, Sum:  0.0, Workers: 4
[430.543s][debug][gc,phases      ] GC(20)     Dead                           Min: 0, Avg:  0.0, Max: 0, Diff: 0, Sum: 0, Workers: 4
[430.543s][debug][gc,phases      ] GC(20)     Total                          Min: 0, Avg:  0.8, Max: 3, Diff: 3, Sum: 3, Workers: 4
[430.543s][debug][gc,phases      ] GC(20)   JVMTI Tag Weak OopStorage      Min:  0.0, Avg:  0.0, Max:  0.0, Diff:  0.0, Sum:  0.0, Workers: 4
[430.543s][debug][gc,phases      ] GC(20)     Dead                           Min: 0, Avg:  0.0, Max: 0, Diff: 0, Sum: 0, Workers: 4
[430.543s][debug][gc,phases      ] GC(20)     Total                          Min: 0, Avg:  0.0, Max: 0, Diff: 0, Sum: 0, Workers: 4
[430.543s][debug][gc,phases      ] GC(20)   StringTable Weak               Min:  0.0, Avg:  0.1, Max:  0.1, Diff:  0.1, Sum:  0.4, Workers: 4
[430.543s][debug][gc,phases      ] GC(20)     Dead                           Min: 0, Avg:  0.0, Max: 0, Diff: 0, Sum: 0, Workers: 4
[430.543s][debug][gc,phases      ] GC(20)     Total                          Min: 0, Avg: 11211.2, Max: 17325, Diff: 17325, Sum: 44845, Workers: 4
[430.543s][debug][gc,phases      ] GC(20)   ResolvedMethodTable Weak       Min:  0.0, Avg:  0.0, Max:  0.0, Diff:  0.0, Sum:  0.1, Workers: 4
[430.543s][debug][gc,phases      ] GC(20)     Dead                           Min: 0, Avg:  0.0, Max: 0, Diff: 0, Sum: 0, Workers: 4
[430.543s][debug][gc,phases      ] GC(20)     Total                          Min: 0, Avg: 3016.8, Max: 5031, Diff: 5031, Sum: 12067, Workers: 4
[430.543s][debug][gc,phases      ] GC(20)   JNI Weak                       Min:  0.0, Avg:  0.0, Max:  0.0, Diff:  0.0, Sum:  0.0, Workers: 4
[430.543s][debug][gc,phases      ] GC(20)     Dead                           Min: 0, Avg:  0.0, Max: 0, Diff: 0, Sum: 0, Workers: 4
[430.543s][debug][gc,phases      ] GC(20)     Total                          Min: 0, Avg: 12.0, Max: 48, Diff: 48, Sum: 48, Workers: 4
[430.543s][debug][gc,phases      ] GC(20)   StringDedup Table Weak         Min:  0.0, Avg:  0.0, Max:  0.0, Diff:  0.0, Sum:  0.0, Workers: 4
[430.543s][debug][gc,phases      ] GC(20)     Dead                           Min: 0, Avg:  0.0, Max: 0, Diff: 0, Sum: 0, Workers: 4
[430.543s][debug][gc,phases      ] GC(20)     Total                          Min: 0, Avg:  0.0, Max: 0, Diff: 0, Sum: 0, Workers: 4
[430.543s][debug][gc,phases      ] GC(20)   StringDedup Requests0 Weak     Min:  0.0, Avg:  0.0, Max:  0.0, Diff:  0.0, Sum:  0.0, Workers: 4
[430.543s][debug][gc,phases      ] GC(20)     Dead                           Min: 0, Avg:  0.0, Max: 0, Diff: 0, Sum: 0, Workers: 4
[430.543s][debug][gc,phases      ] GC(20)     Total                          Min: 0, Avg:  0.0, Max: 0, Diff: 0, Sum: 0, Workers: 4
[430.543s][debug][gc,phases      ] GC(20)   StringDedup Requests1 Weak     Min:  0.0, Avg:  0.0, Max:  0.0, Diff:  0.0, Sum:  0.0, Workers: 4
[430.543s][debug][gc,phases      ] GC(20)     Dead                           Min: 0, Avg:  0.0, Max: 0, Diff: 0, Sum: 0, Workers: 4
[430.543s][debug][gc,phases      ] GC(20)     Total                          Min: 0, Avg:  0.0, Max: 0, Diff: 0, Sum: 0, Workers: 4
[430.543s][debug][gc,phases      ] GC(20)   Weak JFR Old Object Samples    Min:  0.0, Avg:  0.0, Max:  0.0, Diff:  0.0, Sum:  0.0, Workers: 4
[430.543s][debug][gc,phases      ] GC(20)     Dead                           Min: 0, Avg:  0.0, Max: 0, Diff: 0, Sum: 0, Workers: 4
[430.543s][debug][gc,phases      ] GC(20)     Total                          Min: 0, Avg:  0.0, Max: 0, Diff: 0, Sum: 0, Workers: 4
[430.543s][debug][gc,phases      ] GC(20) Weak Processing 0.353ms
[430.543s][debug][gc,age         ] GC(20) Desired survivor size 536870912 bytes, new threshold 1 (max threshold 15)
[430.543s][info ][gc,heap        ] GC(20) PSYoungGen: 1051440K(1572864K)->1696K(1572864K) Eden: 1048576K(1048576K)->0K(1048576K) From: 2864K(524288K)->1696K(524288K)
[430.543s][info ][gc,heap        ] GC(20) ParOldGen: 297831K(460288K)->299444K(460288K)
[430.543s][info ][gc,metaspace   ] GC(20) Metaspace: 88013K(89216K)->88013K(89216K) NonClass: 75382K(76096K)->75382K(76096K) Class: 12631K(13120K)->12631K(13120K)
[430.543s][info ][gc             ] GC(20) Pause Young (Allocation Failure) 1317M->294M(1985M) 4.116ms
[430.543s][info ][gc,cpu         ] GC(20) User=0.01s Sys=0.00s Real=0.00s
[430.543s][info ][safepoint      ] Safepoint "ParallelGCFailedAllocation", Time since last: 678200696 ns, Reaching safepoint: 5500 ns, Cleanup: 2700 ns, At safepoint: 4183415 ns, Total: 4191615 ns
[433.543s][info ][safepoint      ] Safepoint "Cleanup", Time since last: 3000183327 ns, Reaching safepoint: 75600 ns, Cleanup: 11600 ns, At safepoint: 5300 ns, Total: 92500 ns
[435.543s][info ][safepoint      ] Safepoint "Cleanup", Time since last: 2000186167 ns, Reaching safepoint: 6900 ns, Cleanup: 9400 ns, At safepoint: 1500 ns, Total: 17800 ns
[439.544s][info ][safepoint      ] Safepoint "Cleanup", Time since last: 4000274501 ns, Reaching safepoint: 79101 ns, Cleanup: 9800 ns, At safepoint: 6200 ns, Total: 95101 ns
[445.544s][info ][safepoint      ] Safepoint "Cleanup", Time since last: 6000445132 ns, Reaching safepoint: 7200 ns, Cleanup: 7800 ns, At safepoint: 2100 ns, Total: 17100 ns
[449.544s][info ][safepoint      ] Safepoint "Cleanup", Time since last: 4000307759 ns, Reaching safepoint: 6400 ns, Cleanup: 9500 ns, At safepoint: 2100 ns, Total: 18000 ns
[451.545s][info ][safepoint      ] Safepoint "Cleanup", Time since last: 2000162874 ns, Reaching safepoint: 7700 ns, Cleanup: 10101 ns, At safepoint: 2100 ns, Total: 19901 ns
[454.545s][info ][safepoint      ] Safepoint "Cleanup", Time since last: 3000245961 ns, Reaching safepoint: 6800 ns, Cleanup: 11700 ns, At safepoint: 1600 ns, Total: 20100 ns
[458.545s][info ][safepoint      ] Safepoint "Cleanup", Time since last: 4000309696 ns, Reaching safepoint: 7000 ns, Cleanup: 11900 ns, At safepoint: 37400 ns, Total: 56300 ns
[463.546s][info ][safepoint      ] Safepoint "Cleanup", Time since last: 5000358339 ns, Reaching safepoint: 7000 ns, Cleanup: 11900 ns, At safepoint: 2300 ns, Total: 21200 ns
[471.436s][info ][gc,start       ] GC(21) Pause Young (Allocation Failure)
[471.438s][debug][gc,phases      ] GC(21) Scavenge 2.036ms
[471.438s][debug][gc,ref         ] GC(21) ReferenceProcessor::execute queues: 1, RefProcThreadModel::Single, marks_oops_alive: false
[471.438s][debug][gc,ref         ] GC(21) Skipped KeepAliveFinalRefsPhase of Reference Processing: no references
[471.438s][debug][gc,ref         ] GC(21) Skipped PhantomRefsPhase of Reference Processing: no references
[471.438s][debug][gc,phases      ] GC(21) Reference Processing 0.105ms
[471.438s][debug][gc,phases      ] GC(21)   VM Weak                        Min:  0.0, Avg:  0.0, Max:  0.0, Diff:  0.0, Sum:  0.0, Workers: 4
[471.438s][debug][gc,phases      ] GC(21)     Dead                           Min: 0, Avg:  0.0, Max: 0, Diff: 0, Sum: 0, Workers: 4
[471.438s][debug][gc,phases      ] GC(21)     Total                          Min: 0, Avg: 228.0, Max: 768, Diff: 768, Sum: 912, Workers: 4
[471.438s][debug][gc,phases      ] GC(21)   ObjectSynchronizer Weak        Min:  0.0, Avg:  0.0, Max:  0.0, Diff:  0.0, Sum:  0.0, Workers: 4
[471.438s][debug][gc,phases      ] GC(21)     Dead                           Min: 0, Avg:  0.0, Max: 0, Diff: 0, Sum: 0, Workers: 4
[471.438s][debug][gc,phases      ] GC(21)     Total                          Min: 0, Avg:  0.8, Max: 3, Diff: 3, Sum: 3, Workers: 4
[471.438s][debug][gc,phases      ] GC(21)   JVMTI Tag Weak OopStorage      Min:  0.0, Avg:  0.0, Max:  0.0, Diff:  0.0, Sum:  0.0, Workers: 4
[471.438s][debug][gc,phases      ] GC(21)     Dead                           Min: 0, Avg:  0.0, Max: 0, Diff: 0, Sum: 0, Workers: 4
[471.438s][debug][gc,phases      ] GC(21)     Total                          Min: 0, Avg:  0.0, Max: 0, Diff: 0, Sum: 0, Workers: 4
[471.438s][debug][gc,phases      ] GC(21)   StringTable Weak               Min:  0.0, Avg:  0.1, Max:  0.1, Diff:  0.1, Sum:  0.4, Workers: 4
[471.438s][debug][gc,phases      ] GC(21)     Dead                           Min: 0, Avg:  0.0, Max: 0, Diff: 0, Sum: 0, Workers: 4
[471.438s][debug][gc,phases      ] GC(21)     Total                          Min: 0, Avg: 11215.5, Max: 17150, Diff: 17150, Sum: 44862, Workers: 4
[471.438s][debug][gc,phases      ] GC(21)   ResolvedMethodTable Weak       Min:  0.0, Avg:  0.0, Max:  0.0, Diff:  0.0, Sum:  0.1, Workers: 4
[471.438s][debug][gc,phases      ] GC(21)     Dead                           Min: 0, Avg:  0.0, Max: 0, Diff: 0, Sum: 0, Workers: 4
[471.438s][debug][gc,phases      ] GC(21)     Total                          Min: 0, Avg: 3016.8, Max: 5028, Diff: 5028, Sum: 12067, Workers: 4
[471.438s][debug][gc,phases      ] GC(21)   JNI Weak                       Min:  0.0, Avg:  0.0, Max:  0.0, Diff:  0.0, Sum:  0.0, Workers: 4
[471.438s][debug][gc,phases      ] GC(21)     Dead                           Min: 0, Avg:  0.0, Max: 0, Diff: 0, Sum: 0, Workers: 4
[471.438s][debug][gc,phases      ] GC(21)     Total                          Min: 0, Avg: 12.0, Max: 48, Diff: 48, Sum: 48, Workers: 4
[471.438s][debug][gc,phases      ] GC(21)   StringDedup Table Weak         Min:  0.0, Avg:  0.0, Max:  0.0, Diff:  0.0, Sum:  0.0, Workers: 4
[471.438s][debug][gc,phases      ] GC(21)     Dead                           Min: 0, Avg:  0.0, Max: 0, Diff: 0, Sum: 0, Workers: 4
[471.438s][debug][gc,phases      ] GC(21)     Total                          Min: 0, Avg:  0.0, Max: 0, Diff: 0, Sum: 0, Workers: 4
[471.438s][debug][gc,phases      ] GC(21)   StringDedup Requests0 Weak     Min:  0.0, Avg:  0.0, Max:  0.0, Diff:  0.0, Sum:  0.0, Workers: 4
[471.438s][debug][gc,phases      ] GC(21)     Dead                           Min: 0, Avg:  0.0, Max: 0, Diff: 0, Sum: 0, Workers: 4
[471.438s][debug][gc,phases      ] GC(21)     Total                          Min: 0, Avg:  0.0, Max: 0, Diff: 0, Sum: 0, Workers: 4
[471.438s][debug][gc,phases      ] GC(21)   StringDedup Requests1 Weak     Min:  0.0, Avg:  0.0, Max:  0.0, Diff:  0.0, Sum:  0.0, Workers: 4
[471.438s][debug][gc,phases      ] GC(21)     Dead                           Min: 0, Avg:  0.0, Max: 0, Diff: 0, Sum: 0, Workers: 4
[471.438s][debug][gc,phases      ] GC(21)     Total                          Min: 0, Avg:  0.0, Max: 0, Diff: 0, Sum: 0, Workers: 4
[471.438s][debug][gc,phases      ] GC(21)   Weak JFR Old Object Samples    Min:  0.0, Avg:  0.0, Max:  0.0, Diff:  0.0, Sum:  0.0, Workers: 4
[471.438s][debug][gc,phases      ] GC(21)     Dead                           Min: 0, Avg:  0.0, Max: 0, Diff: 0, Sum: 0, Workers: 4
[471.438s][debug][gc,phases      ] GC(21)     Total                          Min: 0, Avg:  0.0, Max: 0, Diff: 0, Sum: 0, Workers: 4
[471.438s][debug][gc,phases      ] GC(21) Weak Processing 0.367ms
[471.438s][debug][gc,age         ] GC(21) Desired survivor size 536870912 bytes, new threshold 1 (max threshold 15)
[471.438s][info ][gc,heap        ] GC(21) PSYoungGen: 1050272K(1572864K)->1792K(1572864K) Eden: 1048576K(1048576K)->0K(1048576K) From: 1696K(524288K)->1792K(524288K)
[471.438s][info ][gc,heap        ] GC(21) ParOldGen: 299444K(460288K)->299956K(460288K)
[471.438s][info ][gc,metaspace   ] GC(21) Metaspace: 88027K(89216K)->88027K(89216K) NonClass: 75396K(76096K)->75396K(76096K) Class: 12631K(13120K)->12631K(13120K)
[471.438s][info ][gc             ] GC(21) Pause Young (Allocation Failure) 1318M->294M(1985M) 2.621ms
[471.438s][info ][gc,cpu         ] GC(21) User=0.01s Sys=0.00s Real=0.00s
[471.438s][info ][safepoint      ] Safepoint "ParallelGCFailedAllocation", Time since last: 7890027780 ns, Reaching safepoint: 6700 ns, Cleanup: 3800 ns, At safepoint: 2685505 ns, Total: 2696005 ns
[473.439s][info ][safepoint      ] Safepoint "Cleanup", Time since last: 2000168887 ns, Reaching safepoint: 74800 ns, Cleanup: 9100 ns, At safepoint: 4900 ns, Total: 88800 ns
[474.439s][info ][safepoint      ] Safepoint "Cleanup", Time since last: 1000113993 ns, Reaching safepoint: 76001 ns, Cleanup: 11500 ns, At safepoint: 5600 ns, Total: 93101 ns
[475.439s][info ][safepoint      ] Safepoint "Cleanup", Time since last: 1000107693 ns, Reaching safepoint: 75200 ns, Cleanup: 11400 ns, At safepoint: 5100 ns, Total: 91700 ns
[478.439s][info ][safepoint      ] Safepoint "Cleanup", Time since last: 3000262344 ns, Reaching safepoint: 75200 ns, Cleanup: 14000 ns, At safepoint: 4900 ns, Total: 94100 ns
[479.440s][info ][safepoint      ] Safepoint "Cleanup", Time since last: 1000123347 ns, Reaching safepoint: 77400 ns, Cleanup: 10700 ns, At safepoint: 4700 ns, Total: 92800 ns
[487.440s][info ][safepoint      ] Safepoint "Cleanup", Time since last: 8000582494 ns, Reaching safepoint: 79300 ns, Cleanup: 10200 ns, At safepoint: 5400 ns, Total: 94900 ns
[499.441s][info ][safepoint      ] Safepoint "Cleanup", Time since last: 12000868362 ns, Reaching safepoint: 75900 ns, Cleanup: 8700 ns, At safepoint: 5800 ns, Total: 90400 ns
[512.442s][info ][safepoint      ] Safepoint "Cleanup", Time since last: 13000971475 ns, Reaching safepoint: 78100 ns, Cleanup: 16400 ns, At safepoint: 4800 ns, Total: 99300 ns
[512.579s][info ][gc,start       ] GC(22) Pause Young (Allocation Failure)
[512.584s][debug][gc,phases      ] GC(22) Scavenge 5.210ms
[512.584s][debug][gc,ref         ] GC(22) ReferenceProcessor::execute queues: 1, RefProcThreadModel::Single, marks_oops_alive: false
[512.584s][debug][gc,ref         ] GC(22) Skipped KeepAliveFinalRefsPhase of Reference Processing: no references
[512.584s][debug][gc,ref         ] GC(22) Skipped PhantomRefsPhase of Reference Processing: no references
[512.584s][debug][gc,phases      ] GC(22) Reference Processing 0.095ms
[512.584s][debug][gc,phases      ] GC(22)   VM Weak                        Min:  0.0, Avg:  0.0, Max:  0.0, Diff:  0.0, Sum:  0.0, Workers: 4
[512.584s][debug][gc,phases      ] GC(22)     Dead                           Min: 0, Avg:  0.0, Max: 0, Diff: 0, Sum: 0, Workers: 4
[512.584s][debug][gc,phases      ] GC(22)     Total                          Min: 0, Avg: 228.0, Max: 592, Diff: 592, Sum: 912, Workers: 4
[512.584s][debug][gc,phases      ] GC(22)   ObjectSynchronizer Weak        Min:  0.0, Avg:  0.0, Max:  0.0, Diff:  0.0, Sum:  0.0, Workers: 4
[512.584s][debug][gc,phases      ] GC(22)     Dead                           Min: 0, Avg:  0.0, Max: 0, Diff: 0, Sum: 0, Workers: 4
[512.584s][debug][gc,phases      ] GC(22)     Total                          Min: 0, Avg:  1.0, Max: 4, Diff: 4, Sum: 4, Workers: 4
[512.584s][debug][gc,phases      ] GC(22)   JVMTI Tag Weak OopStorage      Min:  0.0, Avg:  0.0, Max:  0.0, Diff:  0.0, Sum:  0.0, Workers: 4
[512.584s][debug][gc,phases      ] GC(22)     Dead                           Min: 0, Avg:  0.0, Max: 0, Diff: 0, Sum: 0, Workers: 4
[512.584s][debug][gc,phases      ] GC(22)     Total                          Min: 0, Avg:  0.0, Max: 0, Diff: 0, Sum: 0, Workers: 4
[512.584s][debug][gc,phases      ] GC(22)   StringTable Weak               Min:  0.0, Avg:  0.1, Max:  0.2, Diff:  0.2, Sum:  0.4, Workers: 4
[512.584s][debug][gc,phases      ] GC(22)     Dead                           Min: 0, Avg:  0.0, Max: 0, Diff: 0, Sum: 0, Workers: 4
[512.584s][debug][gc,phases      ] GC(22)     Total                          Min: 0, Avg: 11216.8, Max: 26371, Diff: 26371, Sum: 44867, Workers: 4
[512.584s][debug][gc,phases      ] GC(22)   ResolvedMethodTable Weak       Min:  0.0, Avg:  0.0, Max:  0.1, Diff:  0.1, Sum:  0.1, Workers: 4
[512.584s][debug][gc,phases      ] GC(22)     Dead                           Min: 0, Avg:  0.0, Max: 0, Diff: 0, Sum: 0, Workers: 4
[512.584s][debug][gc,phases      ] GC(22)     Total                          Min: 0, Avg: 3016.8, Max: 6717, Diff: 6717, Sum: 12067, Workers: 4
[512.584s][debug][gc,phases      ] GC(22)   JNI Weak                       Min:  0.0, Avg:  0.0, Max:  0.0, Diff:  0.0, Sum:  0.0, Workers: 4
[512.584s][debug][gc,phases      ] GC(22)     Dead                           Min: 0, Avg:  0.0, Max: 0, Diff: 0, Sum: 0, Workers: 4
[512.584s][debug][gc,phases      ] GC(22)     Total                          Min: 0, Avg: 12.0, Max: 48, Diff: 48, Sum: 48, Workers: 4
[512.584s][debug][gc,phases      ] GC(22)   StringDedup Table Weak         Min:  0.0, Avg:  0.0, Max:  0.0, Diff:  0.0, Sum:  0.0, Workers: 4
[512.584s][debug][gc,phases      ] GC(22)     Dead                           Min: 0, Avg:  0.0, Max: 0, Diff: 0, Sum: 0, Workers: 4
[512.584s][debug][gc,phases      ] GC(22)     Total                          Min: 0, Avg:  0.0, Max: 0, Diff: 0, Sum: 0, Workers: 4
[512.584s][debug][gc,phases      ] GC(22)   StringDedup Requests0 Weak     Min:  0.0, Avg:  0.0, Max:  0.0, Diff:  0.0, Sum:  0.0, Workers: 4
[512.584s][debug][gc,phases      ] GC(22)     Dead                           Min: 0, Avg:  0.0, Max: 0, Diff: 0, Sum: 0, Workers: 4
[512.584s][debug][gc,phases      ] GC(22)     Total                          Min: 0, Avg:  0.0, Max: 0, Diff: 0, Sum: 0, Workers: 4
[512.584s][debug][gc,phases      ] GC(22)   StringDedup Requests1 Weak     Min:  0.0, Avg:  0.0, Max:  0.0, Diff:  0.0, Sum:  0.0, Workers: 4
[512.584s][debug][gc,phases      ] GC(22)     Dead                           Min: 0, Avg:  0.0, Max: 0, Diff: 0, Sum: 0, Workers: 4
[512.584s][debug][gc,phases      ] GC(22)     Total                          Min: 0, Avg:  0.0, Max: 0, Diff: 0, Sum: 0, Workers: 4
[512.584s][debug][gc,phases      ] GC(22)   Weak JFR Old Object Samples    Min:  0.0, Avg:  0.0, Max:  0.0, Diff:  0.0, Sum:  0.0, Workers: 4
[512.584s][debug][gc,phases      ] GC(22)     Dead                           Min: 0, Avg:  0.0, Max: 0, Diff: 0, Sum: 0, Workers: 4
[512.584s][debug][gc,phases      ] GC(22)     Total                          Min: 0, Avg:  0.0, Max: 0, Diff: 0, Sum: 0, Workers: 4
[512.584s][debug][gc,phases      ] GC(22) Weak Processing 0.448ms
[512.584s][debug][gc,age         ] GC(22) Desired survivor size 536870912 bytes, new threshold 1 (max threshold 15)
[512.584s][info ][gc,heap        ] GC(22) PSYoungGen: 1050368K(1572864K)->1920K(1572864K) Eden: 1048576K(1048576K)->0K(1048576K) From: 1792K(524288K)->1920K(524288K)
[512.584s][info ][gc,heap        ] GC(22) ParOldGen: 299956K(460288K)->300608K(460288K)
[512.584s][info ][gc,metaspace   ] GC(22) Metaspace: 88039K(89216K)->88039K(89216K) NonClass: 75408K(76096K)->75408K(76096K) Class: 12631K(13120K)->12631K(13120K)
[512.584s][info ][gc             ] GC(22) Pause Young (Allocation Failure) 1318M->295M(1985M) 5.867ms
[512.584s][info ][gc,cpu         ] GC(22) User=0.01s Sys=0.00s Real=0.01s
[512.584s][info ][safepoint      ] Safepoint "ParallelGCFailedAllocation", Time since last: 136305313 ns, Reaching safepoint: 7100 ns, Cleanup: 3600 ns, At safepoint: 5930214 ns, Total: 5940914 ns
[515.585s][info ][safepoint      ] Safepoint "Cleanup", Time since last: 3000225788 ns, Reaching safepoint: 77400 ns, Cleanup: 8100 ns, At safepoint: 4500 ns, Total: 90000 ns
[516.585s][info ][safepoint      ] Safepoint "Cleanup", Time since last: 1000111696 ns, Reaching safepoint: 5000 ns, Cleanup: 24900 ns, At safepoint: 5600 ns, Total: 35500 ns
[517.585s][info ][safepoint      ] Safepoint "Cleanup", Time since last: 1000099196 ns, Reaching safepoint: 7600 ns, Cleanup: 67200 ns, At safepoint: 1700 ns, Total: 76500 ns
[518.585s][info ][safepoint      ] Safepoint "Cleanup", Time since last: 1000059996 ns, Reaching safepoint: 23400 ns, Cleanup: 13600 ns, At safepoint: 3900 ns, Total: 40900 ns
[519.585s][info ][safepoint      ] Safepoint "Cleanup", Time since last: 1000094635 ns, Reaching safepoint: 7500 ns, Cleanup: 20900 ns, At safepoint: 2300 ns, Total: 30700 ns
[520.586s][info ][safepoint      ] Safepoint "Cleanup", Time since last: 1000111337 ns, Reaching safepoint: 77000 ns, Cleanup: 24600 ns, At safepoint: 5400 ns, Total: 107000 ns
[521.586s][info ][safepoint      ] Safepoint "Cleanup", Time since last: 1000123936 ns, Reaching safepoint: 75800 ns, Cleanup: 17100 ns, At safepoint: 5701 ns, Total: 98601 ns
[522.586s][info ][safepoint      ] Safepoint "Cleanup", Time since last: 1000110136 ns, Reaching safepoint: 76400 ns, Cleanup: 16700 ns, At safepoint: 6200 ns, Total: 99300 ns
[523.586s][info ][safepoint      ] Safepoint "Cleanup", Time since last: 1000104037 ns, Reaching safepoint: 78000 ns, Cleanup: 6800 ns, At safepoint: 5100 ns, Total: 89900 ns
[524.586s][info ][safepoint      ] Safepoint "Cleanup", Time since last: 1000115836 ns, Reaching safepoint: 74601 ns, Cleanup: 12500 ns, At safepoint: 5300 ns, Total: 92401 ns
[527.587s][info ][safepoint      ] Safepoint "Cleanup", Time since last: 3000243066 ns, Reaching safepoint: 79300 ns, Cleanup: 23300 ns, At safepoint: 6500 ns, Total: 109100 ns
[529.587s][info ][safepoint      ] Safepoint "Cleanup", Time since last: 2000181160 ns, Reaching safepoint: 75500 ns, Cleanup: 13200 ns, At safepoint: 5400 ns, Total: 94100 ns
[535.588s][info ][safepoint      ] Safepoint "Cleanup", Time since last: 6000481746 ns, Reaching safepoint: 81500 ns, Cleanup: 11000 ns, At safepoint: 8300 ns, Total: 100800 ns
[536.588s][info ][safepoint      ] Safepoint "Cleanup", Time since last: 1000116210 ns, Reaching safepoint: 79500 ns, Cleanup: 16300 ns, At safepoint: 6300 ns, Total: 102100 ns
[538.588s][info ][safepoint      ] Safepoint "Cleanup", Time since last: 2000145719 ns, Reaching safepoint: 75500 ns, Cleanup: 8800 ns, At safepoint: 4900 ns, Total: 89200 ns
[539.588s][info ][safepoint      ] Safepoint "Cleanup", Time since last: 1000116709 ns, Reaching safepoint: 78201 ns, Cleanup: 12200 ns, At safepoint: 6500 ns, Total: 96901 ns
[540.589s][info ][safepoint      ] Safepoint "Cleanup", Time since last: 1000117009 ns, Reaching safepoint: 91400 ns, Cleanup: 46900 ns, At safepoint: 8100 ns, Total: 146400 ns
[541.889s][info ][safepoint      ] Safepoint "Cleanup", Time since last: 1300636454 ns, Reaching safepoint: 76100 ns, Cleanup: 44500 ns, At safepoint: 5000 ns, Total: 125600 ns
[545.890s][info ][safepoint      ] Safepoint "Cleanup", Time since last: 4000315905 ns, Reaching safepoint: 82300 ns, Cleanup: 10200 ns, At safepoint: 5800 ns, Total: 98300 ns
[548.890s][info ][safepoint      ] Safepoint "Cleanup", Time since last: 3000247820 ns, Reaching safepoint: 75600 ns, Cleanup: 8900 ns, At safepoint: 5500 ns, Total: 90000 ns
[549.890s][info ][safepoint      ] Safepoint "Cleanup", Time since last: 1000112659 ns, Reaching safepoint: 77800 ns, Cleanup: 11600 ns, At safepoint: 5100 ns, Total: 94500 ns
[550.187s][info ][gc,start       ] GC(23) Pause Young (Allocation Failure)
[550.190s][debug][gc,phases      ] GC(23) Scavenge 2.908ms
[550.190s][debug][gc,ref         ] GC(23) ReferenceProcessor::execute queues: 1, RefProcThreadModel::Single, marks_oops_alive: false
[550.190s][debug][gc,ref         ] GC(23) ReferenceProcessor::execute queues: 4, RefProcThreadModel::Multi, marks_oops_alive: true
[550.190s][debug][gc,ref         ] GC(23) ReferenceProcessor::execute queues: 1, RefProcThreadModel::Single, marks_oops_alive: false
[550.190s][debug][gc,phases      ] GC(23) Reference Processing 0.189ms
[550.191s][debug][gc,phases      ] GC(23)   VM Weak                        Min:  0.0, Avg:  0.0, Max:  0.0, Diff:  0.0, Sum:  0.0, Workers: 4
[550.191s][debug][gc,phases      ] GC(23)     Dead                           Min: 0, Avg:  0.0, Max: 0, Diff: 0, Sum: 0, Workers: 4
[550.191s][debug][gc,phases      ] GC(23)     Total                          Min: 0, Avg: 228.0, Max: 640, Diff: 640, Sum: 912, Workers: 4
[550.191s][debug][gc,phases      ] GC(23)   ObjectSynchronizer Weak        Min:  0.0, Avg:  0.0, Max:  0.0, Diff:  0.0, Sum:  0.0, Workers: 4
[550.191s][debug][gc,phases      ] GC(23)     Dead                           Min: 0, Avg:  0.0, Max: 0, Diff: 0, Sum: 0, Workers: 4
[550.191s][debug][gc,phases      ] GC(23)     Total                          Min: 0, Avg:  1.0, Max: 4, Diff: 4, Sum: 4, Workers: 4
[550.191s][debug][gc,phases      ] GC(23)   JVMTI Tag Weak OopStorage      Min:  0.0, Avg:  0.0, Max:  0.0, Diff:  0.0, Sum:  0.0, Workers: 4
[550.191s][debug][gc,phases      ] GC(23)     Dead                           Min: 0, Avg:  0.0, Max: 0, Diff: 0, Sum: 0, Workers: 4
[550.191s][debug][gc,phases      ] GC(23)     Total                          Min: 0, Avg:  0.0, Max: 0, Diff: 0, Sum: 0, Workers: 4
[550.191s][debug][gc,phases      ] GC(23)   StringTable Weak               Min:  0.0, Avg:  0.1, Max:  0.2, Diff:  0.2, Sum:  0.4, Workers: 4
[550.191s][debug][gc,phases      ] GC(23)     Dead                           Min: 0, Avg:  0.2, Max: 1, Diff: 1, Sum: 1, Workers: 4
[550.191s][debug][gc,phases      ] GC(23)     Total                          Min: 0, Avg: 11225.8, Max: 23488, Diff: 23488, Sum: 44903, Workers: 4
[550.191s][debug][gc,phases      ] GC(23)   ResolvedMethodTable Weak       Min:  0.0, Avg:  0.0, Max:  0.0, Diff:  0.0, Sum:  0.1, Workers: 4
[550.191s][debug][gc,phases      ] GC(23)     Dead                           Min: 0, Avg:  0.5, Max: 2, Diff: 2, Sum: 2, Workers: 4
[550.191s][debug][gc,phases      ] GC(23)     Total                          Min: 0, Avg: 3017.5, Max: 7207, Diff: 7207, Sum: 12070, Workers: 4
[550.191s][debug][gc,phases      ] GC(23)   JNI Weak                       Min:  0.0, Avg:  0.0, Max:  0.0, Diff:  0.0, Sum:  0.0, Workers: 4
[550.191s][debug][gc,phases      ] GC(23)     Dead                           Min: 0, Avg:  0.0, Max: 0, Diff: 0, Sum: 0, Workers: 4
[550.191s][debug][gc,phases      ] GC(23)     Total                          Min: 0, Avg: 12.0, Max: 48, Diff: 48, Sum: 48, Workers: 4
[550.191s][debug][gc,phases      ] GC(23)   StringDedup Table Weak         Min:  0.0, Avg:  0.0, Max:  0.0, Diff:  0.0, Sum:  0.0, Workers: 4
[550.191s][debug][gc,phases      ] GC(23)     Dead                           Min: 0, Avg:  0.0, Max: 0, Diff: 0, Sum: 0, Workers: 4
[550.191s][debug][gc,phases      ] GC(23)     Total                          Min: 0, Avg:  0.0, Max: 0, Diff: 0, Sum: 0, Workers: 4
[550.191s][debug][gc,phases      ] GC(23)   StringDedup Requests0 Weak     Min:  0.0, Avg:  0.0, Max:  0.0, Diff:  0.0, Sum:  0.0, Workers: 4
[550.191s][debug][gc,phases      ] GC(23)     Dead                           Min: 0, Avg:  0.0, Max: 0, Diff: 0, Sum: 0, Workers: 4
[550.191s][debug][gc,phases      ] GC(23)     Total                          Min: 0, Avg:  0.0, Max: 0, Diff: 0, Sum: 0, Workers: 4
[550.191s][debug][gc,phases      ] GC(23)   StringDedup Requests1 Weak     Min:  0.0, Avg:  0.0, Max:  0.0, Diff:  0.0, Sum:  0.0, Workers: 4
[550.191s][debug][gc,phases      ] GC(23)     Dead                           Min: 0, Avg:  0.0, Max: 0, Diff: 0, Sum: 0, Workers: 4
[550.191s][debug][gc,phases      ] GC(23)     Total                          Min: 0, Avg:  0.0, Max: 0, Diff: 0, Sum: 0, Workers: 4
[550.191s][debug][gc,phases      ] GC(23)   Weak JFR Old Object Samples    Min:  0.0, Avg:  0.0, Max:  0.0, Diff:  0.0, Sum:  0.0, Workers: 4
[550.191s][debug][gc,phases      ] GC(23)     Dead                           Min: 0, Avg:  0.0, Max: 0, Diff: 0, Sum: 0, Workers: 4
[550.191s][debug][gc,phases      ] GC(23)     Total                          Min: 0, Avg:  0.0, Max: 0, Diff: 0, Sum: 0, Workers: 4
[550.191s][debug][gc,phases      ] GC(23) Weak Processing 0.436ms
[550.191s][debug][gc,age         ] GC(23) Desired survivor size 536870912 bytes, new threshold 2 (max threshold 15)
[550.191s][info ][gc,heap        ] GC(23) PSYoungGen: 1050496K(1572864K)->2480K(1572864K) Eden: 1048576K(1048576K)->0K(1048576K) From: 1920K(524288K)->2480K(524288K)
[550.191s][info ][gc,heap        ] GC(23) ParOldGen: 300608K(460288K)->301436K(460288K)
[550.191s][info ][gc,metaspace   ] GC(23) Metaspace: 88170K(89344K)->88170K(89344K) NonClass: 75533K(76224K)->75533K(76224K) Class: 12637K(13120K)->12637K(13120K)
[550.191s][info ][gc             ] GC(23) Pause Young (Allocation Failure) 1319M->296M(1985M) 3.637ms
[550.191s][info ][gc,cpu         ] GC(23) User=0.01s Sys=0.00s Real=0.00s
[550.191s][info ][safepoint      ] Safepoint "ParallelGCFailedAllocation", Time since last: 296719081 ns, Reaching safepoint: 78200 ns, Cleanup: 3400 ns, At safepoint: 3712308 ns, Total: 3793908 ns
[551.191s][info ][safepoint      ] Safepoint "Cleanup", Time since last: 1000087058 ns, Reaching safepoint: 75001 ns, Cleanup: 8000 ns, At safepoint: 5500 ns, Total: 88501 ns
[556.191s][info ][safepoint      ] Safepoint "Cleanup", Time since last: 5000379384 ns, Reaching safepoint: 7200 ns, Cleanup: 8300 ns, At safepoint: 2000 ns, Total: 17500 ns
[557.192s][info ][safepoint      ] Safepoint "Cleanup", Time since last: 1000073135 ns, Reaching safepoint: 78000 ns, Cleanup: 9800 ns, At safepoint: 6000 ns, Total: 93800 ns
[558.192s][info ][safepoint      ] Safepoint "Cleanup", Time since last: 1000101735 ns, Reaching safepoint: 7200 ns, Cleanup: 11500 ns, At safepoint: 2600 ns, Total: 21300 ns
[564.192s][info ][safepoint      ] Safepoint "Cleanup", Time since last: 6000455686 ns, Reaching safepoint: 7300 ns, Cleanup: 8000 ns, At safepoint: 2500 ns, Total: 17800 ns
[565.192s][info ][safepoint      ] Safepoint "Cleanup", Time since last: 1000111488 ns, Reaching safepoint: 7200 ns, Cleanup: 13900 ns, At safepoint: 2700 ns, Total: 23800 ns
[566.192s][info ][safepoint      ] Safepoint "Cleanup", Time since last: 1000077304 ns, Reaching safepoint: 6500 ns, Cleanup: 9800 ns, At safepoint: 2500 ns, Total: 18800 ns
[567.192s][info ][safepoint      ] Safepoint "Cleanup", Time since last: 1000096904 ns, Reaching safepoint: 11700 ns, Cleanup: 11300 ns, At safepoint: 3300 ns, Total: 26300 ns
[568.193s][info ][safepoint      ] Safepoint "Cleanup", Time since last: 1000112158 ns, Reaching safepoint: 7700 ns, Cleanup: 12800 ns, At safepoint: 6000 ns, Total: 26500 ns
[573.193s][info ][safepoint      ] Safepoint "Cleanup", Time since last: 5000359780 ns, Reaching safepoint: 7700 ns, Cleanup: 9600 ns, At safepoint: 2100 ns, Total: 19400 ns
[575.193s][info ][safepoint      ] Safepoint "Cleanup", Time since last: 2000167912 ns, Reaching safepoint: 6700 ns, Cleanup: 20800 ns, At safepoint: 2300 ns, Total: 29800 ns
[581.194s][info ][safepoint      ] Safepoint "Cleanup", Time since last: 6000452689 ns, Reaching safepoint: 8200 ns, Cleanup: 14800 ns, At safepoint: 2500 ns, Total: 25500 ns
[585.194s][info ][safepoint      ] Safepoint "Cleanup", Time since last: 4000313743 ns, Reaching safepoint: 6500 ns, Cleanup: 9800 ns, At safepoint: 2300 ns, Total: 18600 ns
[586.194s][info ][safepoint      ] Safepoint "Cleanup", Time since last: 1000110649 ns, Reaching safepoint: 7100 ns, Cleanup: 13900 ns, At safepoint: 2600 ns, Total: 23600 ns
[587.194s][info ][safepoint      ] Safepoint "Cleanup", Time since last: 1000109549 ns, Reaching safepoint: 7000 ns, Cleanup: 10800 ns, At safepoint: 1800 ns, Total: 19600 ns
[588.194s][info ][safepoint      ] Safepoint "Cleanup", Time since last: 1000117849 ns, Reaching safepoint: 6300 ns, Cleanup: 11900 ns, At safepoint: 2100 ns, Total: 20300 ns
[589.195s][info ][safepoint      ] Safepoint "Cleanup", Time since last: 1000105949 ns, Reaching safepoint: 6100 ns, Cleanup: 10100 ns, At safepoint: 2300 ns, Total: 18500 ns
[590.195s][info ][safepoint      ] Safepoint "Cleanup", Time since last: 1000102049 ns, Reaching safepoint: 7200 ns, Cleanup: 23500 ns, At safepoint: 2700 ns, Total: 33400 ns
[591.195s][info ][safepoint      ] Safepoint "Cleanup", Time since last: 1000101649 ns, Reaching safepoint: 7400 ns, Cleanup: 24800 ns, At safepoint: 6900 ns, Total: 39100 ns
[592.083s][info ][gc,start       ] GC(24) Pause Young (Allocation Failure)
[592.085s][debug][gc,phases      ] GC(24) Scavenge 2.423ms
[592.085s][debug][gc,ref         ] GC(24) ReferenceProcessor::execute queues: 1, RefProcThreadModel::Single, marks_oops_alive: false
[592.085s][debug][gc,ref         ] GC(24) ReferenceProcessor::execute queues: 4, RefProcThreadModel::Multi, marks_oops_alive: true
[592.085s][debug][gc,ref         ] GC(24) ReferenceProcessor::execute queues: 1, RefProcThreadModel::Single, marks_oops_alive: false
[592.085s][debug][gc,phases      ] GC(24) Reference Processing 0.396ms
[592.086s][debug][gc,phases      ] GC(24)   VM Weak                        Min:  0.0, Avg:  0.0, Max:  0.0, Diff:  0.0, Sum:  0.0, Workers: 4
[592.086s][debug][gc,phases      ] GC(24)     Dead                           Min: 0, Avg:  0.0, Max: 0, Diff: 0, Sum: 0, Workers: 4
[592.086s][debug][gc,phases      ] GC(24)     Total                          Min: 0, Avg: 228.0, Max: 848, Diff: 848, Sum: 912, Workers: 4
[592.086s][debug][gc,phases      ] GC(24)   ObjectSynchronizer Weak        Min:  0.0, Avg:  0.0, Max:  0.0, Diff:  0.0, Sum:  0.0, Workers: 4
[592.086s][debug][gc,phases      ] GC(24)     Dead                           Min: 0, Avg:  0.0, Max: 0, Diff: 0, Sum: 0, Workers: 4
[592.086s][debug][gc,phases      ] GC(24)     Total                          Min: 0, Avg:  1.0, Max: 4, Diff: 4, Sum: 4, Workers: 4
[592.086s][debug][gc,phases      ] GC(24)   JVMTI Tag Weak OopStorage      Min:  0.0, Avg:  0.0, Max:  0.0, Diff:  0.0, Sum:  0.0, Workers: 4
[592.086s][debug][gc,phases      ] GC(24)     Dead                           Min: 0, Avg:  0.0, Max: 0, Diff: 0, Sum: 0, Workers: 4
[592.086s][debug][gc,phases      ] GC(24)     Total                          Min: 0, Avg:  0.0, Max: 0, Diff: 0, Sum: 0, Workers: 4
[592.086s][debug][gc,phases      ] GC(24)   StringTable Weak               Min:  0.0, Avg:  0.1, Max:  0.1, Diff:  0.1, Sum:  0.4, Workers: 4
[592.086s][debug][gc,phases      ] GC(24)     Dead                           Min: 0, Avg:  0.0, Max: 0, Diff: 0, Sum: 0, Workers: 4
[592.086s][debug][gc,phases      ] GC(24)     Total                          Min: 0, Avg: 11228.8, Max: 19635, Diff: 19635, Sum: 44915, Workers: 4
[592.086s][debug][gc,phases      ] GC(24)   ResolvedMethodTable Weak       Min:  0.0, Avg:  0.0, Max:  0.0, Diff:  0.0, Sum:  0.1, Workers: 4
[592.086s][debug][gc,phases      ] GC(24)     Dead                           Min: 0, Avg:  0.0, Max: 0, Diff: 0, Sum: 0, Workers: 4
[592.086s][debug][gc,phases      ] GC(24)     Total                          Min: 0, Avg: 3017.5, Max: 4522, Diff: 4522, Sum: 12070, Workers: 4
[592.086s][debug][gc,phases      ] GC(24)   JNI Weak                       Min:  0.0, Avg:  0.0, Max:  0.0, Diff:  0.0, Sum:  0.0, Workers: 4
[592.086s][debug][gc,phases      ] GC(24)     Dead                           Min: 0, Avg:  0.0, Max: 0, Diff: 0, Sum: 0, Workers: 4
[592.086s][debug][gc,phases      ] GC(24)     Total                          Min: 0, Avg: 12.0, Max: 48, Diff: 48, Sum: 48, Workers: 4
[592.086s][debug][gc,phases      ] GC(24)   StringDedup Table Weak         Min:  0.0, Avg:  0.0, Max:  0.0, Diff:  0.0, Sum:  0.0, Workers: 4
[592.086s][debug][gc,phases      ] GC(24)     Dead                           Min: 0, Avg:  0.0, Max: 0, Diff: 0, Sum: 0, Workers: 4
[592.086s][debug][gc,phases      ] GC(24)     Total                          Min: 0, Avg:  0.0, Max: 0, Diff: 0, Sum: 0, Workers: 4
[592.086s][debug][gc,phases      ] GC(24)   StringDedup Requests0 Weak     Min:  0.0, Avg:  0.0, Max:  0.0, Diff:  0.0, Sum:  0.0, Workers: 4
[592.086s][debug][gc,phases      ] GC(24)     Dead                           Min: 0, Avg:  0.0, Max: 0, Diff: 0, Sum: 0, Workers: 4
[592.086s][debug][gc,phases      ] GC(24)     Total                          Min: 0, Avg:  0.0, Max: 0, Diff: 0, Sum: 0, Workers: 4
[592.086s][debug][gc,phases      ] GC(24)   StringDedup Requests1 Weak     Min:  0.0, Avg:  0.0, Max:  0.0, Diff:  0.0, Sum:  0.0, Workers: 4
[592.086s][debug][gc,phases      ] GC(24)     Dead                           Min: 0, Avg:  0.0, Max: 0, Diff: 0, Sum: 0, Workers: 4
[592.086s][debug][gc,phases      ] GC(24)     Total                          Min: 0, Avg:  0.0, Max: 0, Diff: 0, Sum: 0, Workers: 4
[592.086s][debug][gc,phases      ] GC(24)   Weak JFR Old Object Samples    Min:  0.0, Avg:  0.0, Max:  0.0, Diff:  0.0, Sum:  0.0, Workers: 4
[592.086s][debug][gc,phases      ] GC(24)     Dead                           Min: 0, Avg:  0.0, Max: 0, Diff: 0, Sum: 0, Workers: 4
[592.086s][debug][gc,phases      ] GC(24)     Total                          Min: 0, Avg:  0.0, Max: 0, Diff: 0, Sum: 0, Workers: 4
[592.086s][debug][gc,phases      ] GC(24) Weak Processing 0.331ms
[592.086s][debug][gc,age         ] GC(24) Desired survivor size 510656512 bytes, new threshold 3 (max threshold 15)
[592.086s][info ][gc,heap        ] GC(24) PSYoungGen: 1051056K(1572864K)->3504K(1572864K) Eden: 1048576K(1048576K)->0K(1048576K) From: 2480K(524288K)->3504K(524288K)
[592.086s][info ][gc,heap        ] GC(24) ParOldGen: 301436K(460288K)->301436K(460288K)
[592.086s][info ][gc,metaspace   ] GC(24) Metaspace: 88215K(89408K)->88215K(89408K) NonClass: 75577K(76288K)->75577K(76288K) Class: 12637K(13120K)->12637K(13120K)
[592.086s][info ][gc             ] GC(24) Pause Young (Allocation Failure) 1320M->297M(1985M) 3.244ms
[592.086s][info ][gc,cpu         ] GC(24) User=0.01s Sys=0.00s Real=0.01s
[592.086s][info ][safepoint      ] Safepoint "ParallelGCFailedAllocation", Time since last: 887693844 ns, Reaching safepoint: 7300 ns, Cleanup: 9000 ns, At safepoint: 3313201 ns, Total: 3329501 ns
[593.086s][info ][safepoint      ] Safepoint "Cleanup", Time since last: 1000086407 ns, Reaching safepoint: 77500 ns, Cleanup: 7700 ns, At safepoint: 5700 ns, Total: 90900 ns
[595.086s][info ][safepoint      ] Safepoint "Cleanup", Time since last: 2000185915 ns, Reaching safepoint: 84200 ns, Cleanup: 12600 ns, At safepoint: 8600 ns, Total: 105400 ns
[598.087s][info ][safepoint      ] Safepoint "Cleanup", Time since last: 3000254833 ns, Reaching safepoint: 76900 ns, Cleanup: 11400 ns, At safepoint: 5800 ns, Total: 94100 ns
[599.087s][info ][safepoint      ] Safepoint "Cleanup", Time since last: 1000112981 ns, Reaching safepoint: 78100 ns, Cleanup: 9200 ns, At safepoint: 6601 ns, Total: 93901 ns
[605.905s][info ][safepoint      ] Safepoint "Cleanup", Time since last: 6817927997 ns, Reaching safepoint: 16400 ns, Cleanup: 30301 ns, At safepoint: 47300 ns, Total: 94001 ns
[606.905s][info ][safepoint      ] Safepoint "Cleanup", Time since last: 1000113656 ns, Reaching safepoint: 8800 ns, Cleanup: 14100 ns, At safepoint: 2400 ns, Total: 25300 ns
[608.905s][info ][safepoint      ] Safepoint "Cleanup", Time since last: 2000182279 ns, Reaching safepoint: 8200 ns, Cleanup: 10100 ns, At safepoint: 2300 ns, Total: 20600 ns
[610.905s][info ][safepoint      ] Safepoint "Cleanup", Time since last: 2000142402 ns, Reaching safepoint: 8800 ns, Cleanup: 13200 ns, At safepoint: 2700 ns, Total: 24700 ns
[615.906s][info ][safepoint      ] Safepoint "Cleanup", Time since last: 5000389066 ns, Reaching safepoint: 7500 ns, Cleanup: 59000 ns, At safepoint: 2300 ns, Total: 68800 ns
[616.906s][info ][safepoint      ] Safepoint "Cleanup", Time since last: 1000113168 ns, Reaching safepoint: 7800 ns, Cleanup: 11600 ns, At safepoint: 2500 ns, Total: 21900 ns
[618.906s][info ][safepoint      ] Safepoint "Cleanup", Time since last: 2000138434 ns, Reaching safepoint: 9300 ns, Cleanup: 10600 ns, At safepoint: 2700 ns, Total: 22600 ns
[619.906s][info ][safepoint      ] Safepoint "Cleanup", Time since last: 1000120167 ns, Reaching safepoint: 7800 ns, Cleanup: 8800 ns, At safepoint: 1800 ns, Total: 18400 ns
[620.906s][info ][safepoint      ] Safepoint "Cleanup", Time since last: 1000107667 ns, Reaching safepoint: 7500 ns, Cleanup: 8600 ns, At safepoint: 4200 ns, Total: 20300 ns
[621.907s][info ][safepoint      ] Safepoint "Cleanup", Time since last: 1000118167 ns, Reaching safepoint: 7400 ns, Cleanup: 9400 ns, At safepoint: 1900 ns, Total: 18700 ns
[623.907s][info ][safepoint      ] Safepoint "Cleanup", Time since last: 2000159833 ns, Reaching safepoint: 6600 ns, Cleanup: 7900 ns, At safepoint: 1900 ns, Total: 16400 ns
[624.907s][info ][safepoint      ] Safepoint "Cleanup", Time since last: 1000107865 ns, Reaching safepoint: 8700 ns, Cleanup: 23100 ns, At safepoint: 1900 ns, Total: 33700 ns
[625.907s][info ][safepoint      ] Safepoint "Cleanup", Time since last: 1000113265 ns, Reaching safepoint: 8700 ns, Cleanup: 19400 ns, At safepoint: 3200 ns, Total: 31300 ns
[628.907s][info ][safepoint      ] Safepoint "Cleanup", Time since last: 3000241995 ns, Reaching safepoint: 7800 ns, Cleanup: 9400 ns, At safepoint: 2300 ns, Total: 19500 ns
[629.907s][info ][safepoint      ] Safepoint "Cleanup", Time since last: 1000176265 ns, Reaching safepoint: 9400 ns, Cleanup: 21400 ns, At safepoint: 3200 ns, Total: 34000 ns
[636.908s][info ][safepoint      ] Safepoint "Cleanup", Time since last: 7000461559 ns, Reaching safepoint: 7300 ns, Cleanup: 7800 ns, At safepoint: 23100 ns, Total: 38200 ns
[638.908s][info ][safepoint      ] Safepoint "Cleanup", Time since last: 2000162396 ns, Reaching safepoint: 10400 ns, Cleanup: 7800 ns, At safepoint: 2900 ns, Total: 21100 ns
[639.908s][info ][safepoint      ] Safepoint "Cleanup", Time since last: 1000079153 ns, Reaching safepoint: 15501 ns, Cleanup: 13300 ns, At safepoint: 2500 ns, Total: 31301 ns
[640.908s][info ][safepoint      ] Safepoint "Cleanup", Time since last: 1000103256 ns, Reaching safepoint: 7300 ns, Cleanup: 25100 ns, At safepoint: 2200 ns, Total: 34600 ns
[642.909s][info ][safepoint      ] Safepoint "Cleanup", Time since last: 2000157414 ns, Reaching safepoint: 7800 ns, Cleanup: 16600 ns, At safepoint: 2300 ns, Total: 26700 ns
[643.789s][info ][gc,start       ] GC(25) Pause Young (Allocation Failure)
[643.792s][debug][gc,phases      ] GC(25) Scavenge 3.237ms
[643.793s][debug][gc,ref         ] GC(25) ReferenceProcessor::execute queues: 1, RefProcThreadModel::Single, marks_oops_alive: false
[643.793s][debug][gc,ref         ] GC(25) ReferenceProcessor::execute queues: 4, RefProcThreadModel::Multi, marks_oops_alive: true
[643.793s][debug][gc,ref         ] GC(25) ReferenceProcessor::execute queues: 1, RefProcThreadModel::Single, marks_oops_alive: false
[643.793s][debug][gc,phases      ] GC(25) Reference Processing 0.162ms
[643.793s][debug][gc,phases      ] GC(25)   VM Weak                        Min:  0.0, Avg:  0.0, Max:  0.0, Diff:  0.0, Sum:  0.0, Workers: 4
[643.793s][debug][gc,phases      ] GC(25)     Dead                           Min: 0, Avg:  0.0, Max: 0, Diff: 0, Sum: 0, Workers: 4
[643.793s][debug][gc,phases      ] GC(25)     Total                          Min: 0, Avg: 228.2, Max: 785, Diff: 785, Sum: 913, Workers: 4
[643.793s][debug][gc,phases      ] GC(25)   ObjectSynchronizer Weak        Min:  0.0, Avg:  0.0, Max:  0.0, Diff:  0.0, Sum:  0.0, Workers: 4
[643.793s][debug][gc,phases      ] GC(25)     Dead                           Min: 0, Avg:  0.2, Max: 1, Diff: 1, Sum: 1, Workers: 4
[643.793s][debug][gc,phases      ] GC(25)     Total                          Min: 0, Avg:  1.2, Max: 5, Diff: 5, Sum: 5, Workers: 4
[643.793s][debug][gc,phases      ] GC(25)   JVMTI Tag Weak OopStorage      Min:  0.0, Avg:  0.0, Max:  0.0, Diff:  0.0, Sum:  0.0, Workers: 4
[643.793s][debug][gc,phases      ] GC(25)     Dead                           Min: 0, Avg:  0.0, Max: 0, Diff: 0, Sum: 0, Workers: 4
[643.793s][debug][gc,phases      ] GC(25)     Total                          Min: 0, Avg:  0.0, Max: 0, Diff: 0, Sum: 0, Workers: 4
[643.793s][debug][gc,phases      ] GC(25)   StringTable Weak               Min:  0.0, Avg:  0.1, Max:  0.1, Diff:  0.1, Sum:  0.4, Workers: 4
[643.793s][debug][gc,phases      ] GC(25)     Dead                           Min: 0, Avg:  0.0, Max: 0, Diff: 0, Sum: 0, Workers: 4
[643.793s][debug][gc,phases      ] GC(25)     Total                          Min: 0, Avg: 11238.8, Max: 17344, Diff: 17344, Sum: 44955, Workers: 4
[643.793s][debug][gc,phases      ] GC(25)   ResolvedMethodTable Weak       Min:  0.0, Avg:  0.0, Max:  0.0, Diff:  0.0, Sum:  0.1, Workers: 4
[643.793s][debug][gc,phases      ] GC(25)     Dead                           Min: 0, Avg:  0.0, Max: 0, Diff: 0, Sum: 0, Workers: 4
[643.793s][debug][gc,phases      ] GC(25)     Total                          Min: 0, Avg: 3018.8, Max: 4863, Diff: 4863, Sum: 12075, Workers: 4
[643.793s][debug][gc,phases      ] GC(25)   JNI Weak                       Min:  0.0, Avg:  0.0, Max:  0.0, Diff:  0.0, Sum:  0.0, Workers: 4
[643.793s][debug][gc,phases      ] GC(25)     Dead                           Min: 0, Avg:  0.0, Max: 0, Diff: 0, Sum: 0, Workers: 4
[643.793s][debug][gc,phases      ] GC(25)     Total                          Min: 0, Avg: 12.0, Max: 48, Diff: 48, Sum: 48, Workers: 4
[643.793s][debug][gc,phases      ] GC(25)   StringDedup Table Weak         Min:  0.0, Avg:  0.0, Max:  0.0, Diff:  0.0, Sum:  0.0, Workers: 4
[643.793s][debug][gc,phases      ] GC(25)     Dead                           Min: 0, Avg:  0.0, Max: 0, Diff: 0, Sum: 0, Workers: 4
[643.793s][debug][gc,phases      ] GC(25)     Total                          Min: 0, Avg:  0.0, Max: 0, Diff: 0, Sum: 0, Workers: 4
[643.793s][debug][gc,phases      ] GC(25)   StringDedup Requests0 Weak     Min:  0.0, Avg:  0.0, Max:  0.0, Diff:  0.0, Sum:  0.0, Workers: 4
[643.793s][debug][gc,phases      ] GC(25)     Dead                           Min: 0, Avg:  0.0, Max: 0, Diff: 0, Sum: 0, Workers: 4
[643.793s][debug][gc,phases      ] GC(25)     Total                          Min: 0, Avg:  0.0, Max: 0, Diff: 0, Sum: 0, Workers: 4
[643.793s][debug][gc,phases      ] GC(25)   StringDedup Requests1 Weak     Min:  0.0, Avg:  0.0, Max:  0.0, Diff:  0.0, Sum:  0.0, Workers: 4
[643.793s][debug][gc,phases      ] GC(25)     Dead                           Min: 0, Avg:  0.0, Max: 0, Diff: 0, Sum: 0, Workers: 4
[643.793s][debug][gc,phases      ] GC(25)     Total                          Min: 0, Avg:  0.0, Max: 0, Diff: 0, Sum: 0, Workers: 4
[643.793s][debug][gc,phases      ] GC(25)   Weak JFR Old Object Samples    Min:  0.0, Avg:  0.0, Max:  0.0, Diff:  0.0, Sum:  0.0, Workers: 4
[643.793s][debug][gc,phases      ] GC(25)     Dead                           Min: 0, Avg:  0.0, Max: 0, Diff: 0, Sum: 0, Workers: 4
[643.793s][debug][gc,phases      ] GC(25)     Total                          Min: 0, Avg:  0.0, Max: 0, Diff: 0, Sum: 0, Workers: 4
[643.793s][debug][gc,phases      ] GC(25) Weak Processing 0.349ms
[643.793s][debug][gc,age         ] GC(25) Desired survivor size 483917824 bytes, new threshold 4 (max threshold 15)
[643.793s][info ][gc,heap        ] GC(25) PSYoungGen: 1052080K(1572864K)->4112K(1624576K) Eden: 1048576K(1048576K)->0K(1125888K) From: 3504K(524288K)->4112K(498688K)
[643.793s][info ][gc,heap        ] GC(25) ParOldGen: 301436K(460288K)->301444K(460288K)
[643.793s][info ][gc,metaspace   ] GC(25) Metaspace: 88288K(89472K)->88288K(89472K) NonClass: 75649K(76352K)->75649K(76352K) Class: 12639K(13120K)->12639K(13120K)
[643.793s][info ][gc             ] GC(25) Pause Young (Allocation Failure) 1321M->298M(2036M) 3.847ms
[643.793s][info ][gc,cpu         ] GC(25) User=0.01s Sys=0.00s Real=0.00s
[643.793s][info ][safepoint      ] Safepoint "ParallelGCFailedAllocation", Time since last: 880548582 ns, Reaching safepoint: 7400 ns, Cleanup: 10700 ns, At safepoint: 3919806 ns, Total: 3937906 ns
[644.793s][info ][safepoint      ] Safepoint "Cleanup", Time since last: 1000085957 ns, Reaching safepoint: 8000 ns, Cleanup: 11400 ns, At safepoint: 2400 ns, Total: 21800 ns
[646.793s][info ][safepoint      ] Safepoint "Cleanup", Time since last: 2000155913 ns, Reaching safepoint: 7800 ns, Cleanup: 9500 ns, At safepoint: 5800 ns, Total: 23100 ns
[647.793s][info ][safepoint      ] Safepoint "Cleanup", Time since last: 1000107845 ns, Reaching safepoint: 8200 ns, Cleanup: 10700 ns, At safepoint: 2700 ns, Total: 21600 ns
[655.794s][info ][safepoint      ] Safepoint "Cleanup", Time since last: 8000575523 ns, Reaching safepoint: 8200 ns, Cleanup: 22600 ns, At safepoint: 5000 ns, Total: 35800 ns
[662.920s][info ][safepoint      ] Safepoint "Cleanup", Time since last: 7126093497 ns, Reaching safepoint: 8100 ns, Cleanup: 18600 ns, At safepoint: 1900 ns, Total: 28600 ns
[663.920s][info ][safepoint      ] Safepoint "Cleanup", Time since last: 1000115397 ns, Reaching safepoint: 8600 ns, Cleanup: 10300 ns, At safepoint: 2700 ns, Total: 21600 ns
[664.920s][info ][safepoint      ] Safepoint "Cleanup", Time since last: 1000098951 ns, Reaching safepoint: 8200 ns, Cleanup: 10000 ns, At safepoint: 2000 ns, Total: 20200 ns
[666.921s][info ][safepoint      ] Safepoint "Cleanup", Time since last: 2000164203 ns, Reaching safepoint: 7600 ns, Cleanup: 10600 ns, At safepoint: 2000 ns, Total: 20200 ns
[667.921s][info ][safepoint      ] Safepoint "Cleanup", Time since last: 1000107851 ns, Reaching safepoint: 8200 ns, Cleanup: 9300 ns, At safepoint: 23800 ns, Total: 41300 ns
[671.921s][info ][safepoint      ] Safepoint "Cleanup", Time since last: 4000297070 ns, Reaching safepoint: 7100 ns, Cleanup: 7800 ns, At safepoint: 1800 ns, Total: 16700 ns
[672.921s][info ][safepoint      ] Safepoint "Cleanup", Time since last: 1000100664 ns, Reaching safepoint: 7700 ns, Cleanup: 29900 ns, At safepoint: 2200 ns, Total: 39800 ns
[674.921s][info ][safepoint      ] Safepoint "Cleanup", Time since last: 2000174926 ns, Reaching safepoint: 11200 ns, Cleanup: 13400 ns, At safepoint: 5700 ns, Total: 30300 ns
[676.922s][info ][safepoint      ] Safepoint "Cleanup", Time since last: 2000147626 ns, Reaching safepoint: 7600 ns, Cleanup: 12400 ns, At safepoint: 2000 ns, Total: 22000 ns
[683.922s][info ][safepoint      ] Safepoint "Cleanup", Time since last: 7000484762 ns, Reaching safepoint: 6800 ns, Cleanup: 9700 ns, At safepoint: 2000 ns, Total: 18500 ns
[693.923s][info ][safepoint      ] Safepoint "Cleanup", Time since last: 10000670950 ns, Reaching safepoint: 6400 ns, Cleanup: 16700 ns, At safepoint: 2600 ns, Total: 25700 ns
[697.923s][info ][safepoint      ] Safepoint "Cleanup", Time since last: 4000300343 ns, Reaching safepoint: 8500 ns, Cleanup: 11500 ns, At safepoint: 43300 ns, Total: 63300 ns
[704.924s][info ][safepoint      ] Safepoint "Cleanup", Time since last: 7000476654 ns, Reaching safepoint: 7900 ns, Cleanup: 11600 ns, At safepoint: 2100 ns, Total: 21600 ns
[706.924s][info ][safepoint      ] Safepoint "Cleanup", Time since last: 2000176282 ns, Reaching safepoint: 7800 ns, Cleanup: 16800 ns, At safepoint: 4900 ns, Total: 29500 ns
[773.939s][info ][safepoint      ] Safepoint "Cleanup", Time since last: 67014925078 ns, Reaching safepoint: 8600 ns, Cleanup: 11100 ns, At safepoint: 2700 ns, Total: 22400 ns
[792.677s][info ][safepoint      ] Safepoint "JFRCheckpoint", Time since last: 18737897338 ns, Reaching safepoint: 48600 ns, Cleanup: 49200 ns, At safepoint: 23699 ns, Total: 121499 ns
[792.679s][info ][gc,heap,exit   ] Heap
[792.679s][info ][gc,heap,exit   ]  PSYoungGen      total 1624576K, used 959872K [0x0000000780000000, 0x0000000800000000, 0x0000000800000000)
[792.679s][info ][gc,heap,exit   ]   eden space 1125888K, 84% used [0x0000000780000000,0x00000007ba55c2b8,0x00000007c4b80000)
[792.679s][info ][gc,heap,exit   ]   from space 498688K, 0% used [0x00000007e1900000,0x00000007e1d040c0,0x0000000800000000)
[792.679s][info ][gc,heap,exit   ]   to   space 472576K, 0% used [0x00000007c4b80000,0x00000007c4b80000,0x00000007e1900000)
[792.679s][info ][gc,heap,exit   ]  ParOldGen       total 460288K, used 301444K [0x00000006c0000000, 0x00000006dc180000, 0x0000000780000000)
[792.679s][info ][gc,heap,exit   ]   object space 460288K, 65% used [0x00000006c0000000,0x00000006d26610d8,0x00000006dc180000)
[792.679s][info ][gc,heap,exit   ]  Metaspace       used 88516K, committed 89728K, reserved 1179648K
[792.679s][info ][gc,heap,exit   ]   class space    used 12667K, committed 13184K, reserved 1048576K
